; Map created with FinalAlert 2(tm) Mission Editor
; Get it at http://www.westwood.com
; note that all comments were truncated

[Header]
Width=49
Height=55
StartX=231
StartY=32
Waypoint1=236,57
Waypoint2=276,57
Waypoint3=0,0
Waypoint4=0,0
Waypoint5=0,0
Waypoint6=0,0
Waypoint7=0,0
Waypoint8=0,0
NumberStartingPoints=2

[GAYARD]
TechLevel=-1

[NAYARD]
TechLevel=-1

[VehicleTypes]

[YAYARD]
TechLevel=-1


[Preview]
Size=0,0,108,60

[PreviewPack]
1=FxAAIAmkqLGkqLGkqLGgpK1JAKSYAUABSAAgCSwABoSIlJicppOXoUgGQAdbAYOHk0gAUA
2=IPd3uIe3+Lmp6nkpagnKCpfYGNTARABEgDQARcAgl7gIyBhZGfo6x4fIhMB0gAQARIAEAB
3=WARMBEgATAQGo6evp6uzeH2JUAJIA0AESABTCIKGkkABTAdMBEgAQwGanqhABAOytb24us
4=FIEgOdoaqCh5JAAVgEQARIAEwESAlMBEgAUAJYAUABSABMAUgATApMBFAOTBNQAkgAUAJI
5=AEABSABAAUgAQAFIAEABJwgAWAFIALgBRB0nLABAAUgAvAIqJAJUDKgMSAOABAGwp6qzTA
6=FYJbQVWAG8AgO4u8GDiJNLJKSosEwBTARMAUsMpamxQBxQAga1uL+kp7Cipq5YK0QXWBlM
7=BCeUBEQdJywASANMClgBSA9EKUwBWBBEI1wIWAcnXABILUgDUAhIAFgoSABABEwBVAa0LU
8=wBTBAnjABAAVgHSABQOAOQlJ6gpK1ABEgAQAFcC1cGpqqyTAFIAFACSABDAZ6iq1AaLYQF
9=SANIAEgDUCCsRkQFSABQAkgAQAFIAEABSABYEKwBUAhQBUgMSAlcAkgVtCFAJSeMAFAjJ1
10=wAUBRABAOYnKWKjplIAFQnSANUG0xGSBUDiIyXfICMQCtUG7QhTAonjABMAVAORAhIAAOj
11=pq+QlJ5AAUgAVB5INkgARCm0NlACSABcAk0KoJQhSANADUgPUBFME1QDSAO4FlRCRBFIJE
12=hjUAVYAawZTAFIAFAOSABAAUgAQAFIAEABSABAAUgAQBasB0wBsAJUAEgAWAFQC1QDQxmM
13=kJpQC1gNUA5IAFQPJ0QDVB5QBUgDUAVALkgJWAFMB1QVWBBQAkQRUCOQAsxPQE9YB1AIVA
14=NUCbQkTElIG1wIQAdcBUQvSANIAFQkVDlMUlAFTBBPBJCUnlAOUSCgeCKOCqewTAFIAFwO
15=SABMELwLK4wAcZKwQChQC0wEUAVQC0gAWBBQBbwCSAxEAkgDQARUQkAfrAFYAUATSANIAC
16=q8AFwCQARIAEABXAVAAUgATAFIAFA4VABEIFAIVCdIEkwHQB9AQy1UAkQaUAu0HlgHSABA
17=B0gAQAEDm5+ohIiTKlQFTAdIFUgGQAFACkABWARQBVgNQAFEAkgATEZUJ1gBXAJYBEABJ3
18=wBRB1IBlACVBhFBZDkKVACSBWkNSeMAEAELawBvBFIGF0FoHEvsUgJQAGsB1gNXAJMDVgo
19=TARcAkgAUAJIAEgJNuwDrARQMkABSABQBUgAoAFUALRsQChECKQLRCkzhAJEGlhnSACkKU
20=xGSFdEcUwHQAFIElQbRAtcAlB9SCpMSVwLWAFAN0gDTAEqhAInXABIG6wKTAdQCLxQLXQD
21=TAdIAEAEWA1YE6wBWAFAAUgAQAFIAEAZrAEqjABIFVACtCpAPVwLWAdAE1wFXALeEaixjB
22=8otBFQLFguUAIndAZMH1wFSABABy0kBUQCQxycoKlcUEBDWAFDB/r6ADkIAEQIXEdQLFBK
23=XAVIEqQLXAhEFLQntBVYAUgnTARQAl8LjJCaSABQBUgAUAJIAFwCKowAJywAQARIAEAESA
24=BAAUgAQAFUIUghJ4wATAFYB0Q1SAxABEAoRBFQI0wBSABcBUgAQAGkNVgEUAVIAEABKgwC
25=VQmc7B9MASAD7ANMCifsA40BsUgPUAhIq1gHQAFEHUQpoSgULwAAvAInBAFPNKCjrEgVXD
26=5AWKAKTAFQCCcsAFgWSFRQAlAXUAJIAFwFSABAAUgPVB5cAiq8ACcsAEwEUKeoELzySAxY
27=HDa8AEgMTApIAEAHVC1MW1ALSCpYAUwQSABAB0gARAgnXABQUEgeIBjsA0xJUAtIAEwKXD
28=hYZ1AXVCdACqAlVAC8F7QPrAFQAqgAiCciVCNYB0gbpBdUCUxDJ4QCSCQnXABcCycsAEAB
29=SABQBUwHQAFIBlBWTBBMAUgAXAJIAFQnA7m0nrixpLwOA7u0qLi1naQprARUJEABSA9AAV
30=wFQAFYAUABSAAnLAAqVAVMAUAZtzmMkJpQBSfcAUwTRAsgDu0DsUxwvBdEDkQIVB5QUEkA
31=nPRaQCWwFzAUAEgDMBwKXAhIZlAUQD1IAEQUSABQAkgARBpcC7xBUAIDrKp7rKuAXAJMAU
32=gAQAFEEUwQrAFYAVQnJ9EBeCkAAChSAHyITAonvABQCycsAEABJ3wBKgQHKiwAVJBYBEAN
33=RI9ZRowjECIgCewDWB9UJ1gHTHAnHAqgCrUYnCMoMVgEJwgARBesAScgALgBKhwKRAhIAL
34=g6VBJMAUgMSABAAUgAQAFUJEABvEpIS1BKSABcSkgDXAJIAEABWElEa6wBTBNYDQOspYy1
35=rJ0nFAVEAkgAUB2sBEgGRCkncARQAjB8AUwKXAJIAFAFSABAAUgAQAFIAKABQBNMAUwfXF
36=BAASoMDlgcWA1UAEgAJyAATAFIAIwfAbGanqhYB7wIVABIALcnkJSeQApIAEwKUAVIbFQA
37=qAAnLABcRFAXWAd+5qOsJ+ADVAZcUFQ8UxGgpK0nPAhMAUgAUwKxrJ4nQARCAbKqKFwwTF
38=i0bCpED6QpXBeoAFQnSACoCVQAqDZsECOXOpqjVTl8AVwFKjwCUBGoAFQYRA5MAVQnTARc
39=GlguJ+8DeH2JrB8nFABMH0gGSABIBqQpoAFMB0ABRLBQIEgARAhICUEBoyOIOkABRAisB0
40=QCQAG8BUABQB9YYUwrRAKoAFwIoAGoQlBNSAAtvAlLS7eunVgEUAVIAFwOJ1QjMwwLRCkn
41=6ARYDUAHWBNQNUSGTBmoNlwIXAJcVkgALXwBXAKwEbxfsBG8BVQAQApcpEwESABYAUwfUB
42=GvCqers0wfRAJYH0ANTB9EAkABVDZMH0ABSABIBqAHSCFMOrQSTItAB0gATAdQI1QVXDKk
43=BVAFRAJIM0QISABYAVwCMNQDNjwIvAVUAEgAQAdIAEABJ3wBVA9IEqhCUAJIA0AESA9AAU
44=gATAFIAKABUwKMkJpQVie8AFwCSABABEgDQwGioXlUAFgBVABIAEABMH8Kn6RfXAJIAEiB
45=XAiwJlAFSABQAqwfRB1AClgBsAJAAUQCQB9cBUgAWAFAcFwpQAFIAKwEVCFAGVQwQAdMQ1
46=gurARAAVwvWAdUAEQFWAFUALQGJ7ADXAVYCqQgVANQQUgAvEEnyAlYNCeYAEwESABQCEgA
47=UA5ID1giSABMGSdcAFwFJ0wBQA1UElAFUDhQAkgGUFCsAVgBvA5UIawHXEpEQUwBSABIBr
48=QAUBFIAFMRtK6QSABImVwCUEe8HUwBqAAnvABQHUwBUB1AAawftCFYAVwCTBNUD0gASA9A
49=B0QCVABQFFQATAFEEUQarAFcC6ABVC1YDVheSAZY61ACqABcBUABSANIBkQgSJyoAFgERA
50=4qPAhMBExbXB1UAKAcrAdYB0ABVB5AAUgATAFIAFAFoApAJVAFRA5QAkwHTE+8AkwNTAFI
51=AEAHTARIKlQDUA5YBCcgA0wBQApIAEABSACjAauphqwBWAGoFVQhrAdUDFACqABMBCccAU
52=AlUAJIElgfXAJMAVQATAFID1wOVA9AB0QCvAJYBEAKrBZEAqgAtANMAUABSABAAUgAQAFI
53=AEABqACsAagSJxQAWBy8AiqMAEQCqACwAlQAWAFUAEgAQAFIAEABSABAAVwaJyAAWAFMAU
54=gAQAG8AqwBWAFUGCckBUQXJ1wAQAFIAEAEVFdAAUgATAGsT1AjJ5ACQAFMOqwKQASoAFAF
55=qABYAUg2WAq0JFBouDRcAkAEvA5YHEwBpAJAAUgATAFIBkABSABMAUgqoAekBbACXAInIA
56=C0tCc4AC14AkQUSABcBVAIrARcWUABSABQAkgAQAFIBlRdRB1cVlgBUAJIACcgAKwBWAFI
57=ACcsAEABSABEAkgAQAFIAEQdJywATA1YAUAWTA1UQlAsSEVMH0AEUBEqCABEAkwHVABIAE
58=ABrBkqxBlME6gDXAhIIUBSSAlcI6gqSAa0A6ABrAFUACfUAEwBQAdEVlARKowSXAJIAFQG
59=OZQWQARcCFgiQBZUPEgPXIlMPUwlSAlMB0gAQAQnLABcBUw6rBNMAVQDqABMAUgAKiwAuA
60=FAE1wFSGlMGScsALQkWApADUwWRAVIAEwHWAEnDAJYAUgSvAJMAUABSAAzBBwnxBlABEgA
61=VAxIIVgxSABYKFwOUAJECKgArAFUAKgAUAInIABMASrUAypcACcsACqUFlwFJ1wATAFMIi
62=QsM1QYRLNQF2gAL7RfSAZQBUgAQAFIAEABSABAAbjfUC9BAfoj9EOs5UgDSABMBEgwoAFM
63=AUgqWA1IG0wBUAJIAEABSABMB3IOeHhAwUQpXVOfI2g/QARIAEAESABcCFjfSAAwLANUA6
64=gAUAVIDKAoWBlcNSdcAKABJxQARAVIALgBQAFIADMsACqkKjaMACdfALK1vUsAuLrBrRmc
65=IxA0QBlIYyrUA0BwoBNAB0AfXBRIAKgnMBQAVCFYBEgAWBNUAEgAQAFcBUABoEaJCbAkAC
66=y/DqKmrqgALcQQSAZMB0gAQAFE4CfEGUQCqABcAqABVABMKEgAXVCMI6w9RAKoAKwEVABI
67=ACdEACckAlACSAAnXAAqpCow5CxYBDaEAlgoSABEKUwEUEFAKEB8UBFQC6wBXClcQVgBQw
68=SnqrMq3AQkhDK0ACpcAFwIXAVQd1CGQAFID0CgWAdARlwpWChcCFQDqCdUAEwBWARABEgA
69=QBxAMVgESFdQAkgAUAJIAEABNowDVANcBVQAXBRUAKgAXAUwIAAnUABALkgGRBFMBFACSA
70=BAATAMFLwCSAMnIACkGic4ACq3ArW4v7wCTIu4Q1QATDpUErwCTAdYf7xHWCW8JjAUAEkD
71=nPxZQAdAjqAiTAFACqgAUBdcAmIKp7BQXEw0WCW8FFgEQAFIAEABJ+QFJywAMIwDLWwUQA
72=dIAFwFVABIAEgMrAFUAEgARAJIAEABSABAAXoQhpKsAVgBQAFIAEABvIasAVgBRBRLQoyQ
73=mlhAUAJIAFACSABAAUgAQAFIAEABSABAAUgAJzwIsB20ACpcAFxHVCSoADMABagDUA4nTA
74=FAAUgAUAi0CawBWAFEQVhSVM9YE1ACSBW0QkQ7WAdQAq1hmCOkbKwBWARAB60ctCM0LlgB
75=QAdICUAErBxEAqgAsAVMASogACosAEAHJ8QBXCmsAUAEtG9YAUwBUBFQSlARTAFIAFQJSA
76=BAAUgAQAFIAEABrARcBVA+WAFQAkgAQAFIAEABtB60AFgBXFC0fqAltACkKawBtABMc0gA
77=XKpQCKwHtABIWpEIsVwCSACsAVACrAFIFUBSTAFcOEQaQAFIAEwEUCxAAUgATAFIAKABrK
78=NQF1wdoChIBlQYQARIAKwEQAFIAKwBVABIAFgBSABAAUAHWA1IllQGuAcqLABYEExnWARQ
79=BUgARBRUAKgAUAJIAAikqLGkqLGgpK2gpBEAAHQQACAJraSosaSosYGFkaCkzAFAAUgAvA
80=JAAQmYnKaDh5N4eHiKjplYAb8CsrW9SAADuLrB+voALQsAoqauqABQBQOeoquDiJNAB1gH
81=UwianqdYB1wCSABAAUgAQAFIAEABSABADScsAEABqABcAicgAKwBVACoALwCVABbAXd7iK
82=sAe3+LWw2mqrJQAkgAtAMtIAAnUAAnyABUBiosAEgVWAFQAkAWJ7AAsAgnOABAAUgAUAJI
83=AEABSABAAUgAQAEDhIiTeH2JTAFAAQN7gIx4fIhMAVwCSABAAQOTl6GdoapIDFALWAEDtb
84=i/pKiwsClcJq8EpKewQAFYBKwERBpYAVAFVAYDgoaShIiUQAFIDFACSAxAAUgDTAFIAEAB
85=SABAAUgAQAFIAEABqACsAVQAQBBLAJufqCqMA0Q1uAFEQUsAjJCaRAVAB1QAqACsAVQASA
86=BEAkQIQAFIAE8BfICMTAe0BkMHiIyXWAFUJ0gAsAK4MVAFSABcBUgAQAFIAEABSABAAUgA
87=QAFIAEABtBtDHKOnrydoCScsAFApJ5wIXA5YBEhLSACsB1ApRAisAVACSABMBEwQsAJcAl
88=ALrwqnq7OgAVQATwF7gIxIAFALTARQBUgAQAFIAEABSABAAUgAQAFIAEABSABAAVgQVA9M
89=HFAdSABAAUgAQAFIAFwCQDdMBEQFqABMAUgATAG0AEABWAcwLABUFVACTDFUZkQ7RBdcKU
90=gAXAVcAkgGRwulqbFMAQADV1tlaGtzY2ZubG93WVxmbXB3b3J5XAJPSaeqs1gEXBoqCQAU
91=gAAqRABQHVwFSABQC0AlJwgAWAFQAkgAJ0QAWE+kOCf0BLwIiQoUrAEnFABYKFsWn6OsXA
92=gqbwJ7fYNLAF5ia1wCUwuSlqBAGawBSFFQHSf0BEABSAAnGAVID1wFrARIBkwBtAagASos
93=AExSWAQntwL/AAAnCABQBUgAUAVIAEABSABAAVwFSCpYVVguXDVIEglzdXxWWmR7f4ygo6
94=wnRAO4HC0UAFcDnKCpJ6QDSDZAH1guJ9AEKiAAqAyRDrBUM0gPWActQAG4AVwCqwB9gY1U
95=Bl87ZmlxXBRIgU8NjJCaRyBhZnVYDaRETAqsAUQmJ7ADQAFUJ0gAUAJIAEwESABQDkgGRB
96=QnfAREAkgASANIAEABSABICSrUAEQCSAmoALwCrDEnvwCipa28UExPWBO8AkwoUA68UEQI
97=WBmoG1QAUAhUAKgAXAKoAEQdQAdIAFAFSABAASroBKwBvwKCh5JUn2wBMnQGUA6kC1QARQ
98=uc9DMDkZSfenyCSBtYHwOMkJp4eoG/UJOWoFwRoApMClQtWAFQCLwdWBlQBVgBQAFIEkAE
99=SABQCFgEVEVIA7ACVABIAEgDTDRAAUgATAFADUgJSABYB0gAQAG0BkwBUC+sBFgEQAFIAE
100=ABTAcnZAFcUAl5eoGHi5aHipZ2eoc5HApMHKkAnOQdSAlcWaQmtAC8C6wBtABMBJECsEQL
101=TAFECFglMAgAXAKoAFQzWBYGoaSteHyJc3Z8XEdBIoz8UIkJsVwIQAFIAEABQARQHUgeVA
102=ZIAFACSHJUe1waTAFIAEwESABYLicsAFgBSABEILQGpAVYAVgoRAhYDSekACcsAEQmUAJI
103=AEAHTAFcUAakpq6kpq9naXJbcHx9g0NSQ0dTXBpAIkAEM6AioBxUAFjuqABDCpicpUw0rC
104=VQFFwLSACcAiUUJEgDWAFQAkgAVPZYBzwIAEQLTBBYIlARBj1BTXV3fn6AhlgBBnFzemxw
105=fpCTnlxQQAowlARYH0AiSB5ULS0cBFwFVA+oAKwBVACkJkgtSAZYAbQDJywGtConXABIEi
106=csAEAHWARUWld7ra+3vAIDlJeiio2YrAFICSfoDUQpSHtAH0ABQB9MAU/upKewuBxAFkgV
107=TBBAB0gAQAdIAEABRAItlCJQMkgeXCBAE0wEQAq+CLi7IkgpVAlIAEwBVABYB0AESABAAU
108=gAQAEDmZymj5OdWLVToZueqFwIvA5ID0ABWB9EJkwZUAVYHEgMWAFMAUgATAdcDkABSABM
109=AUgAJyAATAGoAEghJ9wHWAdAClwLXBdYCiewAEABSAC8BUABA5CUnpqeqFgBTA1IAKcaoK
110=StSABQAkgAJyAALSwASB4naABAAaANLawBWwGjp68hiCJEC0xbrAFQKUwTSAZACkA3SANA
111=NEgbWAFQAkgAQAFQMkABSABtAagizCCsAVgEQAFIAFwCTAdAAUBAUE20J1gfUAJMAVwCSA
112=BMBEgAQAFYDUAHTAFAAVgBQAFIAEABSABAAUgAoAFUAEgAWAFIAEABSABAAVALWChIAFwU
113=UCNQAkgAXAJIAEABSABAAUgAQAFIAEABQBBQBVAdXAW8OFACqACwPicsALwFUC9AAUBzqA
114=AqpAYtxCJEVi0IACoUJFgKpAi0DEwKSABQAkAfKvwdWCVIDFBKrBOsBFgESCcn5AhABCdc
115=AEABSABABEgAWDRYBEAcXCBUDCdcAEABSABABLQAoAEqLABYLlQhUA5QAkgAQARIAEABA6
116=yqe6yrgKwBWAFAAUgAQEknJAJQAkgAUAJIAKABXAhMAUAKuAGsAaAftAAnXABUeyeYGFwm
117=RJgtCABQAksAnKCpW8Sfo6xAB0gAsAgnFAC8C1wCQAFAH0ABSABMAVgQQAFYEFgrWAFMAU
118=gAQAFIAEABSABAAUgAQAEzjANEREC1SDBMBFAIJywAXAVEAlQASABAAUgAQAFIAEABSABA
119=AUgAQAFIAEABA7m0nrixpEsAu7SoSwC4tZ28AkgDQAFIAEABSABAAUgAQAFIAEABSABAAU
120=gAQAFIAEABJ7ADQAFYAVACSABUEqobp6oorDGgKFAXSGysAUAoqAAtzAhYB0gkQAonCABM
121=RlALSABQC0gAQAFIAEABSABEBUgAQARMAVACSABAAUgAQAE2jAOn3YyQmkwESABQBVx0oA
122=FMASogAKQRSC1QAkgAVANIAFACry6xrJ4nhAJDAbKqnieMAEABSABQBUgAQAFIAEABTCIq
123=5Atcm0R9WHBcF1gHVAAtFANEAiocCrAmMBQATSicKR0KkO2yoPywUAtMAUCCQApcp0wBSA
124=BcEUgASCGsAVxTJxQGXBRQAkgVVMwwjANIbGYXf4snjABcCESDpDtIGFwCRAJUAEgAQAFI
125=AEABSABAAUgAQAFIAEABrC6sAQO1rJ23rp2sAUgDQAFIAEABSABAAUgAQAFIAEQvJywAWB
126=lcGkgAUBQn5AJAHFh/rARUGEyXpDUqHApYJUwoVABIACcgAEwBSAAnHAFMDVAISABAAUgA
127=QAG0IVwITBBQDmoAfIhcAkgAQARMDUABSABMAUgATASsAVwRQAFIAFACKowDTB9PDYyQml
128=glRC9ABEAoUAJAK1wCWAFcBbQAQAFUCawrRB1QArwvQAdMAUgAQARIAEABSABAAUgAQAEz
129=3BBcAkgAQARIAFQnWApYE2MZeHiiI+RKJxwTQARIACpsCEAHSABQAifxI7gjuCJQJkhUrA
130=FQCKwEWARAAUgAQAFIAEABSABAAUAcUwWytb1QCLwOUDVcAkhgQARIAEwBSABAAUgAQAFI
131=AEABMywDsBdEiUwEqCdQdEwBqMxcAlgBTAdEAlQASABAAVQPUEEnLABIKkgAJ6QAvAJYBE
132=ABNt0QkORrQQGgI8xQQBlHGrW4vyHIIbgfvAJcCHYSh5NYNEwBVBW8AlxEQEmsAUgGSCEn
133=7ABAAdwCKcQirAdYNKgDVABICVgBWAon7ABQL0gPeg2Ik6REJ4wAXAU2LANEC6gATASgAV
134=gKuDFYASqsBCeAAEgMUFNQVqwrtAxYAVQGJ4wARG5cCFgTMNwQJ4wAQAG0P1QATAFIBlwF
135=UA5AClgBQAFIAEABWAFICURiVABIAKwEXAJIAEAESABBAZDnMqCkrUArWB+8AlgBQAFIAE
136=ABSABAAUQaUAhMAUgAWAFUAEgAQAFKAJCUKNwWSBKoAF0CoPynMC8Dn6RfQARIAEwEJ/wC
137=TAFIAFACSABAAUgAQAFIAKABVABIAFgBKhgCWAFQAkgAQAFIAEABUG5UVFhSVABYAVACKt
138=wQWAFQAqQUtABYAVACTQqCJohAWAFQAkgAQAFIAEABQDdYHy2kBlwCSABABEgAQAFUirhh
139=TAFIAFACSABQAqBqKsQHTBNABEgAoB9AAUgAUAVIAEg2rAGsE7QAXAJQAkgAQAGvGbSukE
140=gAWAFQAkgGUBdMCie8A7wCSANAAUgAQAFIAEABJwgAWAFIALgBQAFIAC0sAFAdUAJIAC1c
141=AFRvTBZcAqATVABc71QPtBtcAiq8ALgBVABIALwCJ4QCXAhEI1gBQAdIA0AESABAAUS5QG
142=RcArgBVABIAFwCSAAqjAxQAkgAUAJID0ABSABMAUgAQAFIAEABSABAAUgAQAFQFCcIAFgN
143=UAKkJlhhTAFIAEwESABAAUgAQAFIAEABSABAAUgAXB1UDFAFTAGwAlQASABYAUgAVANUFV
144=gKTAFQRFAXUERQBUAEWAFYKEgDTAFYBFACrARQAkwETAFUEkgDQAFIAEABM5QWQAdIA0gA
145=rASsW0gJQAGwAkQmQAFIAEAESABIG6wBRCxAAUgAUAJIAEABSABUCUwHWHxMAVACSABAAU
146=gAQAFIAEABoASsASo8AlgKUCBAFlQAJ7wDXAVIAFAFSABAAVgKM/QQvCAqfApQBUgGSABI
147=A7RjVAORArBIsUgMJ0QYWAFcPlgBQAFcJkgDKvQBKsQBNpQWpBdALlwLTAG4VUwBKqQDWA
148=FQEUgAQAFIAEABSABME0CCWChMAVACSABAAUgATHwqDAInXABAAUgAQARcFEAENjwCzgSH
149=k0ABSGBQs0QyTAHOHIeTQAFA2UjbSx6QlJ5YAUABWApFF6CE5kwBoAFUAEQapBRAT0jYqA
150=BYB0gDWARIAEAEgSixQApc3UgAQO4qzAhUFVAFSABQBTCUFrwCSANAASc8CEwKUCBINlAX
151=QAFID1grtBhYBFAFSABAAVUDeCMka0AQWAFQAkgAQAG0HkgGTAFIAFACSABAASd8AWYvhp
152=JQAjY8AkgeSD9IBkwEXBdAEKAfVABMH1gTXERIUUABSA9MBCrsA1gBQAdIAEABSwBITGBU
153=ACoEAVQGXAhIAFguVQD6I4xyUCZAMbQnVA9AAUgAkAIobERcCFgKWAdABLS0WAFQAkgAQA
154=EwPAhQFFBfQChEKUgATARAH1gZpSmEI5xuTARcPkkAeCwccFwCUFNUAFAFNnwBvAJYCkAB
155=MDwCvAJIFUSJWByoACcsADbsA0gJQB9IACfsA0QCSQmQIxchfYGNQAGoCVQAqCcwFABYB0
156=gAxAgj4D9QCEkAoCa0IEwBSBtQMlBEXDgnXAA2PAhQBUQpUG5QrUwHWCUn9wQUFBRUlkgA
157=QAFcAkgALiQFI4h5SAxABzZ8AUgDQARIAEABSABAAUgAQAFIAEEBkO8foKStVB6oADDUA6
158=QCQB9IADPsA1QJTQeQ9Am8BbQAUBcnCACkArUAoPQnQQqg9CesOlgBQApEI0ABSABMAUgA
159=QAFIAEABvEGkcUhIKDQNnJJJXacjHHBQDkgnLQgABxQUFHuAjIGFkZ8RAABlBvALC6OspK
160=ixoKStkpagpamxrwGgpK1AAQO1rJ23rp2sAVgBQAEDmJymk5ehTAEJnqKrgYWRjJCapqqy
161=XAIn7AAMoqaukJSemp6ofYGN+voAJwkAFCkAACdQAEABAaCjrKCPDbi6waABVAAGnKCpe4
162=CMeHyIQAFXDJ+jrEQFKQABKygASAMDpKiwp6qzVxKEiJRAEwaDiJOanqeYnKVICVACSABA
163=ASfkAkwBqAC8ArwFA4qOmYiMl0sAfICMTAegBFQATwSytb1IAFgTVQ54KQAAWAFQHagARA
164=UnHAFMAUgAQAdAJUABSABMAUgAQAFIAEABSABYDa8Bg4eTQAGuB4SIbAFUA0gAIBXsA0gJ
165=TAdLAIKGklQATBOkAiosBlgWLQgAQCioACosBkghRy+MkJpUIVA7vAhMCgN3e4h7f4tIAF
166=w+SCpcAkgAXAJEDqABTAFABycsAEABSABEBVQhWChIAKQpTBBYE6gAQARIAEAHSABAIkgA
167=UA5MAScEB0wHKgwCWyWCh5JQAo0EpicsAExGJ+wARAusCiAJ7QOQnFZZE6CAUlQASABIDK
168=wxUAtAAaAltABIGEgArAG0AFhPQBBIBkABSB5MASegB1ACSACgClxTQChUA1AsXE1cPrgE
169=tANUAEgAUAVIAEABQB8nVA4nkAVbKLW4v0wcSABADUAupzWbn6hIALgBQBZYB1AIQCUnJA
170=VYAVMCnaGqpCxMEEgArAFMEEw6QARIAEwEVABECEkenPBxrBy0AEAfSACsAbQASB5ICVQG
171=JyAATAG8CCcEAUQCTApIAFgKtAYqFACgB1AISB6sAVwFpAhAAUgARB1MGUABRCZcUFQhTA
172=FIAEwBvClAGVwFSACkBVgcqANcBVACSABQBUgAQAFIAFQMQCtAAUgAREpQMkABQAdDEIyQ
173=mlBKWAFIAFwFSCq8CCd8AVACXAVcLKAEUDigBEwoSAOwAkygTwGcoKknmABAH0gAPOwDrA
174=e0mawBVACoAFQJWAdIAEQIXyCjp69cAlACWAFYJa8Bp6uzTD1YAVQYSACsHEwEUBGgBEwB
175=pBcDjJCaeH2JWAG8AlACRAJMAVQqVABcAkwiUBpIAEwrSBhMKCe8ALwLWAGwBbwFXA5YH7
176=gEQARAAagVUFxAKEQIXAtEAlwCQAdcC1wFoAdMGUAEXAJADUwEsAJABEgSSBhYAVw4RC9M
177=B1QzXDJcBUwfTAFAAS/tA6ZIBlg6VABAB1AISAAnWBNIBlACSABQAlQJUAhYJVARRAJUD0
178=ABVCRAAbwCJwQBWBBcYkwEVAZIAFgETARUAEAESACwBVgBhRGTQAFMBLwCWARUDLwCQAFM
179=IidcALQGTApIElQYWBBABEwBrARcAkAEXC9JD5ycR0gDTAdUA0wKSAO8BUgGUAtYDbQDVC
180=eMBMwQRBFcCFAvWARcAkABVABIAKQpQDdICUwEJyAArB9EAkAKWARMB0ABqACsAVQAqABQ
181=AqAEWAFMAUxMoAFUEkwTrAFcAqw6Ww2MkJpEF0gGUAtMBLwOQAFYAawBUAVUA6Q7XAJYN1
182=AIqANEa0wBJ1gBRB1YDbQJXBpIA0gAWAcnFANPAZCUnqAETApMBFgKSABQLFAIXAK4ClQh
183=UEpYVUQ7RVOfIwgkXAVMBEAQQAGsE1gHpAJDAaCkrawHTAFABK8KkJSeWAGsBLQASANJHq
184=CEyFARSAAnLAAqIABQO1wORCNQAkwBJ9QAWAFIBkgAoAFcAoURlEQXTAFIACcgAEQaSBhM
185=DUAWRCZUCdYYiJNcGiREJFwFWBMDgYaRo6avrAGYCiKwJEQpRAJAB0wNTAdcAqQLKrwARH
186=RfCLi7wawEkSyUVAZcDlgESABYT1ECnIhUVA9AbUQFSACsBEAiWApYAbwLVAZUFVQAQAdI
187=A1gWQAFYB0AEjBwl8CNMB1wCVABIM0gDpAhAAUgATwH///9UAKgApAIqLABUCVgBvAJUAE
188=gAQKlEHUwlWA1YAbQDUAJU/KgbQA1AHFjoqACsBLgETAG/7KSnsFQDKiwAQARYAXIIp7BA
189=8VgBUAVIAFMCkJSeUAVIAEwBSAOsB0EBoOhCXAJIErQPWARQI0MofYGNXC9IAFwRvAgqjA
190=BYBLgHVABIV0sGjJCaVCRMYUQCXAVUAKgqTAFUA1gBQAFIAEABSABAAQmkqLGgpK2kqLGk
191=qLERAAA=

[AITriggerTypesEnable]
043F40BC-G=yes
043F521C-G=yes
043F874C-G=yes
044082BC-G=yes
05CB5B6C-G=yes
05CB830C-G=yes
05CBAEDC-G=yes
05CBC04C-G=yes
05CBC19C-G=yes
05CBC2EC-G=yes
05FC088C-G=yes
05FC0C9C-G=yes
05FC13EC-G=yes
05FC1A8C-G=yes
05FC1C5C-G=yes
05FC333C-G=yes
05FC37CC-G=yes
05FC3C9C-G=yes
05FC50EC-G=yes
05FC747C-G=yes
05FC75CC-G=yes
05FFA7DC-G=yes
05FFB18C-G=yes
06002BFC-G=yes
0611A1EC-G=yes
0611A33C-G=yes
0612B11C-G=yes
0612CD8C-G=yes
0612EAEC-G=yes
0612F46C-G=yes
0612F9AC-G=yes
0616004C-G=yes
06C551AC-G=yes
078F4B2C-G=yes
07C04C7C-G=yes
07C04EDC-G=yes
07C0B14C-G=yes
07C30A5C-G=yes
07C310BC-G=yes
07C3266C-G=yes
07C329FC-G=yes
07C330CC-G=yes
07C33DDC-G=yes
07C4853C-G=yes
08A3EEDC-G=yes
08B902EC-G=yes
08B90B1C-G=yes
08B911BC-G=yes
08B9154C-G=yes
08B9213C-G=yes
08B9305C-G=yes
08B9356C-G=yes
08B940EC-G=yes
08B9423C-G=yes
08B9483C-G=yes
08B9586C-G=yes
08B9641C-G=yes
08B9708C-G=yes
08B9767C-G=yes
08B97C6C-G=yes
0A31295C-G=yes
0A44F17C-G=yes
0A44F2CC-G=yes
0A452C6C-G=yes
0A452E5C-G=yes
0AA845AC-G=yes
0AA846FC-G=yes
0ABC484C-G=yes
0AD2BAEC-G=yes
0C0C7AEC-G=yes
0C0D184C-G=yes
0C0D251C-G=yes
0C1245AC-G=yes
0C1246FC-G=yes
0C32599C-G=yes
0C32D84C-G=yes
0C87B45C-G=yes
0C87B99C-G=yes
0C87E5AC-G=yes
0C8B81BC-G=yes
0C8BC5AC-G=yes
0C8C2AEC-G=yes
0C8C2C3C-G=yes
0C8C430C-G=yes
0C8C4C3C-G=yes
0C8C51BC-G=yes
0C8C56FC-G=yes
0C8C645C-G=yes
0C8C6EDC-G=yes
0C8C71BC-G=yes
0C8E2C3C-G=yes
0C8EE1BC-G=yes
0C8EEAEC-G=yes
0C8EEEDC-G=yes
0C91D45C-G=yes
0C92C1BC-G=yes
0C92C45C-G=yes
0C955AEC-G=yes
0C955C3C-G=yes
0C9561BC-G=yes
0C9565AC-G=yes
0C96F45C-G=yes
0C96F5AC-G=yes
0CA1F84C-G=yes
0CA24D8C-G=yes
0CA2A04C-G=yes
0CA2B06C-G=yes
0CA2D99C-G=yes
0CA2FEDC-G=yes
0CA5945C-G=yes
0CA6621C-G=yes
0CA6AEDC-G=yes
0CAD0B2C-G=yes
0CAD0C7C-G=yes
0CAD0DCC-G=yes
0CAD130C-G=yes
0CAD145C-G=yes
0CAD25AC-G=yes
0CAD2AEC-G=yes
0CAD2C3C-G=yes
0CAD5AEC-G=yes
0CADD99C-G=yes
0CADDEDC-G=yes
0CB29EDC-G=yes
0CB2CEDC-G=yes
0CDF899C-G=yes
0CDF8D8C-G=yes
0CDF8EDC-G=yes
0CE2395C-G=yes
0CE23AAC-G=yes
0CE26B5C-G=yes
0CE26CAC-G=yes
0CE2E8DC-G=yes
0CE2EA2C-G=yes
0CE44D0C-G=yes
0D022B1C-G=yes
0D022C6C-G=yes
0D052AEC-G=yes
0D0803CC-G=yes
0D08461C-G=yes
0D0848BC-G=yes
0D084A0C-G=yes
0D084B5C-G=yes
0D0873DC-G=yes
0D087D8C-G=yes
0D0B3B9C-G=yes
0D2769BC-G=yes
0D2C41EC-G=yes
0D2C448C-G=yes
0D2C45DC-G=yes
0D53099C-G=yes
0D53130C-G=yes
0D53430C-G=yes
0D535EDC-G=yes
0D62145C-G=yes
0D6215AC-G=yes
0D6216FC-G=yes
0D62199C-G=yes
0ECCB2BC-G=yes
0ECCB40C-G=yes
0ECCB55C-G=yes
0ECCB7FC-G=yes
0ECCBC3C-G=yes
0ECCF14C-G=yes
0ECCF29C-G=yes
0ECCF68C-G=yes
0ECCFA7C-G=yes
0ECCFCAC-G=yes

[Africans]
IQ=0
Edge=North
Color=DarkRed
Allies=Africans
Country=Africans
Credits=0
NodeCount=0
TechLevel=1
PercentBuilt=0
PlayerControl=no

[Alliance]
IQ=0
Edge=North
Color=Gold
Allies=Alliance
Country=Alliance
Credits=0
NodeCount=0
TechLevel=1
PercentBuilt=0
PlayerControl=no

[Americans]
IQ=0
Edge=North
Color=Gold
Allies=Americans
Country=Americans
Credits=0
NodeCount=0
TechLevel=1
PercentBuilt=0
PlayerControl=no

[Arabs]
IQ=0
Edge=North
Color=DarkRed
Allies=Arabs
Country=Arabs
Credits=0
NodeCount=0
TechLevel=1
PercentBuilt=0
PlayerControl=no

[Australia]
IQ=0
Edge=North
Color=Gold
Allies=Australia
Country=Australia
Credits=0
NodeCount=0
TechLevel=1
PercentBuilt=0
PlayerControl=no

[Basic]
Name=[2] Pain 100
Percent=0
GameMode=standard
HomeCell=98
InitTime=10000
Official=no
EndOfGame=no
FreeRadar=no
MaxPlayer=2
MinPlayer=2
SkipScore=no
TrainCrate=no
TruckCrate=no
AltHomeCell=99
OneTimeOnly=no
CarryOverCap=0
NewINIFormat=4
NextScenario=
SkipMapSelect=no
CarryOverMoney=0.000000
AltNextScenario=
MultiplayerOnly=1
IceGrowthEnabled=yes
VeinGrowthEnabled=yes
TiberiumGrowthEnabled=yes
IgnoreGlobalAITriggers=no
TiberiumDeathToVisceroid=no

[British]
IQ=0
Edge=North
Color=Gold
Allies=British
Country=British
Credits=0
NodeCount=0
TechLevel=1
PercentBuilt=0
PlayerControl=no

[CellTags]

[China]
IQ=0
Edge=North
Color=DarkRed
Allies=China
Country=China
Credits=0
NodeCount=0
TechLevel=1
PercentBuilt=0
PlayerControl=no

[Confederation]
IQ=0
Edge=North
Color=DarkRed
Allies=Confederation
Country=Confederation
Credits=0
NodeCount=0
TechLevel=1
PercentBuilt=0
PlayerControl=no

[French]
IQ=0
Edge=North
Color=Gold
Allies=French
Country=French
Credits=0
NodeCount=0
TechLevel=1
PercentBuilt=0
PlayerControl=no

[GDI]
IQ=0
Edge=North
Color=Gold
Allies=GDI
Country=GDI
Credits=0
NodeCount=0
TechLevel=1
PercentBuilt=0
PlayerControl=no

[Germans]
IQ=0
Edge=North
Color=Gold
Allies=Germans
Country=Germans
Credits=0
NodeCount=0
TechLevel=1
PercentBuilt=0
PlayerControl=no

[Houses]
0=Americans
1=Alliance
2=French
3=Germans
4=British
5=Africans
6=Arabs
7=Confederation
8=Russians
9=YuriCountry
10=Yugoslavia
11=China
12=NorthKorea
13=Venezuela
14=Japan
15=Australia
16=YuriPacific
17=YuriGreen
18=YuriFalk
19=GDI
20=Nod
21=Neutral
22=Special

[IsoMapPack5]
1=Qw8AIAk2AAEA//8AAAACADVNAABjAAIANigpADdKAf//WAICAgA0AANcAEgAbAUnKQA2KF
2=UANygpADgoKwAzAARMBkgAZAgnKQA1VQI7UAJZCzZJATWpATdIAWQBVQI4SAHBDzlIAdQC
3=ATIABQDVAjNIAdUCNCgpADVJAT54AnUYBUQZTwECADdUAskMOEgBTQIASQw5KCkAOigrAD
4=EABukMMkgBzQUzKCkANCgpADUoKQA2KCkAN0gBzRA4SQE3awgCADlJATmpATpIAWQBTRA7
5=KCsAMAAH4Q8xKCkAMkgBzQUzKCkANCgpADUoKQA2KCkANygpADgoKQA5KCkAOigpADsoKQ
6=A8KCgAAS8ACADFNDBIAdUYMUgBxSkySAEnZQIIhAFBGjQoVQA1KCkANkkBJ2kEAU8xCAAg
7=qQE4VALJATkoKQA6KCkAO0kBKK0FPEgBZAFJDD0oKAACLgAJAD97AgIAL0kBOKkBMEgB1U
8=QxSQFAtQIySAFkAQEAAgAzKCkANEgBxRM1SAHZETZJASNwBX0VCWABAgAAAQA4VAKNAQFU
9=OSdVADooVQA7SQEkZwQBADxJASCpAT1IAdUYPkgBcAJPEC0ACvk9LigpAC8oKQAwKCkAMU
10=gB2QYySQE9bAF2GAoAyRc0VALdFTVIAX4DAAFXXwoAQWwBdBjNBQBXGAoAIHUCAFQYJykA
11=OlgG1QI7SAGdFQBVGAqnBQEAPVUCHXMBAQA+SAFkAVUYPygrACwAC+EaLSgpAC5IAYwQZD
12=QngQAwVAInhQYLjAlRCTJVAkBwAW8bCwAfaQEBXI7BBAFNlAulHgBNGwv1GDdYBpAfbRsL
13=sFZtGwtcPGoIADpABJFWAFIDCwCENG4bCwDZHD1ABJQCbBvdCgFAS8MEAQBAQASICQQCAC
14=sADAAebwECACwoKQAtSQEitQIuSAHNGy9IAXACAQACADBIAd02MUgB1QIySAHJODNIAZQY
15=ZR4MnQMAZR4MvCBlHgxYF4EDN00FM4QBVzkMADGpATlUAskBOigpADtIAdEfPEgBmRwAVT
16=kM8R8+VAKENGYeDADNPEBUApkKAkhI2BECAgAqAA2tPANdIA2cA0W9LFQCjwEDAC1IAZ82
17=AgAuSAEnHQQNqBd9IA1EOlUFAlgWxwgCADJMBZkGAU02DVQTQAR9IA35PTVABJQjfSANRD
18=pBBABNiQ1UCIkBOEAE0R85KCkAOigpADsoKQA8SAHJIj1IAckiPkgB3UE/SAGUAmU/DaEl
19=AV0gDUwAVw0CAEJABEEBAEA7AikADgAlbAF1Iw5QRkwBdSMOVGuJASxABEEBAEElLUkBJm
20=wBdiMOAMFGL1QC3cUwSQE2oQQxSAHdxTJIASd1BA5QckQEdSMO6UM1QASMtXUjDukiN1QC
21=ySI4KCkAOSgpADooKQA7KCkAPCgpAD1IAcElPkgBiUMASRwOQBBIAHUjDuFGQUAETAJpIk
22=JIAcU/QygrACgAD6NnAwApKCkAKkgBnCBtJg+ACEElLFQCgBplSg9cfkEDA0VKD6QebYkP
23=oFFkSicpADFYBkQFbRAySAEnzQQPKMwExQgATQoP+Ug2TAXBJTcoKQA4KCkAOSgpADooKQ
24=A7KCkAPCgpAD1JATSQEF2kD7QjbCbMG2wm1AJkStQCZUoPu14CAENECNknRCgrACcAELUK
25=BF1RELEfBEQpJ1UAKkAEhB5lKRC9bQNNlBBMpUQHZSkQWIWJAS7sBWUpEOEPMFQCwQ8xSA
26=FEBaUpELQub3MQAEB4AnRP1AJlKRBIHXgCRQ0QKPQJJykAOFAJ3Ss5KCkAOigpADsoKQA8
27=KCkAPUgBhfoAWQsQKCQF3BVkKdQCZCnIImUpEKA7ZSkQXIlHEwIARFAJi1kCAEVIAdscJg
28=ARoSUEQY0RXIlMBX0rEbgGfSsRvXgETZ8RvCB9KxG8IH0rEUgHWQYCTZ8RqNJ2exEAmJV8
29=K8wFZVURvDZtnxH1LjJMEJCCfSsRsIJ+KxEAlAJ8K9QCdXsRTCFUDW2fEektOEQIJ3wFJ1
30=UAOihVADsoKQA8SAHZUz1JASGMCU0KEbCYZFXcFX0rEbQufCsn6QJCWQY6eAZ8K9QNfCsn
31=KQBFQATJLUZIAcstJQASRIddBgRdGhKgUXUuEkgCSAB1LhKwKnUuErEqA1UuEqQpdC7UAm
32=Tv1AJ1LhLxKi5IDNUNLygpADAoKQAxSAGcV2TOwA8irSESoDt1LhKovGXvEkAVRBN1LhK4
33=MnUuElAllQI4UAkn1QUS7TE6KFUAO0gBkLkirCHEHmXvErAqdFrMEGbvEgCMMXUuEqwxdC
34=4nbQNCUAnRxENIAZwKdS4STG5YEXVaEuHrRkAE3SBHKCsAJAATQAVJAANZCxOlVQNIHCcp
35=ACdBBCBcA12vKCgpAClIAYhZbDEnBQErVAKQjW0xE+EwLVQCmLZlYBOsaGVgE1StQAtkYC
36=etADFMBdEUMkgBJW0kM0gBmF5tMRO8xW0xE6AwIk0rE0wWUAlsMdQCIt0nE/kyOUQIlSMA
37=VYATvEwi3ScTvCtsMdwKbTETTCGRCT5YBoABbTETpDRtMRP5dEFABN0VQigpAEMoKQBEKC
38=kARUgB3UxGSAHZBkcoKQBIKCsAIwAUq04CACRIASMFIgJVEhSUEU0xJlQCkSoDTWIUrZQD
39=TMAnKQApQAQjpCBlNBRQBEQHIp0qFKBnZTQUKIUGFFgigQQuWAacV2U0FO1HMFQC3RUxKC
40=kAMkgB1U8zSAEj7CkiPT8U4Ts1VAKcQWQ0yBci1TEU8TU4QAQj2CwiZS4UoDtkNCcpADtA
41=BCMcJWU0FKiFItUxFLyvImUuFKg4ZTQURCRUGGU0FKQ/IpwqzAVswCfFA0NcCsEaRCgpAE
42=UoKQBGKCkARygpAEgoKQBJKCsAIgAVqRcCTCsnKQAkVAKIF302FVgSSABlaxW8mXw2J1UA
43=KEwFI8UvAk33FbRwIuUoFUAKWAZ9NhXxNSxMBckXLUgB0a4uSAEn3QYVvI5laxX9bTFABN
44=2vMkgBVgoAAHWcFeU/NFQCjMAiJUcVpDR8NsAafTYV/W04TAWECCLNOxX5MjpUAiNFQAFZ
45=5xXlNDxUAtGYPUgBmD19NhXxNT9UAsF9QEgBnAp8NtQjfTYVQApcAmzLJ0EDREwFwRpFSA
46=HJIkYoKQBHKCkASCgpAEkoKQBKKCsAIQAWqTgDSRwWTABVDQNRLxaxSwNUcCeBACVMBSVx
47=KiZIAUQFIhUvJygpAChIAZhedTkW6YUqVALRFCtIASWBQixIAYwmbdYW/TYuVAInNAcnVQ
48=AwKFUAMUgB0TUySAGMEHU5FvleNFQCI5gkdTkWnANZPTZUAowBIvVLFu08OFQC2TI5KCkA
49=OigpADsoKQA8SAGUWnRwJ10BPlQC3Qo/SAHNUkBIAcU0QUgB0R9CSAHBBENIAdkcRCgpAE
50=VIAdkGRkgB2QZHKCkASCgpAEkoKQBKKCkASygrACAAF7lTBEU5F61SBF07F7D7bTwXvLpt
51=PBeSGAAESFMngQAmRAiMEGV2F+GpKFQCgOBtPBftaCpUAskXK0gBmAZlrRfxdy1UAsmmLk
52=gB0R8vKCkAMCgpADFIAYzWIlwiyBdsPCcxATRABMkMNUgBxUo2SAHJsTdIAdkROEgBkBsi
53=zFHZHAJYFicpADsogQA8SAHdCj0oKQA+SAHJDD9IAcUTQEgBwVFBSAHZBkJIAdkcQ0gB2R
54=xEKCkARSgpAEZIAd0VR0gB3RVISAHRCUkoKQBKKCkASygpAEwoKwAfABipLQNRqBhMAE0e
55=A0Q/JykAIkAEnDZlPxhYeoEEJFQCJZEjJUgBwQQmSAFYA7V7GKFGAk3sGPWRKUAE3SAqSA
56=HdbStIAckXLCgpAC0oKQAuSAHVIy9IAcUIMEgBxSkxSAHFCDIoKQAzKCkANCgpADUoKQA2
57=SAHdCjdIAd0KOEgB3Ss5SAEjTCBkP8ElAlAZJykAPEAEwQ89KCkAPigpAD8oKQBASQFAeC
58=NstScFAUJUAsUIQ0gB2RFESAHZEUVIAd1BRigpAEdIAdEfSEgBxQhJKCkASigpAEtIAcFR
59=TEgBwRpNSAHbBh4AGal6Ak02GWgUaTggVAKMAX1BGbCCdb0ZJvEkI0AEiLFlgRkkDCMiVS
60=wZ7X4mQASVRAJFAhlUw1kJAl1BGSQgQWWBGbRPbPcnKQArWAbFEyxIASPUJnS9yAwiVCwn
61=rQAvQATNBTBJATxFDAAiXDgngQAyVALBBDMoKQA0KCkANSgpADYoKQA3KCkAOEgB3Qo5SA
62=HRCTooKQA7SAF8DkEPPCgpAD0oKQA+KCkAPygpAEBIAdEJQSgpAEIoKQBDKCkARCgpAEVI
63=AdVERkgByUNHSAHBRkhIAc08SUgByQxKKCkASygpAEwoKQBNKCkATigrAB0AGlSBVRsCWf
64=0aWLyJAR/0AnWGGkQDVAJ1RBpAxYkBIkAEQAF5SCMoKQAkSQFAeAJ1RBpMTU0BAlHqGibp
65=LidABN0VKEgB2RwpSAHVnCpIAcEEK0gB1VosSAHdIC1IAd0gLkgB2QYvSAHZBjBIAYwQdU
66=QaQBBIAHzFJykAM0AETAIisSc0KCkANSgpADZIAdEJNygpADhIAd0VOUgBnGJ1hhomPSk7
67=VALZETxIAckMPSgpAD4oKQA/KCkAQEgB1Q1BKCkAQigpAEMoKQBEKCkARSgpAEZIAcUeR0
68=gB0QlIKCkASSgpAEooKQBLKCkATCgpAE0oKQBOKCkATygrABwAG71BAkmKG+FGHlQChR4D
69=VT4bRANQAW1HG6Q/Iq0hG0QDlQIiTAWQFGXOG0gCSABljBtQiEgBInUwG+2JJuwFZYwb7Y
70=koKFUAKUgB0XcqSAGcCiJ0MCetACxUAtUjLUgBwQQuSAHZBi9IAdUCMCgpADFIAVARdUQy
71=KCkAM0kBZngCIlc3GwBeqQE1VALJATZJAWC1AjdIAd0KOEgBcQIAIqwhxB5uRxsAJd0nO0
72=AE1b08SAHNBT1IAdUNPkgByQw/KCkAQEgB1Q1BSAHVDUIoKQBDKCkARCgpAEUoKQBGKCkA
73=RygpAEgoKQBJKCkASigpAEsoKQBMKCkATSgpAE4oKQBPKCkAUCgrABsAHLVEAkEBHKmQA0
74=UCHLFLA1gAJykAH0kELWwiZUocKA0jHLREbdYc7UcjTAXJ0iRIASPgImVKHO1HJlQCxc4n
75=SAElISAoKCkAKUgBxIwFKgAcADUAAAARAADnDgAgBQACACsAHAAAYAACAgAsABxhAQBVAi
76=0oKQAuSQE+fwICAC9JATepATBJATmpATFIAWQBWQYyKCkAM0kBZXsCAgA0SQGWqQE1KCkA
77=NkkBX7UCN0kBQakBOEgBZAFRCTlJATtvAQIAOkkBMakBO0kBOKkBPEgBZAFNBT1IAdUNPk
78=gB1Q0/KCkAQEgB1Q1BSgH//0MHAgBCSAFAAWUeQygpAEQoKQBFKCkARigpAEdIAcUISCgp
79=AElJAT13CQIASkgBwQRLKCkATCgpAE0oKQBOKCkATygpAFAoKQBRKCgAARoAHQDdChtJAR
80=21DRzpAQPgAQIAAAQAHlABfANJAR9JAR9vAQMAIEgBZAEBAAMAIUkBJ28BAgAiSQEjqQEj
81=SAHVLiRJATW1AiVIAcEPJkkBOrUCJ0gB2TIoSQE0tQIpSAHNBSpJAUC1AitIAWYBAAJcTI
82=AXdS4tVQJmewICAC5JAV6pAS8oKQAwSQFgtQIxSAFkAUUIMigpADNIAcU/NEgBxT81KCkA
83=NkgBxT83SAHFCDgoKQA5SAHBGjpIAdUYO0gBzQU8KCkAPUgB1Q0+SAHVDT8oKQBASAHVDU
84=FIAd0gQkgB0QlDSAHFHkRIAcUeRSgpAEZIAcUeR0gBxQhISAHZMklIAdUuSkkBM2MLAgBL
85=KCkATEgB3TZNSAHFCE4oKQBPKCkAUCgpAFEoKQBSKCkAGUBJxQgaSQEhtQ0bSQElqQEcSA
86=GcOXVPHmwCtk8eAJNLAwAfQASQS3RP1QICVk8eAJQCd08eAD9hBwJHAh4ANqkBJFgGzTEl
87=SAHNECZIAdE1J0gBzQUoSAHRgilIAc0FKigpACtIAXgKTUcsKCkALUgB1TkuSAHVOS8oKQ
88=AwSAHVOTFIAcUIMigpADNJAWl4AnecHgBhqQE1VALJATZJAWO1AjdIAWQBTRA4SAHFHjlI
89=AdU5OkgBxR47SAHVGDwoKQA9SAHVDT5IAckMPygpAEBIAdUNQUgBxQhCSAHBD0NIAcUeRE
90=gBxR5FKCkARkgBxR5HSAHFCEhIAdUuSUgB3RVKKCkASygpAExIAdUYTUgBxQhOKCkATygp
91=AFAoKQBRSAHVp1JIAdkGUygpABhASdUCGSgpABpIAZdPAgAbSAGZHANDph8AJGwBbVIfUJ
92=5NAQNJCR9ATIkBH0wFhM5sUnABVAJuUh8AlAJtUh/lrSNMBcEPJEgB3SAlSAHJbyZIAcUe
93=J0gBzQUoKCkAKUgB2T0qSAHNcytIAVgOeaAsKCkALUgBxTQuSAHFNC8oKQAwSAHFNDFIAd
94=UNMigpADMoKQA0KCkANSgpADYoKQA3KCkAOEgB2RE5SAHZHDpIAc0bO0gB1Q08KCkAPUgB
95=zRs+SAElTSA/SAHNBUAoKQBBKCkAQkgB1Q1DSAHFHkRIAcUeRSgpAEZIAcUeR0gB3QpISA
96=ElXSJJSAHFgUpIAdlTSygpAExIAdUYTUgBwQ9OSAHRCU8oKQBQKCkAUUgB3SBSSAHZPVNI
97=Ack4VEgBxQgXVEyXnwIAGEkBIm8MAgAZSAHBBBpIAYxSZ1UgACihBBxUApy6ZlUgAJwKZV
98=UgegMAAHWnIKGpAkUFILxXZVUg+VMiXALJDCNIAc0xJEgBySIlSAHJIiZIAdUCJ0gBJS0n
99=KEgBgw8CAClIAdEJKkkBPHQQIowo2BFs9ycpAC1ABNWRLkgB1ZEvKCkAMEgB1ZExSAHdCj
100=IoKQAzKCkANCgpADUoKQA2KCkAN0gBzXM4SAFgE0GpOUgBxTQ6SAHZHDtIAcFRPEgBwQ89
101=KCkAPigpAD8oKQBAKCkAQSgpAEJIAdUNQ0gBxR5ESAHFHkUoKQBGSAHFHkdIAcEPSCgpAE
102=koKQBKSAHdV0tIAckXTCgpAE1IAclOTigpAE9IAdE1UEgByQxRSAHRCVJIAdEJU0gB2V5U
103=SAHNBVUoKQAWmPBXGwMAF0gBkVYDX1chACZQAl0rGVQC1VoaSAGABHxXIuwoRQQCRq0hAI
104=APflchAJDwfVch8VYfWAbd/CBIAc0QIUgBXAdtnyIoKQAjKCkAJCgpACVJAUBxBQJUEiP8
105=IXkGJ1QCcgIAAktpIQBAbAF9VyH9YipABNUCK0gBwQ8sKCkALSgpAC4oKQAvKCkAMCgpAD
106=FIAZt0AgAySAHBMDNIAd0KNCgpADUoKQA2KCkANygpADgoKQA5SAGYJyKOMyEA0TU7VALd
107=CjwoKQA9KCkAPigpAD8oKQBAKCkAQSgpAEIoKQBDSAHN7ERIAckMRSgpAEYoKQBHKCkASC
108=gpAEkoKQBKKCkAS0gB1XBMSAHVT00oKQBOKCkAT0gB2RxQSAHNEFEoKQBSSAHJIlNIAdmV
109=VEgByXpVSAHZBlYoKAABFQAiAIc0BAAWSAGNBQRVWiJItExDdFqUV22qGUAEnyADABpIAc
110=1dG0kBLUkFAHRadKpPAQIAHVQCi54CAB5IAclZH0gBhAh1siLpTiFUAlEGAEUIIkgBjFUi
111=TSsiSAdfAgIAJFQC2WklKCkAJigpACcoKQAoSAGEFnRaJ4kBKlQC0R8rSAHNECxIAdUCLS
112=gpAC4oKQAvSAHFwzBIAdmKMUgB3SsySAHdNjNIAZgnIkwrJ+EBNVQCxQg2SAHFCDcoKQA4
113=SAHdYjlIAVwdfSA6SQFAbQECVDMnMQE8VALdFT0oKQA+SAGLOAIAP0gB0QlASAHNBUEoKQ
114=BCSAHZEUNIAckXREgB0dpFSAHVGEZIAcUIRygpAEhIAdUNSUgBwRpKKCkAS0gB3QpMKCkA
115=TSgpAE4oKQBPKCkAUEgByRdRSAHBD1IoKQBTKCkAVCgpAFUoKQBWKCkAVygpABRM/yOnKw
116=MAFUgBkCptXSOkrWW4I1wCTC1tXSNIKIkBGUwCjDxuXSMAiyIDABtUAiNEQGxdjFpxNR1U
117=AtAqInA2yCIi0Cycum1dIyisCyfZACJYBoQTbl0jACN1OwNOXSMAI3c7AwAlQATJASYoKQ
118=AnSQFgThQAA0S4IpAtTAFsXSeJASpABNknK0gBxYwsSAHFEy1IAYMaAgAuSAHNBS8oKQAw
119=SAElDSMxSAHBBDJIAZsnAgAzSAHVAjQoKQA1KCkANkgB1ZE3SAHdQThIAckiOUgBwX06SA
120=HVeztIAdF3PEgB2XQ9SAHVDT5IAd0KP0gB0QlASAHBBEFIAdkGQkgB1QJDSAHBGkRIAdUC
121=RSgpAEYoKQBHKCkASEgB2SdJSAHVGEooKQBLKCkATCgpAE0oKQBOKCkATygpAFBIAdG5UU
122=gB2RFSKCkAUygpAFQoKQBVKCkAVigpAFcoKQBYKCkAE0BJQEN5thRIASMELWRgIoArXQID
123=Vb0kVAWJARdABCOMKGVgJLxiIgwuzQUCVL0nKQAbTAWEWGRglAqkYCcpAB5ABMgtIjA5zR
124=sgVALZMiFIAVgOeQYiSAEnBgwkACM0M2ZgJAAjNDNkYCcpACZMBdUCJ0gBI2AzZGAibDlY
125=CWVgJPFsKkAEwXIrSAHdNixIAdUuLUgBxRMuKCkALygpADBIAdUYMUgBzQUyKCkAMygpAD
126=QoKQA1SAHZHDZIAVwSeRw3SAHBZzhIAdleOUgBJS1IOkgBmQYDVL0nQQM8VALNED1IAc0Q
127=PigpAD8oKQBASAHVskFIAcUeQkgB3bpDSAGfmQIAREgB2X9FSAHdCkZIAc0mR0gB2QZISA
128=HZBklIAd0KSkgB1QJLSAHVAkwoKQBNKCkATigpAE8oKQBQSAHFCFFIAcGTUkgBzcBTSAHF
129=E1QoKQBVKCkAVigpAFcoKQBYKCkAWSgpABJIqZ8rBAATSAEj4yIDABRIAZCNfmIlAIAEfW
130=Il5WAXQAQlDSMYSAHZXhlIAcElGkgBxSkbSAHZPRxIAc0xHUgBxSkeSAHBJR9IAcUeIEgB
131=zVIhSAHFCCJIASddDCUoXQwlKFwMJykAJkwFJ14MJQAnXAwioEVYCXxizxsCACpMBdEqK0
132=gByZssSAHNMS1IAcUTLigpAC8oKQAwSAHVGDFIAc0FMkgB3TYzSAHJDDRIAd0gNUgB2Rw2
133=SAFcErxinF9pAThUAsUeOUgBmwYDADpIAZgGfGInQQM8VALZaT1IAdUNPigpAD8oKQBASA
134=HdxUFIAZAJIv1iJemFQ1QCxQhESAHFE0UoKQBGKCkARygpAEgoKQBJSAHZEUpIAcUIS0gB
135=3StMSAHNJk0oKQBOKCkAT0gBxRNQSAHFCFFIAcUIUkgBwQRTSAHdFVQoKQBVKCkAVigpAF
136=coKQBYKCkAWSgpAFooKwARACZMj0sPBAASSAGUDXRljGUiZVoUVAIj6CN2ZSYAgJN0ZSIU
137=T1sGAgAXQATJmxhIAcX6GUgBkGx1yCb1LhtUAow8dcgmJv02HVQCzRseSAHRHx9IAdlTIC
138=goACKoPclvIlQCzUcjSAEnFRkmKLQMJykAJkAEJ7UMJii0DCcVAylABMFGKkgB0XcrSAGI
139=IiIkRycVAy1UAtEULkgBzTwvKCkAMCgpADEoKQAySAHRCTNIAcUeNEgBwQ81SAHBBDZIAV
140=QraWQ3KCkAOEgBxR45SAGYBnRlxCl0ZSdBAzxABMkMPSgpAD4oKQA/KCkAQCgpAEFIAdVa
141=QkgBxQhDKCkAREgBxRNFKCkARigpAEcoKQBIKCkASSgpAEpIAcGpS0gB2SdMKCkATSgpAE
142=4oKQBPKCkAUEgByZBRSAHFCFJIAcFGU0gByThUSAHNlFVIAcEaVigpAFcoKQBYKCkAWSgp
143=AFooKQBbKCkAEFTFlxgEABFIAYwQbWgntFptaCdcAkglZM4i8C6JARVMAicMDSL4W1QCbG
144=gibHCJARhABEABIgEnGUgBiG9taCcoDQ0nJAhJbmgnAIAPIt49JwDIIiLMaNlIH0QIxB4i
145=WFTIASWwSXFLIkAExEoiYDQjtE4iJSYnJGxmIiQmJykAJkwFIw1PA0IBJwAj4E4iJCYnFQ
146=MpXALJDCooKQArSAHVZSxIAdEULUgByRcuSAHdNi8oKQAwSAHBBDFIAcEEMkgBzRszSAHV
147=DTQoKQA1SAHdVzZIAcEEN0gBkyoCADhIASPTKgIAOUgBJV1ZOkgBmAZsaCdBAzxUAgk7AA
148=AAAAIAPQAnADURAAA9DwAgCQAAAAACAD4AJwD//4gBAj8AJwA7RAEBAAIAQEkBNakBQUgB
149=wQRCKCkAQ0gBfANNBUQoKQBFKCkARigpAEcoKQBIKCkASUkBPWsIAgBKSAFkAVEJS0kBPm
150=8BAgBMSQE2qQFNSQExqQFOSAHVAk9IAdUCUCgpAFFJATStBVJIAckXUygpAFRJAUChBFVI
151=AcEEVkgB2RFXSAHVAlhJAT+tBVlIAckiWkgBwQRbKCkAXCgoAAIPACgAHXsGAwAQSAFkAQ
152=EABAARSAGPGwQAEkkBOHsCBAATSQEfawEDABRIAWQBAQADABVIAZMUAwAWSAGDBAIAF0kB
153=JGcEAgAYSQEgqQEZSQEjqQEaSQFBqQEbSAHRFBxIAYEPAlYSKADNJh5VAjatBR9JATOpAS
154=BIAdkcIUgBxQgiSAHBDyNIAcEPJCgpACUoKQAmKCkAJygpAChIAdEUKUgB3QoqKCkAK0kB
155=Oq0QLEgB0RQtSAHVOS5IAdkGLygpADBIAYElAl0aKOlZMlQC0QkzSAHNGzRIAc0bNUgB0Q
156=k2KCkAN0gBxWA4SAHNBTlIAdEfOkgB0R87SAHBGjxIAdUNPUgB3RU+SAHJDD9IAcEwQEgB
157=wQRBSAHBBEJIAWwfAQACAEMoKQBEKCkARSgpAEYoKQBHKCkASCgpAElIAdkRSkgB1RhLSA
158=HJDEwoKQBNSQFAewICAE5IAdkRT0gB3RVQSAHVRFFIAckXUkgBzQVTKCkAVCgpAFVIAcUp
159=VkgB2QZXSAHZBlgoKQBZSAHVDVpIAdE1WygpAFxIAdUYXUgBxwgOAClhFwBVZQ9IASe8Dd
160=QCfW0pSHJNBANebSkAnTYDXm0pAJw2fm0pAIx+fG3NBQJcbcAEfW0p5UoYSAzBDxlIAZsG
161=AgAaSAHVAhsoKQAcKCkAHUkBPEgQAQACAB5IAc0FH0gBxTQgSAGHgQIAIUgBwQQiSAHJDC
162=NIAdUCJCgpACUoKQAmKCkAJygpACgoKQApKCkAKkgB3ZkrSAHRbCxIAc08LUgB0TUuSAHB
163=Dy8oKQAwKCkAMSgpADJIAck4M0gB0Qk0KCkANUgByTg2SAHdCjdIAdkGOEgB2QY5SAHRQD
164=ooKQA7SQE3pSk8SAHJFz1IAdkGPkkBOaEEP0gByQxASQFAtQJBSAHVAkJIAXECAHxtw0YC
165=AEQoVQBFKCkARkkB43MFBgBHSQHaqQFIyAEBAQIASUgB1RhKSAHFE0tIAdkRTEgBdAZVDU
166=0oKQBOSAHZEU8oKQBQKCkAUUkBQH8GAgBSSAHNBVNIAck4VEgBySJVSAHdIFZIAc0QV0gB
167=1S5YSAHFCFkoKQBaSAHJF1tIAdkGXEgB0UBdSAHZBl4oKwANACq/YgMADkgBh1UDAA9IAZ
168=2kA1XeKv1tEVQC3W0SSAF8GUV2EygpABRIAZgcdnAqAMndFlQCwQ8XSAHNiRhIAclDGUgB
169=0RQaSAHNBRsoKQAcSAHBJR1IAdFsHkgBzQUfSAGBDwJMFcAadnAqANkGIkAEySIjSAHBDy
170=RIAdEqJUgB0QkmSAHRFCdIAdkyKEgBzQUpSAHNBSooKQArSAHNECxIAcEELUgB1QIuSAHV
171=Ai8oKQAwSAHVDTFIAckMMkgBzQUzKCkANCgpADVIAd0KNkgBzQU3KCkAOEgBhzQCADlIAc
172=2UOkgByS07SAHZBjxIAdEJPUgB1QI+KCkAPygpAEAoKQBBKCkAQkgB1Q1DKCkARCgpAEVJ
173=AeFEBAEBBgBGSQHmSQEAdXAqu7YGAEhUAmJyBAZWcCoAaQEFIj4pKgDFE0tABHUGACI9KS
174=qEAUkBTVQC2SdOSAHBO09IAcUpUEgBwRpRKCkAUigpAFMoKQBUKCkAVSgpAFZIAcVrV0gB
175=2SdYSAHdClkoKQBaKCkAW0gB1S5cSAHVT11IAcUTXkgBxQhfKCsADAArIWgnWxsCAA1IAZ
176=xXbnMrAIQIbnMrAIxSbXMrUDtPBQMAEUwFQAFp6BIoKQATSQEnewICABRIAZ/mAgAVSAGc
177=eGXkK7h/ZuQrANkcGEAElw0CABlIAcUeGkgB3RUbKCkAHCgpAB0oKQAeKCkAHygpACAoKQ
178=AhKCkAIkgBwQ8jSQE2vRUkSAHBDyVIAcEPJkkBQKEEJ0gB1QIoSAHJLSlJATOhBCpIAckt
179=K0gBzQUsKCkALSgpAC4oKQAvKCkAMEgBxRMxSAHFEzJIAdnBM0gB3Qo0KCkANSgpADYoKQ
180=A3SAGbqwIAOEgBbRQAbnMrAMkXOlQCxR47SAHdCjwoKQA9KCkAPigpAD8oKQBAKCkAQSgp
181=AEJIAdUNQygpAERIAWByAQIGAEXJAQNtcysk4DhucysAmBFvcysA7WgIbXMrjHNRd0pYBn
182=h0AQECAEtIAXwDQRpMKCkATUgBzRtOSQExZwQCAE9IAZ8KAgBQSAHZHFFIAXwDRQhSKCkA
183=UygpAFQoKQBVKCkAVkgBxQhXSAElfSZYSAHVAllIAdUuWkgB1QJbSAHBO1xIAcE7XUgB0R
184=ReSAHNR19IAdkGYCgrAAsALOFnDEkBJGwXZHYiwDNNAQJV6Sykl2V2LCT1KgJV6SxE1IEE
185=EVgGwXISKCkAE0gBzXMUSAHJmxVJATVUBlUjFkgB2REXSAFwAlUCGEgByS0ZSAHVGBpIAd
186=kGG0gB2QYcSAHZBh0oKQAeKCkAHygpACAoKQAhSAHFCCIoKQAjKCkAJEgBwTAlSAHNBSYo
187=KQAnKCkAKEgB3RUpSAHdFSpIAdH7K0gBxQgsSAHdFS0oKQAuKCkALygpADAoKQAxKCkAMi
188=gpADMoKQA0KCkANUgBh60CADZIAZmrAlWsLEh1SA9ldixcAEgAZXYsKMUOLKlkAlBmJ4EA
189=PEQIRQUAWTI9KCkAPigpAD8oKQBAKCkAQSgpAEIoKQBDKCkAREkBxmALZXYsJGQjZXYsTB
190=ZYAmR22BFkdtgRZXYs7exKRAhkdk3sS8kBBXXpLFgXRwgCAE1UAs0xTigpAE8oKQBQSAHF
191=SlFIAVAGeRxSKCkAUygpAFQoKQBVKCkAVkgByS1XSAHVDVhIAdm2WUgBwXJaSAHVDVtIAd
192=1BXCgpAF1IAd14XkgBzUdfSAHNBWAoKQBhKCsACgAt8XcLKCkADCgpAA1IAcl6DkgB2XQP
193=SAHNcxBIAc1zEUgByRcSSAHdFRNIAc0QFEgB0RQVSAHFHhZIAdkGFygpABhIAcEEGUgB3S
194=AaSAHNGxtIAd0KHEgBwTAdSQFmbAEibzotAF6pAR9UAskBIEkBYLUCIUgBxQgiSAHVGCNI
195=AdleJEgBzRAlSAHRFCZIAdXeJ0gBxQgoSAHNGylIAd26KkgBwQQrKCkALEgBaBBdYi0oKQ
196=AuKCkALygpADBJASFwBSIvSC0AHqkBMlQCyQEzKCkANEkBIqEENUgBZAFJDDYoKQA3KCkA
197=OCgpADlIAcmQOkgBxR47SAHZHDxIAdEJPSgpAD4oKQA/SAHRFEBIAcUTQSgpAEIoKQBDSA
198=HRFERIAX54AgJG7y0AaAGH7y0A7HgNfXgtJCQmfngtAIAwfXgts40GAEpFCNatBUvIAVHw
199=TEgBwRpNSAHBGk4oKQBPSAHFSlBIAdE1UUgBbAlNJlIoKQBTSAHFSlRIAdlIVSgpAFZIAc
200=VKV0gBwQ9YSAHdCllIAdFAWkgB1URbSAGDGgIAXEgByS1dSAHNBV4oKQBfKCkAYCgpAGEo
201=KQBiKCsACQAu6XoKKCkACygpAAxIASUhIA1IAdUNDigpAA9IAcGTEEgBwSURSAHFKRJIAc
202=0bE0gBxQgUKCkAFUgB3SAWSAHZBhdIAdEJGEgBxQgZSAHVLhpIAdEJGygpABxIAcEEHUkB
203=ZWwBd3suAJapAR9UAskBIEkBX7UCIUgB0QkiSQFAtQIjSAHVAiRIAdEUJUgB2REmSAHBBC
204=coKQAoKCkAKUgB0QkqSAHNBSsoKQAsSAFyDQACUTIuhAFJAS5UAslkL0gByWQwSQElaAR1
205=ey6zzwMAMlQCiUMDSl4uAIGpA0teLgAmrQU1QATNaDZIAXACSQw3KCkAOEgByTg5SAHBMD
206=pIAdkcO0gB2QY8KCkAPUgB0RQ+SAHRFD9IAdEUQEgBn6QDAEFIAdEUQkgB0RRDSAHRFERI
207=AdEURUgBdHtN7EZJAcdkD3d7LgDJqQFIVAKcYnV7LiSsIXZ7LgB0ewECBgBLQARpAQN19C
208=6wgnX0LiQwOCKlVy5EJFQJIlwtJ9UFUFkGQFACAQACAFFIAWQBSQFSKCkAU0gBxUpUSAHZ
209=SFUoKQBWSAHFSldIAZMUAgBYSAHRKllIAdF3WkgB3UFbSQFAeA10eydBDl1UAsEEXigpAF
210=8oKQBgKCkAYSgpAGIoKQBjKCsACAAv4X0JKCkACkgBxT8LSAGHNAIADEgB3RUNSAHVAg5I
211=AZ82AgAPSAF4FQEAAgAQSAHRFBFIAclkEkgB0XcTSAHFCBQoKQAVSAHJDBZIAd1MF0gB0Q
212=kYSAElVSwZSAHVAhpIAd0VG0kBNXMQAgAcSAFkAVkRHUgBxTQeSAHFNB8oKQAgSAHFNCFI
213=Ad0KIigpACNIAckMJEgB0RQlSAHRFCZIAdkGJygpACgoKQApKCkAKigpACsoKQAsSAHdFS
214=0oKQAuSAEjCV8CQQEv9XswUAGZJwNNVy9MAEAHbH4nKQAzQASQFG1+L/l/NVQCxWs2SAHF
215=azdIAVwHIu0pOCgpADlIAd02OkgB3TY7SAGDDwIAPEgB0VY9SAHRFD5IAdV7P0gBjwUDAE
216=BIAdkRQSgpAEIoKQBDSAGfNgMAREgB0RRFSAHRFEZIAWx+SfNHSAFsfkn+SMgBSf5JSQHN
217=eBhvfi8A0WgBIi09LyS8Lmx+J60LTUwF1XBOSAHNG09IAcEaUEgB1TlRSAFsCVlIUigpAF
218=NIAcVKVEgBxUpVKCkAVkgBxUpXSAHRCVhJAUB3CQIAWUgB1QJaKCkAWygpAFwoKQBdKCkA
219=XigpAF8oKQBgSAGXLgIAYUgBly4CAGJIAZMqAgBjSAHVDWQoKwAHADD5fwgoKQAJSAFsFA
220=EAAgAKKCkAC0gBzSYMSAHNJg1IAYA7Io0+MLCuZYEwgAhFCBBABMUTEUgB1WUSSAHZERNI
221=Ad0KFEgB0QkVSAHJDBZIAdkGF0gB2QYYSQFAcAwiVE0nFQMaVALBBBtIAcEEHEgBaQUAIp
222=93MABpbAF1/zBQJUwBDAIAHwAwAGEAAAAAAgAgABEAAEAPACABMABjAEAABQIAIQAwAP//
223=iQEiKCkAIygpACRJAT5cAwEAAgAlSQE2qQEmSQE3qQEnSQE5qQEoSAHRCSkoKQAqKCkAKy
224=gpACxIAXQGXQotSQEhbwECAC5JASWpAS9JATppAQNDATAAMakBMVAByQEyKCkAMygpADQo
225=KQA1SQE1uQY2SQEmawECADdJASKpAThIAWQBTRA5SQE8bwECADpIAdUYO0kBQLUCPEgB0R
226=Q9SAHRFD5IAdEUP0gBxRNAKCkAQSgpAEIoKQBDKCkAREgB0RRFSAHRFEZIAdEUR0kBPa0Q
227=SEkByUgBAQUCAElJAc1IAQEBAgBKSQE/SAEBAAIAS0gBxTRMSAHZMk1IAcEaTigpAE8oKQ
228=BQKCkAUUgBbAlRCVIoKQBTSQFpewICAFRJAWGpAVUoKQBWSAHFSldIAdUNWCgpAFkoKQBa
229=KCkAWygpAFwoKQBdKCkAXigpAF8oKQBgSAHNUmFIAZcuAgBiKCkAY0gB0R9kSAHZEWUoKQ
230=AGXEnVAgcoKQAISQE7rRsJSAHBXApIAdEJC0gBfANVIwwoKQANSQFAewICAA5IAWQBAQAC
231=AA8oKQAQSAHdFRFIAcU0EkgBhz8CABNIAdkRFEkBQGsIAgAVSAHVAhZIAZ9MAgAXSAHZBh
232=hIAcEEGSgpABooKQAbKCkAHCgpAB0oKQAeKCkAHygpACAoKQAhKCkAIigpACMoKQAkKCkA
233=JSgpACYoKQAnKCkAKEgByVkpSAHJFyooKQArKCkALEgBeCABAAIALUkBHWwBfoMxAIc0Aw
234=AvVAKEP32DMVABRQQDWAAnKQAykAGVAjMoKQA0KCkANSgpADZIAZEqA1+DMQAfVAZBDzhU
235=AmQBSQE5SAHJODpIAY0FAkgRhRAAQQQ8VALRFD1IAdEUPkgBiwQDAD8oKQBAKCkAQSgpAE
236=IoKQBDKCkARCgpAEVIAYMPAwBGSAHRFEdJAUB3FAIASEgB0SpJKCkASigpAEsoKQBMKCkA
237=TSgpAE4oKQBPKCkAUCgpAFEoKQBSKCkAU0gBwTtUSAF0EQEAAgBVKCkAVigpAFcoKQBYSA
238=HdFVkoKQBaKCkAW0gBhykCAFxIAZMfAgBdSAHZBl4oKQBfKCkAYCgpAGFIAd02YkkBOGkT
239=AlHfMfXeZFQCcAJdFWUoKQBmKCsABQAy7QUGSAHNBQcoKQAISQFAewICAAlIAWQBAQACAA
240=ooKQALSQFBewICAAxJASdrAQEADUkBIKkBDigpAA8oKQAQKCkAEUkBKK0FEkgBwRoTSAHN
241=iRRIAdUjFUgBaAVNEBZIASfUEHhhXwICABhUAs0FGUgBxSkaSAFYA2lZGygpABwoKQAdKC
242=kAHigpAB9IAcUIIEgB0TUhSQEzdwkCACJIAdUNI0gBzQUkKCkAJSgpACZIAcXZJ0gB3a8o
243=SAHZHClIAdEJKkgB0QkrKCkALEgBfA5RHy1IAcFyLkgBnCB0htwgdIYnKQAxQATZdDIoKQ
244=AzKCkANCgpADUoKQA2SQE0eA11hjIo1RAybAJlKTlABIwBIlYhMgAlgSE7KFUAPEgB0RQ9
245=SAHRFD5IAdkRPygpAEAoKQBBKCkAQigpAEMoKQBEKCkARUgB0RRGSAEn1BAnkQJIVALVLk
246=lIAdUuSkgByThLSAHVLkxIAdUuTSgpAE4oKQBPKCkAUEgB3UFRSAHdClJIAd0KU0gBwXJU
247=SAHBJVUoKQBWKCkAVygpAFhIAc0QWSgpAFpIAdUYW0gBmCd2hjIAyQxdVALZBl5IAdUNXy
248=gpAGBIAdl0YUgBwQRiKCkAYygpAGQoKQBlKCkAZigpAGcoKwAEADPhiAUoKQAGSAHJDAco
249=KQAIKCkACSgpAApIAdWGC0gB1YYMSQEjaAhtiTNcy08BAQAOVAKLLQEADygpABBIASMPIw
250=EAEUkBJEgFAQABABJJASCpARNIAcWMFEkBQHQCIgQiiDVpWRZUAt2OF0gB3SsYSAGTSwIA
251=GUgB3SsaSAFgCAEAAgAbSQFmbwECABxJAV6pAR0oKQAeSQFgtQIfSAHFCCBIAZBhIoQydP
252=dEBG2JM/U5I0AEzQUkKCkAJSgpACYoKQAnKCkAKCgpAClJAUBYCgEAAgAqSAHRCSsoKQAs
253=SAF8A0EELUgB2XQuSAGcIGyJxBNsiScpADFABJUjA0hAJ1UAMyhVADQoKQA1KCkANkgBhF
254=VtiTMoLBEnAQY5QATZaTpIAdUuO0gB0RQ8SAHRFD1IAdEUPkgB2RE/KCkAQCgpAEEoKQBC
255=KCkAQygpAEQoKQBFSAHRFEZIAScsESeRAkhUAsUpSSgpAEpIAZgRIoYyMwDJF0xUAs0FTU
256=gB0XdOSAGbCQIATygpAFBIAdkGUUgB2QZSSQFAdx8CAFNIAWUBACKEMpwHcVZVVALVT1ZI
257=AdVPVygpAFhIAdVPWUgB3QpaKCkAW0kBQGALbIknHQ9dVAJwAgEAAgBeKCkAXygpAGBIAS
258=cuETMA0XdiVALdbWMoKQBkKCkAZSgpAGZIAcFyZ0gB1Q1oKCkAA1wo3RUEKCkABUgBzQUG
259=KCkABygpAAhIASWpJglIAcUTCkgBzYkLSAGHCAEADCgpAA1IAY0FAEaMNACVGABEjCcpAB
260=BABNUCEUgBiRcARow0AJ8gAQATVAKbUwEAFEgBiAxkjJg6cTUWKFUAF0gB2X8YSAGcV2aM
261=NACTmAIAGlQCxQgbSQFlbAFnjDQAlqkBHVQCyQEeSQFftQIfSAHNJiBIAc1SIUgBlFpljD
262=TttSNUAs0FJCgpACUoKQAmKCkAJygpACgoKQApKCkAKigpACsoKQAsSAFgE1lILUgBlLIi
263=jjM0AJsnAgAvVAKQFGSMIuQyVAUijDMnKQAyQASVIwNAQydVADQoVQA1SAGHLAMANkgBiD
264=giDkQ0AJk9Al2pNKnHAk0rNFAESAwitCJsCIkBO1gGQAFlNDxIAdEUPUgB0RQ+SAHRFD9I
265=AdkRQCgpAEEoKQBCKCkAQygpAERIAdEURUgB0RRGSAHRFEdIAc0QSEgB2TJJSAHJWUpIAd
266=UCS0kBQHMFAgBMSAHVAk0oKQBOSAHRS09IASVpKVBIAdFAUUgB2QZSKCkAU0gBeQoAZIyU
267=FWkiVVQC1U9WSAHJTlcoKQBYSAHVT1lIAd0KWigpAFsoKQBcKCkAXUgB1Q1eKCkAX0gBly
268=MBAGBIAZ9tAQBhSAGDJQEAYkgBg6kBAGNIAZdlAQBkSAGTCQEAZSgpAGZIAZc5AQBnSAHR
269=CWhIAYM7AQBpSAGZBgJNHjX+YgMAIywocR8ESAHBMAVIAc0FBigpAAcoKQAISQFAZAQilT
270=Q1v9sBAApUAnACAQABAAtIAY0bAF2ONeWMDVQCjBt+jjUAgOB8jmTngQcQQATBEhFIAYAa
271=fY41rWgAXo41AJQCfI7fCgEAFUwF2RwWSAGICSJuRTUAiFkilTQ1TGNcAnyOJ/EDGiitAB
272=tIAcU/HEgBxT8dKCkAHkgBxT8fSAHFPyAoKQAhKCkAIigpACMoKQAkKCkAJSgpACZIAY08
273=Al3KNVR2kRQoVALJDCkoKQAqKCkAK0gBmycCACxIAYhDImxF0Cd8jsElAlyO2ycCADBMBY
274=gifI4ixERUDSJkIycpADNABM1+NEgBmGlsRNgnfY41uD18jie1AThMBUgJeUg5KCkAOkgB
275=zXM7SAGXBQIAPEgBzQU9SAGVOQJANSeRAj9UAtEUQEgB2RFBKCkAQigpAENIAdEUREgBj3
276=4DAEVIASU5I0ZIAdUNRygpAEhIAdknSUgBgIAi7FUnaQhLVALBMEwoKQBNKCkATkgBJQU4
277=T0gBzQVQKCkAUSgpAFIoKQBTSAHZEVQoKQBVSAHVT1ZIAdVPVygpAFhIAdVPWUgB1Q1aKC
278=kAWygpAFxIAckMXUgByXpeSAGDcgEAX0gBlHB9jjW8xXyO1E99jjVQUY0IY00FIIQBXY41
279=/XhlKFUAZkgBiW8AXI6EPAIAAAEAaFQCJXkgaUgBgwgCAGooKQABTNPVGAIoKAB4S80FBF
280=QCzUcFSAEjEygCAAYoKQAHSAGfDQIACEgBzRsJSAHNGwpIASW1IgtIAZxBdZE2/Y4NVAKc
281=CnSRIsxQiQ8PVAKLTgAAECgpABFIAZQNdZE2qJB1kTbhkxRABNUNFUgB0R8WSAGUCnWRNv
282=GuGFQC0R8ZKCkAGkgBzQUbSAElhV4cSAElhV4dKCkAHkgBJYVeH0gB0QkgKCkAISgpACIo
283=KQAjSAHdQSRIAdkGJSgpACYoKQAnKCkAKEgB2QYpSAHZBiooKQArSAHRYSxIAdUYLUgByZ
284=suSAGZJwJUkdknAlSR2ycCADFABM1+MkgByXozSAHIeiIwI408AlNINgAgbAxlRzYm6SM3
285=TAVyAgACRL2cB7SR2D0iFCTMPCKlVza0BXaRNgAjhz0CAD1MAsGpPkgBwZM/SAGDXAIAQE
286=gB0RRBSAGTDAMAQkgB0RRDSAHRFERIAdEURUgBj1ICAEZIAdEUR0gB1SNISAGLTgIASUgB
287=nAp1kTb5wUtUAtkGTCgpAE0oKQBOSAGHEwIAT0gBwRpQSAHBGlFIAd02UigpAFNIAdmgVE
288=gBzQVVSAHVT1ZIAdVPVygpAFhIAdVPWUgBxQhaSAHFCFtIAdUNXEgByRddSQFAbAEinTU2
289=tMh1kTZEL1gCdZE2/Y5hTAWbJwAAYkgBmycAAGNIAZUNAFSRIow9WwYAAGVUApNLAABmSA
290=GcNnSR0UsAVJHITiIUJM1HAVSRwwQBAGtYBogJIm0kN/l0A6BDAgAAAgAESAHdKwVIAdE1
291=BkgB0TUHSAHVyAhIAZONAQAJSAGAZyJtJDftGwtUAsEaDEgBl5wAAA1IAZwKdZE3QGKBEg
292=8oVQAQKCkAESgpABJIAdEfE0gB0R8USAGTVgAAFUgBlwIBABZIAZcCAQAXSAGEEyJsJCfF
293=AxlUAt02GigpABsoKQAcKCkAHSgpAB5IAdEJH0gBxQggKCkAISgpACJIAYk4AkB32RwCXa
294=k3XAJEHiJdejf5XiasAmEwJygpAChIAY8mAgApSAGQHyLURycVAytUAsEELEgBzVItSAFA
295=DHEJLkkBQGwBdJGMZXUCMFQCgCV1kTfljDJUAoNRAgAzKCkANEgBiDh0kScEAcSJcAnYGW
296=kBOEwFcQ0AIk42NwDFEzpUAsFGO0gBwQQ8KCkAPSgpAD4oKQA/SAHQFAdAADcAIAAAAAAC
297=EQAAMA8AIAoAQQA3ACAAAAAAAgBCKCkAQ0oBIwBDAAIAREgBQAFhBEUoKQBGKCkARygpAE
298=hJAUBzBQIASUoB//9PAQIASkgBQAFlCEsoKQBMKCkATSgpAE4oKQBPKCkAUEgB0QlRKCkA
299=UigpAFNIAcEPVEgBzQVVKCkAVigpAFcoKQBYKCkAWUgBxQhaSAHFCFsoKQBcSAHVGF1JAS
300=dvAQEAXkgBgyUBAF9IAYcIAQBgSQEfYwQAAGFJATupAWJJATOpAWNJATGpAWQoKQBlKCkA
301=ZkkBNaEEZ0kBJKkBaEkBKKkBaUkBQWsBAQBqSQEdqQFrSAFkAQEAAgBsKCsAAwA4kAJVAg
302=QoKQAFSQFAfwICAAZIAWQBAQACAAdJATxvAQIACEgBlxgBAAlIAZcCAQAKSAGXAgAAC0gB
303=zRsMSAHBGg0oKQAOKCkADygpABAoKQARKCkAEigpABNIAdEfFEgBjxsAABVJAT1nEwEAFk
304=gBlwIBABdJATp3AgIAGEgBnysCABlJATm1AhpIAWQBTRsbKCkAHCgpAB1IAZcYAgAeSQE0
305=cwUCAB9IAWQBWQYgKCkAIUgByUMiSAHBDyNIAYcsAgAkSQEhfwYCACVJAR6pASYoKQAnSQ
306=EitQIoSQE+qQEpSAGbJwIAKkgB1RgrSAHZESxIAWgFWREtKCkALigpAC8oKQAwKCkAMSgp
307=ADIoKQAzKCkANCgpADUoKQA2SAGJLQJQSIQbcXc4VALNEDlIAdEfOkgB0RQ7SAHBBDwoKQ
308=A9KCkAPigpAD8oKQBASAHVDUFIAcUIQigpAEMoKQBEKCkARUgB2QZGSAHZBkcoKQBIKCkA
309=SUgBzTxKSAHJQ0tIAdE1TEgB0TVNKCkATigpAE8oKQBQSAHJOFFIAc0QUkgBzRBTKCkAVC
310=gpAFUoKQBWSQE/cwUCAFdIAY9dAgBYSAHRS1koKQBaKCkAW0gB1RhcSAHZBl1IAYBydpE4
311=AJgRdpE4AI2UAFaROACMlHaROACfNgAAYlgGi04AAGMoKQBkKCkAZSgpAGYoKQBnSAGDDw
312=AAaEgBwZNpSAHBk2pIAZcCAQBrSAGVAgFUkScZCW1UAmwfSlkEAIQxcUsFKCkABkgB2RwH
313=SAHRSwhIAdkcCUkBQGgIdZE5SHVsAVWROe0bDEAEzRsNKCkADigpAA8oKQAQKCkAESgpAB
314=IoKQATSAGPEAAAFEgBnI52kTkAzRAW9AJ2kTkAyXoYVAKYBnaROQDBOxpUAs0bG0gBwX0c
315=SQE3cxgCAB1JATapAR5IAZQYdpE5AM0FIFQCyQEhSAHZBiJIAYUsAko9OQDVWiRVAiWxCS
316=VIAYMPAwAmSAGJOANFRDlYAUcEAgAoVALVWilIAZREdpE5AM0QK1QCyQEsSAHBDy1IAdkR
317=LigpAC8oKQAwSAGVDQJACSe5BzJUApkRAlwaJ20DNFQC0Qk1KCkANkgBwQ83SAHBBDgoKQ
318=A5SAHBBDooKQA7SAHNBTwoKQA9KCkAPkgBxRM/SAFUIAIAAAIAQEgB0R9BSAHFCEIoKQBD
319=SAHRH0RIAcEERUgBzRBGSAHVAkcoKQBIKCkASUgByUNKSAHBD0tIAZNLAgBMSAGfgwMATU
320=gBkwkDAE4oKQBPSAGPKQMAUEgBn2ICAFFIAdVPUkgBmwYCAFNIAd0VVEgB1QJVSAHRH1ZI
321=Ac0QV0gB0R9YSAHNBVlIAc0FWkgByVlbSAHNBVxIAcEaXUgBmBF2kTkAJdEgX/QCdpE5AI
322=Q/dJHQS3SRJykAY0wFhykAAGQoKQBlKCkAZigpAGcoKQBoSAGTFAAAaUgBhykAAGpIAYwb
323=dZE5VGtQAXSRkScAWT1t4wQCAG4oKQAF5IkibSQ66XoHVALZHAhIAdkcCUgBVgoAAHWROi
324=g0EtsGAAAMQATBGg0oKQAOKCkADygpABAoKQARKCkAEigpABNIAYB9dZE6oBp0kYQxbRAW
325=QASQH3WROv2OGFUCQHQUdJEnVQAaVALBRhtIAc0bHEgBzTwdSAF1BgAibSQ6sAF2kToAzZ
326=QgTAKZEQJMjiddASJUAtkGI0gBmBEibiQ6ANVaJVQChAh0kdAJdJF4d0EHA1SRxykCAClM
327=BdEUKkgBhykCACtIAcEPLEgBUAZ1OS1IAc0FLkgBiwwCAC9IAdkGMEgB1QIxSAHdYjJIAc
328=EEM0gBwQQ0KCkANSgpADZIAc0FNygoAHjq2AZ00MAEZCbJATtMBcEEPCgpAD1IAcEEPkgB
329=wQQ/SAHFE0BIAcEEQUgBwQRCSAHRH0NIAdE1REgB0R9FSAHNBUYoKQBHSAHRCUhIAcEESS
330=gpAEpIAYdjAgBLSAGY+HWROlwxRSwCVJHUWnSRIuQnVwIDAE9MBSOtIQJVkTpA0FQCdJEn
331=PQhSQASEgXSRJ1UAVFQC3RVVSAHZEVZIAdEfV0gB3RVYSAHBBFlIAdEfWkgB0R9bSAHRCV
332=xIAdkGXUgB2XReSQFAQBNZdF9IAZQCdJFsNHoCAGFUApgGdZE6UNWVAmMoVQBkKCkAZSgp
333=AGYoKQBnKCkAaEgBmGl0kSeZDmpUAiV9JmtIAZxidJHTdwIAbVQCmA50kSdVAG9UAtkcBu
334=ynIqU2O7irIqU2O7j4IqY2OwCY+HSR1AIipDbUAnWRO7+ZAAANUAnFHg4oKQAPKCkAECgp
335=ABEoKQASSAHNGxNIASOsIXaROwAjrCF0kcC8IqU2O6yUdZE7KDQSJykAGUQIzRsaKCkAG0
336=gBkzUCABxIAcEEHSgpAB5IAcEEH0gBwQQgKCkAIUgBkY0CWiE7AITDIm4kOwDVWiRBBCBs
337=LSKmNjsAyQEmKFUAJygpAChIASMELXSRJ+kCKlQCzRArSAHNECxIAXgKAQACAC0oKQAuKC
338=kAL0kBQGcEAgAwSAFlAQAibCTPJgIAMlUCQHgCImwkJ1UANFQCcgIAAlAZJ1UANlQC2V43
339=SAHdYjhIAcwFcO2BSQJSSDsAnTYCWAMnBQE8UAHNBT1JAUBtAQJERCeBAD9UAnECACJvJD
340=sAQG8BAgBBKFUAQigpAEMoKQBEKCkARSgpAEYoKQBHSAHRCUhIAdknSSgpAEooKQBLSAGA
341=Z3SRJwkHTVQC3TZOKCkAT0gB0TVQSAEjkER0kSfdBlJUAsEPU0gBwQ9UKCkAVSgpAFYoKQ
342=BXSAHZBlhIAdkGWSgpAFpIAdEUW0gBwQRcSAHNn11IAZyOImwk3CsipTY7JtEgYEAElDki
343=bSQ76ZBiVALZdGMoKQBkKCkAZSgpAGYoKQBnKCkAaEgBiEN0kcByImwk1DkibCTUAnSRxB
344=N0kScpAG5ECGA/AQACAG8oKQBwKCkAB0yRiBd1kTxIVFcFAgAJVALFHgpIAY8xAQALSQEm
345=XANJAAxIAZiVdZE8WE5PAgAADlQCxR4PKCkAECgpABFIAZvBAAASSAHNGxNIAYyqdJGPLg
346=AAASHeSDwAjJR1kTyslHWRPCg0EicpABlECN02GkgBkxECABsoKQAcKCkAHSgpAB4oKQAf
347=SAHFCCAoKQAhKCkAIkgBwSUjSAHZ7SRIAdkGJSgpACZIAYswAgAnSAHRmChIAc0FKSgpAC
348=ooKQArKCkALEgB1RgtKCkALigpAC8oKQAwSAGAJXaRPAAlOUQyVALJATMoKQA0SAGcNnSR
349=yy0CADZUAtUNNygpADgoKAAiQDAnNRI8KDQSJwUBPCitAD0oKQA+KCkAP0gB0RRASAHFE0
350=EoKQBCKCkAQ0gB0RRESAHFE0UoKQBGKCkARygpAEhIAd0rSSgpAEooKQBLSAHJOExIASW1
351=Ik1IASXBNE5IAcE7T0gB0QlQKCkAUSgpAFIoKQBTKCkAVEgB3RVVKCkAVigpAFcoKQBYKC
352=kAWUgB1d5aSAGLZAIAW0gB0RRcSAHVAl1IAZRwdZE8VORcDXWRPCQoISJsJNQCdJEnbQ5i
353=WAbNc2MoKQBkKCkAZSgpAGYoKQBnSAGQzyLcSMBydJHAcnSR0EB1kTwm0SBsWAZdEgBdjm
354=0oKQBuKCkAbygpAHBIAcktcSgqAAgAwEl1kT2sGyJtJD2gXHWRPfEfDEwFiCJ0kdQCdZE9
355=4ZMPQASbJwAAEEgB3Y4RSAGMUnSR3woAABNUAiVBJBRIAZQYdZE97RsW9wICABdIAckXGC
356=gpABkoKQAaSAGECHeRPQBmbAEibyQ9AF6pAR1ABMkBHkkBYLUCH0gB3QogKCkAISgpACIo
357=KQAjKCkAJCgpACUoKQAmSAHZXidIAZAfIt1IPeGpKVQC1Q0qSAHN4StIAdUCLEgBYBNVOS
358=0oKQAuSAGYJyKlNj24MiJuJD0AmCd0kSJkIkMHAwAyTAWTbAMAM0gBhaIDXIjAO3SR3DZ0
359=kYQQbUc3TAVcB2gBIoRUyWQ5VAKIWSJtJD247SJsJCKMSFUFAlBIJwUBPUwF0RQ+SAHdjj
360=9IAdEUQEgBj7UDAEFIAdEUQkgB0RRDSAGQSyJMbSeRAkVUAkwNZRNGKCkAR0gBk+UCAEhI
361=AdknSSgpAEooKQBLKCkATCgpAE1JAUBjCwIATkgBxQhPKCkAUCgpAFEoKQBSKCkAUygpAF
362=RIAWwJAQACAFVIAdVPVkgByU5XKCkAWEgB1U9ZSAHBD1ooKQBbKCkAXEgB3QpdSAHFHl5I
363=ASXRIF9IAZQCIkxtzDx0kdgnIqQ2J20OY0wFlDki3EjXOQAAZShVAGZIAdF3Z0gBn1cAAG
364=hIASXRIGlIAZgRIk1tPSbRIGtUAow8ImwkJz0IbVQCjAUipDYnVQBvKFUAcEgB0R9xKCkA
365=CUSJi0MCAApIAYtDAgALSAHFHgxIAZ8KAQANSAGARmmQPr9iAAAPVAKUT2iQJ1UAEVQCkB
366=RpkD4km0UBABNUAp/QAQAUSAGcV2mQPqRrIkEkPiQIJ2mQPibVJhhMBckXGSgpABpIAYQT
367=aZA+QCtQAWuQPgCWRAFJQx1ABMkBHkkBX7UCH0gB0QkgKCkAISgpACIoKQAjKCkAJCgpAC
368=UoKQAmKCkAJygpACgoKQApSAGUcCLpWj7peitUAp8gAgAsSAFgE10VLSgpAC5IAZBAaJDL
369=IgMAMFQCkTUDQAnQCWiQJykAM0AEiE5okNknA1UoPrjMaZA+rMsiIG2Mp2F9OFgGzBAiuG
370=AnQCQleGxokCesACfdHQJRSD6oxyJ4NieRAj9QCdEUQEgB2RFBKCkAQigpAENIAYhOBgMA
371=RAA+ACYAABEAAEcPACAHAAACAEUAPgAiAEAAAgIARgA+XABLAAIARygpAEhKAf//lQJJKC
372=kASigpAEsoKQBMKCkATSgpAE4oKQBPSQE7TAlBD1BJATmpAVFIAckMUigpAFMoKQBUSAFo
373=BVkGVUkBZW8BAgBWSQGWqQFXKCkAWEkBX7UCWUgB3QpaKCkAWygpAFxIAWgFXQpdKCkAXk
374=kBJnsCAQBfSQEeqQFgSAGDJQEAYUgBgwQAAGJIAZcCAABjSAHBKGRJATZ7BgAAZUkBOKkB
375=ZkkBIakBZ0gBnwoAAGhJASW1AmlJAUFrAQEAakkBHakBa0gBzSZsSQE1dwICAG1IAWQBSR
376=duKCkAbygpAHAoKAABCgA/AI8QAgALSAGLFwEADEgBjxABAA1IAZcYAQAOSAHNEA9IAYsM
377=AQAQSQE/bwEBABFIAZ82AQASSAGDGgEAE0gB0QkUSAGDGgEAFUgBdAZRFBZIAZcjAgAXSA
378=HZERhIAcU0GSgpABpIAdkGG0gB2T0cSAHZPR0oKQAeSAHZPR9IAdEJICgpACEoKQAiSQE9
379=YwsCACNIAc0FJCgpACUoKQAmKCkAJygpACgoKQApSAHBGipJATS9CitIAd0KLEgBcAJRHy
380=1IAYMlAgAuSAGXIwIAL0kBOmcEAwAwSQExqQExKCkAMigpADMoKQA0KCkANUgBn0EDADZI
381=AYM7AgA3SAGVOQJUPpQ2YX05VQI8awwCADpIAdEUO0gBcAJRFDxIAdEUPUgB0RQ+SAHRFD
382=9IAdEUQCgpAEEoKQBCKCkAQygpAERIAdEURUgB0RRGSAHRFEdIAc0QSEgBxRNJKCkASkgB
383=nxgCAEtJATNzBQIATCgpAE1IAYsMAgBOSAHFCE9IAcUeUEgB1QJRKCkAUigpAFNIAdFsVE
384=gB0QlVSAHVT1ZIAdVPVygpAFhIAdVPWUgByQxaKCkAWygpAFxIAWQXSS1dSAHBUV5IAdUC
385=XygpAGBJAR94AnCNix8AAAFSjT8AmCdyjT8An20AAGRMBckBZSgpAGZIAYs4AABnSAGNCA
386=FSjT8A0XdpVAKYPXKNPwCPBQEAa1QCmz0CAGxIAdl0bUgBdBFJF24oKQBvKCsACwBAngMA
387=AlmKQOkBDVQCnBV5ikC/FQEAD1QCnRUBWIonVQARKFUAEkgB2RETSAHBJRRIAYELAlqKQA
388=DVAhYoVQAXSAHBMBgoKQAZKCkAGkgBxQgbSQFpbwECABxJAWGpAR0oKQAeSQFjtQIfSAHd
389=CiAoKQAhKCkAIkgBxYEjSQE3uQYkSAGJLQJOK0AAxQgmVALJAScoKQAoKCkAKSgpACpIAY
390=8pAgArSAHZBixIAWQMAQACAC1IAZDEeopAAJ1XA1qKQADZdDBABMkBMSgpADIoKQAzKCkA
391=NCgpADUoKQA2SAGRYQNaikAAjFJ5ikCKEAACVUlAXIlUAXqKQACNBQJJEUBIAksAAgA8RA
392=jRFD1IAdEUPkgBxRM/KCkAQCgpAEEoKQBCKCkAQygpAEQoKQBFSAGDDwMARkgB0RRHSAFE
393=EAMAAAIASAAnAQZJKCkASigpAEtIAck4TEgBj/cCAE1IAZAUeYpAQCBbCQIAT1QC3WJQSA
394=HZMlEoKQBSKCkAU0gB3QpUSQE0QAhZEVVIAdVPVkgB1U9XKCkAWEgB1U9ZSAHJDFpIAZsn
395=AgBbSAGHHgIAXEgBwQRdSAHRd15IAd2kX0gBwVFgSAHBcmFIAdVwYkgBi7EBAGNIAWwUUY
396=1kSAHVhmVIAZdaAQBmSAGRCQFaikAAwYhoVALRCWlIAdF3akgBkQkCWIpoO1ABeYpAXABI
397=ACIMIycpAG4orgAMACP/IQAAAiFcIicpAA5UAtEfD0gBzRsQSAHdIBFIAVQKeQYSSAHNBR
398=NIAdU5FEgBlBhhiEFI41cFAgAWVALZJxdIAdmKGEgB1QIZKCkAGigpABsoKQAcKCkAHSgp
399=AB4oKQAfKCkAICgpACEoKQAiKCkAIygpACQoKQAlKCkAJigpACcoKQAoKCkAKSgpACooKQ
400=ArKCkALEgBSB9hJS1IAc1zLkgBjEdhiEEoABEnKQAxQASTYQMAMigpADMoKQA0KCkANSgp
401=ADZIAZheYYhBKAARItggVBBgiMgMYohBAIwFYIgn5Qc8RAjRFD1IAdEUPkgB2RE/KCkAQC
402=gpAEEoKQBCKCkAQygpAEQoKQBFSAGAD2CIJ5ECR1QCSBRhJUhIAd1BSSgpAEooKQBLKCkA
403=TCgpAE1JAUBoCGGIQe3AT1QC0QlQKCkAUSgpAFIoKQBTKCkAVEgBzYlVSAGUcCIQNCddAV
404=dUAt0KWCgpAFkoKQBaSAHFCFtIAYQeYIgnBQFdVALBBF5IAdWcX0gBcBgBAAIAYCgpAGEo
405=KQBiSAHZimNIAcWBZCgpAGUoKQBmKCkAZ0gByYVoSAGDPgIAaUgB1Q1qSAGEjGGIQST8IG
406=KIQQCYlWCIkAZnNA0AQv0rDkgBl0QCAA9IAZdEAgAQKCkAEUgBxYESSAHdIBNIAdknFCgp
407=ABUoKQAWSAHZihdIAdkGGEgB2QYZKCkAGigpABsoKQAcSAHNGx0oKQAeKCkAHygpACAoKQ
408=AhSAHJDCIoKQAjSAHZlSRIAcEEJSgpACYoKQAnKCkAKCgpAClIAdkRKigpACtIAdEJLEgB
409=wQQtSAHVcC5IAZREaYVCKKgQJykAMUAElC5ohSdVADMoVQA0KCkANSgpADZIAYhOaYVCKK
410=kQQogQVU85QATBOzpIAcEwO0gBhAQiriFCANEUPVQC0RQ+SAHZET8oKQBAKCkAQSgpAEIo
411=KQBDKCkARCgpAEVIAdEURkgBJ6whJ5ECSFQC2SdJKCkASkgBzUdLSQE1YBYiCDMn0QpNVA
412=LZBk4oKQBPKCkAUCgpAFEoKQBSSAFsCVUjUygpAFQoKQBVKCkAVigpAFdIAdUNWCgpAFko
413=KQBaKCkAW0kBQGwMaIUnvQJdVALFCF4oKQBfKCkAYEgBl3MCAGFIAc0FYigpAGNIAckiZE
414=gBxfplKCkAZigpAGdIAcV2aEgBzZ9pSAHdg2pIAYyJaIXPMQMAbFQCxzQOAEMkQERygkMA
415=JU0gEFQC2UgRSAHRFBJIASXhOBNIAdUCFCgpABUoKQAWSAHNUhdIAZ9MAgAYSAHRFBlIAc
416=UIGigpABsoKQAcSAF6KwACT1dDAGZtAQJTnUMAXqkBH0AEyQEgSQFgtQIhSAHdCiJIAcUp
417=I0gBwRokSAHBBCUoKQAmKCkAJ0gBbAlBDygoKQApKCkAKigpACsoKQAsKCkALUkBJGgIIg
418=MyQwAoqQEvVALJbzBIAYkiA1mEQ0wARARwgicpADMogQA0KCkANUgBlBgiX0NDACdUBlEU
419=N1UCI6kBOEgBZAFVAjlIAcEwOkgBmAYi/SBDnANBBDxUAtEUPUgB0RQ+SAHRFD9IAdEUQC
420=gpAEEoKQBCKCkAQygpAERIAZcNAwBFSAHRFEZIAdEUR0gBkBAiATJD9dNJVALZMkpIAckX
421=S0gBzVJMSAHNR01IAc0FTkgB1b1PSAHVAlAoKQBRKCkAUkgBwQ9TSAHFSlRIAdlIVSgpAF
422=ZIAcVKV0gB3QpYKCkAWUgBIx8wAgBaSAHFl1tIAckMXEgBwQRdSAHZdF5IAc0FX0gB3Qpg
423=KCkAYUgB0VZiSAHZf2NIAY8xAgBkSAHJImUoKQBmSAGfrwIAZ0gB2X9oSAEj2CEi/iBDAM
424=WBalQCkxQDAGtIAYwQAgMADwBE7TEQSQFAZwQCABFIAYMEAgASSAHZMhNIAdUYFEgBwQQV
425=KCkAFkgBmEgiWVNEJvUqGFQCzQUZKCkAGigpABsoKQAcSAFpEAB6f0QAJblJHlQCJblJHy
426=gpACBIASW5SSFIAckMIkgBzRAjSAGPUgIAJEgBwQQlSAHJDCYoKQAnKCkAKCgpACkoKQAq
427=KCkAK0kB4UgIAQEGACxJAdpIAQEABgAtyQEBeX9ERA5YAiJZU0TlgTBABIQTeX9EKPgPJy
428=kAM0AEmT0DSSdEt7IDADVUAow8eX9EJiEgN1QCQAwisSc4SAHJTjlIAYQIIvgw3Ap6f0QA
429=zWg8QATZBj1IAcWBPkgBxYE/SAHRFEBIAZMJAwBBKCkAQigpAENIAY1SA0EBRCQMOXh/J5
430=ECRlwC1Q1HKCkASEgBzTFJKCkASkkBQHAFIlhTJ00KTFQCzQVNSAHJZE5IAcE7T0gBwQRQ
431=KCkAUSgpAFJIAXgKAQACAFNIAcVKVEgBxUpVKCkAVkgBxUpXSAHdClgoKQBZKCkAWkgB2e
432=JbSAHNBVxIAdUNXUgB1QJeSAHNBV9IAdUCYCgpAGFIAZcuAgBiSAGTKgIAY0gBhD95f0SY
433=ClUYZVQCwX1mSAHBfWdIAcF9aEgBk6MDAGlIAZ8GAwBqSAGDDwMAEEi0iAFhfUX5fxJUAs
434=0QE0kBNn8GAgAUSAHNfhVIAdkGFigpABdIAdkGGEgBwZ4ZSAHJThpIAdkGGygpABxIAWQM
435=QRodSAHZMh5IAdkyHygpACBIAdkyIUgB0QkiKCkAI0gBzRAkSAHBDyVIAckMJigpACcoKQ
436=AoKCkAKSgpACpIAXR7AQIGACvJAQNhfUUklFVifUUAbH4BBAYALkAEaQEFYX1F7X4wVALZ
437=aTFIAYQTffxF6XozVAKAO2F9ReX6NVUCIGEWAl4ERQDd5jdUAnACQSU4KCkAOUgB1bI6SA
438=HRYTtIAc0FPEgB0YI9SAHJOD5IAc1+P0gB0RRASAHRFEFIAYc/AwBCSAHRFENIAcX6REgB
439=0RRFSAHRFEZIAcEPR0gBlE98/CdxCUlUAt02SigpAEsoKQBMKCkATUgBmBEinUBFvKQioV
440=FFSKFTDAIAUEAE0QlRKCkAUkgBWANlolNIAcVKVEgBxUpVKCkAVkgBxUpXSAHRCVgoKQBZ
441=KCkAWkgB2RFbSAHBXFxIAdX0XSgpAF5IAYumAgBfSAHVLmBIAckMYUgB0RRiKCkAY0gByX
442=pkSAHJemVIAcl6ZkgBjZ8DXvxFAIMPAwBoVALFNGlIAYkMA033RihIDycqABMAJykAFEkB
443=QHAQIuhPJ1UAFlQChAhs9ydVABgoVQAZKCkAGigpABsoKQAcSAF5CgBt90ZMj1ABIuouRg
444=AlTVcfQATJASBIASVNVyFIAY8bAgAiSAHNJiNIAdkRJCgpACVIAVQKbTwmKCkAJygpACgo
445=KQApSQHicwUGACpJAeapAStIAZQNaHoKRgA0AAAAAAYALQBGABEAAB0PACAJ7QAAAAAGAC
446=4ARgDbRAEBAAYAL8gBAQECADBJASR3AgIAMUkBIKkBMigpADMoKQA0SQEjoQQ1SAFkAQEA
447=AgA2KCkAN0kBQXsCAgA4SAFkAUEEOUkBOm8BAgA6SQE0qQE7SAFkAUEEPCgpAD1JAUB7Ag
448=IAPkgBZAEBAAIAP0gB0RRASAHRFEEoKQBCKCkAQ0gB0RRESAHFCEUoKQBGSQE/ewICAEdJ
449=ATGpAUhJATWpAUlKAf//TwECAEooKQBLKCkATCgpAE0oKQBOSQE+VAZdFU9IAdkcUEgB0Q
450=lRKCkAUkgBaAVNBVNJAWlvAQIAVEkBYakBVSgpAFZJAWO1AldIAdEJWCgpAFkoKQBaSAFo
451=BV0KWygpAFxIAcEwXUkBNmcEAgBeSAHRH19IAd0VYEgBfANFCGFJASFvAQIAYkkBHqkBY0
452=kBJakBZEgBZAEBAAMAZUkBO28BAwBmSAGLDAMAZ0gBnwoDAGhIAXwDTQUSXC7VGBMoKQAU
453=KCkAFSgpABYoKQAXKCkAGCgpABkoKQAaKCkAGygpABwoKQAdKCkAHigpAB8oKQAgKCkAIU
454=gBzSYiSQE4bxcCACNIAckXJCgpACVIAXwDTSYmKCkAJygpACgoKQApSQHGcwUGACpIAYNR
455=BgArSAGPJgYALEgBjyYGAC1IAWgFRXYuSQHYbAFyd0cAaQEBcXdHbQIAQQ8xQASTCQIAMk
456=kBN38CAgAzSQE5qQE0SAFkAU0FNSgpADZJAT17AgIAN0gBZAFBBDhIAdEJOUgB1UQ6SAGH
457=EwIAO0gBzQU8KCkAPSgpAD5IAZxBcndHAMVrQFQC2QZBKCkAQkgBzRBDSAHBBEQoKQBFSQ
458=FBeQICUEgnxQNHVALFNEhIAcUTSUgBxTRKKCkASygpAEwoKQBNKCkATigpAE9IAd0KUEgB
459=xSlRSQEzrRBSSAHBGlNIAdUNVCgpAFUoKQBWKCkAVygpAFhIAcUeWUgBxQhaSAFkDEEwW0
460=gB2SdcSAHNG11IAc0FXkgB0RRfSAHBBGBIAcV2YUgB2XRiSAGXAgMAY0gBn3gDAGRJASJ4
461=DXN3RwBAqQFmVAJkAVl0Z0gB1AIBEwBIAMEPFCgpABUoKQAWKCkAFygpABgoKQAZSAHBGh
462=pIAdknG0gB3QocKCkAHSgpAB5IAcElH0gBzQUgKCkAIUkBPGMWAgAiSAHBBCNIAdUNJEgB
463=1Q0lSAFoBQEAAgAmKCkAJ0gByQwoSAHBBClIAXp0AgJadEgAaQEDe3RIAOxkBHl0SFTZTA
464=F5dEhAbYkBLlgGlA15dEiadAQGTOypAQVt7EhABUgAeHQnUQUzWAbJFzQoKQA1KCkANkgB
465=2T03SAHJejhIAUkJAEEaOUgBwQQ6SAHdQTtIAcEEPEgByQw9SAHVez5IAdV7P0gBi5ACAE
466=BIAc1dQUgBxWBCSAHZoENIAdEJRCgpAEUoKQBGSAHJDEdIAd0KSEgB1Q1JSAHdCkpIAY8m
467=AgBLSAHdCkwoKQBNKCkATkgB3QpPSAHZEVBIAdkGUUgB0fBSSAHBBFNIAcEEVCgpAFVIAd
468=EJVkgBxR5XSAHFE1hIAd0VWUgB1S5aSAHRKltIAdUNXEgBzQVdSAHFCF5IAdUCX0gB2RFg
469=SQEdawgCAGFIAc1zYkgBhHZ4dNVEBFt0SAAfbAV4dMBGbOzABAIDABQASe1zFSgpABYoKQ
470=AXKCkAGCgpABlIAckXGkgB0RQbSAHdIBxIAcUeHUgB2SceSAHZBh9IAc0FICgpACFIAdEJ
471=IkgBwQQjSAHVAiRIAdlTJUgBaBtdVyYoKQAnSQFAewICAChIAWQBAQACACkoKQAqSAFgcl
472=lpK8gBReQsSAGEE2JySQCLTgYALlQClC5jckkA13QJYHKpAQFhckltAgBJDDJMBdkcMygp
473=ADRIAd2DNUgBwQQ2SQFAYAd85icBBjhUAnACAQACADlIASdADtkRAl3mSauFAgA8QATdKz
474=1IAd0KPkgB3Zk/SAHVAkBJAUBjCwIAQUgB1QJCKCkAQygpAEQoKQBFKCkARigpAEcoKQBI
475=SAHdCklIAd0KSkgBhClickkAyVlMVALdFU1IAc0FTigpAE8oKQBQKCkAUSgpAFIoKQBTSA
476=HRKlRIAdEJVSgpAFZIAd0gV0gBwQRYSAHVAllIAdUCWkgBcCMBAAIAW0gB1QJcSAHNBV1I
477=AdUCXkkBQHMFAgBfSAGLbwIAYEgBiG9ickkAj3MDAGJUApXIBF3mSUQ6XAZhckkoQA7PRw
478=MAFSGoMMkMFigpABcoKQAYKCkAGSgpABpIAcktG0gBh1UCABxIAdEJHSgpAB4oKQAfSAHR
479=SyBIAcVrISgpACIoKQAjKCkAJEgBJ+kNSlQZSABs4ScpACdABEwCcWEoKCkAKSgpACooKQ
480=ArSAF0cEXkLMgBReQtSQHKaAhqb0oAaQEBa29KANJ0AiLIKie1ATFMBXECAG3hSvGYM1QC
481=0R80SQFAZwQCADVIAdUCNkgBcQIAaG8nMQE4KFUAOUkBQGQEIrw5J4EAOyhVADxIAdEJPS
482=gpAD5IAcFGP0gBwQRAKCkAQSgpAEIoKQBDKCkAREgB1VpFSAHFCEYoKQBHKCkASCgpAEko
483=KQBKSAFlFwBobyfpAkwoVQBNKCkATigpAE8oKQBQKCkAUUgBzRBSKCkAU0gB2RxUSAHBBF
484=UoKQBWSAHRS1dIAdl/WEgB3UxZSAHdulpIAc33W0gByRdcSQFAbwECAF1IAckMXkgBcQIA
485=aW9KsGxob9kcA0zh1AJrb0oAQHAFa29KACdoASLKKkoAI2s/AwAWIawg3QoXKCkAGCgpAB
486=koKQAaKCkAGygpABwoKQAdSAGDfQIAHkgBzRsfSAHFHiAoKQAhKCkAIkgBmMwiXjhLAM0F
487=JFQCJ5ENS2IXAABwbCcpACdABJgCfNsnVQApKFUAKigpACsoKQAsSAF8bVXeLUgBZGtJby
488=7IAQEDAgAvSAHJIjAoKQAxKCkAMigpADMoKQA0KCkANSgpADZIAdEUNygpADhIAcmmOUgB
489=IyQxcmxLACMkMXzbJ0EDPEAE2RE9KCkAPkgBwZ4/SAHJLUAoKQBBKCkAQkgBxc5DSAHRCU
490=RIAdlTRUgB1U9GSAHBBEcoKQBIKCkASSgpAEpIAc0bS0gBwRpMSAHBGk0oKQBOKCkATygp
491=AFAoKQBRSAHRH1JIAc0QU0gB2RxUSAHZHFUoKQBWSAHVvVdIAdkGWEgBzRtZSAHFSlpIAc
492=0FW0gB3RVcSAHdFV0oKQBeSAHZEV9IASXRTGBJAShoHn7bSwCUAnJsSwAjKE0iwSlL52sX
493=AEzpsRgoKQAZKCkAGigpABsoKQAcKCkAHUgB1RgeSAHVGB8oKQAgKCkAIUgB1WUiSAFsFF
494=VlI0gBxQgkSAHFCCVIAcUpJigpACdIAdFAKEgBxQgpKCkAKigpACtIASXFLyxIAdEJLUgB
495=xQguSAHNMS8oKQAwSAHdgzFIAc0FMkgBzQUzKCkANCgpADUoKQA2SAHFEzcoKQA4SAEjrC
496=EiuihMAIvHAwA6VQImcAV5aUzlazxUAtUNPSgpAD4oKQA/SAHNJkBIAcGTQUgB3StCSAHF
497=CENIAd0gREgB3StFSAHZBkZIAclvR0gB2QZIKCkASSgpAEpIAXgVXTZLSAHBGkxJAWZ7Ag
498=MATUkBXqkBTigpAE8oKQBQSQFgoQRRSAEjuzMCAFJIAcEPUygpAFRIAdkcVUgBzRtWSAHN
499=BVdIAWwJWRFYSAHNBVlIAc0FWkgBzWhbSAEl3SdcSAGNPANO1kwAjzwDAF5UAs0xX0gBxW
500=tgSAHZHGFIAZQNeWlMhAEBAAMAGEwe2REZKCkAGigpABsoKQAcKCkAHUgB1YYeSAHZMh8o
501=KQAgKCkAIUgBwRoiSAGED37QTQDFCCRUAsUIJSgpACYoKQAnKCkAKEgBhB4inTVNjAlZJy
502=pUAo8BAgArKCkALEgByQwtSAHBRi5IAdlpLygpADBIAc0QMUgB0ZgySAHVIzMoKQA0KCkA
503=NSgpADZIAZxiIrAnJ2UCOFQCwTA5SAGMPGFnTf02O1QC2Ug8SAHVDT0oKQA+KCkAP0kBQH
504=wcIuFDTe2fQVQC2RxCSAHVI0NIAdEJREgBJR0lRUgB1QJGKCkARygpAEgoKQBJKCkASkgB
505=fQ4AIrEnTSZBJExVAmV4AmNnTQCWqQFOVALJAU8oKQBQSQFfoQRRSAHFHlJIAdkRUygpAF
506=RIAYMlAgBVSAHZMlZIASWFJ1coKQBYSAHBO1lIAd1MWkgB1S5bSAGDiAMAXEgBjQUDQWdN
507=JNw9YWdNJMM0AwBfQATFE2BIAcUIYUgBZBdXZRkATvUuGigpABsoKQAcKCkAHSgpAB5IAc
508=U0H0gBjRACQdpOJiUmIShVACJIAck4I0gBgQ8CXeBO9WUlVALJIiYoKQAnKCkAKCgpAClI
509=Ac0mKkgB2V4rSAHJpixIAcEwLSgpAC5IAd0VL0gB3RUwSAHdKzFIAdkGMigpADMoKQA0KC
510=kANUgBgDAi/m1OAMUIN1QCzRs4SAHJLTlIAYQ/amROAJdwAwA7VALZMjxIAdFsPUgBzRA+
511=KCkAPygpAEAoKQBBKCkAQkgBzRtDSAHJIkRIAZcNAgBFSAHdCkZIAYStIv1tTiY5REhUAt
512=EqSUgBxQhKSAHdNktIAcEaTEgBJ4kMTiiIDCcpAE9ABNVlUEgBJ4kMTiTkPmzLJ8kJU0AE
513=2RFUSAHZMlVIAdEqVkgB3cVXSAElzSVYSAHZwVlJAUB7LgIAWkgB0RRbSAGYBmpkTgCYBm
514=hkJykAXkAEhAhqZE4A2cxgVQItswkaAE/9YhsoKQAcKCkAHSgpAB4oKQAfKCkAIEgBxRMh
515=SAHBMCJIAZxBfcVPqKZwYSe1ASUogQAmSAHdYidIAdUjKEgB1SMpSAHdCipIAdUNK0gB1Q
516=IsKCkALUkBQa0bLkgBwQQvKCkAMEgBxRMxSAHZaTJIAc0FMygpADQoKQA1KCkANkgBzRA3
517=SAFxDQAiMXpP+as5VQJAeAJxYU8kZDkioSVPJPwrIl5OTwCDBAIAPUwFwQ8+KCkAPygpAE
518=AoKQBBKCkAQigpAENIAdHEREgB0QlFSAHJTkZIAd0rR0gB0SpISAHNBUlIAcVrSkgB2WlL
519=SAHdTExIAScxDE8oMAwHTwCWAAAAAAMATxEAANgOACAIAE8AlgAAAAADAFBKAV8AQwADAF
520=FJAR9EAQEAAgBSSQE/qQFTSQE0qQFUSgH//08BAgBVSQFARAEBAAIAVkkBHakBV0kBPWsB
521=AwBYSQEmawECAFlJAR6pAVpJASWpAVtIAZsGAwBcSQE7dwIEAF1JATmpAV5IAZsRAwBfSA
522=FwAl0VG0QWzRAcKCkAHUgB3RUeSQEzcwUCAB9IAZMJAgAgSAHZBiFIAc0FIkkBMa0FIygp
523=ACRIAcUIJUgBwQQmSAHdICdIAdEJKEkBQKUIKUgB1QIqKCkAKygpACwoKQAtKCkALigpAC
524=8oKQAwSAHdCjFIAd0KMigpADMoKQA0KCkANSgpADYoKQA3KCkAOEkBJL0VOUkBIKkBOkkB
525=I6kBO0gB1Q08KCkAPSgpAD4oKQA/KCkAQCgpAEEoKQBCSAHJLUNJATipDERIAckMRUkBOr
526=UCRkgByS1HKCkASEkBNaEESUgB2QZKSAFwAgEAAgBLSAGbSAIATEkBaXsCAwBNSQFhqQFO
527=KCkATygpAFBJAWOhBFFIAZxMel5QAMkMU1UCPmMEAgBUSAHNEFVJASG1AlZIAclZV0gBjA
528=V7XlAAN2EEA1heJykAWkAEg1EDAFtIAZwVe15QAEBsBXteUAAnawEDAF5ABI8xAwAcSHLZ
529=ER0oKQAeSAGYBmFcUf0VIFQCzQUhKCkAIkgBhxMCACNIAd0rJCgpACUoKQAmSAEngAsnXQ
530=EoVALdCikoKQAqKCkAKygpACwoKQAtKCkALigpAC8oKQAwKCkAMSgpADIoKQAzKCkANCgp
531=ADUoKQA2KCkANygpADhJAUFnKQIAOUgBZAEBAAIAOkgB1Rg7SAGTjQIAPEgBkzUCAD1IAY
532=c0AgA+SAHNBT8oKQBASAHZBkFIAd1BQkgBzQVDKCkAREgB2V5FSAHVLkZJATZ/EQIAR0gB
533=1QJISAHVAklIAd0KSkgB3QpLSAHFdkxIAcV2TSgpAE4oKQBPKCkAUCgpAFFIAYRKYFwnYQ
534=dTVALJDFRJATylE1VIAZhTfbpRbAJxxFdUApheYlxRAJC5YFwnKQBaQQQidAViXFEAnBVh
535=XFFAr1kCA126UURQiQEdVMvBDx4oKQAfKCkAICgpACEoKQAiKCkAI0gB1VokSAHZJyVIAd
536=EqJigpACdIAdG5KEgB3SspSAHNECooKQArKCkALEgBVRUATUctKCkALigpAC8oKQAwKCkA
537=MUgB3QoyKCkAMygpADQoKQA1KCkANigpADcoKQA4SAHNEDlIAdVPOkgBwRo7SAHNqjxIAc
538=EPPSgpAD4oKQA/KCkAQEgB2SdBSAHNfkJIAdUNQygpAEQoKQBFSQFAZwQCAEZIAWUBAGtZ
539=UgBAbwECAEhUAs0QSUgB1QJKSAHVAksoKQBMSAF2BgACTrVSANVlTlQC1XBPSAHBBFAoKQ
540=BRSAEjgCFpWVLtn1NUAskMVEkBQHwGIooiUgAnKQtSbAKoWdQCaVlSXH5BAwRMtdMJBABa
541=RAiYwWhZ1AJoWScrAB4AU+EPHygpACAoKQAhKCkAIigpACMoKQAkKCkAJUgBzTEmSAHJWS
542=dIAclZKEgBxTQpSAHZHCooKQArKCkALEgBWBkCAAACAC1JAWZvAQIALkkBXqkBLygpADBJ
543=AWC1AjFIAd0KMkgBcAJFCDMoKQA0KCkANSgpADYoKQA3SAHRrjhIAcUIOUgB0fs6SAHVGD
544=tIAdUNPCgpAD0oKQA+KCkAPygpAEAoKQBBSQFAbwwCAEJIAWQBAQACAENIAcUeREgBxR5F
545=KCkARkgBxR5HSAHNEEhIAcVKSUgB1QJKKCkASygpAExIAdUNTSgpAE4oKQBPKCkAUCgpAF
546=FIAc08UkgBwVxTSAGMqiKBIVOsqnJWUwAlVSFWQASTKgMAV0gBiFlxVlNc1lQQcVZTJtEg
547=WkAEiLxxVlNUA0sAAwAfIegiwRogKCkAIUgB3W0iSAHNiSMoKQAkSAHdpCVIAcUIJigpAC
548=dIAcE7KEgBxVUpSAHRCSpIAdkcK0gBxQgsSAFcErtTVABlbAF5U1QkLzICAC9BBJa1AjBI
549=ASNbMgIAMUgBxQgySAF8A1k9MygpADQoKQA1KCkANigpADdIAcUIOEgB0R85SAHJFzooKQ
550=A7SAHRHzxIAdUNPSgpAD4oKQA/KCkAQCgpAEFIAdUNQkgBxQhDSAHFHkRIAdkcRSgpAEZI
551=AcUeR0gB1b1ISAHRFElIAd0rSkgB0RRLSAHVDUwoKQBNKCkATigpAE8oKQBQSAHFE1FIAc
552=FRUkgBkfsCXUlU4VFUVAKPBQMAVUgBlw0DAFYoKQBXSAEnewpUAEBwBXlTVERQTQEDTapU
553=XABLAAMAIEwIhwgCACEoKQAiSAHJZCNIAcUeJEgB1YYlSAHZBiZIAck4J0gBzQUoKCkAKU
554=gB2QYqSAHZBisoKQAsSAFSEQAAfaRVKCEKVSggCicpADBMBdkyMUgB0QkySAHFCDNIAd2O
555=NEgB3Y41KCkANkgB3Y43SAHFCDhIAcUIOUgB2Wk6SAHBGjtIASdxH1WIBV0VPVQC1Q0+SA
556=HVDT8oKQBASAHVDUFIAdUNQkgBiAh8pCfFA0RUAicgCifFA0ZUAsUeR0gBxRNISAHV00ko
557=KQBKSAHJLUtIAdUNTCgpAE1IAdmrTkgBwQRPKCkAUEgBxRNRSAGYSHH7Va3sA0FRVSR5IA
558=NWTFUAmIphUVVcR0AHYVFVtKd9pFVE35UCWFAJI6wsIp0qVSbtKSFYVs0QIigpACNIAdkc
559=JEgBwRolSAHNBSYoKQAnSAHFVShIAckiKUgB2QYqSAHZBisoKQAsSAFcEqpOVgAjmDpun1
560=YAI5g6bJ8nKQAwTAUjbDptn1a/IAIAMlQCxQgzSAHNiTRIAck4NSgpADZIAck4N0gB2RE4
561=SAHFCDlIAcUeOkgByRc7SAHNBTxIAc0FPUgB1Q0+SAHVDT8oKQBASAHVDUFIAcUIQigpAE
562=NIAcUeREkBYWMLAgBFKCkARkkBY7UCR0gBJS0ySEgB0QlJKCkASkkBQK0FS0gBwQRMKCkA
563=TUgBzRtOSAHdpE9IAXQGAQACAFBIAcGeUUgB2e1SSAGABGlOVoUBAGhOJykAVUAEmFNqTl
564=YAifMESfNW9ZxYQASbEQMAIlwCiAEi3j1XAMFGJFQCwUYlSAGLWQIAJkgBzQUnKCkAKCgp
565=AClJAUBjEgIAKkgBzQUrKCkALEgBxaItSAHFHi5IAc0FLygpADAoKQAxKCkAMkgBZAwBAA
566=IAM0kBZW8BAgA0SAHZPTUoKQA2SAHZPTdIAckMOEgBzdY5SAHZHDpIASdxCVfpWTxUAmQM
567=VQ09SAHVDT5IAdUNPygpAEBIAdUNQUgB1Q1CKCkAQygpAEQoKQBFKCkARigpAEdIAc0xSE
568=gBwTBJSAHdCkooKQBLKCkATEgBzRtNSAHBtE5IAc0bT0gBxUpQSAHFSlFIAZcCAwBSSAGA
569=63FLV/mVVFQCJdU8VUgBJdU8VkgBxZdXSAElWycjAFj5JyQoKQAlKCkAJigpACcoKQAoKC
570=kAKSgpACooKQArKCkALCgpAC1IAcElLkgBwSUvSAHBJTAoKQAxKCkAMigpADNIAc1+NEgB
571=zX41KCkANkgBzX43SAHdVzhIAdEqOUgB1Q06SQFAZ0YCADtIAdUCPEgBcQIAIvlGWO2qPl
572=QC1Q0/KCkAQEgB1Q1BSAHJ0kJIAdEJQygpAEQoKQBFKCkARigpAEcoKQBIKCkASSgpAEoo
573=KQBLSAHNG0xIAc1HTSgpAE5IAd38T0gBhIxtlFgkbDoiWV5YJBw7eEjVAgRZ4liOHwAEWe
574=JY6ZBVRAiYAm2UWK+UAwAkIXw72RwlKCkAJigpACcoKQAoKCkAKSgpACooKQArKCkALCgp
575=AC0oKQAuKCkALygpADAoKQAxKCkAMkgBxWszSAEleSs0SAHRmDVIAckXNigpADcoKQA4SA
576=HFVTlIAcVVOkgB2QY7SAHZPTxIAdUCPSgpAD4oKQA/SAHRNUBIAdkRQUgBzVJCSAHFCEMo
577=KQBEKCkARSgpAEZIAdEJR0gB0QlISAHNG0lIAdEJSigpAEsoKQBMSAHNG01IAdVETkgBm4
578=oCAE9IAdGNUEkBQGg/YUZZKMIIWQCUAmFGWSa1OFRMBdmKVUgBdAZL3SUAWuWMJigpACco
579=KQAoSAHBGilIAdUYKkgB1RgrKCkALEgBzQUtSAHRHy4oKQAvSAHFCDBIAcUIMSgpADJIAd
580=EfM0gBwWc0SAHNyzVIAdk9NkgBxQg3KCkAOCgpADkoKQA6KCkAO0gByQw8SAEnKVhaJJQp
581=IihYJ0kEP0AEyQxASAElgSFBSAHZMkJIAcEEQygpAERIAcFcRUgBxR5GSAHNBUdIAdEJSE
582=gB2RxJSAHNJkpIAdkcS0gBkDUirWNaJPwrIv1MWqPKAgBOQATdQU9IAYgMIohv1BhpQ1pU
583=gUwIbolaANnMU0wF3UFUSAHbBiYAW/1BJygpACgoKQApSAGQSyJcIietACtUAocIAgAsKC
584=kALUgB2RwuSAHZHC8oKQAwSAHZHDFIAcUIMigpADNIASVhKDRIAcEENSgpADYoKQA3SAHV
585=LjhIAcUpOUgBwTA6SAHFCDsoKQA8KCkAPSgpAD4oKQA/KCkAQEgB2RFBSAHRCUIoKQBDSA
586=HFYERIAcUeRSgpAEZIAcUTR0gB1VpISAHNBUlIAd2OSkgByQxLSAHZf0xIAdk9TUgBlZwD
587=UUBbQDxJAANdg1u0RHFAW7REckBbACXZIVJYBkQFImFUUygrACcAXOU/KCgpACkoKQAqKC
588=kAK0gBgA94PSfZAC1UAsVrLkgBzRsvSAHBGjBIAcEaMSgpADIoKQAzSAHFCDRIAcElNUgB
589=yTg2SAHFCDdIAc0FOEgB2Sc5SAHBDzpIAdFLO0gB2QY8KCkAPSgpAD4oKQA/SAHJOEBIAd
590=0KQUgB0QlCSAHRCUMoKQBESAHZEUVIAdkGRkgB0R9HSAHZBkhIAc0FSUgBwQRKSAHBBEtI
591=ASVNIExIAZgRIn5zXACMG3k9XLiVeT1c4b9QTAWDOwQAUUgBJUBbBlIAXAAAAAAAABEAAN
592=wJ3BMAAQMAKABdAP//AAAAAgApAF0A//+JASpJAT9EAVUCK0kBMakBLEkBNakBLUgBzQUu
593=KCkAL0kBQKEEMEgBwQQxKCkAMigpADNIAWgFAQACADQoKQA1SQE+ewICADZJATmpATdJAS
594=drAQEAOEkBIKkBOSgpADooKQA7KCkAPEkBKK0FPUgBZAFVDT4oKQA/KCkAQEkBPGcEAgBB
595=SAFkAU0FQkkBPW8BAgBDSAHBGkQoKQBFSQE6oQRGSAHBJUdIAckXSEgB2QZJSQFArQVKSQ
596=EhqQFLSQElqQFMSAGPBQMATUgBgwQDAE5JAR5jBAMAT0kBLakBUEgBnyADAFFJASO3AikA
597=XigIBycpACtUAtEqLEgB0RQtSAHVOS5IAYMPAgAvKCkAMCgpADEoKQAySAHJIjNJATNgD2
598=o4XgDFHjVUAtE1NkgBkxQBADdIAZAUajheAJFLAUkGXkQDSwgBADpABIcIAQA7SAFMAgIA
599=AAEAPEkBJG8BAQA9SQEgqQE+SAHBOz9JATt3AgIAQEgBzRtBSAHFE0JJATahBENIAYsMAg
600=BESAHFHkVIAScJB15QUVMFAgBHVAJAAQIAAAIASEgBjzECAElIAY8xAgBKSAHdNktIAYsi
601=AwBMSAGYBms4XgAdbAFpOF5USk0BBEs4XgAfRAEBAAMAUEwFjBACAwAqAF/9NisoKQAsSA
602=HdNi1JATR7BgIALkgBmAZwNSfZADAoVQAxKCkAMkgBxQgzSAHFCDRIAcU0NUgB2TI2SAHZ
603=MjdIAYAlcjVfAI0FAFI1XwCBMABQNScpADtMBdUCPEgBmTIAUTVfdBUCAAABAD5UAp0gAV
604=U+X1gBQANxNV9EfIkBQUAExRNCSAHNG0MoKQBESAGHEwIARUgBzTxGSAHZBkdIAcU0SEgB
605=2TJJSAGJQwNRNV+/TAMAS1QChAhyNV8AhGByNV8AnExwNcwbfm1fAJQjAgMAKwBg5TQsKC
606=kALUkBQFEYAHgyJ4EAL1QC1RgwKCkAMSgpADJIAXQGWQYzSQFAbAFtaGCpQwFVEmBsAnkn
607=NkAEwTA3SQEgvQI4SAGEE3kyYERmmQI6VAKZXgBFAmBUCJUCPFQCjBt5MmBEvpUCPvQCej
608=JgAJ8KAQBAVAKJOAFBVmBYb08FAgBCVALBGkMoKQBEKCkARUgB3UxGSQE4VQYAbWhgpGBs
609=aNUjA01oYFgMRAR4MtgceTJgqEN5MmCoQ3kyYFhOjQVOXApAAQQAAAMALABh7TEtKCkALi
610=gpAC8oKQAwSAGTQAIAMUgBmz0CADJIAZMJAgAzSAGdKwFJf2G4PWEwYZ4DAAFJEWG5MgBJ
611=SGFAK4EDOFgGyS05SAGESn1iYVgMgQQ7KFUAPEgBgA9hMGG9TABVHWHtMT9ABJAGYTBhrC
612=ZhMGGgJWAwJ8UDQ0wFzTFEKCkARUgBhwgCAEZIAdFhR0gB0WFISAGUAmIwYQCQmGMwYQAi
613=fAZgMMQeYDAnKQBNWAZ8A1cuLQBi9S4uKCkALygpADBIAcGpMUgBiCJpLWKgUWktYqQpaS
614=1iTIREC2ktYuWMNlgG1Vo3SAGRCQBJ/mLxKjlUApwKaC0nVQA7KFUAPCgpAD1IAdUuPkgB
615=xWA/SAGBXABNK2KsMWktYq0xAUxdJ5kDQ00FQUwUSVlESAHVLkVIAYQpai1iAN0rR/UCA1
616=zF1AJoLdkcBEiQ0B9pLWJ0CmlZTFgGjQEDXbpj/isvACcpADBIAcVrMUgBxdkySAHNnzNI
617=AYDKcSpjUBpYCXEqY6ktAF1XY/FWN0wF2Sc4KCkAOSgpADooKQA7KCkAPCgpAD0oKQA+SA
618=HdKz9IAYi8cSpj4TtB9AJwKtQCIhwlJ20DREAEVRUAXStFSAGECHIqYwCdKwNR8GO8K3Aq
619=1RgEQYhjTEJAB3Aq2BxxKmNIAkgAAgMALwBk5SkwKCkAMSgpADJIASWxJzNIASf5BGRYB0
620=gAeSdkKPkEZFjdVAJ5f2ThUThYBsUpOSgpADooKQA7KCkAPCgpAD0oKQA+SAGJOABZ4mSs
621=fnknZLCubFLUAnknZFiFTBB5J2T5aURECIAleeJkoCV4J9gGeSdkTAtZBgRNUmTtJklYBo
622=CeeX9koJ4CAwAwAGXtJjFIAdntMkgBkBRxd2WoIn1MZVTDXApgJdQCfUxlsBRhJWUooAQn
623=KQA5UAnNJjooKQA7KCkAPCgpAD0oKQA+SAGAymElZSihBGUooATUAmElZVgSSABgJcAEIr
624=AnwARhJWW5UwNcpNQCYCXYBmElZbSRcXdl9yMxAGb1IzJJAUBFDABrImYAJmgBaSJmoKlo
625=ItQCaCLUAmkiZvUjOEQI3SA5KCkAOigpADsoKQA8KCkAPUgBjDFpx2aoZGkiZqQ/b0dmAE
626=C5EUFMBZhpaSJmuH9pImZM3EQEaSJmpCloItgGaSJmpKJpImYkTCBpb2b/IDIAZ1gHSABx
627=H2ewQCLhImfpQzVABIimfeZntCNxH2e0I3G5Z/0gOUwF3SA6KCkAOygpADxIAYCefeZnvF
628=dxH2eoF3Af2BF95meoImFnZ6gicR9nsHdwH8QIcB/ECHAfxAhwHycpAEdAD1AcY7QzAGiF
629=AQB5HGigGm08aKjoeRxorBsijDPABHgc1AIifSZo5R46UAnBGjtIAdVaPEgBnHh4HNwKeR
630=xotBh5HGioLXkcaLAfeBwnZQJCRQhAeBR5HGi8IHgcxAh5HGi8V3gcJysANABpcwYAAAJI
631=iicpADZUAsWiN0gBhAQiHTBpsB9hGmmwH3DwJykAO0wFI1UhAF1yaekXPVQCxQg+KCkAP0
632=gBhB5gGswFYBonDQJCQASYBmEaaaQeYRppv5kDAEVABCOFMgNJF2okjCgiyUBqsBRtMWqw
633=FGkXauc0OQBqmQoAIrw5JykAO1QCgJ4ivDnQCSK9OWqkKSIIMycxAT9MBYj+aBfECCLIQC
634=cpAEJABIwMaRdquGlpF2q4aXEUa5wDVi43ACcpADhIAc2JOUgBhClxFGv1GDsoVQA8KCkA
635=PUgB2RE+SAEjFToCUCQnXQFAVAKYDXAUJ1UAQihVAEMoKwA3AGyIBUUTOCgpADkoKQA6KC
636=kAOygpADwoKQA9KCkAPkgBJeEiP0gBI6wsItk3bPE1QVQCmA0ieCsp4QFtkAJOEDkAJykA
637=OkgBhTQCT5ltADdpBAJeTG0A3Qo9QAQjMSICTG0n2QA/VQJArQVASAFlAQB8ICeDADkAbp
638=ACVQI6KCkAOygpADxIAdUYPUgBnK9oDCfZAD9UAogIbBsnVwA6AG+QAl0KOygpADwoKQA9
639=SQFAaARwCSetAD9UAnECAHkccIQBSgE8ACcpAD0oKQA+SAElRyo8AHG0ewoCAD0AcQD//w
640=AAAAIAEQAA

[Japan]
IQ=0
Edge=North
Color=Gold
Allies=Japan
Country=Japan
Credits=0
NodeCount=0
TechLevel=1
PercentBuilt=0
PlayerControl=no

[Lighting]
Red=1.000000
Blue=1.000000
Green=1.000000
Level=0.032000
Ground=0.000000
IonRed=1.000000
Ambient=1.000000
IonBlue=1.000000
IonGreen=1.000000
IonLevel=0.032000
IonGround=0.000000
IonAmbient=1.000000
DominatorRed=0.850000
DominatorBlue=0.300000
DominatorGreen=0.200000
DominatorLevel=0.000000
DominatorGround=0.000000
DominatorAmbient=1.500000
DominatorAmbientChangeRate=0.009000

[Map]
Size=0,0,54,60
Theater=LUNAR
LocalSize=2,4,50,54

[Neutral]
IQ=0
Edge=North
Color=Grey
Allies=Neutral
Country=Neutral
Credits=0
NodeCount=0
TechLevel=1
PercentBuilt=0
PlayerControl=no

[Nod]
IQ=0
Edge=North
Color=Gold
Allies=Nod
Country=Nod
Credits=0
NodeCount=0
TechLevel=1
PercentBuilt=0
PlayerControl=no

[NorthKorea]
IQ=0
Edge=North
Color=DarkRed
Allies=NorthKorea
Country=NorthKorea
Credits=0
NodeCount=0
TechLevel=1
PercentBuilt=0
PlayerControl=no

[OverlayDataPack]
1=PwAAIP44FgCDBgcG/vsBAIYECAoLCgf++gEAgQj+BAAL//oBOhiBBgP+hAoKCwr/+AE6Fo
2=EHA/2EAAoLC//DATwagDgAACD+NQAAgwYKC/4DAAqDCwoG/vgBAIIHCv4EAAuBCP76AQAC
3=AYMKCAT++wEAggYH//kBPQD+zRcAgEIAACD+IwYAhQYIAAIM/vsBAIEBQAT++AMAgQRABP
4=74AQCBAwgAgQn+CQ4AgwYHBtglHP/hAUMKhQgKCwoH1SYe/rMBAIDEAAAg/i8AAIEI/gQA
5=C4IKB9QnAP7hAQCDBgoL/gMACoMLCgbSKAL+4gEAgQcD7oQACgsLQ/LMLgT/4gNMAIIABw
6=PugwsLCNQnCP/CAW0EgQfdRQYB8oMKCATVJwr+vgEAggQIAc7dRQTMDgrfDgrhPwz+hgEA
7=/1UAPgDiDAz/lAGpBP+cAMUN/2QB2QL/nADFD/+qAbYO/6wBPQT/VAA+CP+tAT0G/1QAPw
8=r/rQE+CO9ADO4OCv/NAU4K8QwM/r0BAP/RAS8AgHEAACD+LgAAgwYKC/4DAAqDCwoG0igA
9=/uIBAIkHCwsKAAoLCwfSKAL+4gEA/wACLgCCAAcD7oMLCwjUJwb/5gFMBIMKCATVJwj/5A
10=FLAoEHykUEzDEK/v0NAIUGCAACDP77AQCBAUAE/vgDAMFECP+wAUQIgA8AACD+TAAAhQMI
11=AAIJ/q8fAIBkAAAg/jkAAIMGBwb++wEAhgQICgsKB/76AQCBCP4EAAv/+gE7AoEGA/6ECg
12=oLCv/4ATsAgQcD/YQACgsL//gBPQT/AAI2BoIABwP9gwsLCP76AQACAYMKCAT++wEA//4B
13=OQD+yQ0AgAUAACD+ACAAgAUAACD+ACAAgAUAACD+ACAAgAUAACD+ACAAgAUAACD+ACAAgA
14=UAACD+ACAAgAUAACD+ACAAgAUAACD+ACAAgAUAACD+ACAAgAUAACD+ACAAgAUAACD+ACAA
15=gAUAACD+ACAAgAUAACD+ACAAgAUAACD+ACAAgAUAACD+ACAAgAUAACD+ACAAgAUAACD+AC
16=AAgAUAACD+ACAAgAUAACD+ACAAgAUAACD+ACAAgAUAACD+ACAAgAUAACD+ACAAgAUAACD+
17=ACAAgAUAACD+ACAAgAUAACD+ACAAgA==

[OverlayPack]
1=LwAAIP44Fv/+AwBw//4BPRT//QE4FoJwcP4DAB7/+gE6GCH///sBORoSAIH//8YBOhyALQ
2=AAIP41AP+CcHD+BQAegnBw/vgB/yIB//oBPAASAf4EAHD++wH///4BOgT+yhf/gDoAACD+
3=Iwb/ggAAEAP/+wEpBEAE//kDKwL//wEkCP8AAiMG/g4M//4DAHDYJRz/4wFRGslAHMwvHv
4=6zAf+AoAAAIP4vAP+CcHD+AwAegnBwzicAgbD+5gH/IfByAcwuAv/mAUwAgf/LMwLIMgT/
5=4gNMANYuAP/JAWgG3UQI/gYAcNUnCv/BAVAI4g4K6wIK4T8M/5UBqQb/awDGC/+UAakE/5
6=wAxQ3/ZAHZAv+cAMUP/6oBtg7/rAE9BP9UAGEQ/60BPQb/VABhDv+tAT4I70AM7g4K/80B
7=TgrxDAz/jgNyBoBlAAAg/i4A/4JwcP4FAB6CcHDSKAD+4gH/EfGB/8szAMgyAv/mAUwA//
8=wBMgAx8nHwzC8G/+UBTAT+BABw1ScI/+YBTQbYJQr+4QP/gbH+Gwr/ggAAEAP/+wFSFkAE
9=//kDVBT/swFNGoAOAAAg/kwA/4IAABAD/q4f/4BHAAAg/jkA//4DAHD++wH//gYAcP/8AT
10=0A/gMAHv/6ATsCIf//+wE6BBIAgf///wE7Bv8CAjkE//4BOwL//gE5Av//ATgA/skN/4AF
11=AAAg/gAg/4AFAAAg/gAg/4AFAAAg/gAg/4AFAAAg/gAg/4AFAAAg/gAg/4AFAAAg/gAg/4
12=AFAAAg/gAg/4AFAAAg/gAg/4AFAAAg/gAg/4AFAAAg/gAg/4AFAAAg/gAg/4AFAAAg/gAg
13=/4AFAAAg/gAg/4AFAAAg/gAg/4AFAAAg/gAg/4AFAAAg/gAg/4AFAAAg/gAg/4AFAAAg/g
14=Ag/4AFAAAg/gAg/4AFAAAg/gAg/4AFAAAg/gAg/4AFAAAg/gAg/4AFAAAg/gAg/4AFAAAg
15=/gAg/4AFAAAg/gAg/4A=

[Russians]
IQ=0
Edge=North
Color=DarkRed
Allies=Russians
Country=Russians
Credits=0
NodeCount=0
TechLevel=1
PercentBuilt=0
PlayerControl=no

[Special]
IQ=0
Edge=North
Color=Grey
Allies=Special
Country=Special
Credits=0
NodeCount=0
TechLevel=1
PercentBuilt=0
PlayerControl=no

[SpecialFlags]
Inert=no
FogOfWar=no
IonStorms=no
MCVDeploy=no
Meteorites=no
Visceroids=yes
FixedAlliance=no
TiberiumGrows=yes
InitialVeteran=no
HarvesterImmune=no
TiberiumSpreads=yes
TiberiumExplosive=no
DestroyableBridges=yes

[Structures]
0=Neutral,CAAIRP,256,36,36,64,None,1,0,1,0,0,None,None,None,0,0
1=Neutral,CAAIRP,256,77,77,64,None,1,0,1,0,0,None,None,None,0,0
2=Neutral,CAOILD,256,46,84,64,None,1,0,1,0,0,None,None,None,0,0
3=Neutral,CAOILD,256,84,68,64,None,1,0,1,0,0,None,None,None,0,0
4=Neutral,CAOILD,256,84,46,64,None,1,0,1,0,0,None,None,None,0,0
5=Neutral,CAOILD,256,28,62,64,None,1,0,1,0,0,None,None,None,0,0
6=Neutral,CAOILD,256,86,52,64,None,1,0,1,0,0,None,None,None,0,0
7=Neutral,CAOILD,256,86,62,64,None,1,0,1,0,0,None,None,None,0,0
8=Neutral,CAOILD,256,30,46,64,None,1,0,1,0,0,None,None,None,0,0
9=Neutral,CAOILD,256,30,68,64,None,1,0,1,0,0,None,None,None,0,0
10=Neutral,CAOILD,256,28,52,64,None,1,0,1,0,0,None,None,None,0,0
11=Neutral,CAOILD,256,46,30,64,None,1,0,1,0,0,None,None,None,0,0
12=Neutral,CAOILD,256,68,30,64,None,1,0,1,0,0,None,None,None,0,0
13=Neutral,CAOILD,256,62,28,64,None,1,0,1,0,0,None,None,None,0,0
14=Neutral,CAOILD,256,52,28,64,None,1,0,1,0,0,None,None,None,0,0
15=Neutral,CAOILD,256,52,86,64,None,1,0,1,0,0,None,None,None,0,0
16=Neutral,CAOILD,256,68,84,64,None,1,0,1,0,0,None,None,None,0,0
17=Neutral,CAOILD,256,62,86,64,None,1,0,1,0,0,None,None,None,0,0
18=Neutral,CABARR01,256,58,87,64,None,1,0,1,0,0,None,None,None,0,0
19=Neutral,CABARR02,256,57,87,64,None,1,0,1,0,0,None,None,None,0,0
20=Neutral,CABUNK01,256,77,57,64,None,1,0,1,0,0,None,None,None,0,0
21=Neutral,CABUNK02,256,57,77,64,None,1,0,1,0,0,None,None,None,0,0
22=Neutral,CABUNK03,256,37,57,64,None,1,0,1,0,0,None,None,None,0,0
23=Neutral,CABUNK04,256,57,37,64,None,1,0,1,0,0,None,None,None,0,0
24=Neutral,CABARR01,256,58,62,64,None,1,0,1,0,0,None,None,None,0,0
25=Neutral,CABARR01,256,53,58,64,None,1,0,1,0,0,None,None,None,0,0
26=Neutral,CABARR01,256,57,53,64,None,1,0,1,0,0,None,None,None,0,0
27=Neutral,CABARR01,256,58,53,64,None,1,0,1,0,0,None,None,None,0,0
28=Neutral,CABARR01,256,62,57,64,None,1,0,1,0,0,None,None,None,0,0
29=Neutral,CABARR02,256,53,57,64,None,1,0,1,0,0,None,None,None,0,0
30=Neutral,CABARR02,256,54,58,64,None,1,0,1,0,0,None,None,None,0,0
31=Neutral,CABARR02,256,55,57,64,None,1,0,1,0,0,None,None,None,0,0
32=Neutral,CABARR02,256,56,58,64,None,1,0,1,0,0,None,None,None,0,0
33=Neutral,CABARR02,256,57,58,64,None,1,0,1,0,0,None,None,None,0,0
34=Neutral,CABARR02,256,58,57,64,None,1,0,1,0,0,None,None,None,0,0
35=Neutral,CABARR02,256,59,58,64,None,1,0,1,0,0,None,None,None,0,0
36=Neutral,CABARR02,256,58,54,64,None,1,0,1,0,0,None,None,None,0,0
37=Neutral,CABARR02,256,57,55,64,None,1,0,1,0,0,None,None,None,0,0
38=Neutral,CABARR02,256,58,61,64,None,1,0,1,0,0,None,None,None,0,0
39=Neutral,CABARR02,256,57,62,64,None,1,0,1,0,0,None,None,None,0,0
40=Neutral,CABARR01,256,57,61,64,None,1,0,1,0,0,None,None,None,0,0
41=Neutral,CABARR01,256,58,60,64,None,1,0,1,0,0,None,None,None,0,0
42=Neutral,CABARR01,256,58,59,64,None,1,0,1,0,0,None,None,None,0,0
43=Neutral,CABARR01,256,54,57,64,None,1,0,1,0,0,None,None,None,0,0
44=Neutral,CABARR01,256,55,58,64,None,1,0,1,0,0,None,None,None,0,0
45=Neutral,CABARR01,256,56,57,64,None,1,0,1,0,0,None,None,None,0,0
46=Neutral,CABARR01,256,57,54,64,None,1,0,1,0,0,None,None,None,0,0
47=Neutral,CABARR01,256,58,55,64,None,1,0,1,0,0,None,None,None,0,0
48=Neutral,CABARR01,256,61,58,64,None,1,0,1,0,0,None,None,None,0,0
49=Neutral,CABARR01,256,60,57,64,None,1,0,1,0,0,None,None,None,0,0
50=Neutral,CABARR01,256,60,58,64,None,1,0,1,0,0,None,None,None,0,0
51=Neutral,CABARR02,256,62,58,64,None,1,0,1,0,0,None,None,None,0,0
52=Neutral,CABARR02,256,61,57,64,None,1,0,1,0,0,None,None,None,0,0
53=Neutral,CABARR02,256,59,57,64,None,1,0,1,0,0,None,None,None,0,0
54=Neutral,CABARR02,256,58,58,64,None,1,0,1,0,0,None,None,None,0,0
55=Neutral,CABARR02,256,57,59,64,None,1,0,1,0,0,None,None,None,0,0
56=Neutral,CABARR02,256,57,60,64,None,1,0,1,0,0,None,None,None,0,0
57=Neutral,CABARR02,256,57,56,64,None,1,0,1,0,0,None,None,None,0,0
58=Neutral,CABARR01,256,58,56,64,None,1,0,1,0,0,None,None,None,0,0
59=Neutral,CABARR01,256,57,57,64,None,1,0,1,0,0,None,None,None,0,0
60=Neutral,CABARR01,256,57,86,64,None,1,0,1,0,0,None,None,None,0,0
61=Neutral,CABARR02,256,58,86,64,None,1,0,1,0,0,None,None,None,0,0
62=Neutral,CABARR02,256,58,85,64,None,1,0,1,0,0,None,None,None,0,0
63=Neutral,CABARR01,256,58,84,64,None,1,0,1,0,0,None,None,None,0,0
64=Neutral,CABARR01,256,58,83,64,None,1,0,1,0,0,None,None,None,0,0
65=Neutral,CABARR01,256,58,82,64,None,1,0,1,0,0,None,None,None,0,0
66=Neutral,CABARR02,256,57,85,64,None,1,0,1,0,0,None,None,None,0,0
67=Neutral,CABARR02,256,57,84,64,None,1,0,1,0,0,None,None,None,0,0
68=Neutral,CABARR02,256,57,83,64,None,1,0,1,0,0,None,None,None,0,0
69=Neutral,CABARR01,256,57,82,64,None,1,0,1,0,0,None,None,None,0,0
70=Neutral,CABARR02,256,58,73,64,None,1,0,1,0,0,None,None,None,0,0
71=Neutral,CABARR02,256,57,73,64,None,1,0,1,0,0,None,None,None,0,0
72=Neutral,CABARR02,256,58,72,64,None,1,0,1,0,0,None,None,None,0,0
73=Neutral,CABARR01,256,57,72,64,None,1,0,1,0,0,None,None,None,0,0
74=Neutral,CABARR01,256,58,71,64,None,1,0,1,0,0,None,None,None,0,0
75=Neutral,CABARR02,256,58,70,64,None,1,0,1,0,0,None,None,None,0,0
76=Neutral,CABARR01,256,58,69,64,None,1,0,1,0,0,None,None,None,0,0
77=Neutral,CABARR01,256,58,68,64,None,1,0,1,0,0,None,None,None,0,0
78=Neutral,CABARR02,256,57,71,64,None,1,0,1,0,0,None,None,None,0,0
79=Neutral,CABARR01,256,57,70,64,None,1,0,1,0,0,None,None,None,0,0
80=Neutral,CABARR02,256,57,69,64,None,1,0,1,0,0,None,None,None,0,0
81=Neutral,CABARR02,256,57,68,64,None,1,0,1,0,0,None,None,None,0,0
82=Neutral,CABARR02,256,47,58,64,None,1,0,1,0,0,None,None,None,0,0
83=Neutral,CABARR01,256,47,57,64,None,1,0,1,0,0,None,None,None,0,0
84=Neutral,CABARR01,256,46,58,64,None,1,0,1,0,0,None,None,None,0,0
85=Neutral,CABARR02,256,46,57,64,None,1,0,1,0,0,None,None,None,0,0
86=Neutral,CABARR02,256,45,58,64,None,1,0,1,0,0,None,None,None,0,0
87=Neutral,CABARR02,256,57,29,64,None,1,0,1,0,0,None,None,None,0,0
88=Neutral,CABARR01,256,45,57,64,None,1,0,1,0,0,None,None,None,0,0
89=Neutral,CABARR01,256,44,58,64,None,1,0,1,0,0,None,None,None,0,0
90=Neutral,CABARR02,256,44,57,64,None,1,0,1,0,0,None,None,None,0,0
91=Neutral,CABARR01,256,69,57,64,None,1,0,1,0,0,None,None,None,0,0
92=Neutral,CABARR01,256,58,47,64,None,1,0,1,0,0,None,None,None,0,0
93=Neutral,CABARR02,256,43,58,64,None,1,0,1,0,0,None,None,None,0,0
94=Neutral,CABARR01,256,43,57,64,None,1,0,1,0,0,None,None,None,0,0
95=Neutral,CABARR02,256,42,58,64,None,1,0,1,0,0,None,None,None,0,0
96=Neutral,CABARR01,256,42,57,64,None,1,0,1,0,0,None,None,None,0,0
97=Neutral,CABARR01,256,33,58,64,None,1,0,1,0,0,None,None,None,0,0
98=Neutral,CABARR02,256,33,57,64,None,1,0,1,0,0,None,None,None,0,0
99=Neutral,CABARR01,256,32,58,64,None,1,0,1,0,0,None,None,None,0,0
100=Neutral,CABARR02,256,32,57,64,None,1,0,1,0,0,None,None,None,0,0
101=Neutral,CABARR02,256,31,58,64,None,1,0,1,0,0,None,None,None,0,0
102=Neutral,CABARR01,256,31,57,64,None,1,0,1,0,0,None,None,None,0,0
103=Neutral,CABARR02,256,30,58,64,None,1,0,1,0,0,None,None,None,0,0
104=Neutral,CABARR01,256,30,57,64,None,1,0,1,0,0,None,None,None,0,0
105=Neutral,CABARR02,256,29,58,64,None,1,0,1,0,0,None,None,None,0,0
106=Neutral,CABARR01,256,29,57,64,None,1,0,1,0,0,None,None,None,0,0
107=Neutral,CABARR02,256,57,45,64,None,1,0,1,0,0,None,None,None,0,0
108=Neutral,CABARR02,256,57,44,64,None,1,0,1,0,0,None,None,None,0,0
109=Neutral,CABARR02,256,58,43,64,None,1,0,1,0,0,None,None,None,0,0
110=Neutral,CABARR02,256,57,42,64,None,1,0,1,0,0,None,None,None,0,0
111=Neutral,CABARR02,256,70,57,64,None,1,0,1,0,0,None,None,None,0,0
112=Neutral,CABARR02,256,71,57,64,None,1,0,1,0,0,None,None,None,0,0
113=Neutral,CABARR02,256,72,58,64,None,1,0,1,0,0,None,None,None,0,0
114=Neutral,CABARR02,256,73,57,64,None,1,0,1,0,0,None,None,None,0,0
115=Neutral,CABARR02,256,28,58,64,None,1,0,1,0,0,None,None,None,0,0
116=Neutral,CABARR01,256,28,57,64,None,1,0,1,0,0,None,None,None,0,0
117=Neutral,CABARR01,256,68,58,64,None,1,0,1,0,0,None,None,None,0,0
118=Neutral,CABARR01,256,69,58,64,None,1,0,1,0,0,None,None,None,0,0
119=Neutral,CABARR01,256,70,58,64,None,1,0,1,0,0,None,None,None,0,0
120=Neutral,CABARR01,256,71,58,64,None,1,0,1,0,0,None,None,None,0,0
121=Neutral,CABARR01,256,73,58,64,None,1,0,1,0,0,None,None,None,0,0
122=Neutral,CABARR01,256,72,57,64,None,1,0,1,0,0,None,None,None,0,0
123=Neutral,CABARR02,256,68,57,64,None,1,0,1,0,0,None,None,None,0,0
124=Neutral,CABARR01,256,57,47,64,None,1,0,1,0,0,None,None,None,0,0
125=Neutral,CABARR01,256,57,46,64,None,1,0,1,0,0,None,None,None,0,0
126=Neutral,CABARR02,256,58,46,64,None,1,0,1,0,0,None,None,None,0,0
127=Neutral,CABARR01,256,58,45,64,None,1,0,1,0,0,None,None,None,0,0
128=Neutral,CABARR01,256,58,44,64,None,1,0,1,0,0,None,None,None,0,0
129=Neutral,CABARR01,256,57,43,64,None,1,0,1,0,0,None,None,None,0,0
130=Neutral,CABARR01,256,58,42,64,None,1,0,1,0,0,None,None,None,0,0
131=Neutral,CABARR02,256,58,33,64,None,1,0,1,0,0,None,None,None,0,0
132=Neutral,CABARR01,256,85,58,64,None,1,0,1,0,0,None,None,None,0,0
133=Neutral,CABARR01,256,85,57,64,None,1,0,1,0,0,None,None,None,0,0
134=Neutral,CABARR01,256,86,57,64,None,1,0,1,0,0,None,None,None,0,0
135=Neutral,CABARR01,256,87,58,64,None,1,0,1,0,0,None,None,None,0,0
136=Neutral,CABARR01,256,82,57,64,None,1,0,1,0,0,None,None,None,0,0
137=Neutral,CABARR01,256,83,57,64,None,1,0,1,0,0,None,None,None,0,0
138=Neutral,CABARR01,256,84,58,64,None,1,0,1,0,0,None,None,None,0,0
139=Neutral,CABARR01,256,57,28,64,None,1,0,1,0,0,None,None,None,0,0
140=Neutral,CABARR02,256,57,32,64,None,1,0,1,0,0,None,None,None,0,0
141=Neutral,CABARR01,256,58,32,64,None,1,0,1,0,0,None,None,None,0,0
142=Neutral,CABARR01,256,57,31,64,None,1,0,1,0,0,None,None,None,0,0
143=Neutral,CABARR02,256,58,31,64,None,1,0,1,0,0,None,None,None,0,0
144=Neutral,CABARR01,256,57,30,64,None,1,0,1,0,0,None,None,None,0,0
145=Neutral,CABARR02,256,58,30,64,None,1,0,1,0,0,None,None,None,0,0
146=Neutral,CABARR01,256,58,29,64,None,1,0,1,0,0,None,None,None,0,0
147=Neutral,CABARR02,256,57,33,64,None,1,0,1,0,0,None,None,None,0,0
148=Neutral,CABARR01,256,58,28,64,None,1,0,1,0,0,None,None,None,0,0
149=Neutral,CABARR02,256,83,58,64,None,1,0,1,0,0,None,None,None,0,0
150=Neutral,CABARR02,256,86,58,64,None,1,0,1,0,0,None,None,None,0,0
151=Neutral,CABARR02,256,82,58,64,None,1,0,1,0,0,None,None,None,0,0
152=Neutral,CABARR02,256,84,57,64,None,1,0,1,0,0,None,None,None,0,0
153=Neutral,CABARR02,256,87,57,64,None,1,0,1,0,0,None,None,None,0,0

[TaskForces]

[Terrain]
15057=TIBTRE03
50050=TIBTRE03
50065=TIBTRE03
57015=TIBTRE03
58100=TIBTRE03
65050=TIBTRE03
65065=TIBTRE03
100058=TIBTRE03

[Venezuela]
IQ=0
Edge=North
Color=DarkRed
Allies=Venezuela
Country=Venezuela
Credits=0
NodeCount=0
TechLevel=1
PercentBuilt=0
PlayerControl=no

[Waypoints]
0=77037
1=37077

[Yugoslavia]
IQ=0
Edge=North
Color=DarkRed
Allies=Yugoslavia
Country=Yugoslavia
Credits=0
NodeCount=0
TechLevel=1
PercentBuilt=0
PlayerControl=no

[YuriCountry]
IQ=0
Edge=North
Color=DarkRed
Allies=YuriCountry
Country=YuriCountry
Credits=0
NodeCount=0
TechLevel=1
PercentBuilt=0
PlayerControl=no

[YuriFalk]
IQ=0
Edge=North
Color=DarkRed
Allies=YuriFalk
Country=YuriFalk
Credits=0
NodeCount=0
TechLevel=1
PercentBuilt=0
PlayerControl=no

[YuriGreen]
IQ=0
Edge=North
Color=DarkRed
Allies=YuriGreen
Country=YuriGreen
Credits=0
NodeCount=0
TechLevel=1
PercentBuilt=0
PlayerControl=no

[YuriPacific]
IQ=0
Edge=North
Color=DarkRed
Allies=YuriPacific
Country=YuriPacific
Credits=0
NodeCount=0
TechLevel=1
PercentBuilt=0
PlayerControl=no



[Digest]
1=E9UZ8jxyBkdruNZGLl42EU3KXHA=

