; Map created with FinalAlert 2(tm) Mission Editor
; Get it at http://www.westwood.com
; note that all comments were truncated

[Header]
Width=45
Height=44
StartX=233
StartY=30
Waypoint1=250,55
Waypoint2=264,36
Waypoint3=0,0
Waypoint4=0,0
Waypoint5=0,0
Waypoint6=0,0
Waypoint7=0,0
Waypoint8=0,0
NumberStartingPoints=2


[Preview]
Size=0,0,100,50

[PreviewPack]
1=AA0AIAbVs23Vs2zVs2yAASBJLAAF2LRu3bZv1rF8DgAK17Fs37Vr2bNs2LdzdIFjT1ZbQU
2=NYQURZQkVZQpQABtu6e928fOS9dUwEIBKfAtmzbYANNKwBVAxYDQZOVVuFhWfjw4VEBQXh
3=unDXsGvVs3wFmA1AAScIAEgkSAC4AUABSAAgOiwAA9eybeO5bVAjWBC0JEwBJ5cEVl9dVi
4=RBQ3QkSRhAQAGEJgl9fF3gwofau33jvniAGVAUSAA9nAKkMlAyNqwBoCVADUcOU1hdJ8QE
5=WCVIAIANSAxADUgAoAFUAEgAWAFIAEABSABAAUgAQAFIAEABSABAAUgAQAFIAEABSABAAU
6=gAQAFIAEABSABAAUgAQAFIAEABSABAAUgAQAFIAEABSABBAWyIGA1u3rVr575w4bx4d4Rm
7=UlpdtCRQF6xJRCZAJUgYWAEnIAAJf4Ng28CL4MSN5cJ/gBlACkgAbApUIYgAKy4A3LVVA2
8=0nRAYG4713eYFgUFhcTA1ADYkkWFwLbAGAWEABpCYDd3ld5b10WCVIAIANWApICbQAoAEg
9=QC8A1rJuJ0QDDOa/cty4eM2xd2t6ZUFEVydABCcgAGwZqBiUAAxESVi8qHPdunjhwIHlvH
10=InHAGAATr8AlhYQB8G1bVzwqxzXGhfeApYVUwKSgBFWbgxVCRcArwmTAEMVFxcmppuwqp1
11=575x5bxxiAywI1QASABYDUgAQAFIAEABSABAAUgAQAFIAEABSABAAUgAQAFIAEABSABAAU
12=gAQAFIAEABSABAAUgAQAFIAEABSABAAUgAcobWsXyAQj3dtnxKCdK0fH+SbXR9YEtRWkgV
13=TEmkF6wBTBawF1QnCVBXXnN6YpidcN6+hEAlAty2btiybAr1GGwqnBFMAQHbtm7aYI5sBL
14=R+TFgGvq99d4ZnVmBdZAuIe6ABeA1FpEOMTIAoXw5jb18vDAt0CSfEAYABKHQDmAFABEgA
15=UAJIAEABSABAAUgAQAFIAEABSABAAUgAQAFIAEABSABAAUgAQAFIAEABSABBAWxMSScUA0
16=wBWJQFyq5xqp5oSU/QuXoWRFlQJrQYVCQJR0xYc3tfeYJm07d+tCRAJUATQC5AnVgiTAGI
17=ANwLWECZKGxADUgApCZMDbQzCc22e3F9ZHV8YExTWkAiSAC0M0ABRA6sAUwQUA4Du6Vs27
18=h3LAwL1BiYDSA6LABUbyrkArdvwalyQN8nZARAAUgAjBZoJ68BSU9ZeBYCwIvhwYRMQ1wU
19=mZ1vRLZQiUgAKTwRfBeslFgEgdlsSCQq3AEI0LBvyK50vqhzRktoDIwNYO5QMsAl5DUDcX
20=tf2rl5SEtcDogMcAuYCqABSDNAAUgAQAFIAEABSABAAUgAQAFIAEABSABAAUgAQAFIAEAB
21=SABAAUgAQAFIAEABSABAAUgAQAFIAEABSABAAWQXUBdUurRvA36KaFliXqAWpCNMAXgWoG
22=FSiURZSDxfSpmba2q6vHJQSkgAJ8wCTJFYJUgAmBlIDEANSABAAUgAQAFJAGxMBFxKSABI
23=LQPGrXN5jmi0fkwNUA7IJExw9CRcAkgAA1RZXG51YircAZAOWApIAFgKSABAAUgAQAFIAE
24=ABSABAAUgAQAFIAEABSABAAUgAQAFIAEABSABAAUgAQAFIAEABSABAAUgAQAFIAEABSABA
25=AUgAQAFkJqQXA9G1fXWAZVJiV2JsiFgWUBdcFKgAciZDWdxKArp75b93UB1AFiq8JE9w2b
26=NsXAJYc0gDrElAASqMALxQTARQDjDUD0wNUA5IAEABSABQDlhzBnF6Y4OHate5gFgKSDNI
27=AEwKkAtIGEgAdBiEAiA9LACkF0RoQExQF0sYz7N6QD1Llj9CV1QVSABAFlwmQAFIGGABBU
28=RZeHxd3bx8UGJE2kgGXBS8CERuUwj/AACoAFwCiQBsXAJAAbS6TA1MBAPjvXfSs3jUflRI
29=RLlau0VZJ6wBQwFAQ1hIM1tY1LmDSAZADfQkrCK0AEAlQAFIAEABSABAAUgAQAFIAEABSA
30=BAAUgAQAFIAEABSABAAUgAQAFIAEABSABAAUgAQAFIAEABSABAAUgAQAFJAG20G0QXJxQD
31=ULNAl0jhA11qX01UWlAjQBZwI5RvQCVEAkgAQAFIAEMBd3ldQIhyccJ/QBlcCEgAtCQqFA
32=BQAogAUA50yVgrSG9blHmBYFAIyABYfEgAJ7gE7AFE8gZUXFx5h2Lkv3hIeyekGOAKWBlI
33=AGQLhAIgMSwAA+DCh+S/eUQjKnwBXEpIAEyXCNm8hGt3Y1lmYEpQJXQzxCaAiGgnQgFDWE
34=hjWz3kv3wsbBoiZCsnoAQqfAFYcwHdt27Yh3TVtXMhwyBxg2lMLljcuCVEC0gAJywAaOGH
35=JkpPWiFwJVAyVLonRAbgcCA6lASQFwRsm5Vo2rt9pCaQsFgxSAB8DlglSABHJqqga0i9W5
36=dPVltcF5AaIqQzTAFIY1g9QNNQ+EhjWD2QCFkHbVRsSADgGcwKkA7MAVALSAZLHtS3fyFw
37=JShsFJwvvCZEJkABiAAiaCokLSeZKTQZIxAioApUAEgASA9IAEABSABAAUgAQAFIAEABSA
38=BAAUgAQAFIAEABSABAAUgAQAFIAEABSABAAUgAQAFIAEABSABAAUgAQAFIAMcm3MaUIYg6
39=kB1QAkgAQAQotxfVt3wh8CNA+qyXvBdkPgpFWU9WXHh5X3+DYOO+dGMqxASQI3wIgAHMCk
40=wBWChQ4FxZWCVIAEQmLmwUQElIAIRxRCYDSE1Zcn1jMCwnSAn4MTGUAfQDSANID0gAQAFI
41=AEABSABAAUgAQAFIAEABSABAAUgAQAFIAEABSABAAUgAQAFIAEABSABAAUgABGyFhWfbv4
42=m8C6QmJFQpRBpYr0iKAlBYXElObJdQF7QkZCaEGkQCV05RVFohKz3kvXVYJaQgIzgwUAtI
43=AEANSABAAUgAQQFsQNmsBEAlA82xcm18Y0CjSABICUhXUFZiAUNZrAEDR0xZwapxKgQZvB
44=QpoARYCkgAZAuIAyA9LAAG4sGBz7eDhopnTA1AGUDNVBhYr0mKwiO8NrwXJ5QEoAGRAlhw
45=JpzXA1tnXty7e2KXwn9IIbTGKuYF2bN8mEgDUAtLANCwbyFYJQNcaF9MVFq4IidYAcyjlM
46=msAUTIA9zGk+HDiy+EPiA9ZARAIpAyQDFADUgAImQoTHC0JEAlgAR8AkiWCeO8dt67eM6z
47=eVReXJAjnJVESkyLVABFZURJ/Fgn7BJOkdu6KNwlvFNEIwPlwHvav4lEKUwBWCVIAEABQD
48=EqdA9YIkgAUEpQJir0BANNT1nWtnlYfFzgUBSYE1AXSABwFJgBoAGkAiBDLABY0y3cASek
49=AwPfvHhob19YcEiWoElUAIgnXEp0J0AcaACUJy3cJSeXDXZ/YUCjUH1YWEAlJ1wAWAooiQ
50=RDIpgzJ6AEKZUEei+UBKwitAAgSZQEmExQDkgAUA5IAEABSAB8TUdx3bt5IQohXWo35ERQ
51=JtAdJBgphCZUZgPStXdyf2Vcv7RsUClCRnl8a3V2fV68AmAHnAVQCEgkSABAAUsAR0xYIs
52=g5Abh35L82lAS8FLQAdBU2FAMgS1wALSQOREq0HlQAaAAvpANgBGBzbv1MU2yRJwQEQAFI
53=BkYmTlciECJhJUMimDxQAkgDSCRIAEABSABBAXExpDwwTAQwRAAgYfQEpybhvnwhCCFA3y
54=t0A+zWQBx4Hyn0BEQCRCNUALgfzAEpvAArHAHsoLQtOEwlKnwEIGFkBDbcCqcm1LJwIZgq
55=CUpQW1VeX2t4Y01VXFQbQCJgJbxEBERZTlZaSlEiPEpQAkgATCJAJWABpCmgT6wBKeQOUA
56=hIACQ8QThMJSp8BCrcBCBSLAAGw6+Iu7Sow7iiOcQED+G9eOG/ft7Ahr+pbXN+Y3F+ZUDl
57=RCZMIrxBBHJ/Y3CCY34khEfgRlglSCFYKEoDUVmA6+gDTAdEKbQkMjxBNhwEKtwEIEwsAA
58=a/taO3sJ+yqptIAFglSAA8xARJ/90j51nOs3khqzKBhWMhkCa8QUgDUN0rhkdEWSdcG0Qs
59=J7w5QCgGSlFYeolpd4BlIAuUBLQntAAgTJQEJ7cgtaydWCVIAFglSABYJUgAOcQETE9YJU
60=gAWHMCz7eD1rkoVFlQAkgAfgKzelgoSAMjjSR6WCi8AkB5An6DYdm6ItRsAdq9hdYubEog
61=AxwEIFWUBFQeOcQEA7OqntCyeCqMAC0sAFgfJAxBKjQrTAR8Ao9P5MF/KowkKlwAdCcj/E
62=Et7AAnPAJcCDUsACADPAUgQ4wAzEwCrp2/sJZIADW0AiAEZAdYKJgHUAVIAFAXSABBAWw2
63=XACQBcwEOywAUAhYBEgAQAFIAEABSABAAUgAQAFIAEABSABAAUgAQAFIAEABSABAAUgAQA
64=FIAEABSABAAQlt1bNs1bNs1bNt1bMRAAAdEJgaBm3Vs2zVs2zVs0ABSQBsmAFAAUgANywA
65=Ab2ukdUgC7wAIANMASApjAA65AIgKZQBUCNADUgAQAEBbP8AAKgAMHwBA7eiZbqlZTBcAI
66=AobAeAAdwIIFAsAEAQSA9IAEABSABAAUgAQAFIAEABSABAAUgAQAFIAEABSABAAUgAQAFI
67=AEABSABAAUgAQAFIAEABSABAAUgAQAFIAEABSABAASiUBKwlVACYIkgDBG21omScklJLAJ
68=qPUksAs6BiiANAB0gAQARIAEABSABAAUgAQAFIAEABSABAAUgAQAFIAEABSABAAUgAQAFI
69=AEABSABAAUgAQAFIAEABSABAAUgAQAFIAEABSABAAUgAQAFIAEABSABAAUgAQAFIAKABVA
70=BIAFgBSABAAUgAQAFIAEABSABAAUgAQAFIAEABSABAAUgAQAFIAEABSABAAUgAQAFIAEAB
71=SABAAUgAQAFIAEABSABAAUgAQAEoxAQqNAQDmZFPoZVRSwCilE9LAKCRVZhGfAWAAcwHIF
72=wsAFARWBBIAEABSABAAUgAQAFIAEABSABAAUgAQAFIAEABSABAAUgAQAFIAEABSABAAUgA
73=QAFIAEABSABAAUgAQAFIAEABSABAAUgAQAFIAEABSABAAUgAQAFIAEABSAAEbJ+VVJuQUo
74=AiUAJIAFACSABAAUgAQAFIAEABSABAAUgAQAFIAEABSABAAUgAQAFIAEABSABAAUgAQAFI
75=AEABSABAAUgAQAFIAEABSABAAUgAQAFIAEABSABAAUgAQAFIAEABSABAAUgAoAFUAEgAWA
76=FIAEABSABAAUgAQAFIAEABSABAAUgAQAFIAEABSABAAUgAQAFIAEABSABAAUgAQAFIAEAB
77=SABAAUgAQAFIAEABSABAAUgAQAFIAEABSABAAUgAQAFIAEABSABAAUgAQAFIAEABSABAAU
78=gAQAFIAEABSABAAUgAQAFIAEABSABAAUgAQAFIAEABSABAAUgAQAFIAEABSABAAUgAQAFI
79=AEABSABAAUgAQAFIAEABSABAAUgAQAFIAEABSABAAUgAoAFUAEgAWAFIAEABSABAAUgAQA
80=FIAEABSABAAUgAQAFIAEABSABAAUgAQAFIAEABSABAAUgAQAFIAEABSABAAUgAQAFIAEAB
81=SABAAUgAQAFIAEABSABAAUgAQAFIAEABSABAAUgAQAFIAEABSABAAUgAQAFIAEABSABAAU
82=gAQAFIAEABSABAAUgAQAFIAEABSABAAUgAQAFIAEABSABAAUgAQAFIAEABSABAAUgAQAFI
83=AEABSABAAUgAQAFIAEABSABAAUgAoAFUAEgAWAFIAEABSABAAUgAQAFIAEABSABAAUgAQA
84=FIAEABSABAAUgAQAFIAEABSABAAUgAQAFIAEABSABAAUgAQAFIAEABSABAAUgAQAFIAEAB
85=SABAAUgAQAFIAEABSABAAUgAQAFIAEABSABAAUgAQAFIAEABSABAAUgAQAFIAEABSABAAU
86=gAQAFIAEABSABAAUgAQAFIAEABSABAAUgAQAFIAEABSABAAUgAQAFIAEABSABAAUgAQAFI
87=AEABSABAAUgAoAFUAEgAWAFIAEABSABAAUgAQAFIAEABSABAAUgAQAFIAEABSABAAUgAQA
88=FIAEABSABAAUgAQAFIAEABSABAAUgAQAFIAEABSABAAUgAQAFIAEABSABAAUgAQAFIAEAB
89=SABAAUgAQAFIAEABSABAAUgAQAFIAEABSABAAUgAQAFIAEABSABAAUgAQAGoAKwBVACoAC
90=dQAFgBIBgsAEAHWAdIAEABSABAAUgAQAFIAEABSABAAUgAQAFIAEABSABAAUgAQAFIAEAB
91=SABAAUgAQAFIAEABSABAAUgAQAFIAEABSABAAUgAQAFIAEABSABAAUgAQAFIAEABSABAAU
92=gAQAFIAEABSABAAUgAQAFIAEABSABAAUgAQAFIAEABSABAAUgAQAFIAEABSABAAUgAQAFI
93=AEABSABAAUgAQAFIAEABSABAAUgAQAFIAEABSABAAUgAQAFIAEABSABAAUgAQAFIAKABVA
94=BIAFgBSABAAUgAQAFIAEABSABAAUgAQAFIAEABSABAAUgAQAFIAEABSABAAUgAQAFIAEAB
95=SABAAUgAQAFIAEABSABAAUgAQAFIAEABSABAAUgAQAFIAEABSABAAUgAQAFIAEABSABAAU
96=gAQAFIAEABSABAAUgAQAFIAEABSABAAUgAQAFIAEABSABAAUgAQAFIAEABSABAAUgAQAFI
97=AEABSABAAUgAQAFIAEABSABAAUgAQAFIAEABSABAAUgAQAFIAKABVABIAFgBSABAAUgAQA
98=FIAEABSABAAUgAQAFIAEABSABAAUgAQAFIAEABSABAAUgAQAFIAEABSABAAUgAQAFIAEAB
99=SABAAUgAQAFIAEABSABAAUgAQAFIAEABSABAAUgAQAFIAEABSABAAUgAQAFIAEABSABAAU
100=gAQAFIAEABSABAAUgAQAFIAEABSABAAUgAQAFIAEABSABAAUgAQAFIAEABSABAAUgAQAFI
101=AEABSABAAUgAQAFIAEABSABAAUgAQAFIAKABVABIAFgBSABAAUgAQAFIAEABSABAAUgAQA
102=FIAEABSABAAUgAQAFIAEABSABAAUgAQAFIAEABSABAAUgAQAFIAEABSABAAUgAQAFIAEAB
103=SABAAUgAQAFIAEABSABAAUgAQAFIAEABSABAAUgAQAFIAEABSABAAUgAQAFIAEABSABAAU
104=gAQAFIAEABSABAAUgAQAFIAEABSABAAUgAQAFIAEABSABAAUgAQAFIAEABSABAAUgAQAFI
105=AEABSABAAUgAQAFIAKABVABIAFgBSABAAUgAQAFIAEABSABAAUgAQAFIAEABSABAAUgAQA
106=FIAEABSABAAUgAQAFIAEABSABAAUgAQAFIAEABSABAAUgAQAFIAEABSABAAUgAQAFIAEAB
107=SABAAUgAQAFIAEABSABAAUgAQAFIAEABSABAAUgAQAFIAEABSABAAUgAQAFIAEABSABAAU
108=gAQAFIAEABSABAAUgAQAFIAEABSABAAUgAQAFIAEABSABAAUgAQAFIAEABSABAAUgAQAFI
109=AKABVABIAFgBSABAAUgAQAFIAEABSABAAUgAQAFIAEABSABAAUgAQAFIAEABSABAAUgAQA
110=FIAEABSABAAUgAQAFIAEABSABAAUgAQAFIAEABSABAAUgAQAFIAEABSABAAUgAQAFIAEAB
111=SABAAUgAQAFIAEABSABAAUgAQAFIAEABSABAAUgAQAFIAEABSABAAUgAQAFIAEABSABAAU
112=gAQAFIAEABSABAAUgAQAFIAEABSABAAUgAQAFIAEABSABAAUgAQAFIAKABVABIAFgBSABA
113=AUgAQAFIAEABSABAAUgAQAFIAEABSABAAUgAQAFIAEABSABAAUgAQAFIAEABSABAAUgAQA
114=FIAEABSABAAUgAQAFIAEABSABAAUgAQAFIAEABSABAAUgAQAFIAEABSABAAUgAQAFIAEAB
115=SABAAUgAQAFIAEABSABAAUgAQAFIAEABSABAAUgAQAFIAEABSABAAUgAQAFIAEABSABAAU
116=gAQAFIAEABSABAAUgAQAFIAEABSABAAUgAQAFIAKABVABIAFgBSABAAUgAQAFIAEABSABA
117=AUgAQAFIAEABSABAAUgAQAFIAEABSABAAUgAQAFIAEABSABAAUgAQAFIAEABSABAAUgAQA
118=FIAEABSABAAUgAQAFIAEABSABAAUgAQAFIAEABSABAAUgAQAFIAEABSABAAUgAQAFIAEAB
119=SABAAUgAQAFIAEABSABAAUgAQAFIAEABSABAAUgAQAFIAEABSABAAUgAQAFIAEABSABAAU
120=gAQAFIAEABSABAAUgAQAFIAKABVABIAFgBSABAAUgAQAFIAEABSABAAUgAQAFIAEABSABA
121=AUgAQAFIAEABSABAAUgAQAFIAEABSABAAUgAQAFIAEABSABAAUgAQAFIAEABSABAAUgAQA
122=FIAEABSABAAUgAQAFIAEABSABAAUgAQAFIAEABSABAAUgAQAFIAEABSABAAUgAQAFIAEAB
123=SABAAUgAQAFIAEABSABAAUgAQAFIAEABSABAAUgAQAFIAEABSABAAUgAQAFIAEABSABAAU
124=gAQAFIAKABVABIAFgBSABAAUgAQAFIAEABSABAAUgAQAFIAEABSABAAUgAQAFIAEABSABA
125=AUgAQAFIAEABSABAAUgAQAFIAEABSABAAUgAQAFIAEABSABAAUgAQAFIAEABSABAAUgAQA
126=FIAEABSABAAUgAQAFIAEABSABAAUgAQAFIAEABSABAAUgAQAFIAEABSABAAUgAQAFIAEAB
127=SABAAUgAQAFIAEABSABAAUgAQAFIAEABSABAAUgAQAFIAEABSABAAUgAQAFIAKABVABIAF
128=gBSABAAUgAQAFIAEABSABAAUgAQAFIAEABSABAAUgAQAFIAEABSABAAUgAQAFIAEABSABA
129=AUgAQAFIAEABSABAAUgAQAFIAEABSABAAUgAQAFIAEABSABAAUgAQAFIAEABSABAAUgAQA
130=FIAEABSABAAUgAQAFIAEABSABAAUgAQAFIAEABSABAAUgAQAFIAEABSABAAUgAQAFIAEAB
131=SABAAUgAQAFIAEABSABAAUgAQAFIAEABSABAAUgAQAFIAKABVABIAFgBSABAAUgAQAFIAE
132=ABSABAAUgAQAFIAEABSABAAUgAQAFIAEABSABAAUgAQAFIAEABSABAAUgAQAFIAEABSABA
133=AUgAQAFIAEABSABAAUgAQAFIAEABSABAAUgAQAFIAEABSABAAUgAQAFIAEABSABAAUgAQA
134=FIAEABSABAAUgAQAFIAEABSABAAUgAQAFIAEABSABAAUgAQAFIAEABSABAAUgAQAFIAEAB
135=SABAAUgAQAFIAEABSABAAUgAQAFIAKABVABIAFgBSABAAUgAQAFIAEABSABAAUgAQAFIAE
136=ABSABAAUgAQAFIAEABSABAAUgAQAFIAEABSABAAUgAQAFIAEABSABAAUgAQAFIAEABSABA
137=AUgAQAFIAEABSABAAUgAQAFIAEABSABAAUgAQAFIAEABSABAAUgAQAFIAEABSABAAUgAQA
138=FIAEABSABAAUgAQAFIAEABSABAAUgAQAFIAEABSABAAUgAQAFIAEABSABAAUgAQAFIAEAB
139=SABAAUgAQAFIAAFt////IxBSKEQAmAFIA0gAUAJIAEABSABAAUgAQAFIAEABSABAAUgAQA
140=FIAEABSABAAUgAQAFIAEABSABAAUgAQAFIAEABSABAAUgAQAFIAEABSABAAUgAQAFIAEAB
141=SABAAUgAQAFIAEABSABAAUgAQAFIAEABSABAAUgAQAFIAEABSABAAUgAQAFIAEABSABAAU
142=gAQAFIAEABSABAAUgAQAFIAEABSABAAUgAQAFIAEABSABAAUgAQAFIAAps1bNs1bNt1bNt
143=1bNsEQAA

[01000002]
0=5,GGI
1=12,E1
Name=New task force
Group=-1

[01000003]
Max=5
Full=yes
Name=New teamtype
Group=-1
House=<Player @ A>
Script=
Whiner=no
Droppod=no
Suicide=no
Loadable=no
Prebuild=no
Priority=5
Waypoint=I
Annoyance=no
IonImmune=no
Recruiter=no
Reinforce=no
TaskForce=01000002
TechLevel=0
Aggressive=no
Autocreate=yes
GuardSlower=no
OnTransOnly=no
AvoidThreats=no
LooseRecruit=no
VeteranLevel=3
IsBaseDefense=no
UseTransportOrigin=no
MindControlDecision=0
OnlyTargetHouseEnemy=no
TransportsReturnOnUnload=no
AreTeamMembersRecruitable=no

[AITriggerTypesEnable]
043F40BC-G=yes
043F521C-G=yes
043F874C-G=yes
044082BC-G=yes
05CB5B6C-G=yes
05CB830C-G=yes
05CBAEDC-G=yes
05CBC04C-G=yes
05CBC19C-G=yes
05CBC2EC-G=yes
05FC088C-G=yes
05FC0C9C-G=yes
05FC13EC-G=yes
05FC1A8C-G=yes
05FC1C5C-G=yes
05FC333C-G=yes
05FC37CC-G=yes
05FC3C9C-G=yes
05FC50EC-G=yes
05FC747C-G=yes
05FC75CC-G=yes
05FFA7DC-G=yes
05FFB18C-G=yes
06002BFC-G=yes
0611A1EC-G=yes
0611A33C-G=yes
0612B11C-G=yes
0612CD8C-G=yes
0612EAEC-G=yes
0612F46C-G=yes
0612F9AC-G=yes
0616004C-G=yes
06C551AC-G=yes
078F4B2C-G=yes
07C04C7C-G=yes
07C04EDC-G=yes
07C0B14C-G=yes
07C30A5C-G=yes
07C310BC-G=yes
07C3266C-G=yes
07C329FC-G=yes
07C330CC-G=yes
07C33DDC-G=yes
07C4853C-G=yes
08A3EEDC-G=yes
08B902EC-G=yes
08B90B1C-G=yes
08B911BC-G=yes
08B9154C-G=yes
08B9213C-G=yes
08B9305C-G=yes
08B9356C-G=yes
08B940EC-G=yes
08B9423C-G=yes
08B9483C-G=yes
08B9586C-G=yes
08B9641C-G=yes
08B9708C-G=yes
08B9767C-G=yes
08B97C6C-G=yes
0A31295C-G=yes
0A44F17C-G=yes
0A44F2CC-G=yes
0A452C6C-G=yes
0A452E5C-G=yes
0AA845AC-G=yes
0AA846FC-G=yes
0ABC484C-G=yes
0AD2BAEC-G=yes
0C0C7AEC-G=yes
0C0D184C-G=yes
0C0D251C-G=yes
0C1245AC-G=yes
0C1246FC-G=yes
0C32599C-G=yes
0C32D84C-G=yes
0C87B45C-G=yes
0C87B99C-G=yes
0C87E5AC-G=yes
0C8B81BC-G=yes
0C8BC5AC-G=yes
0C8C2AEC-G=yes
0C8C2C3C-G=yes
0C8C430C-G=yes
0C8C4C3C-G=yes
0C8C51BC-G=yes
0C8C56FC-G=yes
0C8C645C-G=yes
0C8C6EDC-G=yes
0C8C71BC-G=yes
0C8E2C3C-G=yes
0C8EE1BC-G=yes
0C8EEAEC-G=yes
0C8EEEDC-G=yes
0C91D45C-G=yes
0C92C1BC-G=yes
0C92C45C-G=yes
0C955AEC-G=yes
0C955C3C-G=yes
0C9561BC-G=yes
0C9565AC-G=yes
0C96F45C-G=yes
0C96F5AC-G=yes
0CA1F84C-G=yes
0CA24D8C-G=yes
0CA2A04C-G=yes
0CA2B06C-G=yes
0CA2D99C-G=yes
0CA2FEDC-G=yes
0CA5945C-G=yes
0CA6621C-G=yes
0CA6AEDC-G=yes
0CAD0B2C-G=yes
0CAD0C7C-G=yes
0CAD0DCC-G=yes
0CAD130C-G=yes
0CAD145C-G=yes
0CAD25AC-G=yes
0CAD2AEC-G=yes
0CAD2C3C-G=yes
0CAD5AEC-G=yes
0CADD99C-G=yes
0CADDEDC-G=yes
0CB29EDC-G=yes
0CB2CEDC-G=yes
0CDF899C-G=yes
0CDF8D8C-G=yes
0CDF8EDC-G=yes
0CE2395C-G=yes
0CE23AAC-G=yes
0CE26B5C-G=yes
0CE26CAC-G=yes
0CE2E8DC-G=yes
0CE2EA2C-G=yes
0CE44D0C-G=yes
0D022B1C-G=yes
0D022C6C-G=yes
0D052AEC-G=yes
0D0803CC-G=yes
0D08461C-G=yes
0D0848BC-G=yes
0D084A0C-G=yes
0D084B5C-G=yes
0D0873DC-G=yes
0D087D8C-G=yes
0D0B3B9C-G=yes
0D2769BC-G=yes
0D2C41EC-G=yes
0D2C448C-G=yes
0D2C45DC-G=yes
0D53099C-G=yes
0D53130C-G=yes
0D53430C-G=yes
0D535EDC-G=yes
0D62145C-G=yes
0D6215AC-G=yes
0D6216FC-G=yes
0D62199C-G=yes
0ECCB2BC-G=yes
0ECCB40C-G=yes
0ECCB55C-G=yes
0ECCB7FC-G=yes
0ECCBC3C-G=yes
0ECCF14C-G=yes
0ECCF29C-G=yes
0ECCF68C-G=yes
0ECCFA7C-G=yes
0ECCFCAC-G=yes

[Actions]
01000004=1,95,0,0,0,0,0,0,B
01000006=1,127,0,60,0,0,0,0,A
01000008=1,90,0,0,0,0,0,0,A

[Africans]
IQ=0
Edge=North
Color=DarkRed
Allies=Africans
Country=Africans
Credits=0
NodeCount=0
TechLevel=1
PercentBuilt=0
PlayerControl=no

[Alliance]
IQ=0
Edge=North
Color=Gold
Allies=Alliance
Country=Alliance
Credits=0
NodeCount=0
TechLevel=1
PercentBuilt=0
PlayerControl=no

[Americans]
IQ=0
Edge=North
Color=Gold
Allies=Americans
Country=Americans
Credits=0
NodeCount=0
TechLevel=1
PercentBuilt=0
PlayerControl=no

[Arabs]
IQ=0
Edge=North
Color=DarkRed
Allies=Arabs
Country=Arabs
Credits=0
NodeCount=0
TechLevel=1
PercentBuilt=0
PlayerControl=no

[Basic]
Name=test
Percent=0
GameMode=standard
HomeCell=98
InitTime=10000
Official=no
EndOfGame=no
FreeRadar=no
MaxPlayer=2
MinPlayer=2
SkipScore=no
TrainCrate=no
TruckCrate=no
AltHomeCell=99
OneTimeOnly=no
CarryOverCap=0
NewINIFormat=4
NextScenario=
SkipMapSelect=no
CarryOverMoney=0.000000
AltNextScenario=
MultiplayerOnly=1
IceGrowthEnabled=yes
VeinGrowthEnabled=yes
TiberiumGrowthEnabled=yes
IgnoreGlobalAITriggers=no
TiberiumDeathToVisceroid=no

[British]
IQ=0
Edge=North
Color=Gold
Allies=British
Country=British
Credits=0
NodeCount=0
TechLevel=1
PercentBuilt=0
PlayerControl=no

[CellTags]
51048=01000005
52047=01000005
53046=01000005
54045=01000005
55053=01000009
55054=01000009
55055=01000009
55056=01000009
56053=01000009
56056=01000009
57053=01000009
57056=01000009
58053=01000009
58054=01000009
58055=01000009
58056=01000009

[Confederation]
IQ=0
Edge=North
Color=DarkRed
Allies=Confederation
Country=Confederation
Credits=0
NodeCount=0
TechLevel=1
PercentBuilt=0
PlayerControl=no

[Events]
01000004=1,25,0,0
01000006=1,32,0,0
01000008=1,59,0,0

[French]
IQ=0
Edge=North
Color=Gold
Allies=French
Country=French
Credits=0
NodeCount=0
TechLevel=1
PercentBuilt=0
PlayerControl=no

[GDI]
IQ=0
Edge=North
Color=Gold
Allies=GDI
Country=GDI
Credits=0
NodeCount=0
TechLevel=1
PercentBuilt=0
PlayerControl=no

[Germans]
IQ=0
Edge=North
Color=Gold
Allies=Germans
Country=Germans
Credits=0
NodeCount=0
TechLevel=1
PercentBuilt=0
PlayerControl=no

[Houses]
0=Americans
1=Alliance
2=French
3=Germans
4=British
5=Africans
6=Arabs
7=Confederation
8=Russians
9=YuriCountry
10=GDI
11=Nod
12=Neutral
13=Special

[IsoMapPack5]
1=LxAAIA4yAAEA//8AAAAAADEAAgD//0MBAAAyKCkAMygrADAAA+EEMSgpADIoKQAzKCkANC
2=grAC8ABPkGMCgpADEoKQAyKCkAMygpADQoKQA1KCgAAy4ABQDXAZEUL0kBz6kBMCgpADEo
3=KQAyKCkAMygpADRJAdG5BjVIAcUeNigoAAItAAYAWoYMAC7IAVkFL8gBQQMwyAFVAjFJAV
4=xIAkkAMkkBXVwASQAzyAFBBDRJAc1cAFUCNUgB3RU2SAHNEDdIAcwQAiwABwAfTAVJAC1I
5=AW4QAgBNEAeYEQEDAAAvKFUAMMgBVQIxSAFsEFkGMkgBbBBZBjPIAUEENEkBgEAQSQA1yA
6=FNBTZJAdBcAFUCN0gBzRA4KCsAKwAImBFRCSzIAVEJLUsBIQEAVEJEEwIIACEBAEQ9RBMn
7=rQAwQAR0GE0FMcgBRQgySAFkEwEEAAAzyAEBBQAANEgBZBNBBDXIAVkGNkgBzSY3SAHNJj
8=goKQA5SAHYJwIqAAkAYkgYSQAryAFFEixIAQEhAQAASQAtSQEeXABBBC7IAVUBL0kBIFwA
9=AQAAADDIAVUBMUkBIlwAVQIyyAFVATPJAQJ/FQkAd1QDSQA1VAJoAUEENkgBYDBVAjdIAW
10=AaSQE4yAFBBDlIAcktOkgByy0pAArpWSpIAXQYSQwryAFdICxKASEBnSstSAF0GEEELsgB
11=QQQvSQEgQARVAjDIAVUCMUkBIrUCMsgBVQIzSAFlCAB1GAqUGAECAAA1VAJ0GEEENkgBdB
12=hFBzdIAXQYQQQ4yAFBBDlIAScVAwrpejtUAsMaKAAL9QIpSQHWRAlVDSpIAWwbSQEryAFB
13=AyxIAXgRSQEtyAFBBC7IAVUCL0gBeEhVAjDIAVUCMUgBeAZVAjLIAVUCM8gBXRU0yAFdFT
14=VIAWQISQE2SQEiQAUBAgAAN0kBc1gHSQA4yAFBAzlIASdsAycVAztUAs0bPCgrACcADPkc
15=KCgpAClIASfFAwyMUlUNK1QCcB9NECxIAWgXSQEtyAFBBC7IAVUCL0gBfBVVAjDIAVUCMU
16=gBeAZVAjLIAVUCM0oBIQFMGHQ5AQwAIQGNXTXUAlUBNsgBSQQ3SAFkHkUIOMgBRQg5SAEn
17=xAMnQQM7VAInxAMnVQA9KFcAJgAN8R8nSQHZSA1JDChIAdkGKUgBJx8EDQBkVANJACtUAm
18=gBWQUsSQEgXABJAC1LASEBAGEALsgBVQEvSQEiXABZAjDIAVUBMUoBIQFMAnXTDeUeM9UC
19=AnwgtAJNGzXUAkkBNsgBQQQ3SQF0gggAOMgBXQk5SAHRjTpIAdGNO0gBxYw8SAHNGz0oKQ
20=A+KCsAJQAO6SImKCkAJ0kB2FwLQQ4oSAHFCClIASd3BA4Ae1QDSQArVAJoAVkFLEkBbkgC
21=SQAtyAFVAi5KASEBhYEvSQEiSQECZ5cOACJIAVkcMVYCIQGVsjLIAVUCM0gBbEdRCTTIAU
22=0ENSgpADZKASEBWAN9Yg6QglEBOFQCcIJBAzlIAXi2VQI6yAFVAjtIAc0mPEgBzSY9SAHN
23=Jj5IAcUePygrACQAD+ElJSgpACYoKQAnSAEnzAQnrQApVAInzQQPjCYBAgAAK1QCbCZZHC
24=xIAWwmVQItyAFVAi5JAWxcFkkAL0kBZ1wASQAwyAFVGDFIAd1tMsgBWQYzSAFsJlEJNMgB
25=VQI1KCkANkoBIQGJLTdIAWAlTQU4yAFNBTlIAWwmVQI6yAFVAjtIAWyqTRA8yAFRCD1IAd
26=VwPkgBJ8wEJ/EDQChXACMAEPknJCgpACUoKQAmKCkAJ0kB3FwLVQ0oSAHdCilJAdq1AipJ
27=AdKpAStIAdU5LEgBZClV9C3IAVX0LkgBZClZBS9IAWQpTRswyAFNGzFKASEBiZAySAF4J0
28=EPM8gBQQM0SQEiXABVAjXIAVUBNkoBIQFMAnVPEOl6ONQCAQIAADlJAV1cA1kROsgBWRE7
29=SAFkKUEEPMgBTRA9SAEnJAUnoQQ/VALRH0AoKQBBKCsAIgAR8SojKCkAJCgpACUoKQAmKC
30=kAJygpACgoKQApKCkAKigpACtIAdUuLEgByS0tSAHBMC5IAdUCL0gBdFpRHjDIAUEkMUkB
31=aEgCSQAyyAFVAjNIAWgtUR80SQEiSQICZfoR8YI2VgIhAcVVEZwrTQU4VQIiVAJRCTnIAV
32=UBOkgBcAkBAgAAO0kBclQDSQA8yAFBBD1IASd8BSfNBD9UAid8BSdVAEEoVQBCKCsAIQAS
33=6S0iKCkAIygpACQoKQAlKCkAJigpACcoKQAoKCkAKSgpACooKQArKCkALEgB2YotSAHdFS
34=5IAdmKL0gBdC5RHzDIAUElMUgBdC5VAjLIAVUCM0gBYCVJATRIAcGINcgBVQI2SQEiQSYC
35=dVoS7TE4KFUAOcgBTQU6SAFwCUktO0gBdC5ZBjzIAUEEPUgByUM+SAHFrT8oKQBASAHRrk
36=FIAc0bQigpAEMoKwAgABPhMCEoKQAiKCkAIygpACQoKQAlKCkAJigpACcoKQAoSAElTTYp
37=SQHTUB9BGiooKQArKCkALEgB2V4tSAHNBS5IAdkcLygpADAoKQAxSAEiHCVdCjLIAVUMM0
38=kBIFwASQA0SQEiXQAAZWATlC5VATZWAiEBTAJtMROEYFUBOFQCfDZdAjnIAVUCOkgBbTEC
39=Z2ATAHhUA0kAPFQCaAFBBD1JAVxIAkkAPkkBf1wASQA/yAFBBEBIAclkQUgBJywGJ9UFQy
40=hVAEQoKwAfABT5MiAoKQAhKCkAIigpACMoKQAkKCkAJSgpACYoKQAnKCkAKEgBxWApSAFY
41=FmkAKigpACsoKQAsKCkALUgBxZcuSAHdNi9IAdE1MCgpADFIAWQ0WScyyAFdVzNJASBII0
42=kBNEkBIkkBAmU0FIQ0VQI2VgIhAc2UFIQ0VQI4VAJkNE0FOcgBVQI6SAFlNABlNBSENEEE
43=PFQCZDRBBD1IAWQ0XQk+SAFkNEEEP8gBQQRASAEnhAYn1QVCVALRNUMoKQBEKCkARSgrAB
44=4AFfE1HygpACAoKQAhKCkAIigpACMoKQAkKCkAJSgpACZIAc1oJ0gBwX0oSAHJLSlIAcF9
45=KkgBTCBpACsoKQAsKCkALSgpAC4oKQAvSAHRQDBIAd0KMUgBImQuVQkyyAFZJzNIAWgtSQ
46=E0yAFBBDXIAVUCNkkBIF0AAGdrFQAgSAFJADhVAiJdAABt9xWMPFUBOlQCcQkCfjYVAGgB
47=TTE8VAJsPEkBPUoBIQGRQD5JAXFYB0kAP8gBQQNASAEn3AYnAQZCVAIn3AYnVQBEKFUARS
48=gpAEYoKwAdABYm3T0eSAHJLR8oKQAgKCkAISgpACJIAcEwI0gBwQ8kKCkAJSgpACZIASX5
49=JSdIAVAZaQAoKCkAKUgBwQQqSAF0A00AKygpACwoKQAtKCkALigpAC9IASc2BxYAJzUHFi
50=OALFEJMkAEcNpZJzNIASJYJ1UCNMgBVQI1SAHNMTZJASBIAkU0N8gBWTI4SQEitQI5yAFV
51=AjrJAQB1ORbtPDxWAiEBIwkoPUgBeAZBBD5IAXQ5AQIAAD/IAUUIQEgBJzUHFvlpQlQC0S
52=pDKCkARCgpAEUoKQBGKCkARygoAAIcABcAWVQOSQAdyAFFEh5JAVtIAkkAH8gBVQIgSAEi
53=EClVAiHIAVUCIkgBxRMjSAHZESQoKQAlKCkAJkgBVAdpACcoKQAoKCkAKSgpACooKQArKC
54=kALCgpAC1IASUtPS5IAXAKTQAvSAHdrzBIASeNBxeMPFEqMlQCbDxRKjNIAWw8VQI0yAFV
55=AjVIASLoLlEJNkgBIjgjSQE3yAFFHjhIAXBAWQY5yAFZBjpJASJVAwJtPBeMPFUCPFYCIQ
56=EjFTo9SQEiSAEBAgAAPkgBbDxdCj/IAUEDQEgBxSlBSAHFKUIoKQBDKCkARCgpAEUoKQBG
57=KCkARygpAEgoKwAbABiEE0EPHEgBZD9ZER3IAV0VHkgBZD9VAh/IAVUCIEgBZD9VAiHIAV
58=UCIkgB3SsjSAHBfSRIAckXJUgBxTQmSAFQDmkAJygpACgoKQApKCkAKkgB2QYrSAFsBk0A
59=LCgpAC1IAcWBLkgBUANpAC8oKQAwSAElnSoxSAHRFDIoKQAzSAFlPwQiDkQYAGkBBW7sGA
60=BkP00xNkAEZD9FHjfIAUUeOEkBIFQDSQA5SQEiXAABAAAAOsgBVQE7SgEhAU8CAAA8yAFV
61=AT1IAXi2XQI+SAFlPwJ2exgAaAFdCkBUAtEUQUgB2atCKCkAQ0gB3StESAHdK0UoKQBGKC
62=kARygpAEgoKQBJKCgAARoAGQB8V0EPG0kBIkQUAQIAABzIAVUCHcgBVQIeyAFVAh9IAXgG
63=VQIgSQF1VBlJACHIAVEIIsgBQQQjSAHJWSRIAd0VJUgB2TImSAHZHCcoKQAoKCkAKSgpAC
64=pIAdEJK0gBUA5pACwoKQAtKCkALigpAC8oKQAwSAElpSAxSQHUUBVJCDJIASV9JjNIAcEw
65=NCgpADUoKQA2SQFhTAZJADfIAVEIOEkBIFwAVSM5SQEiSQECfUEZkGxVAjtWAiEBlfQ8yA
66=FVAj1IAXxBTQU+SAEiOUQAfUEZIzRJWQVAVAIiUCZVAkFIAWhvSQFCyAFBBENIAckiREgB
67=3StFKCkARigpAEcoKQBIKCkASSgpAEooKwAZABqIQ1UNGsgBVQ0byAFVAhzIAVUCHUoBIQ
68=FPAgAAHsgBVQEfSQEiXABdAiBIAXRERR4hyAFdbSLIAV1tI0gB1RgkSAHVGCVIAdX0JkgB
69=QAlpACdIAd26KEgB3TYpSAHdNipIAdkGK0gBbAZNACwoKQAtKCkALigpAC8oKQAwSAHZij
70=FIAVQHaQAyKCkAM0gB3Vc0SAHJFzVIAc0QNkgBdUQCIoYnGgBoAVEfOFUCIkgiSQA5yAFB
71=CzrIAVUCO0gBZGtVAjzIAVUCPUkBIF0AAH3FGolDAnREqAFdCkBABHRETQRBSAF0REEEQs
72=gBQQRDSAHRFERIAd0rRSgpAEYoKQBHKCkASCgpAEkoKQBKKCkASygrABgAGyPcXlEUGcgB
73=WREaSAFgGk0QG8gBRRMcyAFVAh1KASEBnWIeyAFVAh9JASK1AiDIAVUCIUgBIpQ/SQwiyA
74=FNBCNIAc0bJEgBzRslSAHRQCZIAUgGaQAnKCkAKCgpAClIAdGCKkgByTgrSAHBkyxIAdGu
75=LUgBZAlNAC4oKQAvKCkAMCgpADEoKQAyKCkAM0gB3Vc0SAHJFzVIAcEPNkgBIlwiSQw3yA
76=FZHDhIASLwUFUCOcgBVQI6SAFgJVUjO0gBaS0CZc4bkHdVAj1VAiBABVUCPsgBVQI/KCkA
77=QMgBQQRBSAHdK0LIAUUHQ0gB0RRESAHdK0UoKQBGKCkARygpAEgoKQBJKCkASigpAEsoKQ
78=BMKCkAF1jPzTEYSAElUTwZyAFJFxpIAXgcRRMbSQEiXQAAbdYchK1VAR1UAmAEVQIeyAFV
79=Ah9IAc0FIMgBVQIhSAFkHgECAAAiyAFJDCNIAc0xJEgB0UAlSAHcIAUmABwAAAAAABEAAM
80=kPACAEAAAAJwAcAFgAawAoABx4AG0AKUoB3AFmAQAqSAGDAQAAKygpACxJAdihBC1IAcEE
81=LigpAC8oKQAwKCkAMSgpADIoKQAzKCkANEgB3Qo1SQHNqQw2SQF7TAwBAgAAN8gBAQMAAD
82=hJAWe1AjnIAVUCOkkBJrkGO0gBASEBAABJADxJAR5cAFkFPcgBVQE+SQEfXABVAj/IAVUB
83=QEkBIlwAVQJBSQFyXAABAgAAQsgBSQxDSQHQoQRESgH//0cEAABFKCkARigpAEcoKQBIKC
84=kASSgpAEooKQBLKCkATCgpAE0oKAABFgAdANUNF0kB1q0QGEkBYooQABnIAUEDGkgBZB5d
85=FRtJASJKAgIASwkdACJIAVUCHVQCYAQBAgAAHsgBVQIfSQEiQAQBAgAAIMgBVQIhSQF3qQ
86=wiyAFNBCNJAYC1AiTIAVUCJUgB1SMmSAG8A19MHQDZVANZASgoVQApSAHZPSpIAVADaQAr
87=KCkALEgBwQQtSAF0A00ALigpAC8oKQAwKCkAMSgpADIoKQAzKCkANEgB3Qo1SAEnngkdAM
88=kBNyhVADhJAWFUDkkAOcgBQRk6SAEBIQEAAEElO8gBQSU8SAHRKj3IAVUCPkgBfExNBT/I
89=AVUCQEkBIqUIQUkBc1wLSQBCyAFBA0NIAcUpREgBxT9FKCkARigpAEcoKQBIKCkASSgpAE
90=ooKQBLKCkATCgpAE0oKQBOKCkAFVBD3TYWSAHNEBdIASf2CR4Adk8CAFRPqAFNGxpDBCEB
91=AGlvG8gBTRscyAFBAx1IAWAlVQIeyAFVAh9JASBdAAB3Tx4AIEgBSQAhVAJ0T0kMIsgBSQ
92=wjSAF0T1UCJMgBVQIlSAHJOCZJAc9ZBwB1nB7hOygoVQApSAHNBSpJAdGtBStIAUgGaQAs
93=SAHZoC1IAWgCTQAuKCkALygpADAoKQAxKCkAMigpADNJAdepDDRIAcEPNSgpADYoKQA3KC
94=kAOEgBdE9ZHDnIAVkcOkkBIrEJO8gBVQE8SAHRKj3IAVUCPkoBIQFDFwAAP8gBVQFAyAFd
95=AkFIAXVPAnacHgBoAUkMQ1QCJ/UJHv2ORVQC0UBGKCkARygpAEgoKQBJKCkASigpAEsoKQ
96=BMKCkATSgpAE4oKQBPKCsAFAAf7RAVSAHRdxZIAdkRF0gBJ08KHwBmQBtJABlUAmgBRR4a
97=yAFZHBtKASEBkXccyAFFHh1IAXgnQQQeyAFVAh9JASCtBSDIAVUCIUgBASEBAABJASJIAc
98=EEI0gBZFUBAAAAJMgBTQQlSQFZSAJJACbIAVUCJ0kBXEgCSQAoSAFoWUkBKcgBQQQqSAHB
99=MCtIAVADaQAsKCkALUkB3UAFWQIuSAFYAGkALygpADAoKQAxKCkAMigpADNIAc0mNEkBeX
100=8HAAA1yAFJCzZJAVq1AjfIAVUCOEkBX7UCOcgBVQI6SQEiXAABAgAAO8gBVSM8SAHRKj3I
101=AVUCPkoBIQGBMD/IAVUCQMgBRQhBSAFgUVUMQsgBWQVDSAHJIkRIAcU/RSgpAEYoKQBHKC
102=kASCgpAEkoKQBKKCkASygpAEwoKQBNKCkATigpAE8oKQBQKCsAEwAg+VMUKCkAFUgB3SsW
103=SAHBqRdIAdl/GEgBeFNRHxnIAQEEAAAayAEBBQAAG0gBaMdRHxxJASBeAAAAW7MgACBIAU
104=gAVaQAYgQAAFARQFRIAkgAWwMAIQFPAgAAIVgGASEBAABIAAIiACAAIlwAXQIjSAFlVQJm
105=VSAAaAFNECVUAmRVVQImyAFVAidIAWRVRQcoSAFkVUEEKcgBQQQqSAHZMitIAVgLaQAsKC
106=kALSgpAC4oKQAvSQHbUApRBTBJAdOpATFIAdm2MkgB1QIzSAHNJjRIAWRVTRA1yAFNEDZI
107=AWRVVQI3yAFVAjhIAWRVVQI5yAFVAjpIAWxSQQ87yAFNDzxKASEBTwIAAD3IAVUBPkkBIF
108=0AAHSnWCpIAUkAQFQC1S5BSAFkVUkMQsgBSQxDSAHJIkRIASekCieVCEYoVQBHKCkASCgp
109=AEkoKQBKKCkASygpAEwoKQBNKCkATigpAE8oKQBQKCkAUSgpABJQQ8UTEygpABQoKQAVSQ
110=HaWB1RHxZIAdGuF0kB0rUCGEgB2TIZSQF8QAVJABrIAU0EG0kBaEgCSQAcyAFVAh1JASBc
111=AEElHkgBZClZJx/IAVUCIEoBIQGdgyHIAVUCIkkBIrUCI8gBVQIkSAF0OUkBJcgBAQIAAC
112=bIAVUCJ0gBdA1VAihKAXQAgQApyAFdCSpIAdUYK0gB1U8sKCkALSgpAC4oKQAvSAHZBjAo
113=KQAxSAHBJTJIAd0rM0gBxYE0SAFk+lUQNcgBTRA2SgEhAYHKN0gBYBpdFTjIAVUYOcgBVQ
114=I6KCkAO8gBQQQ8SgEhAY0mPcgBVQI+SQEgtQI/yAFVAkBKAXYAgQBByAFNBELIAUkMQ0gB
115=J/0KIembRVQCwRpGKCkARygpAEgoKQBJKCkASigpAEsoKQBMKCkATSgpAE4oKQBPKCkAUC
116=gpAFEoKQBSKCsAEQAi8RQSKCkAEygpABQoKQAVKCkAFkgB0TUXSAHNGxhIAdE1GUgBdFpJ
117=IhrIAVknG0gBdFpVAhzIAVUCHUsBIQEAZa0eSAFoOEUsH8gBQANVrwDVAiEoVQAiSQEiVA
118=NNBSPIAVUBJEgBfGJJASVJASBdAAB0Wky4SAFJACdUAtEJKEgBZLhBBCnIAUEEKkkBW0gC
119=SQAryAFVAixIAWi8VQItyAFVAi5IAXy6VQIvyAFVAjBIAcFcMSgpADJIAclkM0gBwQQ0SA
120=F1WgIi/iAiAGgBSSI2VAJwFFEJN0kBIF0AACLkPicVAzlVAiK1AjrIAVUBO0gBcB9NBTzI
121=AVUCPUgBzQU+yAFVAj9IAc0FQEgBdFpBD0HIAVXpQsgBVelDSAEnVAsnwQhFVALFP0YoKQ
122=BHKCkASCgpAEkoKQBKKCkASygpAEwoKQBNKCkATigpAE8oKQBQKCkAUSgpAFIoKQBTKCsA
123=EAAj4VwRKCkAEigpABMoKQAUKCkAFSgpABZIASU1MxdIAcUeGEgBJ64LIwDduhpUAsE7G0
124=gBIoA3TTEcyAFVLh1KASEBmZUeSAFtPAIiBSIjgFxBMCAoVQAhyAFVAiJJASJaBgIAQAFU
125=XUgBVQIkUAFoOEkBJUkBIFQCQQQmyAFVAidIAWAEAQAAAChIAWxdQQQpyAFBBCpIAWxdVQ
126=IryAFVAixIAWxdVQItyAFVAi5IAWxdVQIvyAFVAjBIAdEfMUgBeAZVDTLIAUUSM0gBIhQk
127=VQI0SQFgXABJADXIAUEENkgBfCBRCTdJASBIAkkMOMgBVQI5SQEitQI6yAFVAjtIAWwbAQ
128=IAADxKAXAAgQA9yAFZBT5JAWqSAgA/yAFVAkBJAX21AkHIAVUCQkgB3TZDSQHUSAJNBERI
129=Adk9RSgpAEYoKQBHKCkASCgpAEkoKQBKKCkASygpAEwoKQBNKCkATigpAE8oKQBQKCkAUS
130=gpAFIoKQBTKCkAVCgrAA8AJPleECgpABEoKQASKCkAEygpABQoKQAVKCkAFigpABcoKQAY
131=SAElZS4ZSAHBJRpIAd1iG0gBZGBFNBzIAV02HUkBIlwrSQAeSAFkP0ktH8gBVQIgSAFgBF
132=UCIcgBVQIiyAFVAiPIAVUCJEgBcEBJASVKASEBWAN0vQEkACEBgconVAJhBAJmYCQAaAFN
133=ECkoVQAqyAFVAitKASEBIyEgLMgBVQItSAF4BkUILkgBbGhRDC/IAVkFMEgBJeVUMUgBZG
134=BNBTLIAUUIM0gBZGBNBTRIAWRgQQQ1yAFBBDZKASEBnRU3SQEiSAFJDDjIAVUBOUoBIQFP
135=AgAAOsgBVQE7SAHNBTxIAWVgAiIOLiQAaAFdCj5UAmRgVQI/yAFVAkBIAWRgVQJByAFVAk
136=JIAcm8Q0gB1TlEKCkARSgpAEYoKQBHKCkASCgpAEkoKQBKKCkASygpAEwoKQBNKCkATigp
137=AE8oKQBQKCkAUSgpAFIoKQBTKCkAVCgpAFUoKwAOACXxYQ8oKQAQKCkAESgpABIoKQATKC
138=kAFCgpABUoKQAWKCkAF0gBJU02GEgBzYkZSAElITYaSAHVAhtIASJsJF05HMgBVTkdSQFr
139=SAJJAB7IAVUCH0kBbEgCSQAgSAEi8CRJASHIAUEEIkkBIl0AAmXDJSOYOlU5JFQCcFZJAS
140=VKASEBlVomyAFVAidIAWAEUQkoyAFNBCnIAVUCKsgBVQIrSQEgXAABAAAALMgBVQEtSAHR
141=dy5IAXxiTRAvyAFJDDBIASddDCX92zJWAiEBmREzyAFNBTRIAXgRRQg1SgEhAYEENsgBQQ
142=Q3SQEitQI4yAFVAjlKASEBjQU6yAFVAjtIAc0FPEkBcVwWSQA9yAFZBT5IAc0xP0gB2ddA
143=KCkAQSgpAEJIAdnBQ0gBJ1wMJ0UJRShVAEYoKQBHKCkASCgpAEkoKQBKKCkASygpAEwoKQ
144=BNKCkATigpAE8oKQBQKCkAUSgpAFIoKQBTKCkAVCgpAFUoKQBWKCsADQAm6WQOKCkADygp
145=ABAoKQARKCkAEigpABMoKQAUKCkAFSgpABYoKQAXKCkAGEgBJSUxGUgB3SsaSAEnFhkmAH
146=VlAiIUZqgBTTwdQAR0ZVUCHsgBVQIfSAF0ZU08IEgBdGVBBCHIAUEEIkgBfExBBCNIAd1X
147=JMgBVQIlSQEiXABBRibIAVUBJ0gBeQYCdcgmKBQZqAFVAirABEkMK0kBIEwGVQIsyAFVAi
148=1IAXQNVQIuyAFVAi9KASEBnVcwSQEiSAEBAAAAMcgBVQEySAFgD1UCM8gBVQI0SgEhAUwC
149=Is8wJgAgqQE2VAJoAVUBN0sBIQEAYQA4yAFVATlIAdEJOsgBVQI7yAFRBTxIAXVlAnbIJg
150=BoAVEUPlQCxcM/SAHFNEAoKQBBKCkAQigpAEMoKQBEKCkARSgpAEYoKQBHKCkASCgpAEko
151=KQBKKCkASygpAEwoKQBNKCkATigpAE8oKQBQKCkAUSgpAFIoKQBTKCkAVCgpAFUoKQBWKC
152=kAVygrAAwAJ+FnDSgpAA4oKQAPKCkAECgpABEoKQASKCkAEygpABQoKQAVKCkAFigpABco
153=KQAYSAElhTIZSAEnxhknAMmbG1QCyQEcKCkAHUgB2aAeSAHBBB9IAdUCIEgBaG9JQyHIAU
154=FGIkgBIlQhVQIjyAFVAiRIAWByVQIlyAFVAiZIASKseVUCJ8gBVQIoSgEhASO9IylIAc1S
155=KsgBQQMrSQEiXABZBizIAVUBLUkBIFwAAQAAAC7IAVUBL0gBxQgwSAF5BgJtaCft4TJUAm
156=AEVQIzyAFVWjRKASEBiW81SQEgqQE2yAFBBDdIASIdJQAi3D0LJwBwAAAAAQAAOQAnAGsR
157=AABIDQAgAAQAAAAAAAA6ACcAawAAAAEAADsAJwBsSAFJADxJAX5cAEkAPcgBQQQ+SQHQXA
158=BVAj9KAf//QwEAAEAoKQBBKCkAQigpAEMoKQBEKCkARSgpAEYoKQBHKCkASCgpAEkoKQBK
159=KCkASygpAEwoKQBNKCkATigpAE8oKQBQKCkAUSgpAFIoKQBTKCkAVCgpAFUoKQBWKCkAVy
160=gpAFgoKAABCwAoANUjDCgpAA0oKQAOKCkADygpABAoKQARKCkAEigpABMoKQAUKCkAFSgp
161=ABYoKQAXKCkAGCgpABkoKQAaKCkAGygpABwoKQAdSQHYuT0eSAHBGh9JAda1AiBJAXxMQA
162=ECAAAhyAEBAwAAIkkBarUCI8gBVQIkSAF8TE0FJcgBVQImSQFnrQUnyAFVAihIAQEhAQAA
163=SQEpSQEfSAFZBirIAVUCK0kBIrUCLMgBVQItSQEgtQIuyAFVAi9IAcUIMEkBHkAEAQAAAD
164=HIAVUBMsgBVQIzyAFVAjRIAWgMVQI1yAFVAjZIAcUIN0kBcFQDAQIAADjIAVUNOUgB2Rw6
165=yAFVAjtIAWRrRQg8SAFka1kGPcgBQQQ+SAEnZA0n7QhAVALVLkEoKQBCKCkAQygpAEQoKQ
166=BFKCkARigpAEcoKQBIKCkASSgpAEooKQBLKCkATCgpAE0oKQBOKCkATygpAFAoKQBRKCkA
167=UigpAFMoKQBUKCkAVSgpAFYoKQBXKCkAWCgpAFkoKwAKACnxbAsoKQAMKCkADSgpAA4oKQ
168=APKCkAECgpABEoKQASKCkAEygpABQoKQAVKCkAFigpABcoKQAYKCkAGSgpABooKQAbKCkA
169=HCgpAB1IASe8DSdtAx9VAtpAR0lNIEkB0qkBISgpACIoKQAjKCkAJCgpACVJAc25BiZJAW
170=RECUkAJ8gBQQMoSAF0WkkBKUoBIQFbAwAAKsgBVQErSAFsaF0CLMgBVQItSAF4BlUCLsgB
171=VQIvSgEhAU8CAAAwSAFgBE1dMcgBTV0yyAFVAjPIAVUCNEkBIlgGAQIAADXIAVUCNkgBxQ
172=g3SQFymApebSkAaAFZBTlUAs0bOkgB1SM7KCkAPCgpAD0oKQA+SQHUWAddCT9IAdFsQCgp
173=AEEoKQBCKCkAQygpAEQoKQBFKCkARigpAEcoKQBIKCkASSgpAEooKQBLKCkATCgpAE0oKQ
174=BOKCkATygpAFAoKQBRKCkAUigpAFMoKQBUKCkAVSgpAFYoKQBXKCkAWCgpAFkoKQBaKCkA
175=CVBDzSYKKCkACygpAAwoKQANKCkADigpAA8oKQAQKCkAESgpABIoKQATKCkAFCgpABUoKQ
176=AWKCkAFygpABgoKQAZKCkAGigpABsoKQAcKCkAHUgBJxUOKuWMH1QCxR4gKCkAISgpACIo
177=KQAjKCkAJCgpACVIAd3mJkkBe0hPSQAnyAFNUShJAWlIAkkAKcgBVQIqSAFk5FUCK8gBVQ
178=IsSAFgcklkLUgByWQuyAFVAi9IAQEhAQAAWWkwSAFgBEUIMcgBQQMySQEgXAABAAAAM8gB
179=VQE0SAF8ClUCNcgBVQI2SQEgXAABAAAAN0gBaG9dCjjIAVUNOUgB2dc6SAHBJTsoKQA8KC
180=kAPSgpAD4oKQA/KCkAQCgpAEEoKQBCKCkAQygpAEQoKQBFKCkARigpAEcoKQBIKCkASSgp
181=AEooKQBLKCkATCgpAE0oKQBOKCkATygpAFAoKQBRKCkAUigpAFMoKQBUKCkAVSgpAFYoKQ
182=BXKCkAWCgpAFkoKQBaKCkAWygrAAgAK+VVCSgpAAooKQALKCkADCgpAA0oKQAOKCkADygp
183=ABAoKQARKCkAEigpABMoKQAUKCkAFSgpABYoKQAXKCkAGCgpABkoKQAaKCkAGygpABwoKQ
184=AdSAEnbA4nxQMfVALJTiAoKQAhKCkAIigpACMoKQAkKCkAJUgBJ24OKwBsc0FcJ1QCaAFB
185=XChIAWxzVQIpyAFVAipIAWxzVQIryAFVAixIAWxoQWYtyAFBZy7IAVUCL0oBIQFMAmbkKw
186=Bsc0UIMVQCaAFFCDJJAW2cA05zKwBoAVkFNFQCbBBBAzXIAVUCNkgBImgpVQI3SAEiaClJ
187=ATjIAUEEOUgBJ2wOJ80EO1QCzSY8KCkAPSgpAD4oKQA/KCkAQCgpAEEoKQBCKCkAQygpAE
188=QoKQBFKCkARigpAEcoKQBIKCkASSgpAEooKQBLKCkATCgpAE0oKQBOKCkATygpAFAoKQBR
189=KCkAUigpAFMoKQBUKCkAVSgpAFYoKQBXKCkAWCgpAFkoKQBaKCkAWygpAFwoKwAHACz5dA
190=goKQAJKCkACigpAAsoKQAMKCkADSgpAA4oKQAPKCkAECgpABEoKQASKCkAEygpABQoKQAV
191=KCkAFigpABcoKQAYKCkAGSgpABooKQAbKCkAHCgpAB1IAcVrHkkBz0BSWVMfKCkAICgpAC
192=EoKQAiKCkAIygpACQoKQAlSAEl3ScmSAEl3ScnKCkAKCgpAClIAc0FKkgBIsQ6TRAryAFF
193=EixJAWlIAkkALcgBVQIuSQFrSAJJAC/IAVUCMEkBakgCSQAxyAFVAjJJAW1IAl14M8gBXX
194=g0SAF8ClUCNcgBVQI2SQFsTAVZBjdIAWR2QQQ4yAFBBDlIASfEDifBCDtUAifEDidVAD0o
195=VQA+KCkAPygpAEAoKQBBKCkAQigpAEMoKQBEKCkARSgpAEYoKQBHKCkASCgpAEkoKQBKKC
196=kASygpAEwoKQBNKCkATigpAE8oKQBQKCkAUSgpAFIoKQBTKCkAVCgpAFUoKQBWKCkAVygp
197=AFgoKQBZKCkAWigpAFsoKQBcKCkAXSgrAAYALfF3BygpAAgoKQAJKCkACigpAAsoKQAMKC
198=kADSgpAA4oKQAPKCkAECgpABEoKQASKCkAEygpABQoKQAVKCkAFigpABcoKQAYKCkAGSgp
199=ABooKQAbKCkAHCgpAB1JAVtQVkkAHsgBXVcfyAFVAiDIAVUCIUkBWkgCSQAiyAFVAiNIAU
200=QCaQAkKCkAJUgBzV0mSAHBXCcoKQAoKCkAKUgBzYkqSAF8eEFnK8gBQWcsSAHdbS3IAVUC
201=LkgBfHhNBS/IAVUCMEgBfHhVAjHIAVUCMkgBfXgEIlUsLYTvAQUAADRUAsGINUgB0Y02KC
202=kANygpADgoKQA5SAElkTk6SAHNGzsoKQA8KCkAPSgpAD4oKQA/KCkAQCgpAEEoKQBCKCkA
203=QygpAEQoKQBFKCkARigpAEcoKQBIKCkASSgpAEooKQBLKCkATCgpAE0oKQBOKCkATygpAF
204=AoKQBRKCkAUigpAFMoKQBUKCkAVSgpAFYoKQBXKCkAWCgpAFkoKQBaKCkAWygpAFwoKQBd
205=KCkAXigrAAUALul6BigpAAcoKQAIKCkACSgpAAooKQALKCkADCgpAA0oKQAOKCkADygpAB
206=AoKQARKCkAEigpABMoKQAUKCkAFSgpABYoKQAXKCkAGCgpABkoKQAaKCkAGygpABwoKQAd
207=SAF0e1FhHsgBUWEfyAFVAiDIAVUCIUgBdHtVAiLIAVUCI0gBZNlZeyTIAU1+JUgBJ3QPJ6
208=kFJ1QC0WEoKCkAKUgBJZ1LKkgB0WwrKCkALCgpAC0oKQAuKCkALygpADAoKQAxKCkAMigp
209=ADMoKQA0SAHZdDVIAcUTNigpADcoKQA4KCkAOSgpADooKQA7KCkAPCgpAD0oKQA+KCkAPy
210=gpAEAoKQBBKCkAQigpAEMoKQBEKCkARSgpAEYoKQBHKCkASCgpAEkoKQBKKCkASygpAEwo
211=KQBNKCkATigpAE8oKQBQKCkAUSgpAFIoKQBTKCkAVCgpAFUoKQBWKCkAVygpAFgoKQBZKC
212=kAWigpAFsoKQBcKCkAXSgpAF4oKQBfKCsABAAv4X0FKCkABigpAAcoKQAIKCkACSgpAAoo
213=KQALKCkADCgpAA0oKQAOKCkADygpABAoKQARKCkAEigpABMoKQAUKCkAFSgpABYoKQAXKC
214=kAGCgpABkoKQAaKCkAGygpABwoKQAdKCkAHigpAB8oKQAgKCkAISgpACIoKQAjSAFsfkWB
215=JMgBRYElSAEnzA8n1QUnVALFaygoKQApKCkAKigpACsoKQAsKCkALSgpAC4oKQAvKCkAMC
216=gpADEoKQAyKCkAMygpADQoKQA1KCkANigpADcoKQA4KCkAOSgpADooKQA7KCkAPCgpAD0o
217=KQA+KCkAPygpAEAoKQBBKCkAQigpAEMoKQBEKCkARSgpAEYoKQBHKCkASCgpAEkoKQBKKC
218=kASygpAEwoKQBNKCkATigpAE8oKQBQKCkAUSgpAFIoKQBTKCkAVCgpAFUoKQBWKCkAVygp
219=AFgoKQBZKCkAWigpAFsoKQBcKCkAXSgpAF4oKQBfKCkAYCgrAAMAMPl/BCgpAAUoKQAGKC
220=kABygpAAgoKQAJKCkACigpAAsoKQAMKCkADSgpAA4oKQAPKCkAECgpABEoKQASKCkAEygp
221=ABQoKQAVKCkAFigpABcoKQAYKCkAGSgpABooKAAKGwAwAP//AAAAAAAcABEAAPYLACAIMA
222=D//wAAAAAAHQAnKQAeKCkAHygpACAoKQAhKCkAIigpACNKAdoBSwkAACRJAdKpASVJAdSp
223=ASZIAdUNJygpACgoKQApKCkAKigpACsoKQAsKCkALSgpAC4oKQAvKCkAMCgpADEoKQAyKC
224=kAMygpADQoKQA1KCkANigpADcoKQA4KCkAOSgpADooKQA7KCkAPCgpAD0oKQA+KCkAPygp
225=AEAoKQBBKCkAQigpAEMoKQBEKCkARSgpAEYoKQBHKCkASCgpAEkoKQBKKCkASygpAEwoKQ
226=BNKCkATigpAE8oKQBQKCkAUSgpAFIoKQBTKCkAVCgpAFUoKQBWKCkAVygpAFgoKQBZKCkA
227=WigpAFsoKQBcKCkAXSgpAF4oKQBfKCkAYCgpAGEoKwACADHlYAMoKQAEKCkABSgpAAYoKQ
228=AHKCkACCgpAAkoKQAKKCkACygpAAwoKQANKCkADigpAA8oKQAQKCkAESgpABIoKQATKCkA
229=FCgpABUoKQAWKCkAFygpABgoKQAZKCkAGigpABsoKQAcKCkAHSgpAB4oKQAfKCkAICgpAC
230=EoKQAiKCkAIygpACQoKQAlKCkAJigpACcoKQAoKCkAKSgpACooKQArKCkALCgpAC0oKQAu
231=KCkALygpADAoKQAxKCkAMigpADMoKQA0KCkANSgpADYoKQA3KCkAOCgpADkoKQA6KCkAOy
232=gpADwoKQA9KCkAPigpAD8oKQBAKCkAQSgpAEIoKQBDKCkARCgpAEUoKQBGKCkARygpAEgo
233=KQBJKCkASigpAEsoKQBMKCkATSgpAE4oKQBPKCkAUCgpAFEoKQBSKCkAUygpAFQoKQBVKC
234=kAVigpAFcoKQBYKCkAWSgpAFooKQBbKCkAXCgpAF0oKQBeKCkAXygpAGAoKQBhKCkAYigr
235=AAEAMumFAigpAAMoKQAEKCkABSgpAAYoKQAHKCkACCgpAAkoKQAKKCkACygpAAwoKQANKC
236=kADigpAA8oKQAQKCkAESgpABIoKQATKCkAFCgpABUoKQAWKCkAFygpABgoKQAZKCkAGigp
237=ABsoKQAcKCkAHSgpAB4oKQAfKCkAICgpACEoKQAiKCkAIygpACQoKQAlKCkAJigpACcoKQ
238=AoKCkAKSgpACooKQArKCkALCgpAC0oKQAuKCkALygpADAoKQAxKCkAMigpADMoKQA0KCkA
239=NSgpADYoKQA3KCkAOCgpADkoKQA6KCkAOygpADwoKQA9KCkAPigpAD8oKQBAKCkAQSgpAE
240=IoKQBDKCkARCgpAEUoKQBGKCkARygpAEgoKQBJKCkASigpAEsoKQBMKCkATSgpAE4oKQBP
241=KCkAUCgpAFEoKQBSKCkAUygpAFQoKQBVKCkAVigpAFcoKQBYKCkAWSgpAFooKQBbKCkAXC
242=gpAF0oKQBeKCkAXygpAGAoKQBhKCkAYigpAGMoKwACADPhiAMoKQAEKCkABSgpAAYoKQAH
243=KCkACCgpAAkoKQAKKCkACygpAAwoKQANKCkADigpAA8oKQAQKCkAESgpABIoKQATKCkAFC
244=gpABUoKQAWKCkAFygpABgoKQAZKCkAGigpABsoKQAcKCkAHSgpAB4oKQAfKCkAICgpACEo
245=KQAiKCkAIygpACQoKQAlKCkAJigpACcoKQAoKCkAKSgpACooKQArKCkALEkBuCRhMy1JAb
246=CpAS4oKQAvKCkAMCgpADEoKQAyKCkAM0kBsqUINEgBJZU0NUgBIz81AAA2KCkANygpADgo
247=KQA5SAHZBjooKQA7KCkAPCgpAD0oKQA+KCkAPygpAEAoKQBBKCkAQigpAEMoKQBEKCkARS
248=gpAEYoKQBHKCkASCgpAEkoKQBKKCkASygpAEwoKQBNKCkATigpAE8oKQBQKCkAUSgpAFIo
249=KQBTKCkAVCgpAFUoKQBWKCkAVygpAFgoKQBZKCkAWigpAFsoKQBcKCkAXSgpAF4oKQBfKC
250=kAYCgpAGEoKQBiKCkAYygrAAMANPWGBCgpAAUoKQAGKCkABygpAAgoKQAJKCkACigpAAso
251=KQAMKCkADSgpAA4oKQAPKCkAECgpABEoKQASKCkAEygpABQoKQAVKCkAFigpABcoKQAYKC
252=kAGSgpABooKQAbKCkAHCgpAB0oKQAeKCkAHygpACAoKQAhKCkAIigpACMoKQAkKCkAJSgp
253=ACYoKQAnKCkAKCgpACkoKQAqKCkAKygpACxJAbe1ey1JAfapAS4oKQAvKCkAMCgpADEoKQ
254=AyKCkAM0kBsaUINEgBzX41SAEnqRA0xgEANyhVADgoKQA5SAHZBjooKQA7KCkAPCgpAD0o
255=KQA+KCkAPygpAEAoKQBBKCkAQigpAEMoKQBEKCkARSgpAEYoKQBHKCkASCgpAEkoKQBKKC
256=kASygpAEwoKQBNKCkATigpAE8oKQBQKCkAUSgpAFIoKQBTKCkAVCgpAFUoKQBWKCkAVygp
257=AFgoKQBZKCkAWigpAFsoKQBcKCkAXSgpAF4oKQBfKCkAYCgpAGEoKQBiKCsABAA1/YMFKC
258=kABigpAAcoKQAIKCkACSgpAAooKQALKCkADCgpAA0oKQAOKCkADygpABAoKQARKCkAEigp
259=ABMoKQAUKCkAFSgpABYoKQAXKCkAGCgpABkoKQAaKCkAGygpABwoKQAdKCkAHigpAB8oKQ
260=AgKCkAISgpACIoKQAjKCkAJCgpACUoKQAmKCkAJygpACgoKQApKCkAKigpACsoKQAsSAEn
261=UhA1ACdQECcpAC9ABNUCMCgpADEoKQAyKCkAM0gBJ1AQJz0INVQCyYE2KCkANygpADgoKQ
262=A5SAEnUBAnBQE7KFUAPCgpAD0oKQA+KCkAPygpAEAoKQBBKCkAQigpAEMoKQBEKCkARSgp
263=AEYoKQBHKCkASCgpAEkoKQBKKCkASygpAEwoKQBNKCkATigpAE8oKQBQKCkAUSgpAFIoKQ
264=BTKCkAVCgpAFUoKQBWKCkAVygpAFgoKQBZKCkAWigpAFsoKQBcKCkAXSgpAF4oKQBfKCkA
265=YCgpAGEoKwAFADblgQYoKQAHKCkACCgpAAkoKQAKKCkACygpAAwoKQANKCkADigpAA8oKQ
266=AQKCkAESgpABIoKQATKCkAFCgpABUoKQAWKCkAFygpABgoKQAZKCkAGigpABsoKQAcKCkA
267=HSgpAB4oKQAfKCkAICgpACEoKQAiKCkAIygpACQoKQAlKCkAJigpACcoKQAoKCkAKSgpAC
268=ooKQArKCkALEkBu7n4LUkBs6kBLigpAC8oKQAwKCkAMSgpADIoKQAzSQG1pQg0SAHdeDVI
269=ASf5DzbGAQA3KFUAOCgpADlIAdkGOigpADsoKQA8KCkAPSgpAD4oKQA/KCkAQCgpAEEoKQ
270=BCKCkAQygpAEQoKQBFKCkARigpAEcoKQBIKCkASSgpAEooKQBLKCkATCgpAE0oKQBOKCkA
271=TygpAFAoKQBRKCkAUigpAFMoKQBUKCkAVSgpAFYoKQBXKCkAWCgpAFkoKQBaKCkAWygpAF
272=woKQBdKCkAXigpAF8oKQBgKCkABlw53TYHKCkACCgpAAkoKQAKKCkACygpAAwoKQANKCkA
273=DigpAA8oKQAQKCkAESgpABIoKQATKCkAFCgpABUoKQAWKCkAFygpABgoKQAZKCkAGigpAB
274=soKQAcKCkAHSgpAB4oKQAfKCkAICgpACEoKQAiKCkAIygpACQoKQAlKCkAJigpACcoKQAo
275=KCkAKSgpACooKQArKCkALCgpAC0oKQAuKCkALygpADAoKQAxKCkAMigpADMoKQA0KCkANU
276=kBjb17NkkBhakBNygpADhJAYe1AjlIAcFGOigpADsoKQA8KCkAPSgpAD4oKQA/KCkAQCgp
277=AEEoKQBCKCkAQygpAEQoKQBFKCkARigpAEcoKQBIKCkASSgpAEooKQBLKCkATCgpAE0oKQ
278=BOKCkATygpAFAoKQBRKCkAUigpAFMoKQBUKCkAVSgpAFYoKQBXKCkAWCgpAFkoKQBaKCkA
279=WygpAFwoKQBdKCkAXigpAF8oKwAHADjl+ggoKQAJKCkACigpAAsoKQAMKCkADSgpAA4oKA
280=AHDwA4AP//AAAAABEAANULACAFABAAOAD//wBhABEoKQASKCkAEygpABQoKQAVKCkAFigp
281=ABcoKQAYKCkAGSgpABooKQAbKCkAHCgpAB0oKQAeKCkAHygpACAoKQAhKCkAIigpACMoKQ
282=AkKCkAJSgpACYoKQAnKCkAKCgpACkoKQAqKCkAKygpACwoKQAtKCkALigpAC8oKQAwKCkA
283=MSgpADIoKQAzKCkANCgpADVJAYxzMgAANkkBg6kBNygpADhJAYa1AjlKAf//jQE6KCkAOy
284=gpADwoKQA9KCkAPigpAD8oKQBAKCkAQSgpAEIoKQBDKCkARCgpAEUoKQBGKCkARygpAEgo
285=KQBJKCkASigpAEsoKQBMKCkATSgpAE4oKQBPKCkAUCgpAFEoKQBSKCkAUygpAFQoKQBVKC
286=kAVigpAFcoKQBYKCkAWSgpAFooKQBbKCkAXCgpAF0oKQBeKCgAAQgAOQDFNAkoKQAKKCkA
287=CygpAAwoKQANKCkADigpAA8oKQAQKCkAESgpABIoKQATKCkAFCgpABUoKQAWKCkAFygpAB
288=goKQAZKCkAGigpABsoKQAcKCkAHSgpAB4oKQAfKCkAICgpACEoKQAiKCkAIygpACQoKQAl
289=KCkAJigpACcoKQAoKCkAKSgpACooKQArKCkALCgpAC0oKQAuKCkALygpADAoKQAxKCkAMi
290=gpADMoKQA0KCkANUgBJ/IOOQAn8A4nKQA4QAQn8A4naQg6VALVRDsoKQA8KCkAPSgpAD4o
291=KQA/KCkAQCgpAEEoKQBCKCkAQygpAEQoKQBFKCkARigpAEcoKQBIKCkASSgpAEooKQBLKC
292=kATCgpAE0oKQBOKCkATygpAFAoKQBRKCkAUigpAFMoKQBUKCkAVSgpAFYoKQBXKCkAWCgp
293=AFkoKQBaKCkAWygpAFwoKQBdKCsACQA65XYKKCkACygpAAwoKQANKCkADigpAA8oKQAQKC
294=kAESgpABIoKQATKCkAFCgpABUoKQAWKCkAFygpABgoKQAZKCkAGigpABsoKQAcKCkAHSgp
295=AB4oKQAfKCkAICgpACEoKQAiKCkAIygpACQoKQAlKCkAJigpACcoKQAoKCkAKSgpACooKQ
296=ArKCkALCgpAC0oKQAuKCkALygpADAoKQAxKCkAMigpADMoKQA0KCkANUkBkJjmT+w6AIip
297=ATdUAskBOEkBirUCOUgBzXM6KCkAOygpADwoKQA9KCkAPigpAD8oKQBAKCkAQSgpAEIoKQ
298=BDKCkARCgpAEUoKQBGKCkARygpAEgoKQBJKCkASigpAEsoKQBMKCkATSgpAE4oKQBPKCkA
299=UCgpAFEoKQBSKCkAUygpAFQoKQBVKCkAVigpAFcoKQBYKCkAWSgpAFooKQBbKCkAXCgrAA
300=oAO+1zCygpAAwoKQANKCkADigpAA8oKQAQKCkAESgpABIoKQATKCkAFCgpABUoKQAWKCkA
301=FygpABgoKQAZKCkAGigpABsoKQAcKCkAHSgpAB4oKQAfKCkAICgpACEoKQAiKCkAIygpAC
302=QoKQAlKCkAJigpACcoKQAoKCkAKSgpACooKQArKCkALCgpAC0oKQAuKCkALygpADAoKQAx
303=KCkAMigpADMoKQA0KCkANSgpADYoKQA3KCkAOCgpADkoKQA6KCkAOygpADwoKQA9KCkAPi
304=gpAD8oKQBAKCkAQSgpAEIoKQBDKCkARCgpAEUoKQBGKCkARygpAEgoKQBJKCkASigpAEso
305=KQBMKCkATSgpAE4oKQBPKCkAUCgpAFEoKQBSKCkAUygpAFQoKQBVKCkAVigpAFcoKQBYKC
306=kAWSgpAFooKQBbKCsACwA89XAMKCkADSgpAA4oKQAPKCkAECgpABEoKQASKCkAEygpABQo
307=KQAVKCkAFigpABcoKQAYKCkAGSgpABooKQAbKCkAHCgpAB0oKQAeKCkAHygpACAoKQAhKC
308=kAIigpACMoKQAkKCkAJSgpACYoKQAnKCkAKCgpACkoKQAqKCkAKygpACwoKQAtKCkALigp
309=AC8oKQAwKCkAMSgpADIoKQAzKCkANCgpADUoKQA2KCkANygpADgoKQA5KCkAOigpADsoKQ
310=A8KCkAPSgpAD4oKQA/KCkAQCgpAEEoKQBCKCkAQygpAEQoKQBFKCkARigpAEcoKQBIKCkA
311=SSgpAEooKQBLKCkATCgpAE0oKQBOKCkATygpAFAoKQBRKCkAUigpAFMoKQBUKCkAVSgpAF
312=YoKQBXKCkAWCgpAFkoKQBaKCsADAA9/W0NKCkADigpAA8oKQAQKCkAESgpABIoKQATKCkA
313=FCgpABUoKQAWKCkAFygpABgoKQAZKCkAGigpABsoKQAcKCkAHSgpAB4oKQAfKCkAICgpAC
314=EoKQAiKCkAIygpACQoKQAlKCkAJigpACcoKQAoKCkAKSgpACooKQArKCkALCgpAC0oKQAu
315=KCkALygpADAoKQAxKCkAMigpADMoKQA0KCkANSgpADYoKQA3KCkAOCgpADkoKQA6KCkAOy
316=gpADwoKQA9KCkAPigpAD8oKQBAKCkAQSgpAEIoKQBDKCkARCgpAEUoKQBGKCkARygpAEgo
317=KQBJKCkASigpAEsoKQBMKCkATSgpAE4oKQBPKCkAUCgpAFEoKQBSKCkAUygpAFQoKQBVKC
318=kAVigpAFcoKQBYKCkAWSgrAA0APuVrDigpAA8oKQAQKCkAESgpABIoKQATKCkAFCgpABUo
319=KQAWKCkAFygpABgoKQAZKCkAGigpABsoKQAcKCkAHSgpAB4oKQAfKCkAICgpACEoKQAiKC
320=kAIygpACQoKQAlKCkAJigpACcoKQAoKCkAKSgpACooKQArKCkALCgpAC0oKQAuKCkALygp
321=ADAoKQAxKCkAMigpADMoKQA0KCkANSgpADYoKQA3KCkAOCgpADkoKQA6KCkAOygpADwoKQ
322=A9KCkAPigpAD8oKQBAKCkAQSgpAEIoKQBDKCkARCgpAEUoKQBGKCkARygpAEgoKQBJKCkA
323=SigpAEsoKQBMKCkATSgpAE4oKQBPKCkAUCgpAFEoKQBSKCkAUygpAFQoKQBVKCkAVigpAF
324=coKQBYKCsADgA/7WgPKCkAECgpABEoKQASKCkAEygpABQoKQAVKCkAFigpABcoKQAYKCkA
325=GSgpABooKQAbKCkAHCgpAB0oKQAeKCkAHygpACAoKQAhKCkAIigpACMoKQAkKCkAJSgpAC
326=YoKQAnKCkAKCgpACkoKQAqKCkAKygpACwoKQAtKCkALigpAC8oKQAwKCkAMSgpADIoKQAz
327=KCkANCgpADUoKQA2KCkANygpADgoKQA5KCkAOigpADsoKQA8KCkAPSgpAD4oKQA/KCkAQC
328=gpAEEoKQBCKCkAQygpAEQoKQBFKCkARigpAEcoKQBIKCkASSgpAEooKQBLKCkATCgpAE0o
329=KQBOKCkATygpAFAoKQBRKCkAUigpAFMoKQBUKCkAVSgpAFYoKQBXKCsADwBA9WUQKCkAES
330=gpABIoKQATKCkAFCgpABUoKQAWKCkAFygpABgoKQAZKCkAGigpABsoKQAcKCkAHSgpAB4o
331=KQAfKCkAICgpACEoKQAiKCkAIygpACQoKQAlKCkAJigpACcoKQAoKCkAKSgpACooKQArKC
332=kALCgpAC0oKQAuKCkALygpADAoKQAxKCkAMigpADMoKQA0KCkANSgpADYoKQA3KCkAOCgp
333=ADkoKQA6KCkAOygpADwoKQA9KCkAPigpAD8oKQBAKCkAQSgpAEIoKQBDKCkARCgpAEUoKQ
334=BGKCkARygpAEgoKQBJKCkASigpAEsoKQBMKCkATSgpAE4oKQBPKCkAUCgpAFEoKQBSKCkA
335=UygpAFQoKQBVKCkAVigrABAAQf1iESgpABIoKQATKCkAFCgpABUoKQAWKCkAFygpABgoKQ
336=AZKCkAGigpABsoKQAcKCkAHSgpAB4oKQAfKCkAICgpACEoKQAiKCkAIygpACQoKQAlKCkA
337=JigpACcoKQAoKCkAKSgpACooKQArKCkALCgpAC0oKQAuKCkALygpADAoKAAEMQBBAP//AB
338=EAAMMLACAHAAAAADIAQQD//0ABAwAAMwBBAMkBNCgpADUoKQA2KCkANygpADgoKQA5KCkA
339=OigpADsoKQA8KCkAPSgpAD4oKQA/KCkAQCgpAEEoKQBCKCkAQygpAEQoKQBFKCkARigpAE
340=coKQBIKCkASSgpAEooKQBLKCkATCgpAE0oKQBOKCkATygpAFAoKQBRKCkAUigpAFMoKQBU
341=KCkAVSgrABEAQuEwEigpABMoKQAUKCkAFSgpABYoKQAXKCkAGCgpABkoKQAaKCkAGygpAB
342=woKQAdKCkAHigpAB8oKQAgKCkAISgpACIoKQAjKCkAJCgpACUoKQAmKCkAJygpACgoKQAp
343=KCkAKigpACsoKQAsKCkALSgpAC4oKQAvKCkAMCgpADEoKQAyKCkAMygpADQoKQA1KCkANi
344=gpADcoKQA4KCkAOSgpADooKQA7KCkAPCgpAD0oKQA+KCkAPygpAEAoKQBBKCkAQigpAEMo
345=KQBEKCkARSgpAEYoKQBHKCkASCgpAEkoKQBKKCkASygpAEwoKQBNKCkATigpAE8oKQBQKC
346=kAUSgpAFIoKQBTKCkAVCgrABIAQ+1dEygpABQoKQAVKCkAFigpABcoKQAYKCkAGSgpABoo
347=KQAbKCkAHCgpAB0oKQAeKCkAHygpACAoKQAhKCkAIigpACMoKQAkKCkAJSgpACYoKQAnKC
348=kAKCgpACkoKQAqKCkAKygpACwoKQAtKCkALigpAC8oKQAwKCkAMSgpADIoKQAzKCkANCgp
349=ADUoKQA2KCkANygpADgoKQA5KCkAOigpADsoKQA8KCkAPSgpAD4oKQA/KCkAQCgpAEEoKQ
350=BCKCkAQygpAEQoKQBFKCkARigpAEcoKQBIKCkASSgpAEooKQBLKCkATCgpAE0oKQBOKCkA
351=TygpAFAoKQBRKCkAUigpAFMoKwATAET1WhQoKQAVKCkAFigpABcoKQAYKCkAGSgpABooKQ
352=AbKCkAHCgpAB0oKQAeKCkAHygpACAoKQAhKCkAIigpACMoKQAkKCkAJSgpACYoKQAnKCkA
353=KCgpACkoKQAqKCkAKygpACwoKQAtKCkALigpAC8oKQAwKCkAMSgpADIoKQAzKCkANCgpAD
354=UoKQA2KCkANygpADgoKQA5KCkAOigpADsoKQA8KCkAPSgpAD4oKQA/KCkAQCgpAEEoKQBC
355=KCkAQygpAEQoKQBFKCkARigpAEcoKQBIKCkASSgpAEooKQBLKCkATCgpAE0oKQBOKCkATy
356=gpAFAoKQBRKCkAUigrABQARf1XFSgpABYoKQAXKCkAGCgpABkoKQAaKCkAGygpABwoKQAd
357=KCkAHigpAB8oKQAgKCkAISgpACIoKQAjKCkAJCgpACUoKQAmKCkAJygpACgoKQApKCkAKi
358=gpACsoKQAsKCkALSgpAC4oKQAvKCkAMCgpADEoKQAyKCkAMygpADQoKQA1KCkANigpADco
359=KQA4KCkAOSgpADooKQA7KCkAPCgpAD0oKQA+KCkAPygpAEAoKQBBKCkAQigpAEMoKQBEKC
360=kARSgpAEYoKQBHKCkASCgpAEkoKQBKKCkASygpAEwoKQBNKCkATigpAE8oKQBQKCkAUSgr
361=ABUARuVVFigpABcoKQAYKCkAGSgpABooKQAbKCkAHCgpAB0oKQAeKCkAHygpACAoKQAhKC
362=kAIigpACMoKQAkKCkAJSgpACYoKQAnKCkAKCgpACkoKQAqKCkAKygpACwoKQAtKCkALigp
363=AC8oKQAwKCkAMSgpADIoKQAzKCkANCgpADUoKQA2KCkANygpADgoKQA5KCkAOigpADsoKQ
364=A8KCkAPSgpAD4oKQA/KCkAQCgpAEEoKQBCKCkAQygpAEQoKQBFKCkARigpAEcoKQBIKCkA
365=SSgpAEooKQBLKCkATCgpAE0oKQBOKCkATygpAFAoKwAWAEftUhcoKQAYKCkAGSgpABooKQ
366=AbKCkAHCgpAB0oKQAeKCkAHygpACAoKQAhKCkAIigpACMoKQAkKCkAJSgpACYoKQAnKCkA
367=KCgpACkoKQAqKCkAKygpACwoKQAtKCkALigpAC8oKQAwKCkAMSgpADIoKQAzKCkANCgpAD
368=UoKQA2KCkANygpADgoKQA5KCkAOigpADsoKQA8KCkAPSgpAD4oKQA/KCkAQCgpAEEoKQBC
369=KCkAQygpAEQoKQBFKCkARigpAEcoKQBIKCkASSgpAEooKQBLKCkATCgpAE0oKQBOKCkATy
370=grABcASPVPGCgpABkoKQAaKCkAGygpABwoKQAdKCkAHigpAB8oKQAgKCkAISgpACIoKQAj
371=KCkAJCgpACUoKQAmKCkAJygpACgoKQApKCkAKigpACsoKQAsKCkALSgpAC4oKQAvKCkAMC
372=gpADEoKQAyKCkAMygpADQoKQA1KCkANigpADcoKQA4KCkAOSgpADooKQA7KCkAPCgpAD0o
373=KQA+KCkAPygpAEAoKQBBKCkAQigpAEMoKQBEKCkARSgpAEYoKQBHKCkASCgpAEkoKQBKKC
374=kASygpAEwoKQBNKCkATigrABgASf1MGSgpABooKQAbKCkAHCgpAB0oKQAeKCkAHygpACAo
375=KQAhKCkAIigpACMoKQAkKCkAJSgpACYoKQAnKCkAKCgpACkoKQAqKCkAKygpACwoKQAtKC
376=kALigpAC8oKQAwKCkAMSgpADIoKQAzKCkANCgpADUoKQA2KCkANygpADgoKQA5KCkAOigp
377=ADsoKQA8KCkAPSgpAD4oKQA/KCkAQCgpAEEoKQBCKCkAQygpAEQoKQBFKCkARigpAEcoKQ
378=BIKCkASSgpAEooKQBLKCkATCgpAE0oKwAZAErlShooKQAbKCkAHCgpAB0oKQAeKCkAHygp
379=ACAoKQAhKCkAIigpACMoKQAkKCkAJSgpACYoKQAnKCkAKCgpACkoKQAqKCkAKygpACwoKQ
380=AtKCkALigpAC8oKQAwKCkAMSgpADIoKQAzKCkANCgpADUoKQA2KCkANygpADgoKQA5KCkA
381=OigpADsoKQA8KCkAPSgpAD4oKQA/KCkAQCgpAEEoKQBCKCkAQygpAEQoKQBFKCkARigpAE
382=coKQBIKCkASSgpAEooKQBLKCkATCgrABoAS+1HGygpABwoKQAdKCkAHigpAB8oKQAgKCkA
383=ISgpACIoKQAjKCkAJCgpACUoKQAmKCkAJygpACgoKQApKCkAKigpACsoKQAsKCkALSgpAC
384=4oKQAvKCkAMCgpADEoKQAyKCkAMygpADQoKQA1KCkANigpADcoKQA4KCkAOSgpADooKQA7
385=KCkAPCgpAD0oKQA+KCkAPygpAEAoKQBBKCkAQigpAEMoKQBEKCkARSgpAEYoKQBHKCkASC
386=gpAEkoKQBKKCkASygrABsATPVEHCgpAB0oKQAeKCkAHygpACAoKQAhKCkAIigpACMoKQAk
387=KCkAJSgpACYoKQAnKCkAKCgpACkoKQAqKCkAKygpACwoKQAtKCkALigpAC8oKQAwKCkAMS
388=gpADIoKQAzKCkANCgpADUoKQA2KCkANygpADgoKQA5KCkAOigpADsoKQA8KCkAPSgpAD4o
389=KQA/KCkAQCgpAEEoKQBCKCkAQygpAEQoKQBFKCkARigpAEcoKQBIKCkASSgpAEooKwAcAE
390=39QR0oKQAeKCkAHygpACAoKQAhKCkAIigpACMoKQAkKCkAJSgpACYoKQAnKCkAKCgpACko
391=KQAqKCkAKygpACwoKQAtKCkALigpAC8oKQAwKCkAMSgpADIoKQAzKCkANCgpADUoKQA2KC
392=kANygpADgoKQA5KCkAOigpADsoKQA8KCkAPSgpAD4oKQA/KCkAQCgpAEEoKQBCKCkAQygp
393=AEQoKQBFKCkARigpAEcoKQBIKCkASSgrAB0ATuU/HigpAB8oKQAgKCkAISgpACIoKQAjKC
394=kAJCgpACUoKQAmKCkAJygpACgoKQApKCkAKigpACsoKQAsKCkALSgpAC4oKQAvKCkAMCgp
395=ADEoKQAyKCkAMygpADQoKAABNQBOABEAAK4HshQB//8AAEAAATYATgDJATcoKQA4KCkAOS
396=gpADooKQA7KCkAPCgpAD0oKQA+KCkAPygpAEAoKQBBKCkAQigpAEMoKQBEKCkARSgpAEYo
397=KQBHKCkASCgrAB4AT+EaHygpACAoKQAhKCkAIigpACMoKQAkKCkAJSgpACYoKQAnKCkAKC
398=gpACkoKQAqKCkAKygpACwoKQAtKCkALigpAC8oKQAwKCkAMSgpADIoKQAzKCkANCgpADUo
399=KQA2KCkANygpADgoKQA5KCkAOigpADsoKQA8KCkAPSgpAD4oKQA/KCkAQCgpAEEoKQBCKC
400=kAQygpAEQoKQBFKCkARigpAEcoKwAfAFD1OSAoKQAhKCkAIigpACMoKQAkKCkAJSgpACYo
401=KQAnKCkAKCgpACkoKQAqKCkAKygpACwoKQAtKCkALigpAC8oKQAwKCkAMSgpADIoKQAzKC
402=kANCgpADUoKQA2KCkANygpADgoKQA5KCkAOigpADsoKQA8KCkAPSgpAD4oKQA/KCkAQCgp
403=AEEoKQBCKCkAQygpAEQoKQBFKCkARigrACAAUf02ISgpACIoKQAjKCkAJCgpACUoKQAmKC
404=kAJygpACgoKQApKCkAKigpACsoKQAsKCkALSgpAC4oKQAvKCkAMCgpADEoKQAyKCkAMygp
405=ADQoKQA1KCkANigpADcoKQA4KCkAOSgpADooKQA7KCkAPCgpAD0oKQA+KCkAPygpAEAoKQ
406=BBKCkAQigpAEMoKQBEKCkARSgrACEAUuU0IigpACMoKQAkKCkAJSgpACYoKQAnKCkAKCgp
407=ACkoKQAqKCkAKygpACwoKQAtKCkALigpAC8oKQAwKCkAMSgpADIoKQAzKCkANCgpADUoKQ
408=A2KCkANygpADgoKQA5KCkAOigpADsoKQA8KCkAPSgpAD4oKQA/KCkAQCgpAEEoKQBCKCkA
409=QygpAEQoKwAiAFPtMSMoKQAkKCkAJSgpACYoKQAnKCkAKCgpACkoKQAqKCkAKygpACwoKQ
410=AtKCkALigpAC8oKQAwKCkAMSgpADIoKQAzKCkANCgpADUoKQA2KCkANygpADgoKQA5KCkA
411=OigpADsoKQA8KCkAPSgpAD4oKQA/KCkAQCgpAEEoKQBCKCkAQygrACMAVPUuJCgpACUoKQ
412=AmKCkAJygpACgoKQApKCkAKigpACsoKQAsKCkALSgpAC4oKQAvKCkAMCgpADEoKQAyKCkA
413=MygpADQoKQA1KCkANigpADcoKQA4KCkAOSgpADooKQA7KCkAPCgpAD0oKQA+KCkAPygpAE
414=AoKQBBKCkAQigrACQAVf0rJSgpACYoKQAnKCkAKCgpACkoKQAqKCkAKygpACwoKQAtKCkA
415=LigpAC8oKQAwKCkAMSgpADIoKQAzKCkANCgpADUoKQA2KCkANygpADgoKQA5KCkAOigpAD
416=soKQA8KCkAPSgpAD4oKQA/KCkAQCgpAEEoKwAlAFblKSYoKQAnKCkAKCgpACkoKQAqKCkA
417=KygpACwoKQAtKCkALigpAC8oKQAwKCkAMSgpADIoKQAzKCkANCgpADUoKQA2KCkANygpAD
418=goKQA5KCkAOigpADsoKQA8KCkAPSgpAD4oKQA/KCkAQCgrACYAV+0mJygpACgoKQApKCkA
419=KigpACsoKQAsKCkALSgpAC4oKQAvKCkAMCgpADEoKQAyKCkAMygpADQoKQA1KCkANigpAD
420=coKQA4KCkAOSgpADooKQA7KCkAPCgpAD0oKQA+KCkAPygrACcAWPUjKCgpACkoKQAqKCkA
421=KygpACwoKQAtKCkALigpAC8oKQAwKCkAMSgpADIoKQAzKCkANCgpADUoKQA2KCkANygpAD
422=goKQA5KCkAOigpADsoKQA8KCkAPSgpAD4oKwAoAFn9ICkoKQAqKCkAKygpACwoKQAtKCkA
423=LigpAC8oKQAwKCkAMSgpADIoKQAzKCkANCgpADUoKQA2KCkANygpADgoKQA5KCkAOigpAD
424=soKQA8KCkAPSgrACkAWuUeKigpACsoKQAsKCkALSgpAC4oKQAvKCkAMCgpADEoKQAyKCkA
425=MygpADQoKQA1KCkANigpADcoKQA4KCkAOSgpADooKQA7KCkAPCgrACoAW+0bKygpACwoKQ
426=AtKCkALigpAC8oKQAwKCkAMSgpADIoKQAzKCkANCgpADUoKQA2KCkANygpADgoKQA5KCkA
427=OigpADsoKwArAFz1GCwoKQAtKCkALigpAC8oKQAwKCkAMSgpADIoKQAzKCkANCgpADUoKQ
428=A2KCkANygpADgoKQA5KCkAOigrACwAXf0VLSgpAC4oKQAvKCkAMCgpADEoKQAyKCkAMygp
429=ADQoKQA1KCkANigpADcoKQA4KCkAOSgrAC0AXuUTLigpAC8oKQAwKCkAMSgpADIoKQAzKC
430=kANCgpADUoKQA2KCkANygpADgoKwAuAF/tEC8oKQAwKCkAMSgpADIoKQAzKCkANCgpADUo
431=KQA2KCkANygrAC8AYPUNMCgpADEoKQAyKCkAMygpADQoKQA1KCkANigrADAAYf0KMSgpAD
432=IoKQAzKCkANCgpADUoKwAxAGLlCDIoKQAzKCkANCgrADIAY+wFCDMAYwD//wAAAAAAEQAA

[Lighting]
Red=1.000000
Blue=1.000000
Green=1.000000
Level=0.032000
Ground=0.000000
IonRed=1.000000
Ambient=1.000000
IonBlue=1.000000
IonGreen=1.000000
IonLevel=0.032000
IonGround=0.000000
IonAmbient=1.000000
DominatorRed=0.850000
DominatorBlue=0.300000
DominatorGreen=0.200000
DominatorLevel=0.000000
DominatorGround=0.000000
DominatorAmbient=1.500000
DominatorAmbientChangeRate=0.009000

[Map]
Size=0,0,50,50
Theater=DESERT
LocalSize=2,4,46,44

[Neutral]
IQ=0
Edge=North
Color=Grey
Allies=Neutral
Country=Neutral
Credits=0
NodeCount=0
TechLevel=1
PercentBuilt=0
PlayerControl=no

[Nod]
IQ=0
Edge=North
Color=Gold
Allies=Nod
Country=Nod
Credits=0
NodeCount=0
TechLevel=1
PercentBuilt=0
PlayerControl=no

[OverlayDataPack]
1=BQAAIP4AIACABQAAIP4AIACABQAAIP4AIACABQAAIP4AIACABQAAIP4AIACABQAAIP4AIA
2=CABQAAIP4AIACABQAAIP4AIACABQAAIP4AIACABQAAIP4AIACABQAAIP4AIACABQAAIP4A
3=IACABQAAIP4AIACABQAAIP4AIACABQAAIP4AIACABQAAIP4AIACABQAAIP4AIACABQAAIP
4=4AIACABQAAIP4AIACABQAAIP4AIACABQAAIP4AIACABQAAIP4AIACABQAAIP4AIACABQAA
5=IP4AIACABQAAIP4AIACABQAAIP4AIACABQAAIP4AIACABQAAIP4AIACABQAAIP4AIACABQ
6=AAIP4AIACABQAAIP4AIACABQAAIP4AIACA

[OverlayPack]
1=BQAAIP4AIP+ABQAAIP4AIP+ABQAAIP4AIP+ABQAAIP4AIP+ABQAAIP4AIP+ABQAAIP4AIP
2=+ABQAAIP4AIP+ABQAAIP4AIP+ABQAAIP4AIP+ABQAAIP4AIP+ABQAAIP4AIP+ABQAAIP4A
3=IP+ABQAAIP4AIP+ABQAAIP4AIP+ABQAAIP4AIP+ABQAAIP4AIP+ABQAAIP4AIP+ABQAAIP
4=4AIP+ABQAAIP4AIP+ABQAAIP4AIP+ABQAAIP4AIP+ABQAAIP4AIP+ABQAAIP4AIP+ABQAA
5=IP4AIP+ABQAAIP4AIP+ABQAAIP4AIP+ABQAAIP4AIP+ABQAAIP4AIP+ABQAAIP4AIP+ABQ
6=AAIP4AIP+ABQAAIP4AIP+ABQAAIP4AIP+A

[Russians]
IQ=0
Edge=North
Color=DarkRed
Allies=Russians
Country=Russians
Credits=0
NodeCount=0
TechLevel=1
PercentBuilt=0
PlayerControl=no

[Special]
IQ=0
Edge=North
Color=Grey
Allies=Special
Country=Special
Credits=0
NodeCount=0
TechLevel=1
PercentBuilt=0
PlayerControl=no

[SpecialFlags]
Inert=no
FogOfWar=no
IonStorms=no
MCVDeploy=no
Meteorites=no
Visceroids=yes
FixedAlliance=no
TiberiumGrows=yes
InitialVeteran=no
HarvesterImmune=no
TiberiumSpreads=yes
TiberiumExplosive=no
DestroyableBridges=yes

[Tags]
01000005=2,celltest 1,01000004
01000007=0,Warp by power 1,01000006
01000009=0,Zone trigger 1,01000008

[TaskForces]
0=01000002

[TeamTypes]
0=01000003

[Triggers]
01000004=Americans,<none>,celltest,0,1,1,1,0
01000006=Americans,<none>,Warp by power,0,1,1,1,0
01000008=Americans,<none>,Zone trigger,0,1,1,1,0

[Waypoints]
0=60049
1=27044
8=49071

[YuriCountry]
IQ=0
Edge=North
Color=DarkRed
Allies=YuriCountry
Country=YuriCountry
Credits=0
NodeCount=0
TechLevel=1
PercentBuilt=0
PlayerControl=no



[Digest]
1=gDmNpF+c7mGTgn3jmbOYOAPga4M=

