; Map created with FinalAlert 2(tm) Mission Editor
; Get it at http://www.westwood.com
; note that all comments were truncated

[Header]
Width=45
Height=44
StartX=233
StartY=30
Waypoint1=251,50
Waypoint2=0,0
Waypoint3=0,0
Waypoint4=0,0
Waypoint5=0,0
Waypoint6=0,0
Waypoint7=0,0
Waypoint8=0,0
NumberStartingPoints=1

[VehicleTypes]


[Preview]
Size=0,0,100,50

[PreviewPack]
1=4w0AIAbVs23Vs2zVs2yAASDNLAADgoOAUVRWSAAGQkRETFBSfn99SAA4HARIJEgASCRIAE
2=ABSABAAUgAQAFIAEABSABAAUgAQAFIAEABSABAAUgAQAFIAEABSABAAUgAQAFIAEABSABA
3=AUgAQAFIAEABSABAAUgAQAFIAEABSABAAUgAQAFIAEABSABAAUgAQAFIAEABSABAAUgAQA
4=FIAEABSABAAUgAQAFIAEABSABAAUgAQAFIAEABSABAAUgAAARtvLKguK2bxrKNv7Wjt7Cf
5=sqqb0LJ4VCE2lAQOt6JluqVl1bNs1rFs5bxx2LJQCEgAQApIAKABVABIAFgBSABAAUgAQA
6=FIAEABSABAAUgAQAFIAEABSABAAUgAQAFIAEABSABAAUgAQAFIAEABSABAAUgAQAFIAEAB
7=SABAAUgAQAFIAEABSABAAUgAQAFIAEABSABAAUgAQAFIAEABSABAAUgAB22KajmRdUSEZz
8=lEHQaIZzqZe0R2WDNMAYgAQAQHbLylZa2YW8yraEQdRSN4gABQIwzOr2yllFawnmC1rJ2z
9=qp42lARYBwaZkU+cklKgkVWvCt61a4ABKAwCRAsvRAAqdAAgXiwACZRxPZB1RpV7TJN1QC
10=ecAlgBJy8AhmE0JywATBknlASIJdAATElEIDOUBMQEmwCmlFeJCWyALgZt17Fs37Vr17Aq
11=xAQgXjQEmBMxDwKfgUiIA2xGgAHMBAnGpWe9nGDAnGG6l10nXgB/XSjEBFxHiB/QAEwEA4
12=KAe3p6djBcEsQEKRgAVC1cBYgABGzjuW3lvHKsAfwCUBFYEEgAQAFIAEABSABAAUgAQAFI
13=AEABSABAAUgAQAFIAEABSABAAUgAQAFIAEABSABAAUgAQAFIAEABSABAAUgAQAFIAEABSA
14=BAAUgAQAFIAMw3UINLEraiZYA6B2y4kFaBYDmIYzhHFM+takgDQAGIAEAHSABAB0gAA228
15=m2KsilxlB2yXfUmnhUzGk1AqjAAABr2ukbuphoSDfk5RVE9SVGloY29wb4yLhFS3KuwJVH
16=KoJQ/QrWjAnVrCnlzLqGTas2zYtG4y3AEo9AEydAB0EiAzXACkXFBcSKi8C1iFgAF8EQm/
17=jUttWjqTdESTfE1EIAPDomjDoWSBSWyoG7QAXAUFmnxKYEgwtIZAJQFttaJkQ47Fp2W0A4
18=xJClVFRkRBRUlER0pZXFpfBcixhbQDKhQAXAIJzatnuZVVt5NUu5hYQwHKp2RcDlwCA8aj
19=YcShYKwB9ABkFCBLLAAJ2LNs3bZu5r9y575wW83CqGdAE4AQKHcGrn5LkAJsE1NuwZ5kKo
20=ADrAEDaFg8x59ZmQRsVC0qXBInLAkMR0tPb21nQ0VCQUNDg4SAUAWsB1QATAEJy6lltI9P
21=vZtawJxavOAPvplWwJ1cu5dXwZ1btpBQs49PWASME2QR4AEgQywAAdaxa9kiUCdsDU+C4b
22=pwSACJqGwnXABcEQnIoF3JqmaufEZ5ZkJIFQJ6XTZ4XndyhWxCTBxIAALFjE2Re1ROfAhc
23=BUQCSABQkkgAM78kS09SWCVIAKQmRC9MSQW2kVG9mlrIpERHfAhXLZqPUrzmCNCsZ8KfXc
24=GeXM6rXDhkOAHIpWHV5BdEDiAqLAADjJQ/eoMxNkwBTIJYcEhLSPMD3LZu3bdurDpcBSeU
25=H04BxZxgZ0ABAp1sPsai30e1eUEtnAI/jBtcBbybRCYABkRHRHdfPnJcP6SHX8SfXb62qb
26=etnb2yoExbVC2oAFglSFRYeQm/mli4lFS2kVDCn15QCEQRiABAK0gAQChIAEABSABAAUgA
27=QAFIAEABSABAAUgAQAFIAEABSABAAUgAQAFIAEABSABAAUgAQQFsWCVIADDEBFQkWJRIb1
28=8O3rdwrBBMOlgTrAFcAlQVA5uQUqeUV4C+BG3Dr4jGso1cAkAEJ1QFvBpASUgAKi8JuK2c
29=qAMqFQDQIxcqz61oQEkAA4BoRnlgPExKQkBDRIKEgbqumsaxiCqwAKwBTA2IAARsz6tnu5
30=dWtA+kAiA2LABYJUgApybXsm1ISFCVTEmQDtQqTDqYAWQsJyQOVCdQArgWVwC7tKhY1kse
31=o5FVISwkMywJTFJALl9BvLCeIdAuVAZIAEziXAgD0q9qyKRhS5C6llRYAVMdSk9TSHJIAL
32=dytKeRUAWoAFwRoAFUAJAFvBS0AFAUQAFIAEABSABAAUgAQAFIAEABSABAAUgAQAFIAEAB
33=SABAAUgAQAFIAEABSABAAUgAQAFIAEABSABAAUgAQAE3jAkpJQJsKrwJXwLTsm9IFTMIAE
34=BJSAAqLAlAT1Mpw7iipCxYB1QhSAAGxqRhyqdj0a1pX4/QrmknXwC2omWsAVRyWCVIAKQm
35=UAIz3AFcAlQJlADEGiA/LABATEgArExMDQPYtG7dtm8kfCVITki9XE0JvKVlqJZZn5VUs6
36=BiKq8Ht66dM1QpQI5QaENJubKkQE9YCpEabFhtBMWiX82oZNLIJMwcXAsDoZVRopRPWE8G
37=xqVov5xhw6FlLcQELdwB7ArECJgBIAosACe4B4ATQAdIAHxHIAMcAVglSABEJlAjKrwAQO
38=JIAKziWBlDbaCQVUcau6mGJ8QNJycgfn99QEBTGrWsnVhJAAW3sJ+0raK7rpa7mmDVsm3U
39=smzTsGrOqnBHJNwlvJ5fMtmzbFd4rZhbrAFcF0zimRBspyZvbWdXDIKAelwOvAJMBOABWB
40=xIACAHpANUBimgBEAHSADMB7wC5AsoXABIBpACWARQAkgAAWzWsWtYJUgARCaIAwdt1rJu
41=3LVt575wWL4qvAAnlAQqxw29sp6vBMWnZ1xNA7OfY6OSVlQhJ54vvpq41mwNVHJQmLwFVz
42=Pmv3JIAEANSABIM0gAtDOABH8Fb3BvSHJIACdUDogDsBdUAEgAWARIAEABSABAAUgAQAFI
43=AEABSABAAUkAbTk0BKgDtACYH3wF9AwrLABYbSS0IFAUWCVIACfEBLgHVABEvDOUBEAKQG
44=dQRwO+sZq8sqCvRpySUlwCiAABbKyKVUBGKgQEBsGfZLmXYMmnZV8O5bxyWHxIAAnmwHfk
45=w4XjwH3lvnRIJ0gASCdcEZAIfB2sTCzEBCsUAyekAJAdSAZIAEAESABAAcAlQBlIAIAEfA
46=JMAUgAmAHABKwBiAlABEgAbAeQAissAFgTrOJEFFglUAhIAEjkVACoAC30FoAKSAlRCGwn
47=1AxUaVCbQGpQSksMvJxjQ8TftWtAH1glSABTC7ybYkwHvAJIAwAD5b5yf4Feeodn1r6Lzr
48=R8o5tptqV1UAIG5cB72cCM4cCBSAZcBYgA1HKkJqQCVAyAAcQROSwAtBgnvAC4AbQAkAJA
49=GcQmUAI5HAGIA1AFSABQDkgAQAEBbDI1QVQGSAA5lARPQ9u2biEoK1xHTAEqHAG8TSqUDV
50=xHUAWsWFQkABvivHV5gV9WX11PVltQWVpGSldHTFdthmaPkmhxfmROVVuLj2vcxpPhw4vl
51=wn8txATgDUgVSAB0FYQCIA0sAEgbSACAJUAHSAB8CEQCqAAtXAA5fAEnxA0GUlhLREhXRE
52=hZVLewCLQAKuwAQEZYUlBHQLVEbqRrQwHDomas61ck3rdwWJdQSgAE0K1q575zvLGBa3pl
53=UlpdQURZQUNZQnQAAAdYQERXPkFSQENXTFRbR0xYu6Vs27h35L94UAtYpiS0LCncAdQbKU
54=QAUB1QAkgAQAEuXD+YBDFcALgZVACABMwHIAYsACeUBCr0FidUDja0BVR1SHiJDGxMAUMB
55=w6JoSJNAxGIBnmSYuyPMJg69dNK0fM2xd1ljXVVeX1NdXkwlZCYBRFlCRV0mWGwBCENYQU
56=NYcXtf28CLQCVUMEgATAqIAHwd4AFIG0gAJ0QAPSwAQCKoAC0UA7ACVAAtXACUDDRMATOU
57=BCq8AD/EBCqsAQLAnGG9nCUUPCpcAAAG3rVr3bt54b140rd9g45ma3hjcX1kV2JdQyVAQ1
58=lAJUABSAAJUFde07d+47544cCBQFWYEEgtRBeoAFwjQAFUAEgAQAFIAEABSABAAUgAQAFI
59=AEABSABAAUgANywSSCSoAEgMoAFUAEwBiABAB0gAUAhIAEABSQBtP5QEgAfcBUQmSAAnrB
60=yIA1AISABABEgAQAFIAEABSABAAUgAQAFIAEEBbEyavJVfROG/fqxGAAPPs3p7iGjAqXC/
61=qW1NVVxUWVzXuYBXJOLBgUAEQCVIeEBwTAcsrAFAClgKSABAAUgAQAFIAEABSABAAUgAQA
62=EgASQOXDhQI6gALSwAmA3cCEwBJ5cE/wAAqABcklwCiABsDYABKLwAmAF8AlglSAAgFcQE
63=WCVIAEBMRCZUIUgAQwHewIawI0wBQCVQArQkQCWQDmwQ+CVsAZACZBGAAaQCWAFAAUgAQA
64=FIAEABSABAAUgAQAFIAEABSAArjAknlARcCCosAFgBSCeIACgsCagkJxQAKowAPywAWCVI
65=ACAZxgS3blCbUCNEI0gAQAFIAEABMJQErBYsPAJ0HixEACg0BDNcAKghtACABCjQBLACJx
66=QAmA0rfAEq9BZMJZgHQARIAFAOSABAAUgAQAFIAEABSABAAUgAQAFIAEABSABAASAEJD6Q
67=C9wFMywAUCYtdBiYBHwLQwHZs21A64gYUAhIAFwCtACgASAZLAC8I6QLKiwAUA6QAiAffA
68=EzHAFATEgAIBWMCYAKLrwDpW7WI7c13bZvL4wAIDQUAwLVs23VsxEAABsPmBoGbdWzbNWz
69=bNWzQAFJAGyYAUABSAAgKy8AjJQ/SwB6gzEgNn0B1Sj8AiAu5AIpZAFAIlALSABAAUgAQA
70=FIAEABSABAAUgAQAFIAEABSABAAUgAQAFIAEABSABAAUgAQAFIAEABSABAAUgAQAFIAEAB
71=SABAAUgAQQFsWCVIACA+xARADVgNSABAAUgAQAFIAEABSABAAUgAQAFIAEABSABAAUgAQA
72=FIAEABSABAAUgAQAFIAEABSABAAUgAQAFIAEABSABAAUgAQAFIAEABSABAAUgAQAFIAEAB
73=SABAAUgAQAFIAEABSABAAUgAQAFIAEABSABAAUgAQAFIAEABSABAAUgAQAFIAEABID/EBN
74=QMIFc8CCAz3AFATEgAIDKMCVgxWCVIAEABSABAAUgAQAFIAEABSABAAUgAQAFIAEABSABA
75=AUgAQAFIAEABSABAAUgAQAFIAEABSABAAUgAQAFIAEABSABAAUgAQAFIAEABSABAAUgAQA
76=FIAEABSABAAUgAQAFIAEABSABAAUgAQAFIAEABSABAAUgAQAFIAEABSABAAUgAQAFIAEAB
77=SABAAUgAQAFIAEABSABAAUgAQAFIAEABSABAAUgAQAFIAEABSABAAUgAQAFIAEABSABAAU
78=gAQAFIAKABVABIAFgBSABAAUgAQAFIAEABSABAAUgAQAFIAEABSABAAUgAQAFIAEABSABA
79=AUgAQAFIAEABSABAAUgAQAFIAEABSABAAUgAQAFIAEABSABAAUgAQAFIAEABSABAAUgAQA
80=FIAEABSABAAUgAQAFIAEABSABAAUgAQAFIAEABSABAAUgAQAFIAEABSABAAUgAQAFIAEAB
81=SABAAUgAQAFIAEABSABAAUgAQAFIAEABSABAAUgAQAFIAEABSABAAUgAQAFIAKABVABIAF
82=gBSABAAUgAQAFIAEABSABAAUgAQAFIAEABSABAAUgAQAFIAEABSABAAUgAQAFIAEABSABA
83=AUgAQAFIAEABSABAAUgAQAFIAEABSABAAUgAQAFIAEABSABAAUgAQAFIAEABSABAAUgAQA
84=FIAEABSABAAUgAQAFIAEABSABAAUgAQAFIAEABSABAAUgAQAFIAEABSABAAUgAQAFIAEAB
85=SABAAUgAQAFIAEABSABAAUgAQAFIAEABSABAAUgAQAFIAKABVABIAFgBSABAAUgAQAFIAE
86=ABSABAAUgAQAFIAEABSABAAUgAQAFIAEABSABAAUgAQAFIAEABSABAAUgAQAFIAEABSABA
87=AUgAQAFIAEABSABAAUgAQAFIAEABSABAAUgAQAFIAEABSABAAUgAQAFIAEABSABAAUgAQA
88=FIAEABSABAAUgAQAFIAEABSABAAUgAQAFIAEABSABAAUgAQAFIAEABSABAAUgAQAFIAEAB
89=SABAAUgAQAFIAEABSABAAUgAQAFIAKABVABIAFgBSABAAUgAQAFIAEABSABAAUgAQAFIAE
90=ABSABAAUgAQAFIAEABSABAAUgAQAFIAEABSABAAUgAQAFIAEABSABAAUgAQAFIAEABSABA
91=AUgAQAFIAEABSABAAUgAQAFIAEABSABAAUgAQAFIAEABSABAAUgAQAFIAEABSABAAUgAQA
92=FIAEABSABAAUgAQAFIAEABSABAAUgAQAFIAEABSABAAUgAQAFIAEABSABAAUgAQAFIAEAB
93=SABAAUgAQAFIAKABVABIAFgBSABAAUgAQAFIAEABSABAAUgAQAFIAEABSABAAUgAQAFIAE
94=ABSABAAUgAQAFIAEABSABAAUgAQAFIAEABSABAAUgAQAFIAEABSABAAUgAQAFIAEABSABA
95=AUgAQAFIAEABSABAAUgAQAFIAEABSABAAUgAQAFIAEABSABAAUgAQAFIAEABSABAAUgAQA
96=FIAEABSABAAUgAQAFIAEABSABAAUgAQAFIAEABSABAAUgAQAFIAEABSABAAUgAQAFIAKAB
97=VABIAFgBSABAAUgAQAFIAEABSABAAUgAQAFIAEABSABAAUgAQAFIAEABSABAAUgAQAFIAE
98=ABSABAAUgAQAFIAEABSABAAUgAQAFIAEABSABAAUgAQAFIAEABSABAAUgAQAFIAEABSABA
99=AUgAQAFIAEABSABAAUgAQAFIAEABSABAAUgAQAFIAEABSABAAUgAQAFIAEABSABAAUgAQA
100=FIAEABSABAAUgAQAFIAEABSABAAUgAQAFIAEABSABAAUgAQAFIAKABVABIAFgBSABAAUgA
101=QAFIAEABSABAAUgAQAFIAEABSABAAUgAQAFIAEABSABAAUgAQAFIAEABSABAAUgAQAFIAE
102=ABSABAAUgAQAFIAEABSABAAUgAQAFIAEABSABAAUgAQAFIAEABSABAAUgAQAFIAEABSABA
103=AUgAQAFIAEABSABAAUgAQAFIAEABSABAAUgAQAFIAEABSABAAUgAQAFIAEABSABAAUgAQA
104=FIAEABSABAAUgAQAFIAEABSABAAUgAQAFIAKABVABIAFgBSABAAUgAQAFIAEABSABAAUgA
105=QAFIAEABSABAAUgAQAFIAEABSABAAUgAQAFIAEABSABAAUgAQAFIAEABSABAAUgAQAFIAE
106=ABSABAAUgAQAFIAEABSABAAUgAQAFIAEABSABAAUgAQAFIAEABSABAAUgAQAFIAEABSABA
107=AUgAQAFIAEABSABAAUgAQAFIAEABSABAAUgAQAFIAEABSABAAUgAQAFIAEABSABAAUgAQA
108=FIAEABSABAAUgAQAFIAKABVABIAFgBSABAAUgAQAFIAEABSABAAUgAQAFIAEABSABAAUgA
109=QAFIAEABSABAAUgAQAFIAEABSABAAUgAQAFIAEABSABAAUgAQAFIAEABSABAAUgAQAFIAE
110=ABSABAAUgAQAFIAEABSABAAUgAQAFIAEABSABAAUgAQAFIAEABSABAAUgAQAFIAEABSABA
111=AUgAQAFIAEABSABAAUgAQAFIAEABSABAAUgAQAFIAEABSABAAUgAQAFIAEABSABAAUgAQA
112=FIAKABVABIAFgBSABAAUgAQAFIAEABSABAAUgAQAFIAEABSABAAUgAQAFIAEABSABAAUgA
113=QAFIAEABSABAAUgAQAFIAEABSABAAUgAQAFIAEABSABAAUgAQAFIAEABSABAAUgAQAFIAE
114=ABSABAAUgAQAFIAEABSABAAUgAQAFIAEABSABAAUgAQAFIAEABSABAAUgAQAFIAEABSABA
115=AUgAQAFIAEABSABAAUgAQAFIAEABSABAAUgAQAFIAEABSABAAUgAQAFIAKABVABIAFgBSA
116=BAAUgAQAFIAEABSABAAUgAQAFIAEABSABAAUgAQAFIAEABSABAAUgAQAFIAEABSABAAUgA
117=QAFIAEABSABAAUgAQAFIAEABSABAAUgAQAFIAEABSABAAUgAQAFIAEABSABAAUgAQAFIAE
118=ABSABAAUgAQAFIAEABSABAAUgAQAFIAEABSABAAUgAQAFIAEABSABAAUgAQAFIAEABSABA
119=AUgAQAFIAEABSABAAUgAQAFIAEABSABAAUgAQAFIAKABVABIAFgBSABAAUgAQAFIAEABSA
120=BAAUgAQAFIAEABSABAAUgAQAFIAEABSABAAUgAQAFIAEABSABAAUgAQAFIAEABSABAAUgA
121=QAFIAEABSABAAUgAQAFIAEABSABAAUgAQAFIAEABSABAAUgAQAFIAEABSABAAUgAQAFIAE
122=ABSABAAUgAQAFIAEABSABAAUgAQAFIAEABSABAAUgAQAFIAEABSABAAUgAQAFIAEABSABA
123=AUgAQAFIAEABSABAAUgAQAFIAKABVABIAFgBSABAAUgAQAFIAEABSABAAUgAQAFIAEABSA
124=BAAUgAQAFIAEABSABAAUgAQAFIAEABSABAAUgAQAFIAEABSABAAUgAQAFIAEABSABAAUgA
125=QAFIAEABSABAAUgAQAFIAEABSABAAUgAQAFIAEABSABAAUgAQAFIAEABSABAAUgAQAFIAE
126=ABSABAAUgAQAFIAEABSABAAUgAQAFIAEABSABAAUgAQAFIAEABSABAAUgAQAFIAEABSABA
127=AUgAQAFIAKABVABIAFgBSABAAUgAQAFIAEABSABAAUgAQAFIAEABSABAAUgAQAFIAEABSA
128=BAAUgAQAFIAEABSABAAUgAQAFIAEABSABAAUgAQAFIAEABSABAAUgAQAFIAEABSABAAUgA
129=QAFIAEABSABAAUgAQAFIAEABSABAAUgAQAFIAEABSABAAUgAQAFIAEABSABAAUgAQAFIAE
130=ABSABAAUgAQAFIAEABSABAAUgAQAFIAEABSABAAUgAQAFIAEABSABAAUgAQAFIAKABVABI
131=AFgBSABAAUgAQAFIAEABSABAAUgAQAFIAEABSABAAUgAQAFIAEABSABAAUgAQAFIAEABSA
132=BAAUgAQAFIAEABSABAAUgAQAFIAEABSABAAUgAQAFIAEABSABAAUgAQAFIAEABSABAAUgA
133=QAFIAEABSABAAUgAQAFIAEABSABAAUgAQAFIAEABSABAAUgAQAFIAEABSABAAUgAQAFIAE
134=ABSABAAUgAQAFIAEABSABAAUgAQAFIAEABSABAAUgAQAFIAKABVABIAFgBSABAAUgAQAFI
135=AEABSABAAUgAQAFIAEABSABAAUgAQAFIAEABSABAAUgAQAFIAEABSABAAUgAQAFIAEABSA
136=BAAUgAQAFIAEABSABAAUgAQAFIAEABSABAAUgAQAFIAEABSABAAUgAQAFIAEABSABAAUgA
137=QAFIAEABSABAAUgAQAFIAEABSABAAUgAQAFIAEABSABAAUgAQAFIAEABSABAAUgAQAFIAE
138=ABSABAAUgAQAFIAEABSABAAUgAQAFIAKABVABIAFgBSABAAUgAQAFIAEABSABAAUgAQAFI
139=AEABSABAAUgAQAFIAEABSABAAUgAQAFIAEABSABAAUgAQAFIAEABSABAAUgAQAFIAEABSA
140=BAAUgAQAFIAEABSABAAUgAQAFIAEABSABAAUgAQAFIAEABSABAAUgAQAFIAEABSABAAUgA
141=QAFIAEABSABAAUgAQAFIAEABSABAAUgAQAFIAEABSABAAUgAQAFIAEABSABAAUgAQAFIAE
142=ABSABAAUgAQAFIAAFt////IDMUVyC0TAERAAA=

[AITriggerTypesEnable]
043F40BC-G=yes
043F521C-G=yes
043F874C-G=yes
044082BC-G=yes
05CB5B6C-G=yes
05CB830C-G=yes
05CBAEDC-G=yes
05CBC04C-G=yes
05CBC19C-G=yes
05CBC2EC-G=yes
05FC088C-G=yes
05FC0C9C-G=yes
05FC13EC-G=yes
05FC1A8C-G=yes
05FC1C5C-G=yes
05FC333C-G=yes
05FC37CC-G=yes
05FC3C9C-G=yes
05FC50EC-G=yes
05FC747C-G=yes
05FC75CC-G=yes
05FFA7DC-G=yes
05FFB18C-G=yes
06002BFC-G=yes
0611A1EC-G=yes
0611A33C-G=yes
0612B11C-G=yes
0612CD8C-G=yes
0612EAEC-G=yes
0612F46C-G=yes
0612F9AC-G=yes
0616004C-G=yes
06C551AC-G=yes
078F4B2C-G=yes
07C04C7C-G=yes
07C04EDC-G=yes
07C0B14C-G=yes
07C30A5C-G=yes
07C310BC-G=yes
07C3266C-G=yes
07C329FC-G=yes
07C330CC-G=yes
07C33DDC-G=yes
07C4853C-G=yes
08A3EEDC-G=yes
08B902EC-G=yes
08B90B1C-G=yes
08B911BC-G=yes
08B9154C-G=yes
08B9213C-G=yes
08B9305C-G=yes
08B9356C-G=yes
08B940EC-G=yes
08B9423C-G=yes
08B9483C-G=yes
08B9586C-G=yes
08B9641C-G=yes
08B9708C-G=yes
08B9767C-G=yes
08B97C6C-G=yes
0A31295C-G=yes
0A44F17C-G=yes
0A44F2CC-G=yes
0A452C6C-G=yes
0A452E5C-G=yes
0AA845AC-G=yes
0AA846FC-G=yes
0ABC484C-G=yes
0AD2BAEC-G=yes
0C0C7AEC-G=yes
0C0D184C-G=yes
0C0D251C-G=yes
0C1245AC-G=yes
0C1246FC-G=yes
0C32599C-G=yes
0C32D84C-G=yes
0C87B45C-G=yes
0C87B99C-G=yes
0C87E5AC-G=yes
0C8B81BC-G=yes
0C8BC5AC-G=yes
0C8C2AEC-G=yes
0C8C2C3C-G=yes
0C8C430C-G=yes
0C8C4C3C-G=yes
0C8C51BC-G=yes
0C8C56FC-G=yes
0C8C645C-G=yes
0C8C6EDC-G=yes
0C8C71BC-G=yes
0C8E2C3C-G=yes
0C8EE1BC-G=yes
0C8EEAEC-G=yes
0C8EEEDC-G=yes
0C91D45C-G=yes
0C92C1BC-G=yes
0C92C45C-G=yes
0C955AEC-G=yes
0C955C3C-G=yes
0C9561BC-G=yes
0C9565AC-G=yes
0C96F45C-G=yes
0C96F5AC-G=yes
0CA1F84C-G=yes
0CA24D8C-G=yes
0CA2A04C-G=yes
0CA2B06C-G=yes
0CA2D99C-G=yes
0CA2FEDC-G=yes
0CA5945C-G=yes
0CA6621C-G=yes
0CA6AEDC-G=yes
0CAD0B2C-G=yes
0CAD0C7C-G=yes
0CAD0DCC-G=yes
0CAD130C-G=yes
0CAD145C-G=yes
0CAD25AC-G=yes
0CAD2AEC-G=yes
0CAD2C3C-G=yes
0CAD5AEC-G=yes
0CADD99C-G=yes
0CADDEDC-G=yes
0CB29EDC-G=yes
0CB2CEDC-G=yes
0CDF899C-G=yes
0CDF8D8C-G=yes
0CDF8EDC-G=yes
0CE2395C-G=yes
0CE23AAC-G=yes
0CE26B5C-G=yes
0CE26CAC-G=yes
0CE2E8DC-G=yes
0CE2EA2C-G=yes
0CE44D0C-G=yes
0D022B1C-G=yes
0D022C6C-G=yes
0D052AEC-G=yes
0D0803CC-G=yes
0D08461C-G=yes
0D0848BC-G=yes
0D084A0C-G=yes
0D084B5C-G=yes
0D0873DC-G=yes
0D087D8C-G=yes
0D0B3B9C-G=yes
0D2769BC-G=yes
0D2C41EC-G=yes
0D2C448C-G=yes
0D2C45DC-G=yes
0D53099C-G=yes
0D53130C-G=yes
0D53430C-G=yes
0D535EDC-G=yes
0D62145C-G=yes
0D6215AC-G=yes
0D6216FC-G=yes
0D62199C-G=yes
0ECCB2BC-G=yes
0ECCB40C-G=yes
0ECCB55C-G=yes
0ECCB7FC-G=yes
0ECCBC3C-G=yes
0ECCF14C-G=yes
0ECCF29C-G=yes
0ECCF68C-G=yes
0ECCFA7C-G=yes
0ECCFCAC-G=yes

[Africans]
IQ=0
Edge=North
Color=DarkRed
Allies=Africans
Country=Africans
Credits=0
NodeCount=0
TechLevel=1
PercentBuilt=0
PlayerControl=no

[Americans]
IQ=0
Edge=North
Color=Gold
Allies=Americans
Country=Americans
Credits=0
NodeCount=0
TechLevel=1
PercentBuilt=0
PlayerControl=no

[Australia]
IQ=0
Edge=North
Color=Gold
Allies=Australia
Country=Australia
Credits=0
NodeCount=0
TechLevel=1
PercentBuilt=0
PlayerControl=no

[Basic]
Name=Êàðòàddddddddddddddddddddddddddd
Percent=0
GameMode=standard
HomeCell=98
InitTime=10000
Official=no
EndOfGame=yes
FreeRadar=no
MaxPlayer=2
MinPlayer=2
SkipScore=no
TrainCrate=no
TruckCrate=no
AltHomeCell=99
OneTimeOnly=no
CarryOverCap=0
NewINIFormat=4
NextScenario=
SkipMapSelect=no
CarryOverMoney=0.000000
AltNextScenario=
MultiplayerOnly=1
IceGrowthEnabled=yes
VeinGrowthEnabled=yes
TiberiumGrowthEnabled=yes
IgnoreGlobalAITriggers=no
TiberiumDeathToVisceroid=no

[British]
IQ=0
Edge=North
Color=Gold
Allies=British
Country=British
Credits=0
NodeCount=0
TechLevel=1
PercentBuilt=0
PlayerControl=no

[China]
IQ=0
Edge=North
Color=DarkRed
Allies=China
Country=China
Credits=0
NodeCount=0
TechLevel=1
PercentBuilt=0
PlayerControl=no

[Confederation]
IQ=0
Edge=North
Color=DarkRed
Allies=Confederation
Country=Confederation
Credits=0
NodeCount=0
TechLevel=1
PercentBuilt=0
PlayerControl=no

[French]
IQ=0
Edge=North
Color=Gold
Allies=French
Country=French
Credits=0
NodeCount=0
TechLevel=1
PercentBuilt=0
PlayerControl=no

[GDI]
IQ=0
Edge=North
Color=Gold
Allies=GDI
Country=GDI
Credits=0
NodeCount=0
TechLevel=1
PercentBuilt=0
PlayerControl=no

[Germans]
IQ=0
Edge=North
Color=Gold
Allies=Germans
Country=Germans
Credits=0
NodeCount=0
TechLevel=1
PercentBuilt=0
PlayerControl=no

[Houses]
0=Americans
1=French
2=Germans
3=British
4=Africans
5=Confederation
6=Russians
7=YuriCountry
8=Yugoslavia
9=China
10=Australia
11=YuriPacific
12=YuriGreen
13=GDI
14=Nod
15=Neutral
16=Special

[IsoMapPack5]
1=Lw8AIA4yAAEA//8AAAAAADEAAgD//0MBAAAyKCkAMygrADAAA+EEMSgpADIoKQAzKCkANC
2=grAC8ABPkGMCgpADEoKQAyKCkAMygpADQoKQA1KCsALgAF8QkvKCkAMEoB1wGJFzFJAdGp
3=ATJIAcEaMygpADQoKQA1KCkANigoAAItAAYACkQIAQIAAC5IAcUILygpADBJAdpABF0NMU
4=kB0qkBMkkB06kBM0kBz6kBNEgB2RE1SAHRCTYoKQA3KCsALAAHgA9FBy3IAY0QByjHAwcA
5=jVQOSQAwQQSHXABJADFIAd0KMigpADNJAdZECUEENEkB0KkBNUgBzQU2KCkANygpADgoKw
6=ArAAiYEUUILMgBUQgtyAGFEwgoZwIIAIxABUkAMEEEg1wASQAxSQGLXABJADJIAcEPM0gB
7=2Sc0SAEnZAInMQE2VALNBTcoKQA4KCkAOSgrACoACe0QK0gBfDZVDSzIAZ0VCZQYnBUnrQ
8=AvQQSQQAVJADBJAYpcAEkAMUgBwQ8yKCkAMygpADRJAdhQCk0FNUgBzQU2KCkAN0kBtlQD
9=VQ04yAEBAwAAOUgBzQU6KCsAKQAK6RcqKCkAK0gBJxUDCogXQQ4t1AJdCi5IAdEJLygpAD
10=AoKQAxKCkAMkkB21gHRRIzSAHZUzRJAdS1AjVIAdEJNkgBaBcBBQAAN8gBAQYAADjJAQd0
11=GCe9AjpUAtkGOygrACgAC+EaKSgpACooKQArSAEnbQMLKGwDqAGMGycFAS9MBckMMEkB0k
12=gYSQAxyAFVFzLIAVkGM0kBrVQDSQA0yAFBBDVIAWAaAQgAADbJAQluGwsAdQIKbBupAQtv
13=GwsAyFgHSQA6TAVoAUUIO8gBSQw8yAFXOScADPkcKEkBuEAFWQYpSQGyqQEqSAHJFytIAS
14=fFAwwoxAOoAV0KLkAEzQUvKCkAMEgBZB5VDTHJAQR2sgwAdAJFNDNUAmQeRQg0yAFNBTVI
15=AW0bDGUeDJkcDWQeqQEOZB6pAQ9lHgyEHl0KOlgGZB5dCjvIAUU/PMgBRT89SAHTFCYADf
16=EfJygpAChJAbexHylJAfapASpIAckiK0gBJx0EDSgcBKgBVRguQATJDC9IAdEqMEgBxQgx
17=SAHBBDIoKQAzSQHsVC9JADTIAU0PNUgB3aQ2SQGFVANJADdJAYlcAEkAOCgpADlIAcGpOk
18=gByQw7KCkAPCgpAD0oKQA+KCsAJQAO6SImKCkAJ0gB1RgoSQGzWBJBDykoKQAqSQG1tQIr
19=SAEndQQOKHQEqAGWIw4A0QkvTAXdKzAoKQAxSAHBJTJIAdUYM0gBdCNFCDTIAZZEDgDNnz
20=ZVAoZYEkkAN0gByQw4SAHRCTlIAc0FOkgBwSU7SAHNBTxJAbC1GD0oKQA+SAHFCD9IAdsR
21=JAAP4SUlKCkAJigpACdJAbmxCShJAZFYEkkAKUgB3TYqSAHNECtIASfNBA8ozASoAUUeLk
22=AEzVIvSAEnzgQPAMkBMVUCsbUNMkgB0RQzSAFsJl1iNMgBXWI1SAHBBDZJAZJYEkkAN0kB
23=u6UIOEgB3Qo5SQGytQI6SQGSQAVJADtIAdkRPEgBzQU9KCkAPkgB2RE/SAHVDUAoKwAjAB
24=D5JyQoKQAlKCkAJkgB2TInSAHJDChIAcU0KUkBsqUTKkkBklgSSQArSAEnJQUQKCQFqAGG
25=KRAA2RwvTAXdCjBIAdVaMUgByVkySAHJFzNJAe5cC0kANMgBTQ81SQGpXABVAjbIAVUBN0
26=gB2QY4SAHBJTlIAdUNOkkBtEAFWQY7SAHVAjwoKQA9KCkAPkgBJyQFJ80EQFQCyQxBKCsA
27=IgAR8SojKCkAJCgpACUoKQAmSAHFEydIAc0QKCgpAClIAcEPKkgB1Q0rSQHMqRcsyAFVAS
28=3IAZwrJw0CL1UCvVQDWRwwSAHFCDFJAZC1AjJJAYqpATNJARpIAUkANMgBUQk1SAF8K0kB
29=NsgBTX43SQG8QAVdCjhIAd02OUgB3TY6SAHVDTtIAdk9PEgBzQU9KCkAPkgB2QY/SAHZBk
30=AoKQBBKCkAQigrACEAEuktIigpACMoKQAkSQGPRBRJACVIAd0KJkgBJ9UFEvF3KFQCwTAp
31=KCkAKkkBsrkcK0kBEakBLMgBVQEtyAFVIy5JActIAlUNL0kBCakBMCgpADEoKQAySAFoLV
32=GCM8gBUYI0yAFR5TXIAVHlNkgB0Qk3KCkAOCgpADkoKQA6KCkAOygpADwoKQA9SAHRFD5I
33=Ad0KPygpAEAoKQBBKCkAQigpAEMoKwAgABPhMCEoKQAiKCkAIygpACRJAZBII0kAJUgBJR
34=UvJkgBJy0GEygsBicpAClABNkyKkgB1UQrSAFsMUFRLMgBRSktyAFFKS5IAXgcTTAvSAF4
35=HEkBMCgpADEoKQAySAFsMQEIAAAzyAEBCQAANMgBAQoAADXJAQsiFiQTANEJN1QCyQE4KC
36=kAOSgpADooKQA7KCkAPCgpAD1IAdEUPkgB0Qk/KCkAQCgpAEEoKQBCKCkAQygpAERIAcNc
37=HwAU+TIgKCkAISgpACIoKQAjKCkAJCgpACUoKQAmSAHRdydIAdF3KCgpAClIAdkyKkgBzR
38=ArSAFkNElZLMgBSVktyAFJLS5IAXAfQWcvSAFwH0kBMCgpADEoKQAySAFlNAxmNBQAagEN
39=AEQ0qQEOZDSpAQ9lNBSENFEJN1gG3Qo4KCkAOSgpADooKQA7KCkAPCgpAD1IAdEUPkgB0Q
40=k/KCkAQCgpAEEoKQBCKCkAQygpAERIAdUjRSgrAB4AFfE1HygpACAoKQAhKCkAIigpACMo
41=KQAkKCkAJSgpACYoKQAnKCkAKCgpACkoKQAqKCkAK0gBJ24ZFQBoAUFnLdQCUSouSAHVGC
42=8oKQAwKCkAMUkBkkwGQX0ySAHNBTNIAX02EX02FYk4Enw2J/EDNkAEzbU3SAHZBjhIAcHV
43=OUkBiL0KOkgBzdY7SAHNBTwoKQA9KCkAPigpAD8oKQBAKCkAQSgpAEIoKQBDKCkARCgpAE
44=UoKQBGKCsAHQAW6TgeKCkAHygpACAoKQAhSQFLSCMBAAQAIsgBAQEEACNJAUe1AiTIAVUC
45=JUkBRbUCJsgBXR8nSAHFHihJAZFjBAAAKUgBJSErKkgBwQQrSAEnJSYWKCQmqAGVORYoHz
46=AWALBcC10JMFgGyQExSAHB4DJIAd0KM0kB9kAFWQU0yAFRCTVIAcEENkgBJflGN0gBxRM4
47=SAHBBDkoKQA6KCkAOygpADxIASUFTj1IASX1Sz4oKQA/KCkAQCgpAEEoKQBCSAElpUxDSA
48=HBD0QoKQBFKCkARigpAEcoKwAcABfhOx0oKQAeKCkAHygpACAoKQAhSAFtPAJtPBdYJEgA
49=bDzTCQQAJEAEmxEEACUoKQAmSAF4PQEEBAAnyAFF2ShIAYwFbTwXJk1MKlQC0SorSAEnjQ
50=cXKIwHqAFZMi5ABM3sL0gB1ekwKCkAMUkBsUg5WRQySAHVDTNIAWw8Qes0yAFZETVIAcEE
51=NkkBkEwGSQA3SAEliU44SAHR+zlIAck4OkgByTg7KCkAPEkBzaEPPSgpAD5JAXpQCkkAP8
52=gBTQRASQF/SAJJAEHIAVUCQkgBxQhDSAHZPURIAdEURSgpAEYoKQBHKCkASCgrABsAGPk9
53=HCgpAB0oKQAeKCkAH0kBTkwRXXggSQFKqQEhSQFRqQEiSQGMRBRBBCNJAYSpASRIAYSXZD
54=/XDQQAJlUCQ7kGJ8gBWQUoSAHVGClIAcktKkgBJXVRK0gBJ+UHGCjkB6gBhT8YKJ41GADN
55=9zBYBtFAMUgBzfcySAF4PUH2M8gBQfY0SAHNEDUoKQA2SQHdRBRJFjdJAZJcAEkAOEgB2T
56=05SAHZMjooKQA7SQGBQAVFBzzIAVEUPcgBAQMAAD5IAWQ/VQI/yAFVAkBIAWQ/VQJByAFV
57=AkJIAckMQygpAERIAd1MRUkB1UgNQQ5GSAHVGEcoKQBIKCkASSgrABoAGfFAGygpABwoKQ
58=AdKCkAHigpAB9JAVNIDVk9IEgBZAFJASEoKQAiSQGPeBFngRkAiakBJFQChBN+QRkAnOZ8
59=Qc0QBEaBGQBoQ1GCKEwFaAFVcClIAZsGAAAqKCkAK0gBJz4IGQBoAVUMLdQCWScuSAEiKD
60=dVEy/IAUEEMEgBJZFEMUgB3QoySAF9QQkiziUZAGkBCmz3xBNs9ycpADZMBdkGN0gB0UA4
61=SAHFNDkoKQA6SAFwQF1MO8gBXUw8yAEBCAAAPcgBQQ8+yAFBDz/IAQELAABASQF3SBhJAE
62=HIAVUYQkkBgEgCSQBDSAHBD0RIASU9YEVIAdEURkgB3VdHSAHVAkgoKQBJKCkASigrABkA
63=GulDGigpABsoKQAcKCkAHSgpAB4oKQAfSAF0RAEBBAAgSAFMFQIAAAQAISgpACJIAZgRdE
64=TUDXzFJykAJUAE2QYmKCkAJ0kBQHsCBAAoyAFJIilIAZAJdETHCAAAK1QCaENZBSzIAU0F
65=LcgBlkQaAHRESQEvVAJoAV1tMEgBJSFBMUgB3QoySQH0RAlJADPIAVEJNEgBwQQ1SAElWS
66=c2SAHVAjdIASXFZjhIAdE1OUgB0TU6SQGBUAoBDAAAO8gBAQ0AADzJAQ52RBoAYQQPdIao
67=AQEQAAA/wQQRdkQaAHREVRhBVAJoAVUYQkkBgFwKVQJDyAFVAkRIAc0QRUgB1chGSAHdFU
68=dIAcFGSEgB1QJJKCkASigpAEsoKwAYABvhRhkoKQAaKCkAGygpABwoKQAdKCkAHkgB2cwf
69=SAHNyyBIAVAYrUcbhQEAIqwhJykAIyiBACQoKQAlKCkAJigpACdIAW1HAm1HG1ZrAABJIi
70=lUAtkcKigpACtIASftCBsohBGoAVEqLkEEkaESL0gBJYkiMEgB0QkxKCkAMkgBbEdZBjPI
71=AUEPNEgBzQU1SAElESk2SAHRCTdIAcEEOEgB2Ug5SAEn7QgbiUMSbEepARNsR6kBFGxHqQ
72=EVbEepARZsR6kBF29HGwAgXFgBAAAAQV0KIEgBSQBCSgFyAIEAQ8gBVQJESAEn7ggbAM0Q
73=RlQC0RRHKCkASCgpAEkoKQBKKCkASygpAEwoKwAXABz5SBgoKQAZKCkAGigpABsoKQAcKC
74=kAHSgpAB5IAWiQQUYfSAGYGXeRHACOVBlVAiEoVQAiKCkAIygpACQoKQAlKCgABSYAHAD/
75=/wAAEQAAbw4AIAYABAAnABwAPQCAAAMoABwA//+JASkoKQAqKCkAK0oBCgGBBCzIAVUBLc
76=gBAQIAAC5IAcUIL0kBkIoFADBJAYupATFIAcEEMkkB9FQCAQQAADPIAQEFAAA0SAHBBDVI
77=AcUINkkBikwFSQA3SQGOVA5JAThIAc0FOUkB1rUCOkkBYlQDSQA7yAFBAzxJAR9cAFUCPc
78=gBVQE+yAFVAj/IAVUCQEkBIFwAQRpByAEBAwAAQkgBAXIAAABVAkPIAVUCREkBzUwFQQNF
79=SQHQqQFGSAHFE0coKQBISQHdoQRJSAHBBEooKQBLKCkATCgpAE0oKwAWAB3lNBcoKQAYKC
80=kAGSgpABooKQAbKCkAHCgpAB0oKQAeSQFTSBgBAQQAH0gBRQEASUMgSQGRfxUEACFIAdUC
81=IkkBjLUCI0kBhKkBJEkBiqkBJUgBzQUmSQE/bAF+TB0AaAFNBChUAtEfKSgpACooKQArSA
82=EnngkdAGgBWQYt1AJBMC5JAbhIAkkLL0kBsKkBMEkBsqkBMUgByQwySAF9TAZ+TB0AaQEH
83=fEwnJQU1QATNBTYoKQA3SQGNsQk4SAHBBDlIASeeCR0AfExZETtUAmgBXUE8SQEfWAZVAj
84=1KASEBSxQAAD5IAdUCP8gBTQVASgEhAYVKQcgBVQJCSQFzlgYAQ8gBTQRESAEnngkdACec
85=CScVA0dABNEUSCgpAElJAdlYB10JSkgBwQRLKCkATCgpAE0oKQBOKCsAFQAe6U4WKCkAFy
86=gpABgoKQAZKCkAGigpABsoKQAcKCkAHSgpAB5JATFEFElOH0gBkxQEACBIAXACVQIhKCkA
87=IkkBj2MaBAAjSQGJqQEkSAHNBSVIAcUIJkkBP1kCAnVPHpRPXSsoVAKDBAAAKSgpACpJAY
88=9MBUkAK0gBaE5JASzIAVUMLcgBQTsuSQGpSAJBBC/IAVUBMEkBsVwAVQIxSQGQqQEySAGI
89=ZHZPHgCIZHRPJ1EFNUAE2RE2KCkAN0gBi28AADhIAcEEOUgBJ/cJHgBmSA1JADtUAmgBQQ
90=48yAFRFD1KASEBkUs+SQEgqQE/yAFdIEBKAW0AgQBByAFNBEJJAX2QAlZPHgBoAVUCRFQC
91=J/UJHij0CScVA0dABNEUSCgpAElJAdhYB10JSkgBwQRLKCkATCgpAE0oKQBOKCkATygpAB
92=RIk8UIFSgpABYoKQAXKCkAGCgpABkoKQAaKCkAGygpABwoKQAdKCkAHkgBbFJFKR/JAQNv
93=Uh8AMlQZjVIfXNZPAQQAIkAEhBNtUh9IAksABAAkKFUAJUkBOVACWQYmyAFVIidIAZsGAA
94=AoKCkAKUkBjW8FAAAqSAHV3itIASdOCh8AaAFFCC3UAlEULkgBbFJJAS/IAU08MEkB9kAF
95=XQkxSQG2qQEySAHRSzNIAc0QNEkB16EENUkBz6kBNigpADcoKQA4SQHToQQ5SQHSqQE6SA
96=FgUUEPO8gBUfs8yAFR+z1IAclOPsgBRQc/SQFsRBRJAEBIAWAEVRhByAFRCUJIAWBRVQJD
97=SAHBUUQoKQBFSAEnRRQf+ZVHVALNG0goKQBJSQHcVA5VDUpIAcEESygpAEwoKQBNKCkATi
98=gpAE8oKQBQKCkAE0CW0QkUKCkAFSgpABYoKQAXKCkAGCgpABkoKQAaKCkAGygpABwoKQAd
99=KCkAHigpAB9IAXBWSS0gSAFkVUUdIUkBM1gdWSciyAFJWSNJATdUAk1SJMgBVf8lSAFkVU
100=0FJkgBwRonKCkAKCgpAClJAZJkCGVVIPUuK1QCeFNBAyzIAU0QLcgBXQouSQG3SAJBBC9I
101=ASfuHiAAJ/YUIADJsTJABM0QM0kBkrkGNEkB2qkBNUgB3UE2KCkAN0gB3UE4SAHJsTlJAY
102=a5BjpIAcGpO0kBfEwRSQA8yAFNBD1IAcFRPsgBQVE/SAFkVUEEQEgBYARBXEHIAVUuQkgB
103=2RFDKCkARCgpAEVJAdRYB1UNRkgBzRtHSAElYShISAHVAkkoKQBKKCkASygpAEwoKQBNKC
104=kATigpAE8oKQBQKCkAUSgrABIAIf02EygpABQoKQAVKCkAFigpABcoKQAYKCkAGSgpABoo
105=KQAbKCkAHCgpAB1IAc08HkgBxR4fKCkAICgpACEoKQAiSAFoWUktI0gBfFdFSiTIAUU0JU
106=gB0QkmKCkAJ0gBJbkoKEgByU4pSQGyrTEqSAHZBitIASf9CiEopBWoAVUNLkEEu7kGL0kB
107=s6kBMEgBJ/8KIQCOQDxJADJUAt0KMygpADRIASUJMzVIAcFRNkgBzUc3KCkAOEkB1akMOU
108=gB2bY6SAHZBjtIAXxXRRM8yAFdID1IAdlTPsgBTSY/SAHJDEAoKQBBKCkAQigpAEMoKQBE
109=SAHRVkVIAcEaRigpAEcoKQBIKCkASSgpAEooKQBLKCkATCgpAE0oKQBOKCkATygpAFAoKQ
110=BRKCkAUigpABFY8MUTEigpABMoKQAUKCkAFSgpABYoKQAXKCkAGCgpABkoKQAaKCkAG0gB
111=JV0tHEgBwQ8dSQGQWD5JAB5JAYdcAEkAH0gBwQQgKCkAISgpACIoKQAjKCkAJCgpACVIAd
112=VlJkgB0QknSAHBqShIAd38KSgpACpIAcFcK0gBJ1ULIihUC6gBTUcuQATdCi9JAZNcFkkA
113=MEkBubVPMUkBjEgCSQAySAHNGzNIAdkGNEgB2VM1SAHBtDZIASV5IDdIASdVFiL9jjlUAs
114=UIOkgB2QY7SAHZBjxIAdFWPSgpAD4oKQA/KCkAQCgpAEEoKQBCSAHRCUNIAclZREgBwQ9F
115=KCkARigpAEcoKQBIKCkASSgpAEooKQBLKCkATCgpAE0oKQBOKCkATygpAFAoKQBRKCkAUi
116=gpAFMoKwAQACPtJhEoKQASKCkAEygpABQoKQAVKCkAFigpABcoKQAYKCkAGSgpABooKQAb
117=SAHRjRxJAdG9QR1IAdknHkkBklxCSQAfSAHVAiBIAclkIUgB1QIiSQGRQAVJACNJAYlcAE
118=kAJCgpACVJAYZIAkkAJkgB2QYnSAEnrgsjACesCycpACpBBLGlEytJAcypASzIAVUBLcgB
119=j10jALpIAkkML1QCyQwwSAEnrgsjACevCyMAiEAFSQAzQAQlGUs0SAHZBjVIASWBITZIAS
120=WBITdIASXlMzhIASO/RAAAOUgBJQU4OkgBxQg7KCkAPEgBxWA9SAHRVj4oKQA/KCkAQCgp
121=AEFIAdVaQkgB3QpDKCkARCgpAEUoKQBGKCkARygpAEgoKQBJKCkASigpAEsoKQBMKCkATS
122=gpAE4oKQBPKCkAUCgpAFEoKQBSKCkAUygpAFQoKwAPACT5XhAoKQARKCkAEigpABMoKQAU
123=KCkAFSgpABYoKQAXKCkAGCgpABkoKQAaKCkAG0gBJwYMJADVkR1UAtFhHkgB1S4fKCkAIE
124=gB0UAhSAHBBCIoKQAjKCkAJCgpACVIAdXIJkgByU4nSAEnBQwkKAQMJykAKkAEJwUMJIi8
125=UVYsVAJgv1ldLcgBhmAkACcPIyQAtFQDTQUwQQS1qQExSAHJejJIAckXMygpADQoKQA1SA
126=HBfTZIAc3AN0gBJZ01OEgBJSlNOUgB0Qk6SAElQS87SAHVAjwoKQA9KCkAPigpAD8oKQBA
127=KCkAQSgpAEIoKQBDKCkARCgpAEUoKQBGKCkARygpAEgoKQBJKCkASigpAEsoKQBMKCkATS
128=gpAE4oKQBPKCkAUCgpAFEoKQBSKCkAUygpAFQoKQBVKCsADgAl8WEPKCkAECgpABEoKQAS
129=KCkAEygpABQoKQAVKCkAFigpABcoKQAYKCkAGSgpABooKQAbSAEnXgwlANmVHVQCyWQeSA
130=ElIUEfKCkAIEgB2ZUhSAEltUMiSAElVSEjSAHdQSRIAdFLJUgB1QImKCkAJ0gByVkoSQGz
131=vVcpKCkAKkgB1VorSAFwYU1dLMgBWQUtyAGcYid9BS9UAt26MEgB2bYxSAHNEDJIASXRNj
132=NIAdUCNEgBJxVFJSalTDZUAsEEN0gB2cE4SAEjAFNkwyfhATpUAs0FOygpADwoKQA9KCkA
133=PigpAD8oKQBAKCkAQSgpAEIoKQBDKCkARCgpAEUoKQBGKCkARygpAEgoKQBJKCkASigpAE
134=soKQBMKCkATSgpAE4oKQBPKCkAUCgpAFEoKQBSKCkAUygpAFQoKQBVKCkAVigrAA0AJulk
135=DigpAA8oKQAQKCkAESgpABIoKQATKCkAFCgpABUoKQAWKCkAFygpABgoKQAZKCkAGkkB21
136=BMSU4bSAHZXhxIAc08HUgByf4eSAHBZx9IASWtLCBIAc0FIUgBxcMiSAElmSQjSAHBBCRI
137=AcXOJUgB1QImSAHRbCdJAYVMEUkAKCgpAClIAclvKkgB2QYrSAEntQwmgMpBGS3UApRlJ6
138=kFL1QC2QYwSAHFdjFIAcm8MkgBwQQzSAHJZDRIAcUeNUgB1SM2SAHJbzdIAclkOEgBxQg5
139=KCkAOigpADsoKQA8KCkAPSgpAD4oKQA/KCkAQCgpAEEoKQBCKCkAQygpAEQoKQBFKCkARi
140=gpAEcoKQBIKCkASSgpAEooKQBLKCkATCgpAE0oKQBOKCkATygpAFAoKQBRKCkAUigpAFMo
141=KQBUKCkAVSgpAFYoKQBXKCsADAAn4WcNKCkADigpAA8oKQAQKCkAESgpABIoKQATKCkAFC
142=gpABUoKQAWKCkAFygpABgoKQAZKCkAGigpABsoKQAcSAHdTB1IAclDHkgBydIfSAHJ0iBI
143=ASUVRSFIAc0FIkgBJZEjI0gB1QIkSAHFCCVIASWFJyZIAclvJ0gBJUkwKEkBg0xpSQApSA
144=ElsV4qSAHRCStIAScNDScoDA2oAYxoJ9UFL0wF2QYwSAHRgjFIASWpXTJIAdXpM0gBwWc0
145=SAHBZzVIAcUINigpADcoKQA4KCgAAjkAJwD/EQAASAwAIAj/AAAAAAA6ACcA/6oBOwAnKQ
146=A8KCkAPSgpAD4oKQA/KCkAQCgpAEEoKQBCKCkAQygpAEQoKQBFKCkARigpAEcoKQBIKCkA
147=SSgpAEooKQBLKCkATCgpAE0oKQBOKCkATygpAFAoKQBRKCkAUigpAFMoKQBUKCkAVSgpAF
148=YoKQBXKCkAWCgrAAsAKPEqDCgpAA0oKQAOKCkADygpABAoKQARKCkAEigpABMoKQAUKCkA
149=FSgpABYoKQAXKCkAGCgpABkoKQAaKCkAG0sB2wEAYQAcSQHSqQEdSQHTqQEeSQHQqQEfSA
150=HBRiAoKQAhKCkAIigpACMoKQAkSQHapQglSAHRCSZIAdEJJygpAChJAZJzEQAAKUgBwQQq
151=KCkAK0kBCrEJLMgBVQEtyAEBAgAALkgB2QYvKCkAMCgpADEoKQAySAHFEzNJAdRECU0PNE
152=gBxQg1KCkANigpADcoKQA4KCkAOSgpADooKQA7KCkAPCgpAD0oKQA+KCkAPygpAEAoKQBB
153=KCkAQigpAEMoKQBEKCkARSgpAEYoKQBHKCkASCgpAEkoKQBKKCkASygpAEwoKQBNKCkATi
154=gpAE8oKQBQKCkAUSgpAFIoKQBTKCkAVCgpAFUoKQBWKCkAVygpAFgoKQBZKCkAClBDxTQL
155=KCkADCgpAA0oKQAOKCkADygpABAoKQARKCkAEigpABMoKQAUKCkAFSgpABYoKQAXKCkAGC
156=gpABkoKQAaKCkAGygpABwoKQAdKCkAHkkB1qFRH0kB0akBIEgBxR4hKCkAIigpACMoKQAk
157=KCkAJUgBwVwmSQHPsQknKCkAKEgByQwpSAHJDCpJAdmtBStIASe+DSkAaAFBAy3UAp1tKe
158=GeL1QCxQgwKCkAMSgpADIoKQAzKCkANCgpADUoKQA2KCkANygpADgoKQA5KCkAOigpADso
159=KQA8KCkAPSgpAD4oKQA/KCkAQCgpAEEoKQBCKCkAQygpAEQoKQBFKCkARigpAEcoKQBIKC
160=kASSgpAEooKQBLKCkATCgpAE0oKQBOKCkATygpAFAoKQBRKCkAUigpAFMoKQBUKCkAVSgp
161=AFYoKQBXKCkAWCgpAFkoKQBaKCsACQAq+T0KKCkACygpAAwoKQANKCkADigpAA8oKQAQKC
162=kAESgpABIoKQATKCkAFCgpABUoKQAWKCkAFygpABgoKQAZKCkAGigpABsoKQAcKCkAHSgp
163=AB5IAScWDioAzdYgVALBXCEoKQAiKCkAI0gBwWckSAHNBSUoKQAmSAHBcidJAc1MaUXOKE
164=gBxe8pSAHZdCpIAcnSK0gBaG9NBSzIAUUHLcgBlHAnWQYvVALBDzAoKQAxKCkAMigpADMo
165=KQA0KCkANSgpADYoKQA3KCkAOCgpADkoKQA6KCkAOygpADwoKQA9KCkAPigpAD8oKQBAKC
166=kAQSgpAEIoKQBDKCkARCgpAEUoKQBGKCkARygpAEgoKQBJKCkASigpAEsoKQBMKCkATSgp
167=AE4oKQBPKCkAUCgpAFEoKQBSKCkAUygpAFQoKQBVKCkAVigpAFcoKQBYKCkAWSgpAFooKQ
168=BbKCsACAAr4XIJKCkACigpAAsoKQAMKCkADSgpAA4oKQAPKCkAECgpABEoKQASKCkAEygp
169=ABQoKQAVKCkAFigpABcoKQAYKCkAGSgpABooKQAbKCkAHCgpAB0oKQAeSAHNaB9IAclkIE
170=gB2V4hKCkAIigpACNJAdhUZk1oJEgBzQUlKCkAJigpACdJAdytBShIAc0FKUgBxQgqSAHV
171=AitJAQqtBSzIAVUBLcgBjHMnhQYvVALZBjAoKQAxKCkAMigpADMoKQA0KCkANSgpADYoKQ
172=A3KCkAOCgpADkoKQA6KCkAOygpADwoKQA9KCkAPigpAD8oKQBAKCkAQSgpAEIoKQBDKCkA
173=RCgpAEUoKQBGKCkARygpAEgoKQBJKCkASigpAEsoKQBMKCkATSgpAE4oKQBPKCkAUCgpAF
174=EoKQBSKCkAUygpAFQoKQBVKCkAVigpAFcoKQBYKCkAWSgpAFooKQBbKCkAXCgrAAcALPl0
175=CCgpAAkoKQAKKCkACygpAAwoKQANKCkADigpAA8oKQAQKCkAESgpABIoKQATKCkAFCgpAB
176=UoKQAWKCkAFygpABgoKQAZKCkAGigpABsoKQAcKCkAHSgpAB4oKQAfKCkAICgpACEoKQAi
177=KCkAI0gBwX0kSQHVWGpRdyVIAc1oJigpACcoKQAoSAElSTspSAHdgypIAdkGK0gBJ8YOLA
178=BoAUkLLdQChHYnsQYvVALZBjAoKQAxKCkAMigpADMoKQA0KCkANSgpADYoKQA3KCkAOCgp
179=ADkoKQA6KCkAOygpADwoKQA9KCkAPigpAD8oKQBAKCkAQSgpAEIoKQBDKCkARCgpAEUoKQ
180=BGKCkARygpAEgoKQBJKCkASigpAEsoKQBMKCkATSgpAE4oKQBPKCkAUCgpAFEoKQBSKCkA
181=UygpAFQoKQBVKCkAVigpAFcoKQBYKCkAWSgpAFooKQBbKCkAXCgpAF0oKwAGAC3xdwcoKQ
182=AIKCkACSgpAAooKQALKCkADCgpAA0oKQAOKCkADygpABAoKQARKCkAEigpABMoKQAUKCkA
183=FSgpABYoKQAXKCkAGCgpABlKAcsDU2kAABooKQAbKCkAHCgpAB0oKQAeKCkAHygpACAoKQ
184=AhKCkAIigpACMoKQAkKCkAJSgpACYoKQAnKCkAKCgpACkoKQAqSgFjA4kXK8gBUXcsyAFR
185=dy3IAU0ELkgB2RwvKCkAMCgpADEoKQAyKCkAMygpADQoKQA1KCkANigpADcoKQA4KCkAOS
186=gpADooKQA7KCkAPCgpAD0oKQA+KCkAPygpAEAoKQBBKCkAQigpAEMoKQBESAHZlUUoKQBG
187=KCkARygpAEgoKQBJKCkASigpAEsoKQBMKCkATSgpAE4oKQBPKCkAUCgpAFEoKQBSKCkAUy
188=gpAFQoKQBVKCkAVigpAFcoKQBYKCkAWSgpAFooKQBbKCkAXCgpAF0oKQBeKCsABQAu6XoG
189=KCkABygpAAgoKQAJKCkACigpAAsoKQAMKCkADSgpAA4oKQAPKCkAECgpABEoKQASKCkAEy
190=gpABQoKQAVKCkAFigpABcoKQAYKCkAGSgpABooKQAbKCkAHCgpAB0oKQAeKCkAHygpACAo
191=KQAhKCkAIigpACNIAdntJEgBJfE6JSgpACYoKQAnKCkAKEgBxfopSAHRViooKQArSAFo80
192=l9LMgBQX0tyAFBfS5IAdkGLygpADAoKQAxKCkAMigpADMoKQA0KCkANSgpADYoKQA3KCkA
193=OCgpADkoKQA6KCkAOygpADwoKQA9KCkAPigpAD8oKQBAKCkAQSgpAEIoKQBDKCkARCgpAE
194=UoKQBGKCkARygpAEgoKQBJKCkASigpAEsoKQBMKCkATSgpAE4oKQBPKCkAUCgpAFEoKQBS
195=KCkAUygpAFQoKQBVKCkAVigpAFcoKQBYKCkAWSgpAFooKQBbKCkAXCgpAF0oKQBeKCkAXy
196=grAAQAL+F9BSgpAAYoKQAHKCkACCgpAAkoKQAKKCkACygpAAwoKQANKCkADigpAA8oKQAQ
197=KCkAESgpABIoKQATKCkAFCgpABUoKQAWKCkAFygpABgoKQAZKCkAGigpABsoKQAcKCkAHS
198=gpAB4oKQAfKCkAICgpACEoKQAiKCkAIygpACRIASWRLiVIASUZSyZIASVxSydIASUNLihI
199=AcV2KSgpACooKQArSAEnzQ8vKGQuqAGMfic1By9MBdEJMCgpADEoKQAyKCkAMygpADQoKQ
200=A1KCkANigpADcoKQA4KCkAOSgpADooKQA7KCkAPCgpAD0oKQA+KCkAPygpAEAoKQBBKCkA
201=QigpAEMoKQBEKCkARSgpAEYoKQBHKCkASCgpAEkoKQBKKCkASygpAEwoKQBNKCkATigpAE
202=8oKQBQKCkAUSgpAFIoKQBTKCkAVCgpAFUoKQBWKCkAVygpAFgoKQBZKCkAWigpAFsoKQBc
203=KCkAXSgpAF4oKQBfKCkAYCgrAAMAMPl/BCgpAAUoKQAGKCkABygpAAgoKQAJKCkACigpAA
204=soKQAMKCkADSgpAA4oKQAPKCkAECgpABEoKQASKCkAEygpABQoKQAVKCkAFigpABcoKQAY
205=KCkAGSgpABooKAAKGwAwAP//AAAAAAAcABEAAOALACAIMAD//wAAAAAAHQAnKQAeKCkAHy
206=gpACAoKQAhKCkAIigpACMoKQAkKCkAJSgpACZKAdwBTw0AACdIAcEPKCgpACkoKQAqKCkA
207=K0kBCrkGLMgBVQEtyAEBAgAALkgB0QkvKCkAMCgpADEoKQAyKCkAMygpADQoKQA1KCkANi
208=gpADcoKQA4KCkAOSgpADooKQA7KCkAPCgpAD0oKQA+KCkAPygpAEAoKQBBKCkAQigpAEMo
209=KQBEKCkARSgpAEYoKQBHKCkASCgpAEkoKQBKKCkASygpAEwoKQBNKCkATigpAE8oKQBQKC
210=kAUSgpAFIoKQBTKCkAVCgpAFUoKQBWKCkAVygpAFgoKQBZKCkAWigpAFsoKQBcKCkAXSgp
211=AF4oKQBfKCkAYCgpAGEoKwACADHlYAMoKQAEKCkABSgpAAYoKQAHKCkACCgpAAkoKQAKKC
212=kACygpAAwoKQANKCkADigpAA8oKQAQKCkAESgpABIoKQATKCkAFCgpABUoKQAWKCkAFygp
213=ABgoKQAZKCkAGigpABsoKQAcKCkAHSgpAB4oKQAfKCkAICgpACEoKQAiKCkAIygpACQoKQ
214=AlKCkAJigpACcoKQAoKCkAKSgpACooKQArSAEnfhAxAGgBnIOoAZyDJ40HL0wFyYUwKCkA
215=MSgpADIoKQAzKCkANCgpADUoKQA2KCkANygpADgoKQA5KCkAOigpADsoKQA8KCkAPSgpAD
216=4oKQA/KCkAQCgpAEEoKQBCKCkAQygpAEQoKQBFKCkARigpAEcoKQBIKCkASSgpAEooKQBL
217=KCkATCgpAE0oKQBOKCkATygpAFAoKQBRKCkAUigpAFMoKQBUKCkAVSgpAFYoKQBXKCkAWC
218=gpAFkoKQBaKCkAWygpAFwoKQBdKCkAXigpAF8oKQBgKCkAYSgpAGIoKwABADLphQIoKQAD
219=KCkABCgpAAUoKQAGKCkABygpAAgoKQAJKCkACigpAAsoKQAMKCkADSgpAA4oKQAPKCkAEC
220=gpABEoKQASKCkAEygpABQoKQAVKCkAFigpABcoKQAYKCkAGSgpABooKQAbKCkAHCgpAB0o
221=KQAeKCkAHygpACAoKQAhKCkAIigpACMoKQAkKCkAJSgpACYoKQAnKCkAKCgpACkoKQAqKC
222=kAK0gBaIUBAAAALMgBlYYygIiUhie5By9ABCfUECdVADEoVQAyKCkAMygpADQoKQA1KCkA
223=NigpADcoKQA4KCkAOSgpADooKQA7KCkAPCgpAD0oKQA+KCkAPygpAEAoKQBBKCkAQigpAE
224=MoKQBEKCkARSgpAEYoKQBHKCkASCgpAEkoKQBKKCkASygpAEwoKQBNKCkATigpAE8oKQBQ
225=KCkAUSgpAFIoKQBTKCkAVCgpAFUoKQBWKCkAVygpAFgoKQBZKCkAWigpAFsoKQBcKCkAXS
226=gpAF4oKQBfKCkAYCgpAGEoKQBiKCkAYygrAAIAM+GIAygpAAQoKQAFKCkABigpAAcoKQAI
227=KCkACSgpAAooKQALKCkADCgpAA0oKQAOKCkADygpABAoKQARKCkAEigpABMoKQAUKCkAFS
228=gpABYoKQAXKCkAGCgpABkoKQAaKCkAGygpABwoKQAdKCkAHigpAB8oKQAgKCkAISgpACIo
229=KQAjKCkAJCgpACUoKQAmKCkAJygpACgoKQApKCkAKigpACtIASfVEDOIhZSGqAGUhieNBy
230=9MBSfUECdVADEoVQAyKCkAMygpADQoKQA1KCkANigpADcoKQA4KCkAOSgpADooKQA7KCkA
231=PCgpAD0oKQA+KCkAPygpAEAoKQBBKCkAQigpAEMoKQBEKCkARSgpAEYoKQBHKCkASCgpAE
232=koKQBKKCkASygpAEwoKQBNKCkATigpAE8oKQBQKCkAUSgpAFIoKQBTKCkAVCgpAFUoKQBW
233=KCkAVygpAFgoKQBZKCkAWigpAFsoKQBcKCkAXSgpAF4oKQBfKCkAYCgpAGEoKQBiKCkAYy
234=grAAMANPWGBCgpAAUoKQAGKCkABygpAAgoKQAJKCkACigpAAsoKQAMKCkADSgpAA4oKQAP
235=KCkAECgpABEoKQASKCkAEygpABQoKQAVKCkAFigpABcoKQAYKCkAGSgpABooKQAbKCkAHC
236=gpAB0oKQAeKCkAHygpACAoKQAhKCkAIigpACMoKQAkKCkAJSgpACYoKQAnKCkAKCgpACko
237=KQAqKCkAK0gBJ6kQNCioEKgBiIUnYQcvTAUnqBAnVQAxKFUAMigpADMoKQA0KCkANSgpAD
238=YoKQA3KCkAOCgpADkoKQA6KCkAOygpADwoKQA9KCkAPigpAD8oKQBAKCkAQSgpAEIoKQBD
239=KCkARCgpAEUoKQBGKCkARygpAEgoKQBJKCkASigpAEsoKQBMKCkATSgpAE4oKQBPKCkAUC
240=gpAFEoKQBSKCkAUygpAFQoKQBVKCkAVigpAFcoKQBYKCkAWSgpAFooKQBbKCkAXCgpAF0o
241=KQBeKCkAXygpAGAoKQBhKCkAYigrAAQANf2DBSgpAAYoKQAHKCkACCgpAAkoKQAKKCkACy
242=gpAAwoKQANKCkADigpAA8oKQAQKCkAESgpABIoKQATKCkAFCgpABUoKQAWKCkAFygpABgo
243=KQAZKCkAGigpABsoKQAcKCkAHSgpAB4oKQAfKCkAICgpACEoKQAiKCkAIygpACQoKQAlKC
244=kAJigpACcoKQAoKCkAKSgpACooKQArSAEnURA1KFAQqAGQgic1By9MBSdQECdVADEoVQAy
245=KCkAMygpADQoKQA1KCkANigpADcoKQA4KCkAOSgpADooKQA7KCkAPCgpAD0oKQA+KCkAPy
246=gpAEAoKQBBKCkAQigpAEMoKQBEKCkARSgpAEYoKQBHKCkASCgpAEkoKQBKKCkASygpAEwo
247=KQBNKCkATigpAE8oKQBQKCkAUSgpAFIoKQBTKCkAVCgpAFUoKQBWKCkAVygpAFgoKQBZKC
248=kAWigpAFsoKQBcKCkAXSgpAF4oKQBfKCkAYCgpAGEoKwAFADblgQYoKQAHKCkACCgpAAko
249=KQAKKCkACygpAAwoKQANKCkADigpAA8oKQAQKCkAESgpABIoKQATKCkAFCgpABUoKQAWKC
250=kAFygpABgoKQAZKCkAGigpABsoKQAcKCkAHSgpAB4oKQAfKCkAICgpACEoKQAiKCkAIygp
251=ACQoKQAlKCkAJigpACcoKQAoKCkAKSgpACooKQArSAEn+Q82KPgPqAGYfycJBy9MBSf4Dy
252=dVADEoVQAyKCkAMygpADQoKQA1KCkANigpADcoKQA4KCkAOSgpADooKQA7KCkAPCgpAD0o
253=KQA+KCkAPygpAEAoKQBBKCkAQigpAEMoKQBEKCkARSgpAEYoKQBHKCkASCgpAEkoKQBKKC
254=kASygpAEwoKQBNKCkATigpAE8oKQBQKCkAUSgpAFIoKQBTKCkAVCgpAFUoKQBWKCkAVygp
255=AFgoKQBZKCkAWigpAFsoKQBcKCkAXSgpAF4oKQBfKCkAYCgrAAYAN+1+BygpAAgoKQAJKC
256=kACigpAAsoKQAMKCkADSgpAA4oKQAPKCkAECgpABEoKQASKCkAEygpABQoKQAVKCkAFigp
257=ABcoKQAYKCkAGSgpABooKQAbKCkAHCgpAB0oKQAeKCkAHygpACAoKQAhKCkAIigpACMoKQ
258=AkKCkAJSgpACYoKQAnKCkAKCgpACkoKQAqKCkAK0gBJ6EPNyigD6gBgH0n3QYvTAUnoA8n
259=VQAxKFUAMigpADMoKQA0KCkANSgpADYoKQA3KCkAOCgpADkoKQA6KCkAOygpADwoKQA9KC
260=kAPigpAD8oKQBAKCkAQSgpAEIoKQBDKCkARCgpAEUoKQBGKCkARygpAEgoKQBJKCkASigp
261=AEsoKQBMKCkATSgpAE4oKQBPKCkAUCgpAFEoKQBSKCkAUygpAFQoKQBVKCkAVigpAFcoKQ
262=BYKCkAWSgpAFooKQBbKCkAXCgpAF0oKQBeKCkAXygrAAcAOPV7CCgpAAkoKQAKKCkACygp
263=AAwoKQANKCkADigoAAcPADgA//8AAAAAEQAAzAsAIAUAEAA4AP//AGEAESgpABIoKQATKC
264=kAFCgpABUoKQAWKCkAFygpABgoKQAZKCkAGigpABsoKQAcKCkAHSgpAB4oKQAfKCkAICgp
265=ACEoKQAiKCkAIygpACQoKQAlKCkAJigpACcoKQAoKCkAKSgpACooKQArSgEKAX4kACzIAV
266=UBLcgBAQIAAC5KAf//gQQvKCkAMCgpADEoKQAyKCkAMygpADQoKQA1KCkANigpADcoKQA4
267=KCkAOSgpADooKQA7KCkAPCgpAD0oKQA+KCkAPygpAEAoKQBBKCkAQigpAEMoKQBEKCkARS
268=gpAEYoKQBHKCkASCgpAEkoKQBKKCkASygpAEwoKQBNKCkATigpAE8oKQBQKCkAUSgpAFIo
269=KQBTKCkAVCgpAFUoKQBWKCkAVygpAFgoKQBZKCkAWigpAFsoKQBcKCkAXSgpAF4oKAABCA
270=A5AMlDCSgpAAooKQALKCkADCgpAA0oKQAOKCkADygpABAoKQARKCkAEigpABMoKQAUKCkA
271=FSgpABYoKQAXKCkAGCgpABkoKQAaKCkAGygpABwoKQAdKCkAHigpAB8oKQAgKCkAISgpAC
272=IoKQAjKCkAJCgpACUoKQAmKCkAJygpACgoKQApKCkAKigpACtIASfyDjkAaAGQd6gBkHcn
273=hQYvTAXRNTAoKQAxKCkAMigpADMoKQA0KCkANSgpADYoKQA3KCkAOCgpADkoKQA6KCkAOy
274=gpADwoKQA9KCkAPigpAD8oKQBAKCkAQSgpAEIoKQBDKCkARCgpAEUoKQBGKCkARygpAEgo
275=KQBJKCkASigpAEsoKQBMKCkATSgpAE4oKQBPKCkAUCgpAFEoKQBSKCkAUygpAFQoKQBVKC
276=kAVigpAFcoKQBYKCkAWSgpAFooKQBbKCkAXCgpAF0oKwAJADrldgooKQALKCkADCgpAA0o
277=KQAOKCkADygpABAoKQARKCkAEigpABMoKQAUKCkAFSgpABYoKQAXKCkAGCgpABkoKQAaKC
278=kAGygpABwoKQAdKCkAHigpAB8oKQAgKCkAISgpACIoKQAjKCkAJCgpACUoKQAmKCkAJygp
279=ACgoKQApKCkAKigpACsoKQAsKCkALSgpAC4oKQAvKCkAMCgpADEoKQAyKCkAMygpADQoKQ
280=A1KCkANigpADcoKQA4KCkAOSgpADooKQA7KCkAPCgpAD0oKQA+KCkAPygpAEAoKQBBKCkA
281=QigpAEMoKQBEKCkARSgpAEYoKQBHKCkASCgpAEkoKQBKKCkASygpAEwoKQBNKCkATigpAE
282=8oKQBQKCkAUSgpAFIoKQBTKCkAVCgpAFUoKQBWKCkAVygpAFgoKQBZKCkAWigpAFsoKQBc
283=KCsACgA77XMLKCkADCgpAA0oKQAOKCkADygpABAoKQARKCkAEigpABMoKQAUKCkAFSgpAB
284=YoKQAXKCkAGCgpABkoKQAaKCkAGygpABwoKQAdKCkAHigpAB8oKQAgKCkAISgpACIoKQAj
285=KCkAJCgpACUoKQAmKCkAJygpACgoKQApKCkAKigpACsoKQAsKCkALSgpAC4oKQAvKCkAMC
286=gpADEoKQAyKCkAMygpADQoKQA1KCkANigpADcoKQA4KCkAOSgpADooKQA7KCkAPCgpAD0o
287=KQA+KCkAPygpAEAoKQBBKCkAQigpAEMoKQBEKCkARSgpAEYoKQBHKCkASCgpAEkoKQBKKC
288=kASygpAEwoKQBNKCkATigpAE8oKQBQKCkAUSgpAFIoKQBTKCkAVCgpAFUoKQBWKCkAVygp
289=AFgoKQBZKCkAWigpAFsoKwALADz1cAwoKQANKCkADigpAA8oKQAQKCkAESgpABIoKQATKC
290=kAFCgpABUoKQAWKCkAFygpABgoKQAZKCkAGigpABsoKQAcKCkAHSgpAB4oKQAfKCkAICgp
291=ACEoKQAiKCkAIygpACQoKQAlKCkAJigpACcoKQAoKCkAKSgpACooKQArKCkALCgpAC0oKQ
292=AuKCkALygpADAoKQAxKCkAMigpADMoKQA0KCkANSgpADYoKQA3KCkAOCgpADkoKQA6KCkA
293=OygpADwoKQA9KCkAPigpAD8oKQBAKCkAQSgpAEIoKQBDKCkARCgpAEUoKQBGKCkARygpAE
294=goKQBJKCkASigpAEsoKQBMKCkATSgpAE4oKQBPKCkAUCgpAFEoKQBSKCkAUygpAFQoKQBV
295=KCkAVigpAFcoKQBYKCkAWSgpAFooKwAMAD39bQ0oKQAOKCkADygpABAoKQARKCkAEigpAB
296=MoKQAUKCkAFSgpABYoKQAXKCkAGCgpABkoKQAaKCkAGygpABwoKQAdKCkAHigpAB8oKQAg
297=KCkAISgpACIoKQAjKCkAJCgpACUoKQAmKCkAJygpACgoKQApKCkAKigpACsoKQAsKCkALS
298=gpAC4oKQAvKCkAMCgpADEoKQAyKCkAMygpADQoKQA1KCkANigpADcoKQA4KCkAOSgpADoo
299=KQA7KCkAPCgpAD0oKQA+KCkAPygpAEAoKQBBKCkAQigpAEMoKQBEKCkARSgpAEYoKQBHKC
300=kASCgpAEkoKQBKKCkASygpAEwoKQBNKCkATigpAE8oKQBQKCkAUSgpAFIoKQBTKCkAVCgp
301=AFUoKQBWKCkAVygpAFgoKQBZKCsADQA+5WsOKCkADygpABAoKQARKCkAEigpABMoKQAUKC
302=kAFSgpABYoKQAXKCkAGCgpABkoKQAaKCkAGygpABwoKQAdKCkAHigpAB8oKQAgKCkAISgp
303=ACIoKQAjKCkAJCgpACUoKQAmKCkAJygpACgoKQApKCkAKigpACsoKQAsKCkALSgpAC4oKQ
304=AvKCkAMCgpADEoKQAyKCkAMygpADQoKQA1KCkANigpADcoKQA4KCkAOSgpADooKQA7KCkA
305=PCgpAD0oKQA+KCkAPygpAEAoKQBBKCkAQigpAEMoKQBEKCkARSgpAEYoKQBHKCkASCgpAE
306=koKQBKKCkASygpAEwoKQBNKCkATigpAE8oKQBQKCkAUSgpAFIoKQBTKCkAVCgpAFUoKQBW
307=KCkAVygpAFgoKwAOAD/taA8oKQAQKCkAESgpABIoKQATKCkAFCgpABUoKQAWKCkAFygpAB
308=goKQAZKCkAGigpABsoKQAcKCkAHSgpAB4oKQAfKCkAICgpACEoKQAiKCkAIygpACQoKQAl
309=KCkAJigpACcoKQAoKCkAKSgpACooKQArKCkALCgpAC0oKQAuKCkALygpADAoKQAxKCkAMi
310=gpADMoKQA0KCkANSgpADYoKQA3KCkAOCgpADkoKQA6KCkAOygpADwoKQA9KCkAPigpAD8o
311=KQBAKCkAQSgpAEIoKQBDKCkARCgpAEUoKQBGKCkARygpAEgoKQBJKCkASigpAEsoKQBMKC
312=kATSgpAE4oKQBPKCkAUCgpAFEoKQBSKCkAUygpAFQoKQBVKCkAVigpAFcoKwAPAED1ZRAo
313=KQARKCkAEigpABMoKQAUKCkAFSgpABYoKQAXKCkAGCgpABkoKQAaKCkAGygpABwoKQAdKC
314=kAHigpAB8oKQAgKCkAISgpACIoKQAjKCkAJCgpACUoKQAmKCkAJygpACgoKQApKCkAKigp
315=ACsoKQAsKCkALSgpAC4oKQAvKCkAMCgpADEoKQAyKCkAMygpADQoKQA1KCkANigpADcoKQ
316=A4KCkAOSgpADooKQA7KCkAPCgpAD0oKQA+KCkAPygpAEAoKQBBKCkAQigpAEMoKQBEKCkA
317=RSgpAEYoKQBHKCkASCgpAEkoKQBKKCkASygpAEwoKQBNKCkATigpAE8oKQBQKCkAUSgpAF
318=IoKQBTKCkAVCgpAFUoKQBWKCsAEABB/WIRKCkAEigpABMoKQAUKCkAFSgpABYoKQAXKCkA
319=GCgpABkoKQAaKCkAGygpABwoKQAdKCkAHigpAB8oKQAgKCkAISgpACIoKQAjKCkAJCgpAC
320=UoKQAmKCkAJygpACgoKQApKCkAKigpACsoKQAsKCkALSgpAC4oKQAvKCkAMCgoAAQxAEEA
321=//8AEQAAwwsAIAcAAAAAMgBBAP//QAEDAAAzAEEAyQE0KCkANSgpADYoKQA3KCkAOCgpAD
322=koKQA6KCkAOygpADwoKQA9KCkAPigpAD8oKQBAKCkAQSgpAEIoKQBDKCkARCgpAEUoKQBG
323=KCkARygpAEgoKQBJKCkASigpAEsoKQBMKCkATSgpAE4oKQBPKCkAUCgpAFEoKQBSKCkAUy
324=gpAFQoKQBVKCsAEQBC4TASKCkAEygpABQoKQAVKCkAFigpABcoKQAYKCkAGSgpABooKQAb
325=KCkAHCgpAB0oKQAeKCkAHygpACAoKQAhKCkAIigpACMoKQAkKCkAJSgpACYoKQAnKCkAKC
326=gpACkoKQAqKCkAKygpACwoKQAtKCkALigpAC8oKQAwKCkAMSgpADIoKQAzKCkANCgpADUo
327=KQA2KCkANygpADgoKQA5KCkAOigpADsoKQA8KCkAPSgpAD4oKQA/KCkAQCgpAEEoKQBCKC
328=kAQygpAEQoKQBFKCkARigpAEcoKQBIKCkASSgpAEooKQBLKCkATCgpAE0oKQBOKCkATygp
329=AFAoKQBRKCkAUigpAFMoKQBUKCsAEgBD7V0TKCkAFCgpABUoKQAWKCkAFygpABgoKQAZKC
330=kAGigpABsoKQAcKCkAHSgpAB4oKQAfKCkAICgpACEoKQAiKCkAIygpACQoKQAlKCkAJigp
331=ACcoKQAoKCkAKSgpACooKQArKCkALCgpAC0oKQAuKCkALygpADAoKQAxKCkAMigpADMoKQ
332=A0KCkANSgpADYoKQA3KCkAOCgpADkoKQA6KCkAOygpADwoKQA9KCkAPigpAD8oKQBAKCkA
333=QSgpAEIoKQBDKCkARCgpAEUoKQBGKCkARygpAEgoKQBJKCkASigpAEsoKQBMKCkATSgpAE
334=4oKQBPKCkAUCgpAFEoKQBSKCkAUygrABMARPVaFCgpABUoKQAWKCkAFygpABgoKQAZKCkA
335=GigpABsoKQAcKCkAHSgpAB4oKQAfKCkAICgpACEoKQAiKCkAIygpACQoKQAlKCkAJigpAC
336=coKQAoKCkAKSgpACooKQArKCkALCgpAC0oKQAuKCkALygpADAoKQAxKCkAMigpADMoKQA0
337=KCkANSgpADYoKQA3KCkAOCgpADkoKQA6KCkAOygpADwoKQA9KCkAPigpAD8oKQBAKCkAQS
338=gpAEIoKQBDKCkARCgpAEUoKQBGKCkARygpAEgoKQBJKCkASigpAEsoKQBMKCkATSgpAE4o
339=KQBPKCkAUCgpAFEoKQBSKCsAFABF/VcVKCkAFigpABcoKQAYKCkAGSgpABooKQAbKCkAHC
340=gpAB0oKQAeKCkAHygpACAoKQAhKCkAIigpACMoKQAkKCkAJSgpACYoKQAnKCkAKCgpACko
341=KQAqKCkAKygpACwoKQAtKCkALigpAC8oKQAwKCkAMSgpADIoKQAzKCkANCgpADUoKQA2KC
342=kANygpADgoKQA5KCkAOigpADsoKQA8KCkAPSgpAD4oKQA/KCkAQCgpAEEoKQBCKCkAQygp
343=AEQoKQBFKCkARigpAEcoKQBIKCkASSgpAEooKQBLKCkATCgpAE0oKQBOKCkATygpAFAoKQ
344=BRKCsAFQBG5VUWKCkAFygpABgoKQAZKCkAGigpABsoKQAcKCkAHSgpAB4oKQAfKCkAICgp
345=ACEoKQAiKCkAIygpACQoKQAlKCkAJigpACcoKQAoKCkAKSgpACooKQArKCkALCgpAC0oKQ
346=AuKCkALygpADAoKQAxKCkAMigpADMoKQA0KCkANSgpADYoKQA3KCkAOCgpADkoKQA6KCkA
347=OygpADwoKQA9KCkAPigpAD8oKQBAKCkAQSgpAEIoKQBDKCkARCgpAEUoKQBGKCkARygpAE
348=goKQBJKCkASigpAEsoKQBMKCkATSgpAE4oKQBPKCkAUCgrABYAR+1SFygpABgoKQAZKCkA
349=GigpABsoKQAcKCkAHSgpAB4oKQAfKCkAICgpACEoKQAiKCkAIygpACQoKQAlKCkAJigpAC
350=coKQAoKCkAKSgpACooKQArKCkALCgpAC0oKQAuKCkALygpADAoKQAxKCkAMigpADMoKQA0
351=KCkANSgpADYoKQA3KCkAOCgpADkoKQA6KCkAOygpADwoKQA9KCkAPigpAD8oKQBAKCkAQS
352=gpAEIoKQBDKCkARCgpAEUoKQBGKCkARygpAEgoKQBJKCkASigpAEsoKQBMKCkATSgpAE4o
353=KQBPKCsAFwBI9U8YKCkAGSgpABooKQAbKCkAHCgpAB0oKQAeKCkAHygpACAoKQAhKCkAIi
354=gpACMoKQAkKCkAJSgpACYoKQAnKCkAKCgpACkoKQAqKCkAKygpACwoKQAtKCkALigpAC8o
355=KQAwKCkAMSgpADIoKQAzKCkANCgpADUoKQA2KCkANygpADgoKQA5KCkAOigpADsoKQA8KC
356=kAPSgpAD4oKQA/KCkAQCgpAEEoKQBCKCkAQygpAEQoKQBFKCkARigpAEcoKQBIKCkASSgp
357=AEooKQBLKCkATCgpAE0oKQBOKCsAGABJ/UwZKCkAGigpABsoKQAcKCkAHSgpAB4oKQAfKC
358=kAICgpACEoKQAiKCkAIygpACQoKQAlKCkAJigpACcoKQAoKCkAKSgpACooKQArKCkALCgp
359=AC0oKQAuKCkALygpADAoKQAxKCkAMigpADMoKQA0KCkANSgpADYoKQA3KCkAOCgpADkoKQ
360=A6KCkAOygpADwoKQA9KCkAPigpAD8oKQBAKCkAQSgpAEIoKQBDKCkARCgpAEUoKQBGKCkA
361=RygpAEgoKQBJKCkASigpAEsoKQBMKCkATSgrABkASuVKGigpABsoKQAcKCkAHSgpAB4oKQ
362=AfKCkAICgpACEoKQAiKCkAIygpACQoKQAlKCkAJigpACcoKQAoKCkAKSgpACooKQArKCkA
363=LCgpAC0oKQAuKCkALygpADAoKQAxKCkAMigpADMoKQA0KCkANSgpADYoKQA3KCkAOCgpAD
364=koKQA6KCkAOygpADwoKQA9KCkAPigpAD8oKQBAKCkAQSgpAEIoKQBDKCkARCgpAEUoKQBG
365=KCkARygpAEgoKQBJKCkASigpAEsoKQBMKCsAGgBL7UcbKCkAHCgpAB0oKQAeKCkAHygpAC
366=AoKQAhKCkAIigpACMoKQAkKCkAJSgpACYoKQAnKCkAKCgpACkoKQAqKCkAKygpACwoKQAt
367=KCkALigpAC8oKQAwKCkAMSgpADIoKQAzKCkANCgpADUoKQA2KCkANygpADgoKQA5KCkAOi
368=gpADsoKQA8KCkAPSgpAD4oKQA/KCkAQCgpAEEoKQBCKCkAQygpAEQoKQBFKCkARigpAEco
369=KQBIKCkASSgpAEooKQBLKCsAGwBM9UQcKCkAHSgpAB4oKQAfKCkAICgpACEoKQAiKCkAIy
370=gpACQoKQAlKCkAJigpACcoKQAoKCkAKSgpACooKQArKCkALCgpAC0oKQAuKCkALygpADAo
371=KQAxKCkAMigpADMoKQA0KCkANSgpADYoKQA3KCkAOCgpADkoKQA6KCkAOygpADwoKQA9KC
372=kAPigpAD8oKQBAKCkAQSgpAEIoKQBDKCkARCgpAEUoKQBGKCkARygpAEgoKQBJKCkASigr
373=ABwATf1BHSgpAB4oKQAfKCkAICgpACEoKQAiKCkAIygpACQoKQAlKCkAJigpACcoKQAoKC
374=kAKSgpACooKQArKCkALCgpAC0oKQAuKCkALygpADAoKQAxKCkAMigpADMoKQA0KCkANSgp
375=ADYoKQA3KCkAOCgpADkoKQA6KCkAOygpADwoKQA9KCkAPigpAD8oKQBAKCkAQSgpAEIoKQ
376=BDKCkARCgpAEUoKQBGKCkARygpAEgoKQBJKCsAHQBO5T8eKCkAHygpACAoKQAhKCkAIigp
377=ACMoKQAkKCkAJSgpACYoKQAnKCkAKCgpACkoKQAqKCkAKygpACwoKQAtKCkALigpAC8oKQ
378=AwKCkAMSgpADIoKQAzKCkANCgoAAE1AE4AEQAArgeyFAH//wAAQAABNgBOAMkBNygpADgo
379=KQA5KCkAOigpADsoKQA8KCkAPSgpAD4oKQA/KCkAQCgpAEEoKQBCKCkAQygpAEQoKQBFKC
380=kARigpAEcoKQBIKCsAHgBP4RofKCkAICgpACEoKQAiKCkAIygpACQoKQAlKCkAJigpACco
381=KQAoKCkAKSgpACooKQArKCkALCgpAC0oKQAuKCkALygpADAoKQAxKCkAMigpADMoKQA0KC
382=kANSgpADYoKQA3KCkAOCgpADkoKQA6KCkAOygpADwoKQA9KCkAPigpAD8oKQBAKCkAQSgp
383=AEIoKQBDKCkARCgpAEUoKQBGKCkARygrAB8AUPU5ICgpACEoKQAiKCkAIygpACQoKQAlKC
384=kAJigpACcoKQAoKCkAKSgpACooKQArKCkALCgpAC0oKQAuKCkALygpADAoKQAxKCkAMigp
385=ADMoKQA0KCkANSgpADYoKQA3KCkAOCgpADkoKQA6KCkAOygpADwoKQA9KCkAPigpAD8oKQ
386=BAKCkAQSgpAEIoKQBDKCkARCgpAEUoKQBGKCsAIABR/TYhKCkAIigpACMoKQAkKCkAJSgp
387=ACYoKQAnKCkAKCgpACkoKQAqKCkAKygpACwoKQAtKCkALigpAC8oKQAwKCkAMSgpADIoKQ
388=AzKCkANCgpADUoKQA2KCkANygpADgoKQA5KCkAOigpADsoKQA8KCkAPSgpAD4oKQA/KCkA
389=QCgpAEEoKQBCKCkAQygpAEQoKQBFKCsAIQBS5TQiKCkAIygpACQoKQAlKCkAJigpACcoKQ
390=AoKCkAKSgpACooKQArKCkALCgpAC0oKQAuKCkALygpADAoKQAxKCkAMigpADMoKQA0KCkA
391=NSgpADYoKQA3KCkAOCgpADkoKQA6KCkAOygpADwoKQA9KCkAPigpAD8oKQBAKCkAQSgpAE
392=IoKQBDKCkARCgrACIAU+0xIygpACQoKQAlKCkAJigpACcoKQAoKCkAKSgpACooKQArKCkA
393=LCgpAC0oKQAuKCkALygpADAoKQAxKCkAMigpADMoKQA0KCkANSgpADYoKQA3KCkAOCgpAD
394=koKQA6KCkAOygpADwoKQA9KCkAPigpAD8oKQBAKCkAQSgpAEIoKQBDKCsAIwBU9S4kKCkA
395=JSgpACYoKQAnKCkAKCgpACkoKQAqKCkAKygpACwoKQAtKCkALigpAC8oKQAwKCkAMSgpAD
396=IoKQAzKCkANCgpADUoKQA2KCkANygpADgoKQA5KCkAOigpADsoKQA8KCkAPSgpAD4oKQA/
397=KCkAQCgpAEEoKQBCKCsAJABV/SslKCkAJigpACcoKQAoKCkAKSgpACooKQArKCkALCgpAC
398=0oKQAuKCkALygpADAoKQAxKCkAMigpADMoKQA0KCkANSgpADYoKQA3KCkAOCgpADkoKQA6
399=KCkAOygpADwoKQA9KCkAPigpAD8oKQBAKCkAQSgrACUAVuUpJigpACcoKQAoKCkAKSgpAC
400=ooKQArKCkALCgpAC0oKQAuKCkALygpADAoKQAxKCkAMigpADMoKQA0KCkANSgpADYoKQA3
401=KCkAOCgpADkoKQA6KCkAOygpADwoKQA9KCkAPigpAD8oKQBAKCsAJgBX7SYnKCkAKCgpAC
402=koKQAqKCkAKygpACwoKQAtKCkALigpAC8oKQAwKCkAMSgpADIoKQAzKCkANCgpADUoKQA2
403=KCkANygpADgoKQA5KCkAOigpADsoKQA8KCkAPSgpAD4oKQA/KCsAJwBY9SMoKCkAKSgpAC
404=ooKQArKCkALCgpAC0oKQAuKCkALygpADAoKQAxKCkAMigpADMoKQA0KCkANSgpADYoKQA3
405=KCkAOCgpADkoKQA6KCkAOygpADwoKQA9KCkAPigrACgAWf0gKSgpACooKQArKCkALCgpAC
406=0oKQAuKCkALygpADAoKQAxKCkAMigpADMoKQA0KCkANSgpADYoKQA3KCkAOCgpADkoKQA6
407=KCkAOygpADwoKQA9KCsAKQBa5R4qKCkAKygpACwoKQAtKCkALigpAC8oKQAwKCkAMSgpAD
408=IoKQAzKCkANCgpADUoKQA2KCkANygpADgoKQA5KCkAOigpADsoKQA8KCsAKgBb7RsrKCkA
409=LCgpAC0oKQAuKCkALygpADAoKQAxKCkAMigpADMoKQA0KCkANSgpADYoKQA3KCkAOCgpAD
410=koKQA6KCkAOygrACsAXPUYLCgpAC0oKQAuKCkALygpADAoKQAxKCkAMigpADMoKQA0KCkA
411=NSgpADYoKQA3KCkAOCgpADkoKQA6KCsALABd/RUtKCkALigpAC8oKQAwKCkAMSgpADIoKQ
412=AzKCkANCgpADUoKQA2KCkANygpADgoKQA5KCsALQBe5RMuKCkALygpADAoKQAxKCkAMigp
413=ADMoKQA0KCkANSgpADYoKQA3KCkAOCgrAC4AX+0QLygpADAoKQAxKCkAMigpADMoKQA0KC
414=kANSgpADYoKQA3KCsALwBg9Q0wKCkAMSgpADIoKQAzKCkANCgpADUoKQA2KCsAMABh/Qox
415=KCkAMigpADMoKQA0KCkANSgrADEAYuUIMigpADMoKQA0KCsAMgBj7AUIMwBjAP//AAAAAA
416=ARAAA=

[Lighting]
Red=0.710000
Blue=1.190000
Green=0.810000
Level=0.032000
Ground=0.000000
IonRed=0.695000
Ambient=0.750000
IonBlue=0.775000
IonGreen=0.445000
IonLevel=0.028000
IonGround=0.000000
IonAmbient=0.650000
DominatorRed=0.850000
DominatorBlue=0.300000
DominatorGreen=0.200000
DominatorLevel=0.000000
DominatorGround=0.000000
DominatorAmbient=1.500000
DominatorAmbientChangeRate=0.009000

[Map]
Size=0,0,50,50
Theater=DESERT
LocalSize=2,4,46,44

[Neutral]
IQ=0
Edge=North
Color=Grey
Allies=Neutral
Country=Neutral
Credits=0
NodeCount=0
TechLevel=1
PercentBuilt=0
PlayerControl=no

[Nod]
IQ=0
Edge=North
Color=Gold
Allies=Nod
Country=Nod
Credits=0
NodeCount=0
TechLevel=1
PercentBuilt=0
PlayerControl=no

[OverlayDataPack]
1=BQAAIP4AIACABQAAIP4AIACABQAAIP4AIACABQAAIP4AIACABQAAIP4AIACABQAAIP4AIA
2=CABQAAIP4AIACABQAAIP4AIACABQAAIP4AIACABQAAIP4AIACABQAAIP4AIACABQAAIP4A
3=IACABQAAIP4AIACABQAAIP4AIACABQAAIP4AIACABQAAIP4AIACABQAAIP4AIACABQAAIP
4=4AIACABQAAIP4AIACABQAAIP4AIACABQAAIP4AIACABQAAIP4AIACABQAAIP4AIACABQAA
5=IP4AIACABQAAIP4AIACABQAAIP4AIACABQAAIP4AIACABQAAIP4AIACABQAAIP4AIACABQ
6=AAIP4AIACABQAAIP4AIACABQAAIP4AIACA

[OverlayPack]
1=BQAAIP4AIP+ABQAAIP4AIP+ABQAAIP4AIP+ABQAAIP4AIP+ABQAAIP4AIP+ABQAAIP4AIP
2=+ABQAAIP4AIP+ABQAAIP4AIP+ABQAAIP4AIP+ABQAAIP4AIP+ABQAAIP4AIP+ABQAAIP4A
3=IP+ABQAAIP4AIP+ABQAAIP4AIP+ABQAAIP4AIP+ABQAAIP4AIP+ABQAAIP4AIP+ABQAAIP
4=4AIP+ABQAAIP4AIP+ABQAAIP4AIP+ABQAAIP4AIP+ABQAAIP4AIP+ABQAAIP4AIP+ABQAA
5=IP4AIP+ABQAAIP4AIP+ABQAAIP4AIP+ABQAAIP4AIP+ABQAAIP4AIP+ABQAAIP4AIP+ABQ
6=AAIP4AIP+ABQAAIP4AIP+ABQAAIP4AIP+A

[Russians]
IQ=0
Edge=North
Color=DarkRed
Allies=Russians
Country=Russians
Credits=0
NodeCount=0
TechLevel=1
PercentBuilt=0
PlayerControl=no

[Special]
IQ=0
Edge=North
Color=Grey
Allies=Special
Country=Special
Credits=0
NodeCount=0
TechLevel=1
PercentBuilt=0
PlayerControl=no

[SpecialFlags]
Inert=no
FogOfWar=no
IonStorms=no
MCVDeploy=no
Meteorites=no
Visceroids=yes
FixedAlliance=no
TiberiumGrows=yes
InitialVeteran=no
HarvesterImmune=no
TiberiumSpreads=yes
TiberiumExplosive=no
DestroyableBridges=yes

[Structures]
0=Neutral,CAIRFGL,256,42,25,64,None,1,0,1,0,0,None,None,None,0,0
1=Neutral,CAIRFGL,256,42,29,64,None,1,0,1,0,0,None,None,None,0,0
2=Neutral,CAIRFGL,256,42,33,64,None,1,0,1,0,0,None,None,None,0,0
3=Neutral,CAIRFGL,256,42,21,64,None,1,0,1,0,0,None,None,None,0,0
4=Neutral,CAMORR10,256,41,42,64,None,1,0,1,0,0,None,None,None,0,0
5=Neutral,CAMORR10,256,46,42,64,None,1,0,1,0,0,None,None,None,0,0
6=Neutral,CAMORR09,256,39,34,64,None,1,0,1,0,0,None,None,None,0,0
7=Neutral,CAMORR08,256,47,14,64,None,1,0,1,0,0,None,None,None,0,0
8=Neutral,CAMORR07,256,46,22,64,None,1,0,1,0,0,None,None,None,0,0
9=Neutral,CAMORR06,256,39,17,64,None,1,0,1,0,0,None,None,None,0,0
10=Neutral,CAMORR05,256,55,14,64,None,1,0,1,0,0,None,None,None,0,0
11=Neutral,CAMORR08,256,59,14,64,None,1,0,1,0,0,None,None,None,0,0
12=Neutral,CAMORR09,256,46,10,64,None,1,0,1,0,0,None,None,None,0,0
13=Neutral,CABARR01,256,46,44,64,None,1,0,1,0,0,None,None,None,0,0
14=Neutral,CABARR01,256,42,44,64,None,1,0,1,0,0,None,None,None,0,0
15=Neutral,CAOLEO,256,36,26,64,None,1,0,1,0,0,None,None,None,0,0
16=Neutral,CAOILD,256,37,58,64,None,1,0,1,0,0,None,None,None,0,0
17=Neutral,CAOILD,256,37,63,64,None,1,0,1,0,0,None,None,None,0,0
18=Neutral,CAOILD,256,33,58,64,None,1,0,1,0,0,None,None,None,0,0
19=Neutral,CAOILD,256,34,63,64,None,1,0,1,0,0,None,None,None,0,0
20=Neutral,CAOILD,256,30,63,64,None,1,0,1,0,0,None,None,None,0,0
21=Neutral,CAOILD,256,29,57,64,None,1,0,1,0,0,None,None,None,0,0
22=Neutral,CAOILD,256,33,54,64,None,1,0,1,0,0,None,None,None,0,0
23=Neutral,CAOILD,256,39,61,64,None,1,0,1,0,0,None,None,None,0,0
24=Neutral,CAOILD,256,35,60,64,None,1,0,1,0,0,None,None,None,0,0
25=Neutral,CAOILD,256,30,60,64,None,1,0,1,0,0,None,None,None,0,0
26=Neutral,CAOILD,256,29,53,64,None,1,0,1,0,0,None,None,None,0,0
27=Neutral,CAOILD,256,24,55,64,None,1,0,1,0,0,None,None,None,0,0
28=Neutral,CAOILD,256,25,59,64,None,1,0,1,0,0,None,None,None,0,0
29=Neutral,CAOILD,256,26,64,64,None,1,0,1,0,0,None,None,None,0,0
30=Neutral,CAOILD,256,30,66,64,None,1,0,1,0,0,None,None,None,0,0
31=Neutral,CAOILD,256,34,66,64,None,1,0,1,0,0,None,None,None,0,0
32=Neutral,CABARR01,256,48,44,64,None,1,0,1,0,0,None,None,None,0,0
33=Neutral,CABARR01,256,40,44,64,None,1,0,1,0,0,None,None,None,0,0

[TeamTypes]

[Terrain]
8048=TREE30
10050=TREE32
13046=TREE32
15041=TREE31
16042=TREE30
16058=LT_EUR01_NIGHT
17047=LT_EUR01_NIGHT
20040=LT_EUR01_NIGHT
22055=TREE32
22058=TREE32
23042=LT_EUR02_NIGHT
23049=LT_EUR02_NIGHT
23055=TREE31
27042=LT_EUR02_NIGHT
27046=TREE30
28047=TREE31
31042=LT_EUR02_NIGHT
34030=TREE32
35035=TREE31
35037=TREE30
36038=TREE31
36042=LT_EUR02_NIGHT
37034=TREE31
38034=TREE30
39040=TREE32
39041=TREE30

[Waypoints]
0=54045

[Yugoslavia]
IQ=0
Edge=North
Color=DarkRed
Allies=Yugoslavia
Country=Yugoslavia
Credits=0
NodeCount=0
TechLevel=1
PercentBuilt=0
PlayerControl=no

[YuriCountry]
IQ=0
Edge=North
Color=DarkRed
Allies=YuriCountry
Country=YuriCountry
Credits=0
NodeCount=0
TechLevel=1
PercentBuilt=0
PlayerControl=no

[YuriGreen]
IQ=0
Edge=North
Color=DarkRed
Allies=YuriGreen
Country=YuriGreen
Credits=0
NodeCount=0
TechLevel=1
PercentBuilt=0
PlayerControl=no

[YuriPacific]
IQ=0
Edge=North
Color=DarkRed
Allies=YuriPacific
Country=YuriPacific
Credits=0
NodeCount=0
TechLevel=1
PercentBuilt=0
PlayerControl=no



[Digest]
1=g/G76kJU/Bs6LB/o9gW98dgwHnU=

