; Map created with FinalAlert 2(tm) Mission Editor
; Get it at http://www.westwood.com
; note that all comments were truncated

[Header]
Width=47
Height=69
StartX=232
StartY=30
Waypoint1=240,39
Waypoint2=269,88
Waypoint3=0,0
Waypoint4=0,0
Waypoint5=0,0
Waypoint6=0,0
Waypoint7=0,0
Waypoint8=0,0
NumberStartingPoints=2

[AircraftTypes]


[Preview]
Size=0,0,100,75

[PreviewPack]
1=/BEAIAaiqFCjp1Cjp1BAAUoAo6d4AUABA4+XRIeRPFgBTAEDlJtGhI45WAFMAUgAUAJIAE
2=ABSABAAUgAUAUDgIgxgogwTARMAQODjDSQlj5fAoyXPieMAAAJraNQr59JqpxMxYU9Y1gz
3=o6BQtZdKn6BOnKRRrweao0lQBUgAQAdIAEABSABAAQmhlUecokudpU+BizdcCydPAZeeRE
4=AESABMBEgABpqgS7e4Vbm4VlwCJy8AlpxGXBEDipA6nqZLTARMDQOPl0F7hDFcCEAHSBIM
5=pJlHxo5Ke1szgW03cXQ4TARcAkgAQAFIAEABSABCAZ+ZeAdAAVgBSABAAUgAQAEDjJU/kJ
6=dAUCNIGKQLUCBMAQN9iC+NljxQIEwEQBBYDVwFWChIA0AESABABEgDUAJQEVACWAEnvAC8
7=AkgDCbGcTJ+hVK6MSWpWMEwBpCBMDVgrvAVEJlACA42YP5ukSlwFDKesVq2QRqWaSqWpU4
8=6WP7wISANAAUgAQARIAEABSABAAUAlWCVIAEABSABAAUgAQAFcEUAESABMBEgAKmwCWDcO
9=vKFLqaZPpnZEpptMdns6cnkxxARIA1glJwQBQAFAH1gWQCVMAUgAWApIAEQLSABIIUgAUA
10=JIAFMCj5U9WChQF0ABXAJABKwBRClQCLQeXAJQBUAfXEFYOmwBAqFIpppJT0lyZDQnXAlM
11=B0gAUAVAK0wESABcC0gAQAFIAEABA56YS6KiT6wBWAFAAawKUDVMAVgNTBZELEwBBaesU7
12=q4Vq2tdAAqLABYSUBMKuwAWA1cBbwCWFsAD6mUT7mpVK6eTbiDQohqN655PJFlN2hXLnZ7
13=OoNvOnRkM6wHtABAB0ABUBpYVawBWAFICawBQCJIIawBXAJAAUgAQAFIAEABSABAAUgAQA
14=FIAEABXAVAAUgATAFIACpMAQakgEV8WjN/XTJcAkA6tB5EFyqMAFgfWExYLkwECaeqWaea
15=SaeeSaeoUUAKSBK0HlgrSABAB0gAKuwATCUDvblUubZZpCYnLABACkgArApABycsACfvAJ
16=6PSVwRUHdIeEBzSCdDSaWYRiqEDkAQSBJIAFgQJy8A+voAMwgAQAQzXAAzUABMCidcAHIU
17=oFBQbgOlm02zhUBQg7xKUF8qFAZYf0gMQAdUZicUAwidpEunpVCgnVCYpGypRB1IAEgkXF
18=BMW6wBXFYqIAkqLABACidEBkBeWAG8CycsAFgBUAJIAEABWBNAEwaQjUatmkmckUdYJawW
19=RHRABFgBVABIAEQFSABAASeAAyAnIABYGUATSBtEGlwLQF4DpXxEe2AyWBADmohJnqBNXA
20=4npAZMkUgbQChQU0QsJyQXA6ugUKerVFgHUAVEKUBDWApEJkBwTAFIAFAFUEpUJKyUKiwA
21=SAZQBVAvQBBMASp8AUxYJ6wBTAEnnBRADUA3WJFUe0AWA3FSLndkNFACWAdIAEABSABAAU
22=gAICeUBFwIUBREGkgAUAtIAFALSOEMpKJYpopEr5xMoIFIsrFZtBtKA6KozNmMAWjzQAFo
23=AAeqUKOdSKyXRZucYOK0G1AvQAGsCkArWBxAJUgktG8qLABQI1iLKgwCTApAB0gAQAFIAE
24=ABSABAAUgAQAFIAEABRDJAAba6vn9kv1zRRAInXBtMAUAcIAwIAEgGRAtIBkABSABMAUiK
25=TDRAGUgYRBRYJVBlSA9IP0AESABMBAOuoU2yo1K0JEvVr7RUrIVIA0wBrARcAkABSABQAk
26=gACamkTaahS6aTRaKdSFACSABQAkgAQAcnLABMJSqUBCcsAEAQWBBQEUhLUAVIAEAHSABA
27=AUgAQAFIAEABSABAAUgAQAFYCkyXTAEGp55Spp5OnG89UAJYAVguWFi0CVRaQB82CAC8BV
28=QDQAFIAEwHSABAAUgAQAFIAEABSABAAUgAQAFIAEABSABQC0gAVBUqxARUIVglQBxQQUwB
29=J18JiJI/WDe0Zp0CUKxDTN8JoaFOqKtVt59No5tLUAtIAFALSABAASdkBEAKKiwASANABE
30=wcQAqsAVwXLQgAM1wAUAJIAEwHR5VUQSpUq1gQWC5cPkAZQIstEAG4AUgGSABUBkgAJwwR
31=TAFQAkgAQAFIAEABSABAAUgAQAFIAEABSABcC1gKSGZIAEANQBZQO1wCUNSsBEgbX5WMlE
32=FIJFwCVCdIAEgkSBJIHqwBXAJMB0A6SC1MAQmqolKzk0SookuZo1NQCFsHj5lGRClQBUgA
33=TAdIAEABBpiTS4Z9RJqdTUwQUHRQoUwHpBq0AFg3oAFUAFQzvAtMAScIAF0FrSYULUANWA
34=FIAFQGpAVMASekAEABQARIAFACSABAAVBrQE9QHUwBSABQAkgAQAFADUgVrAFYAUABSABA
35=AVAUQDpIBkwBrAesAVgBQAREGkABRB1YdkwBWCVAIkgkSAlEHUwoXE1AHEABJxwBSC1IBk
36=wHAqOVSZyhaEttAadwm1A4SLFYAUwHAAOprVCclEeej0xxZDppUzd9cDWkmUdAB0QaIAkI
37=AFwFrBNOCryhIuguWBC8PlxKRBEwKAFEBVQGSABAAVg3RBpAK1AFQBNICawBSMZAlKwEWE
38=NAAUgAXAVIAFALrAFQIFAFWAFATFhDUAJIAEAEVCRQPkhITCJQI0wEWBBYMVgBUIYnXABY
39=KEgDXA5IAwijqU+0jD+xkUOgqCKUNLwIXAtAAaQyTwSSkUdIQkskimY8IZQirAFYDSeAA1
40=Q2TAGsCkwBQBNYAUgAWKxUAKgAXAVQEVgKQAG0AEQgQAFIAEQCSAC4BLQAQEZQBUgPXAJA
41=BKQRRwv/AACoAEwBQFInjABI7VgEUAVIAEABQDFcSkQjJ1wApBpYClBHTARIIVhAWCVIS0
42=ABXCNYJVQVXAKsASpcAEgJQA1YCkAHA6aUQaOaTawBTAQqfAEnjABYBFxBUP4nlCK8EUAu
43=tBtUACosAFgBKggAUAtQQVALXAhMAbQAoAGsASqwACdkAUAErAFcR6gkJxQAvDJEDkwEQB
44=ZABEArTAFIAEAKSABABEgAQAREJkgtrAFYAUQsSABQAkwEVCRIAEQmXCNAB6MlubZZQApY
45=mkABSABcAkgAUAVIAAmeoUyxpFWtqVilqVNAE6wKvA5YAUgqrQGjI4Q+T7JxUi4wXAkqpA
46=M2LABMDVALWF5IgSf0AUA9J+QCKuAARAVYNEgPVAZIBrwFUBFMJUgDSB5IAEABQHBQQVBr
47=QARIAFAFSABYFkBbUAJMBEABvAJcSiq8ACdMAVwFQCWkI0hLTAFAcFT2oAGsB0wEQAEGpa
48=VRrZxIpZxOTAFIDFARrFsn/AJUhCfMAlxKU/6zhUAhYzWxnExIBlAIoBxMRkBqrAEzFABQ
49=CydMAUAHUCBUAFACRA5EGlQYKtQASANEC1AgQAEn5BRQBVgEUAVQIEgkSANMBEgAQAFIAE
50=ABSABAAaQRWExMAUgAUAJIAEABXAInVAskpCdcAkgkSABQR0gABqqvU6esVbGvVUQmUAJI
51=BkAESABAAUgAQAECrqlYr6VgJUwBSABcmFgQUBRcEVQkrBNUJ1EFnSO0PlxKBnJkNKeaTJ
52=+gTlwFLYADKjgAMCwAWCJAClgKsLBYB0gARA4nDAUqyABkDiPsSLQPWAFQBUQIQDesAVgB
53=QAFIAEABSABAAUgAQAFIAEABSABAAUgAQAFIAEABSABUD1gHWDRMAQmip1K+vl2vuFe/vl
54=hEI0gAWyWVmERAAUB2UA5YmkABWFJIIUgGCaSoTqSWRaacSamrWkAKSABQCEgAQAFQOEAT
55=SAYqfAEntz61l0pMBEgAUAWgHCosAKxYJ2gAQARMAUAKtCRMAUAWVABIBkgAQAFADUQCWA
56=QnCAC8AkgDQDcnLABAAUgAUAJIAFBNJywAQAFIAFACSABBAbkjlENMAUMBn5dLIik6oHBB
57=XEpEX0AfTASsPQyapU2UnEmdqEadpE3AvFVcAliUQFJIAEQ4tCS8BQidpVecn02uolOjo9
58=RpXAtcBUgAQAFIAFAFrAFYTEABrJRAcFzgJ+wSRCAngANUMCcsAFwFJywAJyAAKkwBQARY
59=AUgASBisAVBNJ6QAQAFQAkgAQARIAEABSABAAUgAQAFQDlgrTD1MAUgAUAJIAEABAaihTq
60=2LAKSZTEoAno8izD5chkgDQARIAEABA6yeT6KUTFgECXhhNn1yOYF4OZ+ZS0QXSEJUe0gA
61=TAQnxARMAUgAQAdKAKqnIvApQgGgpnDgJ1wAJ/wCSANQAkgAQAFIAFwOJxwcJ2RPXBoqCA
62=BELCo4AKwHRAJAAUgAUAhMIkABKqQDWIhEAktFmqNJQARMAUgAQAFIAEQRtBhEYlACQMFA
63=AVwCWHYnXABAB0gDUAK0XVAgA3lqN35kM1glSABEJlyGQARIAE8EpppJRK1DZL5/RCQIP7
64=wCXEFMSawKpCa8AkgGQAFIAEABSABAAUgAQAFIAEABSABAAUgAQAFIAEABSABAAUgAQwGq
65=nEwhQzdUQSoh8DusE7Q8VCEndAZMAScIAEwiJywAWAdQCFgfsCNYAUgARAKkCDaEAkhIXC
66=9YBFAFrNlYAUhjXAVIG1B0WBxUDFipBqKGQ6SnUoBjQkBGBnZzNXhRKaNtN0QjrAdcR0i6
67=Jy8AfFozWARcSlgKJ7QFTA1MCrwLTApQBUgAQARIAEABpBdMAUg2UTWQI2xfTAG8BUA9TA
68=RIAEAEaAAm30yujElADUgPQBBcAic0BCogAC1cAFAISABQAkgAVJNUAFgBSABAAUgARBRI
69=AFgfQBBIYLwCJGghrAFMBEABSABAAVAjTNYDk5k/lJhCWAEMvLpUvLdawbRWua1OfmMzrA
70=QJdns3j3o+fWU0dlcsTARQAgNpTSyJbTusAQaSekCAbjV8bjVcAkgAUAJUXSesB0AxUAJI
71=AFwCSABAAUgAQAFIAFAUSABcFEgAQAFIAEABOb8AknVJS+F2dj1QMlAISABQCFwXKqAEJy
72=wASAMqLABQBVQzTKxAAUgDSABAASdcCUgPWChAOrwCSANAAUgAQAFIAEABSABc1KQIXDhI
73=/FgBXNdIAAm+sk+qpkyws1Kgp1BVuq8j7GYDeX07ZlkvWAEGrp5NhXA4dms1tLpcAlCbXA
74=hEXEwKQBBAcFBWQB9BRo0mhGJQDkgAQARYBEQpvEdMBFwUSABAAUgAXAVIAEg8WARQBUgA
75=QAFIAEBJJ6QPQBB6l6ZPXAInNARAAVAFSACwAkABRAKoAEwBSABcAkgAoAFUAEgAWAFIAE
76=gPpBGsNFhGWPdcAkghrARISEABWAFYIiT8I7ftsa9VUAJIAFwCSABEcVBirpqQjSLgaU8B
77=rZpJTAFYB0AKTAFAAUgATAFIAEgzJywAWCUwlARMBCecC1ApUAVAK0h1VCRAFlgBQARcRE
78=iBrAFYAUABSABAAVBuJ6QPWKZQAkgAXAKgIj8UAEANSAygIlQGSABcNUAlSA+wAifUA0xG
79=UBRY91xHSCekbkQjSCQkJDKkJqwBVCRYEEsJhI45SABAClAXSBhYClA+SAAw3AdcBViUUA
80=tMEEwBSABAAUgAQAFQFFQhSANMAUgAUAJIAEABSABAAUgASBisATaUEEwEXEpAcFCnQM1E
81=OCTWWqWbKwwdWCW8CEABSAAnTCVQAkgAUAhYEKABVAC0ElQkQDpYAVcDurhWSGOkHUAlSC
82=esBFhDVCesRkxMWARIA0gkRCZMAawHRAsnFANICVACSABAAVxBJ/QEQHxQAkgAXAJcBUAB
83=SABMAUgAQAFIAEABSAAqvAlQAkgAUAJIAEwTrAEwlAQw5wWkmUct1FoFr7RUnaFGtLUiLy
84=eiqEtAAUwKQApIAEABSABYJawfXB1IP1gZUCMqdABAE0gYRAVQRCQkO0wBQAQnNARIBkhL
85=VHJUHlAFWARcI0AlQARYBFAFSABQUCcsAEABSABQAkgAQAFIAEABSABAAUgAQAFIAEgwSA
86=m8DlACSABQAkgAQAFLV5eeRKwBWAFAAUgAQAFIAEABSABEJqQaKuwJpC9AHEBbRB1QBUgA
87=UAUt1FpIJKwcUCZUGEgJUKFYBFAFSABAAUgAQAEkNCtIY0wBpAKgAbQMrAFcAkgJUAigRk
88=gJQCJYIkgAWHBIAFBKTDpABLwCWARYCliRCK2aSa6eTaKoUKKoEQAA6BIAIAAGUKOnUIiS
89=P5SbRoCIMYKIMJCWPoyVP6KofAJIA0ABBp2lT4GLN4SOOUwBSABQAkgAQAFIAEABSABAAQ
90=OPl0SHkTxMAQaUm0aKkDqepktMAVwCSABAAUgAQAFIAEABSABACgN9iC+NljxYDVAOSABA
91=AUgGQARIAEAEA7m4Vre4VUgAQAEGl55EurhWp6xTVwCtrVNQC6wEWAQGo6BQvKFLqaZPTw
92=GQjUa8ArQAA6SZR7mpVFACAAOtmkmunk2nmky6vFu1uFi5tlm9uVRIAEABSABEHQmqr1OV
93=mESbpEqnrFUnXABQCAOPbjV+ZDNEC0wBSABDAaWbTUABSABPAXuEMVgWSABEF0QmUAJIAF
94=wCSgCOlij0BFwLvwKIkj9IJLwFRClAAaQgUCBABEgAQAdIAEABSABAAUgAQAFIAEIBj5lo
95=G6wBXw6DjDRQIFglSwOaoEusFkQjXCMnlARMAVAsVDZbBK2jUL8graFOUAgDfWU0dlcsTA
96=dMAUsnnaFIQAFYAUgAQAFIAEABCbS3Wq+yV8S/UsW+WlQkSCRTI7GvVUwBQAGsBFgBVCoP
97=eGE2eWo3dnY9gXg7eH08eX07UCZABAKmm0yfmWxAWBBDIo+VPUAlSB5IA1wLVC1AAUgATA
98=FIAEMBnKRRWBxEKVxHUCNQBUgAQAFIAEABtCRTKZCXQFhMXAVIAEAHSABAAUgAQAFIAEAB
99=XwiWnEZMASocAVwCSABQAlgiQARAKEANSEtATEgAQAFIAAOMlEGNmD9AE1gEUAUJgm83h3
100=o5h3w8ZlkvQElISFACSANIAEABA21ZMIFnNUwBDJukTXltN3F1NpCYRLi5UVAOUzuao0lM
101=BFg9SBVMBEwBQCUFn6BOgGNCfXJwaFMCqpxMUAIGdnM1eFEpo203TARIAFwCSABAAUgAQA
102=FIAEABSABAAUgAQAFIAEABSABAAbQhRyOPl0G0JEAlSBtQLFACWBBMBEgAUAVIAEABKmwC
103=WAFQAkgAQAdIAEAHSABABydcAFBKvAVcCFBNWAFIPy2MCQmooU6kgEW+f0R3ZDRIJK9Mop
104=RMSHJNdnKQAlwmA3RtM3xzNlAdRyB0azVIDEhCRFNIOUwutA9UDEQXSABfMrWXSlgKA3xa
105=M39dMlR4XAWsBwNsXjSPej5YAVgWVCdAAVAOXAtYAS0sAFgBUAJIAEANUBpUIVQbUAInRA
106=NQDipcAEgDUAVIAEABSAZME7wRQCtYbbQ5SANABFgBJ+wARGsnuA1IBkAKrARMTEMBjJc+
107=QAdcSkBMRAJIJ1SHUBoGuoRBuINCcnk4TASsZEABRAsDpppJpJlMSAADno9JnJFHUAJIAF
108=wCSAAqlARUD7QSUBpcAqRWCbOFQH9uPWpTOINyNVidBnpuN7agSbOSSEwHUAhIAEABXAJQ
109=C0gAXAsDopZHr59JSABYKEgDQARIAEABQHBAAUgATAEqpAO0J6QaSANABEgAQAFIAFwRtD
110=ZMAVxEJ1wAWCi8FKwHvAJcIFwCQCVQF1QnUEqkMkRBTAEnjABclbwUUDsDrn08cVIuQ0yB
111=eDlMnUwoWARIAFgNSABITlh5vH1QArQJTDcqVAJYE0gAXEpcBUBGUJIGpZhGk2w/Y1gzvy
112=9/YTZMVVgHQwR/Wy9AASfnF7GcTFgBXAJIAFglWAFAEEwBUAJIAEABSABAAUgAQAFInEAB
113=SABMAVQnQAFIAEwBSAAn1ANUIVgfJ1wAQAFIAEAESAAqXABcSlhGUEdcSkwBXCZcR0wBRC
114=wnOABYi1gBWChYBFglrBNQcUziSBVEO6QLRHFUD0hFQNBUDEQjSABYEEgwQDSsAVgBQAFY
115=AVgWXAJQBbxKTEZYCgafoVSujElqVjBACkh+UMhAeUw0tAxAvgZ9dDtxZTJvWDBcC0wEJ2
116=wUTAEDk5ZElJhFvAJYEEgYSKIn5AK8AlgEQAFAr0ABrARcQUwBSABcAkgAQAFIAEABSABA
117=AUgAQAG8BawBWAFIJKwBQAFQCKwZUCNYAbwCSBtAASf0BAmnnlKpn02rdUFvZTlMHEh1QE
118=knnAgnLAZUBlAsQAdIDFRjWAonjAAnXABIA0AESABAAVRLBqiVTHlWL3tgMlyYUQIU4ABM
119=VagBSDNA5axPTKMAA4B2OJeDQqZ/QYaOSYyYQpOZP5SYQkgJTA1IAEAQVDNcCEgAUAJIAE
120=ABSABAAUgAWDQnLABAAUgAUAJIAEABSABAAUgATF6kNUwBUAInBARMAUgAUAJcR5wIAUu0
121=tVVMAQaiqEuvtFSdoUZYAVBQSABQAl+wkYdKvLC0Bkg5TEYnNARUJ7wCQApECLQGrAS0/0
122=wxQARIM1ACTAFcR1jEA6mmT6V8REzitCFMB6gkORQAA5SYRoaMP7QkQCVAAUgAQAFMB1gl
123=rA1QfUwNSABQAkgAQAFIAEABSABAAawQTARAmlgBUAJIACoUJEQ1vAJENUAZSABEIEwEUA
124=JIAEABUCNQAieUBCe8A1gEXAJIAEABTGdcC1xKWA20Elw4TEYDjpRAkJNATCtAAbyVTARI
125=BjA0AUANXAWkDlTDWKBQJkAxXAIzfAQ2XABQI0gkSABAAUgAQAFIAEABXAVQC0gAQAFIAE
126=ABSABAAUgAQAFAOryqVDxIAFAXVDZcAkAlUBFEgEwBSABQBUgAYgGgUEBeQDpMGUgARCBc
127=AkwcagOnUFgBVCQnjANABEgAUAJIAEABSABAAaQFVAYnpABAJUwovAJYRlBNpBFMiCdcAF
128=wFTHxYAVgoTAFIVEh7YuJdMlx6rAczuAQ5UABQI0gkSABAAUgAQAFIAEABXAtACkgAQAFQ
129=I0ABSJlQEVgBQBNIAFQkSABcFEA3WCVcAkwEUMsDdnY9cWs7QAFYE0gnRM5IclgTtMlYIl
130=gEUAVIAFguKuwAWOIn3CUnLACwHUgGJAQoQB9MAaxJUA4qvAlIEkiZSLpcAlgHWARIDFyY
131=QAG8OFw1VBJIxkw3QBMtTARYBFwFKlAAWAFUD6QCRMugAVQAUCNIJEgAQAFIAEABA4aVQ4
132=KSOVwFUAhIAEABSJlcEUgASCRIAEABSABAAVgTURGkKScptJ9KIYgiQM0Jc3o3fnc6d1gu
133=nWo2UAhIG1hAQC5YLqwHTP1cAqyaQCVMHEAoSDNIQkABWE9ISEAEVA+0HrQkVAZMNEgAUI
134=BIA0AEvAJQEUgJtFFcAkQdSANAAUsAknVJQHAkHCJcHScIAFgQJywAJyAATA0nLACgAScc
135=AbgBVAC0JAmLmD+Hkj6GlEKSm0knFAZQBUgAUA4txARAQ7wCV8x8WjNbpoF4OVyMWCJAuE
136=DiXwKLWjQnLBVME0iiUAhcGkwBJ7wDUCNYHFcAra1TTP28AkyaXB1YJVwmUAVIBlQkUEek
137=DlAIWAS0CVwCQASkDlAUXAi0J1ApUAW0DyQcIieEC1wdPwgATAesBFwIXDusAUw9oAFUAA
138=yMmD+5t1N8fj59dzujqFAqBA1EIEgVQElYFkwTQCVAXkwTWG1DN4BjQiGIOlCnpM5cAl9K
139=gXg7W3CuikBcDkgeTEZcAkwHSABQCEgAUAgnlARIQkgATJREO1AgvLlAB0gGRAJYAawBWA
140=En7BJEvEQFWCsk3CUnKAFcBVwCtBVQFFCVJAQ9SDlMHCcIAFQtrAGkIFARUAVcC1ACrA1A
141=ATMIAKwEJ2gABoJ2OIJwNYZpNlwCQAdIAEABUGhAAVAmQAFEHUwBSABcAlzdKvQiQAQn3A
142=FYcEtLo203SJZIJEgAQAdIAEAZrAdYB0RBJyQFWCVYmlBKXCBYcFAXWARIAFgESABEAqxG
143=VBtUTrwCeSuXJQw+SAlQAkgAUAVQFEhjT1ulmEZIOQl/bDmbckOggUieoE0nmAM5IABADb
144=QDTBCgATAUAEANSABMDUQgJ6QDRA5YGbwCSAMqpANclbwCJPQiQCVTFJCXQFwCBnt1OnJm
145=NHhRKUBhrARMZ1glWAdcU0wQUAJIAEAKXB1YQ1BBQARcIExerAEndAAnlASkblAIQC5UY0
146=MEmqBLWK9ECEwBSAC0CVgQQApcTVC5SF0IoqZQrqFNr5xMuqwiME1QBUgAJ+wDJLQyJzgA
147=OSAAvAsqgABYDUcdcXM6IUg+KqQDUGhULbwUpB1YBCS3IIJvN1BxSMxMB1BKJ18AonxIQC
148=VILVwCXBe0JEAlUA5IAFACSABMZ1hJUBdMAUgkJ+QRXAhEAlgEUA5IJEgAWAdYAVACSCpM
149=AUAoQJpHUKKoS6QIUAgqNAFYJUgARCZXWqqpTieMAEABSABQBUgAJ+ADWApMAVAOSBtAAU
150=gArAdAAScIAEgJTAGsEKABJ6cDiXU5WFhLM66eTUQdtCRAOkAKvAVcC1DgQrt/XSLsMEwE
151=UIBYPVwCJ78SspBLUAVIAFACRIlAAVtnmqNJegGXRLwRTAFIb0gDQAFcF0wfWAFEcaQCQF
152=VEI1ACWCJABFACtCRAJUwBpClACkBwUF9AOkQIWAe8BUwBUC+sAVhPSCRIAFACSABAAUgA
153=QAFIAEAfqABEFKABIAYUAFwRRB1AcEf+s5JIIhggIxRa7BYlRFpYKFtbqaZPIZgnUOBYFk
154=AHKowASOFQCCe8EkAEvBpEdEwBQG1YbUgGWCtQL1Q5TAEqXABMAUQgVABIAEsDkZI/RCC0
155=BlgoQAFAvlhnVAknNARUHlAvWAFID0wEVCesB0wBWCJIAEAEUClAAUgATAFIAEABSABAAU
156=gAJ3wEWA0nLABAAUwKQF5QWUxbQEZEAqgAUAsnXAlYHKwBQCJcAkgAUAhIAEABSABAAUNw
157=cVIuUCZMT0BwSCFAQEhsQB8GqKFOcnA4eGU2tHgkPClMDUQjWA1QU0wBQAGsEFgBQApYUk
158=gtWAdQIFgBXAu0AEABBqSpUZCUQKCoTkAESAy8SlhMQASsAUxMSB5IAEgeSABASSktAFC8
159=TVwIUAJIAEAEVGlAAUgATAFIAEABBZiTS4Z9RJqdIATkF6wlVABMClCVQ3CJbTqk/kgSUA
160=JIAEABQCJYHEQ+QJFY8VBKQ3CxnEykHVQeWCtYB0ydA4BgM39sRbyYTFtMB0gAUAhANFwd
161=rAFYASdkBEwBRCm0J0hOSHVMSVQYWElAQ1QhSB4nZARbB7mpVHCDAqFGvblUWAFbB5SYQi
162=e8AEQpTAFLS62tU1QhTENIM1gTRBdcAkgAUAKkJg+prVCclEeej0xxZDppUzd9cDVQIEAK
163=SABMCkgAWAEzCABEHQZ5ez12bDZINiRMASe8AEgktBhYDUhmvAJTtnhhNiHjUW9lOSFYOl
164=QeW0mtoU5MTEgtpNRITkABvAVEhlwdrAFcFEABvE1cF1wCrB9MEyccAUAEWAFQGlxEJ8QE
165=UAJYKEgGRAtTgHJkNCFvNXZXLCHQSQJ9dDuEYiJMXieEF0wlJywATFIn5AJYCkgDSAlAAU
166=N2kpFHIXAoSxiKZjxYGSQcVUTCRyB2ezohqVaqIxhQWENIHlwmQEOkfQN2ezefhUNYBEhs
167=YjelT7wCWApIM1gNSGxMAVMLr59JUwirdUFQCw+Iajd+ezetmkl1ZTaZekSGaUBMnUgnvB
168=FcBUSMWElIbG5GlT+nI4+VPUMBkI1GQAdQLFxTA2peM2xbL0gPXG5UBlgHQBNYHFQGJwQB
169=TJRYEyoMLEoYpZgif2RxZTJQpEStQB9QR0AivEpMAbQtXE1MCkgAUAtUMEw0rEBcC1gZQB
170=BIJAOTbD+ueTxAE1sfp3Y8SBsGx5FEuYZCd3g8SCdYAUQdWARXuoJ2OCFzVZ1qNic8CFwC
171=UAusFlAdTAFAPVAOWA1QFEgMRybFhT0hwFy/C6pyOieUBEypJ0wKrAdYHEghRCNIJANeVj
172=FUTTJAN1BZCZ+FQ59wPZhoNp+GQqR3QA1IDEgARE2sAVx3YAEjBENUVye0FFQJWBBACkwu
173=XAJEraxATCUnXAlEEVQtWHxE9VQkXAhIA0AEUClYJbw4SANQVkgDUA5ICU8Kn5dLIZBfTA
174=onbAhHHYFtN7QYUymCcDUhkVB5IzRtTAS0LVgHUEonxBBENUgAUA5Ea0AEtCdQIEAWrAFc
175=BUABJzQHUFNYAaQsDJOYR4uNQn9wPYZdOJN2Pyd0GEAQJ5wCQAFAbVQAUBdAAVQJUDVAEL
176=RaVG8qtBR6Q5lGSANIpVh/pK1MPSc0BEgVSABUFVQtUAgwXABIV24NlT9QVlwITAFIAFAO
177=RBpUGycMAk4BqZQi21B7YDJcC0AWQARM30gzKjRtJ5QEXEQnFAZIIaQgW6+1t1S8EUwBXA
178=K8BVAjQAQwXABMtQmHizuQkD+XjkKpplFMEKwTWBNAE6wBtAC0GDAsAFBZBqaeTlRBKmpW
179=MERuRFlQYkCIRK1QL1ApSBhcOERHUCxQCFRsWBBIAEQmVAxAAUgDUEpEp0wBSABfAo+VPU
180=ANSABABEgAQAFQHUzZSABMAUgAUAJMDQmufTyGbDCHfDyBeDlIrrRgB2xeNI96PqeaTJ8R
181=AAA/DeQXAAugTpGSP52lT46WP4+VPY2WPKKoS6+0VJ2hRpCTQEMBjpRAQwG0tVVMAUgDQA
182=FIA0ABWAFAAVgBQAFYAUABWAFQBUgAXAVIAAWMlz6iqFCjp2gACZSbRoCIMYKIMJCWPlwC
183=CZ6mS52lT4+XQXuEMUQCVwOKkDpQAnAFABGgULyhS6mmT66MSX1yOZqgS5eeRKqcTIF4O3
184=Z3OoBZK7WXSlACBr25VLm2Wa2tU1AIJ+wABrq4Vo+XRIeRPEABJ3wBWApYATAkAlARSBIn
185=7AAMqKFOeGE2eWo3h3o5nKRRWwGtoU5IAAl6bje2oEmzkkimmklEF7cboKhOQAFbFoSOOV
186=gNJ1wAVB5IIQO3uFW5uFZUIUQjWARQAlAjM1wASANfFH2IL1guXBRQFEgAUCBYIkwTSABQ
187=FKQCUAJYAaQFUwX6+gCoAFQhD6SARXxaM39dMqSZR6yeT6+fSVglCXZ7N6d+QaabTJ+ZS1
188=gfRBqsB0MWp6xTRAJLJ4GLN1gfJzgATAGsDVAXQAFIAFAOKiQCXA5TAq2jUEANAAmAY0KD
189=bzp7WzNwbjatmkl6djh0bj2ibDeedEBMDbQeVBtAAUgGXAhMDUAQWAFQAkgAQAEn9ARUJL
190=Q2RCZQBUgAXAVQPlwCrAFcAkAEWAdDEJCXQFACrB9UAFAIQEBQFEAlXBesKFACWBxEAiqn
191=AKOgUKQjAAmzhUCIaje6hEG4g0JyeTixnEx2czV4USmjbTdIIaw3VBVMB1s6mqNJTCVMNF
192=AvQApcC1gBQxyPmUZMAVBQWARUFUgAJ4wAWwSDjDS8BVgHUA5IMAOlmEbAi0hQDgmnmkyf
193=oE6fcD2doUhQIEghSABDAaSpUVhwvERAH0gevwKMlT9IHkgAWBwnhA5AASfcAVARWA1QaE
194=wQUAIq7AO8F1QkKggAXAhIAEQmUAVIBkQdSBWoJ1gBKqQARxeQjUZQOwOunk2ufTysSVMm
195=j3o+tBhcBVglQCJMSUiHVCesAUwKQAonOABADSosAKQUQDRcDkgAWCVbOoyUQUsAiJI/VG
196=xQDkB8QEBID0QjQGdYIkAiWBlYAVgiV2+QlEAnxARQAkgMUBFQMkABSABMAUgAQAFIAEAB
197=SABAAUgAQAFMBEANQChAFqwQvEpMECrsA0wBvAVIBkwZVABcLKQCqCesAVgEMwgAXAVABK
198=gDVBhMAVAXUEFcI0gbWAFABEwBJ08Bm6RKWAGsBKgDWElYKEQUWBO8BVwORBGsAUwESBhA
199=H1QhUCNAAUgATAFIAEQyJ/wIQAq8AqQmJ+wAQAFIAFAISABAAaQyXJhMAUgAUAJIACecAk
200=wBUAK8EVA1TAG8Gi0UAEAEWBNQYkAESAZIACd0AyqkAEAEKjgANiwAJ8AIWEAqlA1MAbQV
201=RCMnjABMDSeUBEwBQBBIAEABSABYH6wBXEdAAVgBSCRIAEABWAFABIydKLwbKsQEQASsDU
202=QjXI+0ZlwOUFZIAEghUG5MBEgAXwiWnEZAAVgHVDxYASo8Ai2MA1gEQARQO0ABVCFUAEgn
203=WAFUDC2kACo4AEAKMIgKWxCNmD+wR501S1BBRBonZARYCkAHSAxEDkBMQAFIAEwBSAAGp6
204=ZWoKFPmqJSTAFQAkAiWCJcREgevDhYkUhsQG1QAo0ES0hLUAuNAVC8BUgGTAdIAFACKqwB
205=WAFYJVgTVCRLAP8AAKgAXAJcC0hXVG9YGUAHSABQAkgAKrADKiwAUCO8CCekACdEAy3UAF
206=igKuAAQA1QNVQPKlAAUAhIAEAHXEFAIlhJA7m2Wbm4V1QMtBJEMkQpvAJYmgmaoUurlkWs
207=oU2cn05AB0gATAdEI0ABvAtUGCeUBFwCJywAWARYcFgEQAFMDUABSABMAUgAQAesDSr8CF
208=QnqCQnFAAnvABAAUgAQAdIAEABJ4wJKlwDTAFIA0AEXAhYN1RmRBq8JrQMQASoAFACoAEw
209=FABIAye4BLQJRNcGurxbr7JXv75YQCVYIkgAQwGVmERAAacRsa9VUAVAZEBYCKGaSKebTa
210=ibRqamItQnVCEDk5k/lJhCtxKqr1NAB7QkvAJMAUwHpMtQF0wBSABAAUgAQAFIAEABSABA
211=AUgAQAFIAFQnvBRIFUwlUD5AHFwCQARIAEABSABAAVgEVD9c5kwBMKQDRAIndBJABEgGRB
212=RYCkgnQEBUAzMIAEw9M1wAUAJA4g+bpE2apU2vuFfEv1K4uVHAvFVAJVALpBFQEUwBUDJA
213=DUwBQA1YAV8OuJFFWHCsAVgBWyKnrFVIKkwHTAFIAFQnSAAIh5I8i5RBiJNAmaIoHApcBU
214=AHSABAAUgAQAFIAEABSABAAUgAQAFUxie8DFBuTN+khkgDQAQqPAJUGDMIAFgEUAVESlxi
215=UCNYAbQGXC9MASrIAKwxpAKsBKwBJxQAXAUkXC0DqaZPeW03vz6dpE1cAkgAVAxQIye0Al
216=gBRDJYAVguXA4JnqFMsaRVralYpalTUAVIAEAESABAAUgAQAFIAAySmjyorFWyr1OqrVSg
217=p0wnXABAAUgAQAS0tCcsAFBWQDFQC0gDUAJIAEABSABAAUgAQAFIAEABSABAAUgAWHYnLA
218=AnUAMtIABcSlgWsCNIBkgARKEnlAEnsABABCcsAKABpAtcNbgBtAAJknVJcVIud2Q0gXg5
219=QAQkNChAFlgrpCNQX0BMpA5MCkwEBqWlUa2cSKWcTkQRrARI0lwCUB1EdJ0RRCc8Akswc3
220=o3IbMwgFkrTAFYBEAESABAAVgKQFUwfAFIA0AESABAAbAUKiwARAInXABMATkIAFgEQAdE
221=PlARQAFYAUgAQgGPmWTpOeAAMGgAUEqvB75/RCGcLwOxnEylm01EC1ACQCVAAUAZTAGkGl
222=QkWCJYAUwNA66pWK+lTiqMALwCSAZIKkgAUAVIAFACSABcBQmkmUd+dzqLWjSjbTdMo0Qs
223=rARcCydMAUQ4JywASAYwtAIgFUQATA2sELQARgutoyVEM6AKvAKsATwUAFAjBqeeUnJkNH
224=Z2PVxKWB+kd0wKJ+QCVBhIG1gBtG8JpaFLrplMnaJRnaZNUAKsDVwFQAFYB1glVCRcBUg5
225=UFNcAgmdoUhxczpsXjR4USlcSqwEVCRMBEgAUAUqXAlIBlwISABABzzkAiADdAC8CEgJQA
226=FECwaCdjiCcDWGaTZEAkBDpBFUD0gJQARQAkABSAAzLABHF6SARVBKQHBEvKwEUB1IGCim
227=A6VPQCJUJEgACaShTLCVQ6WjTLKsVFBNvAJMEEAHSABMDUgAVIFIAFgrUCBQAktXraFOIU
228=s4iXU5WA1QSkwEJ5wRWARMDUgAUAVcC0i3SAZABEgANswCM1wAObwAXBS8ESdkASeEC1Rd
229=JycCiJI/QAQnDBFMAayRrIskJCBTF3xaMyFzPX57N0xMSC2kF1AXJ7wApPJYSQOrkkOimk
230=onXACsBFgBSBVIAEABSABAAUgAWChbSaaaSUAlCWFYM5l6PJ50QLOSSEAESABABFS6JxQD
231=XAhIMydcAEABWBBINkifTAEn/AJAAVgESDNYB1wCvBfMASPEPbwFSANQAkgAUAgnvACgAU
232=gSpKdHXKqvU6b1qpxwzrQGTDdEBawBQBBAAVAUSGBEIER3TCUGpZhGxYU9gW03WAFILUwE
233=RB1YBFgNTAdAAVhJA66URKuPQEhvrAdYB1wCKrQCWAFcBUgAQARYDaQaQBNTOHdYLiFARk
234=BMKowAMKQPrAcnXABINkgAWChIAEABSABAAUxPUAhIAFAFvLNYDVARTBlQAkgAXAKkRKwB
235=TBlAAawEQAFUA0gAKiQOVbSvI5xKXAJMK6RQVHJIBqQOUA5YGa8HtZdKIkhQBZRPpXxEe2
236=AyVXiaI1RQTAdABEgAQwGhokpIb6wBVA9QCEgAUAhIAFACSABMBEgATA0qXABQOFxKVG9I
237=uq8BqaZPUAVYEFQbTAdQBUgAQAFAK1wCrF5YAVACSABAAUgAQAFAN0gkTAFYKFgBQAFcR0
238=xMW2ePlT1VJIwmfENMEFALrAS8HSfsAFwdtAxADVgET0l4fTxYjlsTf2E2WCVAH1hqSANY
239=JUgAUERADUgJpAhMB1QqYiWmT08EgmMySD9IZlgHQApIAFACSAAJnaZXrpJErpdDmaFORB
240=GsB1AXSBUnjABAAaQdUCBcC6ATTAdIuliUAoltOq6KIhROWAdABEgATARYB0QdXBFEIKwB
241=XAJcCEgAQAdIA0AWWARABEgAUAKsBzDcAUgDXAVIAFAIrAFYHEAHWAFQCFwFUAJQOEg8QA
242=FIAEQFVABIAEMBno9JR1+BeDtbJZ1qNlACSABcAkgAVA8qBAG8Aks/eGE2vD5AJVgKQ6yb
243=pEpcBUAESABAAQKjnUejoCLILUwBQBBQAkgATAFIAEABUPJYYVw7JywARBRYLlgQA3Z7N0
244=g2JFwCSABQBVgEQBCsAVgBQAFIAEABSABAAUgAQAFIAEABJ0wBJ7wARCBIMEgDQARIAEAB
245=SABAAUgAQAFIAEABSABINicsAEABCaKoUKOnUKOnUIqQOhEAAA==

[AITriggerTypesEnable]
043F40BC-G=yes
043F521C-G=yes
043F874C-G=yes
044082BC-G=yes
05CB5B6C-G=yes
05CB830C-G=yes
05CBAEDC-G=yes
05CBC04C-G=yes
05CBC19C-G=yes
05CBC2EC-G=yes
05FC088C-G=yes
05FC0C9C-G=yes
05FC13EC-G=yes
05FC1A8C-G=yes
05FC1C5C-G=yes
05FC333C-G=yes
05FC37CC-G=yes
05FC3C9C-G=yes
05FC50EC-G=yes
05FC747C-G=yes
05FC75CC-G=yes
05FFA7DC-G=yes
05FFB18C-G=yes
06002BFC-G=yes
0611A1EC-G=yes
0611A33C-G=yes
0612B11C-G=yes
0612CD8C-G=yes
0612EAEC-G=yes
0612F46C-G=yes
0612F9AC-G=yes
0616004C-G=yes
06C551AC-G=yes
078F4B2C-G=yes
07C04C7C-G=yes
07C04EDC-G=yes
07C0B14C-G=yes
07C30A5C-G=yes
07C310BC-G=yes
07C3266C-G=yes
07C329FC-G=yes
07C330CC-G=yes
07C33DDC-G=yes
07C4853C-G=yes
08A3EEDC-G=yes
08B902EC-G=yes
08B90B1C-G=yes
08B911BC-G=yes
08B9154C-G=yes
08B9213C-G=yes
08B9305C-G=yes
08B9356C-G=yes
08B940EC-G=yes
08B9423C-G=yes
08B9483C-G=yes
08B9586C-G=yes
08B9641C-G=yes
08B9708C-G=yes
08B9767C-G=yes
08B97C6C-G=yes
0A31295C-G=yes
0A44F17C-G=yes
0A44F2CC-G=yes
0A452C6C-G=yes
0A452E5C-G=yes
0AA845AC-G=yes
0AA846FC-G=yes
0ABC484C-G=yes
0AD2BAEC-G=yes
0C0C7AEC-G=yes
0C0D184C-G=yes
0C0D251C-G=yes
0C1245AC-G=yes
0C1246FC-G=yes
0C32599C-G=yes
0C32D84C-G=yes
0C87B45C-G=yes
0C87B99C-G=yes
0C87E5AC-G=yes
0C8B81BC-G=yes
0C8BC5AC-G=yes
0C8C2AEC-G=yes
0C8C2C3C-G=yes
0C8C430C-G=yes
0C8C4C3C-G=yes
0C8C51BC-G=yes
0C8C56FC-G=yes
0C8C645C-G=yes
0C8C6EDC-G=yes
0C8C71BC-G=yes
0C8E2C3C-G=yes
0C8EE1BC-G=yes
0C8EEAEC-G=yes
0C8EEEDC-G=yes
0C91D45C-G=yes
0C92C1BC-G=yes
0C92C45C-G=yes
0C955AEC-G=yes
0C955C3C-G=yes
0C9561BC-G=yes
0C9565AC-G=yes
0C96F45C-G=yes
0C96F5AC-G=yes
0CA1F84C-G=yes
0CA24D8C-G=yes
0CA2A04C-G=yes
0CA2B06C-G=yes
0CA2D99C-G=yes
0CA2FEDC-G=yes
0CA5945C-G=yes
0CA6621C-G=yes
0CA6AEDC-G=yes
0CAD0B2C-G=yes
0CAD0C7C-G=yes
0CAD0DCC-G=yes
0CAD130C-G=yes
0CAD145C-G=yes
0CAD25AC-G=yes
0CAD2AEC-G=yes
0CAD2C3C-G=yes
0CAD5AEC-G=yes
0CADD99C-G=yes
0CADDEDC-G=yes
0CB29EDC-G=yes
0CB2CEDC-G=yes
0CDF899C-G=yes
0CDF8D8C-G=yes
0CDF8EDC-G=yes
0CE2395C-G=yes
0CE23AAC-G=yes
0CE26B5C-G=yes
0CE26CAC-G=yes
0CE2E8DC-G=yes
0CE2EA2C-G=yes
0CE44D0C-G=yes
0D022B1C-G=yes
0D022C6C-G=yes
0D052AEC-G=yes
0D0803CC-G=yes
0D08461C-G=yes
0D0848BC-G=yes
0D084A0C-G=yes
0D084B5C-G=yes
0D0873DC-G=yes
0D087D8C-G=yes
0D0B3B9C-G=yes
0D2769BC-G=yes
0D2C41EC-G=yes
0D2C448C-G=yes
0D2C45DC-G=yes
0D53099C-G=yes
0D53130C-G=yes
0D53430C-G=yes
0D535EDC-G=yes
0D62145C-G=yes
0D6215AC-G=yes
0D6216FC-G=yes
0D62199C-G=yes
0ECCB2BC-G=yes
0ECCB40C-G=yes
0ECCB55C-G=yes
0ECCB7FC-G=yes
0ECCBC3C-G=yes
0ECCF14C-G=yes
0ECCF29C-G=yes
0ECCF68C-G=yes
0ECCFA7C-G=yes
0ECCFCAC-G=yes

[Africans]
IQ=0
Edge=North
Color=DarkRed
Allies=Africans
Country=Africans
Credits=0
NodeCount=0
TechLevel=1
PercentBuilt=0
PlayerControl=no

[Alliance]
IQ=0
Edge=North
Color=Gold
Allies=Alliance
Country=Alliance
Credits=0
NodeCount=0
TechLevel=1
PercentBuilt=0
PlayerControl=no

[Americans]
IQ=0
Edge=North
Color=Gold
Allies=Americans
Country=Americans
Credits=0
NodeCount=0
TechLevel=1
PercentBuilt=0
PlayerControl=no

[Arabs]
IQ=0
Edge=North
Color=DarkRed
Allies=Arabs
Country=Arabs
Credits=0
NodeCount=0
TechLevel=1
PercentBuilt=0
PlayerControl=no

[Basic]
Name=Keep Off The Grass (2)
Percent=0
GameMode=standard
HomeCell=98
InitTime=10000
Official=no
EndOfGame=no
FreeRadar=no
MaxPlayer=2
MinPlayer=2
SkipScore=no
TrainCrate=no
TruckCrate=no
AltHomeCell=99
OneTimeOnly=no
CarryOverCap=0
NewINIFormat=4
NextScenario=
SkipMapSelect=no
CarryOverMoney=0.000000
AltNextScenario=
MultiplayerOnly=1
IceGrowthEnabled=yes
VeinGrowthEnabled=yes
TiberiumGrowthEnabled=yes
IgnoreGlobalAITriggers=no
TiberiumDeathToVisceroid=no

[British]
IQ=0
Edge=North
Color=Gold
Allies=British
Country=British
Credits=0
NodeCount=0
TechLevel=1
PercentBuilt=0
PlayerControl=no

[Confederation]
IQ=0
Edge=North
Color=DarkRed
Allies=Confederation
Country=Confederation
Credits=0
NodeCount=0
TechLevel=1
PercentBuilt=0
PlayerControl=no

[French]
IQ=0
Edge=North
Color=Gold
Allies=French
Country=French
Credits=0
NodeCount=0
TechLevel=1
PercentBuilt=0
PlayerControl=no

[GDI]
IQ=0
Edge=North
Color=Gold
Allies=GDI
Country=GDI
Credits=0
NodeCount=0
TechLevel=1
PercentBuilt=0
PlayerControl=no

[Germans]
IQ=0
Edge=North
Color=Gold
Allies=Germans
Country=Germans
Credits=0
NodeCount=0
TechLevel=1
PercentBuilt=0
PlayerControl=no

[Houses]
0=Americans
1=Alliance
2=French
3=Germans
4=British
5=Africans
6=Arabs
7=Confederation
8=Russians
9=YuriCountry
10=GDI
11=Nod
12=Neutral
13=Special

[IsoMapPack5]
1=og8AIAEyAAEAwAACMQACALK1ATJIAdUCMygrADAAA9ICADEoKQAyKCkAM0gBxQg0SAHTBS
2=8ABMYBADAoKQAxKCkAMigpADMoKQA0KCkANSgrAC4ABfEJLygpADAoKQAxKCkAMkkBUncF
3=DAAzSQE1qQE0yAEBAQwANUkBM7UCNkgBZAFPAC0ABlQAiQAuKCkALygpADAoKQAxSQE5aw
4=UMADLKAQEIVQ0GTAsDAAACCAA0VAJiDwMIRQIGRAOVAjZUAmAPAQMMADdJAVenCCwAB1IE
5=AABFEy1IAWAEAQAMAC5IAZMqDAAvSAHBGjBJATi5BjFIAWwQVQ0ySQGsaDhvEAcApKkBNF
6=QCyQE1SQGqtQI2SAFqDAUITRAHRDpXCQwAOFQC1g0rAGwWnRUsyAFVGC1IAXgGVQ0uyAFV
7=GC9JAT1ACFkAMEwAZBNdIDFJAbC1DTJJAaKpATMoKQA0SQGptQI1SQGPpQg2SAGMEGUTCI
8=QTVQ04VQIxQARVDTlJATRIAVcjKgAJYQEARQIrSAHVDSxJAai9Ci1JAaapAS5IAWgXRR4v
9=SAHBJTBIAcEEMUkBk3kJCFc5CQCvuQYzVALRFDRIAXwDVQ01SQGObwEIADZIAWQBVQI3SA
10=HJFzhIAXwVVQ05SAF8FVUYOsgBVBgCKQAKAI1/BggAKkkBhakBKygpACxJAYu1Ai1IAdkR
11=LkgBzRsvSQGnsRQwKCkAMUgBzTwySQGPpQgzSAFkAVEUNEkBkWwBfzsKAIipATZUAtUNN0
12=gBcAJNBTgoKQA5SAHNGzpIAWAaTRs7SAHYPQEoAAsA3QopSAHdCipJAYN3CQgAK0kBhqkB
13=LEgBZAFJDC1IAdkGLkkBh3kCCE1dC2ABYTswVAKMAWxBJ1UAMlUCjHgCbl0LAMkXNFQCcA
14=JdCjUoKQA2KCkAN0gBzTw4SAHNBTkoKQA6SAHZSDtJAai9KzxJAaapASdYTtkGKCgpACko
15=KQAqSQGQZARmHgwA0R8sVALNGy1IAXwDURQuSAHZSC9IAdUCMEgByUMxSAHJQzJJAYpkBG
16=UeDGABdSM0VAKMAXQ5J1UANihVADcoKQA4KCkAOSgpADooKQA7KCkAPEkBsaUePUgBywwm
17=AA3xVidIAcEaKEgBwQQpKCkAKigpACtIAckiLEgBySItSAHNGy5JAYZoCGU/DWABbRswVA
18=LNPDFIAdEfMkgBhAR8ICetADQoVQA1KCkANigpADcoKQA4SAHdYjlIAdEJOigpADtJAZF7
19=AggAPEgB2Rw9SAFwAl02PigrACUADvleJkkBiGcECAAnKCkAKEgB2VMpSAF8A0UIKigpAC
20=soKQAsSAHFHi1IAdEJLkgBzSYvSAHNJjBIAckiMUgB3QoyKCkAMygpADQoKQA1KCkANigp
21=ADcoKQA4SAHNUjlIAd0KOigpADsoKQA8SQGSZwQIAD1IAWQBTRs+SAHdKz9IAdQCASQADw
22=CLbwcAJUkBIHsCBwAmKCkAJygpAChJASihBClIAc0xKkgB0R8rKCkALEgBzUctSAF0Bk0Q
23=LkgByU4vSAHBJTBIAcEEMSgpADIoKQAzKCkANCgpADUoKQA2SAHNczdIAdkROEgBxTQ5SA
24=HVAjpIAcU/O0gBwQ88KCkAPUgBzRs+SAHFCD9IAdkGQEgB2wYjABC7JwYAJEgBmScGRikQ
25=AMkBJihVACdIAZsnBgAoSQEkawgHAClIAZUCB0bOEADVIytUAsEPLEgBJyUFEHAGdXAuVA
26=KMAWxzJ1UAMChVADEoKQAyKCkAMygpADRIAc0mNUgB1SM2SAHBDzcoKQA4KCkAOUgB3TY6
27=SAHNEDsoKQA8KCkAPSgpAD5IAd1XP0gB2QZASAHNUkFIAdcCIgARsyoFACNIAYUpBV0rEb
28=EqBVwrJykAJkAEmScFVXsRUARMCH0rEUwsiQEpQQQdRQEAfSsRYAF5JytUAsktLEgBxR4t
29=SAHZii5IAZAFfCsn2QAwKFUAMSgpADIoKQAzSAHNRzRIAd0KNSgpADZIAcGIN0gBwQQ4SA
30=HNPDlIAcEPOigpADsoKQA8KCkAPSgpAD5IAcEaP0gB1TlASAHJDEFJAYljCwgAQkgB2xwh
31=ABJsAgIAAAQAIkgBiy0EACMoKQAkKCkAJUgBiS0EXYMSqC11LhKpLQVaABIAiS0GVFrABH
32=QuwwQHACtECJsNCAAsSAHdFS1IAdEULkgByRcvSAHRFDBIAdkGMSgpADIoKQAzKCkANEgB
33=zbU1SAHRKjZIAcUIN0gBwQQ4SAHBBDlIAcEEOigpADsoKQA8KCkAPSgpAD4oKQA/SAHBGk
34=BIAd0KQUgB3QpCSAHBD0NIAc+JIAATnANBMCEoKQAiKCkAIygpACQoKQAlSAGAiG0xE0Qv
35=UQgERWAToDBtMROkNGwxwQQGRIzUAm0xE7lpB0wxwwQHAC1cCtUYLkgBxVUvSAHFNDBIAd
36=kyMUgBWA55aTIoKQAzKCkANEgB0Qk1SAHFCDZIAc08N0gB1QI4KCkAOUgByQw6SAHJDDso
37=KQA8KCkAPSgpAD4oKQA/KCkAQEgBzRBBSAEnBgwTAMU0Q1QCyQxEKCsAHwAUqZAEUSQUnA
38=OENCcpACJABJkCBFZlFACRmARELieBACUogQAmSAGcYmU0FFAEQAdlNBS9NgVUZdQCZTQU
39=RA5BBAZUZcEEBkQ0wARkNNcCBwAuXApEBWEwL0gB2RwwSAHNGzFIAcEEMigpADMoKQA0KC
40=kANUgB2VM2SAHZMjcoKQA4KCkAOUgBJwwYxx4IADtUAtUNPCgpAD0oKQA+KCkAPygpAEAo
41=KQBBKCkAQkgBwRpDSAHdNkRIAcFnRUgB1w0eABXhMB9IAZQCfTYVhAGcNicpACIogQAjSA
42=GFHgRKMhUAiU4ETMsnrQAmQATRbCdIAc2fKEgBlAJ9NhWxNQVFaxX1OSvgBHw21QIGRWsV
43=WAxEEnw21wIHAC9MBUwCaTgwSAHFHjFIAdkcMkgBwQQzKCkANEgBJ+0eFSY1MzZUAifdBh
44=UmDTk4VALRNTlIAdEJOigpADsoKQA8KCkAPSgpAD4oKQA/KCkAQCgpAEEoKQBCKCkAQygp
45=AEQoKQBFSAHF5EZIAZUuCFWWFiQIMwIEAB4AFqMaBAAfSAGcIHU5FoQXlDknrQAiQASMiX
46=RwJ9kAJFQCnCB1ORbhOyZUAogIdXAWrTEETTYWqTgEVXAWWAFJBARUOcEEBVRw1QIFVHDU
47=AnQ51QIGVHDUAnc5FgCBIns2BwAwVA1pAQEiF0cWALB0AiIHQxYAqqkBM0AETA1lPzRJAZ
48=BsASK0ONQYIgVDFu2UN0AEfAMBAAgAOCgpADlIAZ+OCAA6SAHBBDtIAdUCPEgB1QI9KCkA
49=PigpAD8oKQBAKCkAQSgpAEIoKQBDKCkARCgpAEUoKQBGSAHVGEdIAcA7AhwAFwD3UhABBE
50=48FwCABG88FwCKVAJVOR9ABGQBSQEgKCkAIUgBzQUiSAHVOSMoKQAkSAGU0208F+FGJlQC
51=3UEnKCkAKEgB2UgpSAGQd208F/k9K/QCbDzVAgVFdhe0RG08F7VEBkV2F448AwZMPKkBBG
52=w8qQEFbTwXI0hRUTUzXQqwuT00SQGqqQE1SQGQaB5sPMgXIlVNFya9RDhABHwDRQg5SAEl
53=KTc6SAHVAjtIASUxLTxIAdUCPUgBIys3CAA+SAHVAj9IAcmFQEgB2TJBSAHBBEIoKQBDKC
54=kARCgpAEUoKQBGKCkAR0gBxRNISAHTCRsAGJg9AQQEABzJAQVkP7UCBmU/GIgFWT0fQASM
55=AXR7J1UAIShVACJIAcG0I0kBhnAFbLUnrQAlVALBBCZIAdVEJ0kBiq0FKEgBZAFVDSkoKQ
56=AqSAHRQCtIAd26LEgBlAJlPxi5PQVUeycpAC9ABGp6BgVFPxiQQAEHBAAx1AIBCAQAMkgB
57=Ii5TAgRBQBhPAAAAAyK3WRgAV3AQdHvIF2Y/GADZJzdYBnwDWT04SAHJODlIAdUCOkgByT
58=g7SQGIeAIiDUQYqJsilD8nXQE+QATNBT9IAc0FQEgBlyMIAEFJAYelCEJIAWQBQQ9DKCkA
59=RCgpAEUoKQBGKCkARygpAEhIAdUNSUgB3woaABmYClUuGygpABxIAWWBCX1BGZVECnxBqQ
60=ELdL0n2QAgTAWLCAQAIUgBn8UEACJIAZQYdb0Z7X4kVQKFcAVkgSdVACZVAoq1AidIAWQB
61=WREoSAGcK3S9J7UBKlQCwQQrSAGRQARVvRmxQAREgScpAC5ABCWVNC9IAXxBQRowyQEKf0
62=EZALBgfX9BGQCmqQEzQARoQwEFBAA0SAEiDFpVLjVIAYwFf0EZAKpsBWSBxBN0vScpADlM
63=BZAUdr0ZANl/OyhVADxIAZBhf0EZAIlwBWeBGQCGqQE/QARkAUEPQEkBkGwBf0EZAIqpAU
64=JUAmQBQQRDKCkARCgpAEUoKQBGKCkARygpAEhIAd0KSUgBwQ9KSAHfChkAGoQBTTEaSAGD
65=1QQAG0gBmAJ0hieBAB1UAmFGDnVEGoFGD3dEGgABQCVByiBABGgBXW0hSAHFCCJIAYwQdU
66=QaJBQkdYYa4UYlQASHEwQAJkgB2QYnKCkAKCgpACkoKQAqKCkAK0gBmF51RBq4tnREJ+kC
67=LkAE0VYvSAGdYgRUhieBADFUAsEPMkkBr0AaSSIzSQGmqQE0SAF0RE0bNcgBTYk2SAHNiT
68=dIAYQIdETfCggAOShVADpIAd1BO0kBhXAFdYYa/UE9VAJwAlk9PkgBzQU/SAGfFQgAQEgB
69=wQRBKCkAQkkBj3sCCABDSAFkAUUIRCgpAEUoKQBGKCkARygpAEgoKQBJSAGTNQgASkgB0R
70=RLSAHNEBhQQ4kMBFFIG4QBQSUaVAKYBm1HG+EwHFQChARkjCetAB5UAnVEBW1HG41HBmTO
71=qQEHZIypAQhkjKkBCWxHJwUBJEQI1Q0lSAGUZWxHJ4EAJ1QCwQ8oKCkAKSgpACooKQArSA
72=GAv2xHJwUBLVQCkSoERM4nVQAvVAKYMm1HG7S9ZIwngQAyQATBDzNJAa/vRxsApqkBNVQC
73=eEhRHzZJAVZwBWeMGwCuYARsR9AJbEcnKQA6TAWEHiJVNxusaG9HGwCGpQg9QARkAUU/Pk
74=gBkxQIAD9IAYC0bEfcFWSMJ10BQkEEjnwGbEcnVQBEVAJwAlEJRSgpAEYoKQBHKCkASCgp
75=AEkoKQBKSAHNEEtIAdEUTEgB3woXABwmiTgYSAGUAmRKJ1UAGihVABsoKQAcSQGPcAVlSh
76=xgASKlTB5UAowBZUochEpZ1yBUAn1MDGRKtQINZEqpAQ5nShwAv1wGRZckTQXpSAFJWSVJ
77=AeeoAQUmABwA5wAAABEAAPUQACAAAQEEACcAHADnAAAAAgQAKAAcAMJIAQEABAApyAFBBC
78=pIAXACVQIrKCkALEkBjXsCBAAtSQGIqQEuSQGFqQEvSAHVAjAoKQAxSQGHoQQySAFkAV0K
79=MygpADRKAa8BXwIEADVJAaapATZJATFQAgEACAA3SAGDBAgAOEkBqGMECAA5SAGPBQgAOk
80=gBaAVNBTsoKQA8SQGQewIIAD1IAZMUCAA+SQGDtQI/KCkAQEkBiLUCQUkBiakBQkkBiqkB
81=Q0gBZAFJDEQoKQBFKCkARigpAEcoKQBIKCkASUgBmycIAEpIAdUNS0gByQxMSQGsrRtNSQ
82=GqqAECFgAdAJFnDwQAF0gBixcEABhIAYMaBAAZSQGGoQQaSAFkAV0rGygpABxJAYx5AgRC
83=AR0A2QYeUAHZMh9IAXwDWQYgSQGPbwEEACFIAWQBVQIiSQG/TAFBRiPIAQEDBAAkSQHpVA
84=JBRiVIAWRKVQImyQEEfkwdAHUCBX1MHZxMRQgpQARoTk0FKkkB9KUIK0gBRQEAVQ0sSQGS
85=bAF9TB1gAXUCLlUCjnMBBAAvSAFkAU0FMCgpADFIAZs9BAAySQGJZwQEADNIAdkcNEgBcA
86=JZBjVJAbF/KwQANkgBfExFEzfJAQN9TB1IB1QFf0wdAK9sBX9MHQCoqQE7TQWmqQE8SAFF
87=BQBJQz1IAYwQf0wdAIN7AggAP1UChqkBQEgBZAFNBUEoKQBCKCkAQygpAEQoKQBFKCkARk
88=kBkWsICABHSAGbHAgASCgpAElJAYqhBEpIAWQBVQ1LSQGwvRVMSQGpqQFNSAHBBE4oKAAC
89=FQAeAK5jBAQAFkgBgAR2Tx4A2UgYVAKMG3ZPHgCPGwQAGlQCzQUbKCkAHEgB2QYdSQGIZQ
90=QEQQEetyMEAB9RAYW1AiBIAYgXdU8ebAJlPyJUAo8BBAAjKCkAJCgpACVIAYdrBAAmSAHZ
91=PSdIAdkGKCgpAClIAWhOWVMqyAEBBQQAK8gBAQYEACxIAdkGLUgBiy0EAC5IAcUeL0gByQ
92=wwSAHNBTEoKQAyKCkAM0gB0R80SAHZBjVIAdkGNkkBsqktN0gBYFFZEThJATNEBE1SOcgB
93=TVI6SQE0VAJVOTtIAc1SPEkBqmQIdJzMJndPHgCQrQU/QQSKqQFASAFkAUUIQSgpAEIoKQ
94=BDKCkARCgpAEUoKQBGKCkARygpAEgoKQBJKCkASkgBm0gIAEtIAcEPTCgpAE0oKQBOSQFM
95=RAQBAQwAT0kBSkgBAQAMABRQQ4ceBAAVSAGEHm9SHwCqZB5tUh+4HGWiH+VKGUwF0TUaSA
96=HVLhtIAXgKWX8cSQGObAFloh9gAX1MHlQCjCZvUh8Ain8CBAAgVAJkAVkGISgpACIoKQAj
97=KCkAJCgpACVIAdEJJkgB2V4nSQGFdAlmoh8AxRMpVAJwAkkMKkgBeVMJblIfAGkBCmxSqg
98=ELBETvJ70CLkwFyQwvSAHFHjBIAckMMSgpADJJAYlsDGSiJ6EENFQC2QY1SAHZETZIAWgF
99=WRE3SQGwqS04SQGmqQE5SAF6UwUERu8fAGQ0RVU7VAJoAUVVPEkBV2gIblIfAIBcbFLIF2
100=SiJykAQEwFaAWMUidVAEIoVQBDKCkARCgpAEUoKQBGKCkARygpAEgoKQBJKCkASkgBmEhu
101=Uh8AgxoIAExUAs0QTUgBYFEBAgwATskBA29SHwCscx8MAFBUApsGDAATUUM4XAZBAxRIAX
102=IfAgBFVSCJIgNmVSAAnCBlVSDtqhhNBZBYBl0rGUkBg6kBGkkBhqkBG0gBZAFBBBxJAYxs
103=AWdVIACLqQEeVAJkAUEEHygpACBJASd5AgNM93ABTwEDACJVAiBGAQADVKcnVQAkVQIotQ
104=IlSAFkAVEJJigpACdIAcEPKEgB0RQpSAHVRCpIAdkGK0gBZVUOZVUgkVYPZ1UgAAJKIwEE
105=VKeEEHFsL0wF3QowSAHdCjFIAdEfMkgB3QozSAHNBTRIAc0FNUkBimQEbPcnXQE3VAJwAl
106=UYOEkBr0APSQE5SQGoqQE6SQGmqQE7SAFwNV1XPEkBMnwGZFXQNWRV3ApkVScpAEBMBWgF
107=hFUnVQBCKFUAQygpAEQoKQBFKCkARigpAEcoKQBIKCkASSgpAEooKQBLSQGtaBdkVSfhAU
108=1VAlR8EWRV1AJnVSAAq2wFZ1UgAKmpAVFMBWgFTaoSUUOwdQIAXVchJDkjAEetIQCqtQIV
109=QASVIwBX/yEAVnwGfVchJBQkZa0hoGd1/yH9rxpZBoqtBRtIAWQBQTAcSQGSbAF9VyFgAX
110=FAHlQCxVUfSAGRFwNJFCFIVEwEfFfMBX9XIQCNUAKdVyGrpgMAJFkGJLUCJUgBxQgmSAHV
111=WidJAZBgBGetIQCIqQEpVALZSCpIAclZK0gBfANdFSxIAXFWA31XIZ1XBHxX2xEEAC9ABN
112=0KMEgB3QoxSAHRHzJIAdEJM0gBzQU0SQGGeAIijDMnMQE2VAJwAkEPNygpADgoKQA5KCkA
113=OkgB1Vo7SQGqczUEADxIAXxXUWw9SAGQNX1XIbiVfFfTNQgAQEAElw0IAEEoKQBCKCkAQy
114=gpAEQoKQBFSAGTNQcARkgBnysHAEdIASNsJCLsKdsyCABJVALJDEpJAbBwFGWtIaBRfFfT
115=HwgATUAEfFdJ/k5JAaxsBXxXzAV8V88FDABRQQSyoQRSSQGTbAwCDAARACJgAW0AEigpAB
116=MoKQAUKCkAFUkBrmQIdloiACKgJVUuF1QCeAdJARhIAd0rGUkBpmwFIkwrywwEABtUAs0F
117=HCgpAB0oKQAeSAGB2ANIxNgGdVoiJPw2d1oiAIloCHVaIqxSdLInKQAkRAjBBCVJAYutBS
118=ZIAc1dJ0gBgzADAChIAXwDSRcpSQGQbwEEACpJAYqpAStIAWQBQQQsSQECQRoGdloiAGkB
119=B3RaqQEIdVoiiAVOBTAAJykAMSgpADIoKQAzKCkANEkBjmAHdFon2QA2VAJwAlEJNygpAD
120=goKQA5KCkAOigpADsoKQA8KCkAPUgBkDV1WiKokHdaIgCnQBpJsUBBBKSpAUFJAaqpAUJI
121=AY8QCABDSAHdV0RIAYuFBwBFSQEjZAR1WiJciUwBdVoiQCuJAUhABJAqd1oiAIdQAlUNSl
122=QCZAFJAUsoKQBMSQGuoQ9NSAGcFXeyIgCxdAJ3WiIAUnwGdloiACLQIEmxUUwFI3kgDFED
123=IiR7IAwAU1UCJm8FCwAQXaGPaQEATF2UFXEBElQCfABNABMoKQAUKCkAFUgBgA9tXSOMXQ
124=ECAAAXVAJkE0mbGEgBIgAnRTQZSQGvcBRtXSOswG9dIwCAVAIBAQMAHEAEaAEBAgMAHUgB
125=mycDAB5IAYASbl0jAIBybl0jAIktAlF0I0C6SRQCWBknKQAjWAaFCAJELidVACVUApdaAg
126=AmSAHRCSdIAdleKEgBmwYDAClIAY0FA0xdhBBhyitUAkwNaQEsKCkALUkBAlUYCm5dIwBp
127=AQtsXSfZADBABNkGMSgpADIoKQAzKCkANEkBknAFbF0nBQE2VAJwAkUpNygpADgoKQA5KC
128=kAOigpADsoKQA8SQGyUBRFCD1IAWQ0AQIEAD7JAQNtXSMkEClluCOkSmS4xzQHAEJMBYU0
129=B0xdZCxDEgcARFQCjTEGTF3JLQZFuCOhXAZFuCNQMI0FSEwFkSoHRbgjpPoilUojuJVnuC
130=MAi0gFWV5MTQWtfBVkuNNLCABOVAJoFyOvLCMAPa0FUFQCbl0BCES4rAVZXlJUAohOb10j
131=AKhzCQwAVFUCqqkBD7wSbQgQSQGMYAFlYCQk70oAABJUApykIg0jJKxzIgwjmEV1BRVABH
132=wATQAWSAGMc2VgJJBhAQUAABhUAmRgXWIZyAFdYhpIAWQpSQEbyQEEZWAkkmEFAkRgIuAs
133=VQoCRGAnKQAfTAWZUwJJXiRcGIEEIVQCQgEAAGRgxRMCUQMkJDgjZGDLFwIAJUwFiARlYC
134=SlNAJLaSQAkWgIdL3MBWRgIuBNWAJkYJAGeV4rRAhMAmkBLCgpAC1IAXleDWVgJIVgDmdg
135=JAD8UAUBAQQAMEAERAF5BjEoKQAyKCkAMygpADQoKQA1KCkANigpADdJAY91CQREnCdlAj
136=lUAnACQVw6KCkAOygpADwoKQA9SAHRYT5IAWRKAQUEAD9IASKQI1VPQEgBhDRkYLkyBGRg
137=qgEFBkRg2TIGRGDMMWVgJKyUZWAkTAhAEmRgyy0GAEhMAoQWZGDHCAcASlQCgzsHAEtIAc
138=lkTEkBr2RVZWAkqKZkYNNLCABPQQSsoQRQSQGmqQFRSAFiGgIIVL2sBVVlU1UCNlQRXWJU
139=yAEBAQwAVUgBzWgOUUONYwQAAA9JAYWpARBJAYOpARFJAYapARJIAaYBABNIAZjXfWIl6W
140=QVVALBBBZIAZQYfWIltBh9YiXeAwAZQARoZFVlGkgBdC4BBgAAG8oBBwBFwyWeYggBXGIl
141=FTkBXGInKQAfTQUoeQkBXWIlqFllwyW4inxiJykAI00FiGwFfWIlJCRHfGLIF3xicGREBH
142=1iJelkKFkGjlECAHxiIhRaTAF9YiW4PSIURcAaImw6JykALVgGRAV5Xi5IAXFhBH1iJZ1i
143=BXxiqgEGBESGJ9kAMkwF2QYzKCkANCgpADUoKQA2SAGfNgQAN0kBhnwGfGInMQE5VAJxAg
144=AiFEUnVQA7KFUAPCgpAD0oKQA+SAHJZD9IAXxiXXhASAGHNAQAQcoBBwREw8U0BVxi2TIF
145=XGInKQBFTAWBXAVEw9EqBUTDyC18Ys0FBkTDJykASlgGgTsGXGLPBQcATFQCkwkHAE1IAY
146=EEB0fDJQCwpWBPVQKnqQFQKCkAUUgBgL99YiVYLQMAAAUIAFNUAnxiVWVUyAFN4VVJAa6l
147=CFZJAY9/JwgADSHYIIstAAAOSAHdYg9IAYdKAAAQSAHVAhEoKQASSAGQ2nTII8QleQkUVQ
148=KQYAEiJUcm5c4WVQKFtQIXSQGHqQEYSQGweREAVWUmp9kAABpUAoAadmUmAHkyCnRlqgEL
149=AFRlJ6FFHkwFgyUAAB9IAYiQdGXDBAEAIVQCkyoBACIoKQAjSAGbBgEAJEkBkHgRd2UmAI
150=qpASZUAmQBUc8nSAEjFWUCU2YmAJJ4AnVlJkgHTAF1ZSZEA4kBK0wFQAF9YixIAZAqIs0w
151=JqCIdMjAJXVlJpVlCXRlqQEKdGWoAQELBAAyRAjRCTMoKQA0KCkANSgpADZJAYxwBXZlJg
152=AntAwntQE5QAR8A5ZlJgCHPwQAOyhVADwoKQA9KCkAPigpAD9JAbBzNQQAQEkBqqkBQUgB
153=hDR0ZcU0BFRlwzAEAERABIMwBABFSAGVLgRUZdgndGXNBQVUyCcpAEntBQVUyMwFdGXBBA
154=ZUZdUuBlRlwAR0ZcEEB1TIJykAUFAJjxAHAFFIAY0QB1XIJrScdWUm8WxUQQSobRsIV8gm
155=AKmpAVZVApB/JwgAV0kBi6sBDAAnJDEiAE1oJ7CubWgnoDBkziMIKXUFEEwFhDQiJCYngQ
156=ASVAJ0A00AEygpABQoKQAVSAGADyIsMieJARdUAow8ZM4niQEZVAJACWkAGigpABsoKQAc
157=KCkAHSgpAB5IAYBcbGjQCWxoJykAIUAEIxwlbWgnJCIrAQAiqDLdbSRABJ0rAVGKJ7FhAV
158=gkxAhlzie0ZWxowwQCAClYBiWxMipIAY8QAwArSAFoGEVVLEgBjCZsaMwmbGjcCm1oJ41o
159=DWxoqQEObGgngQAyRAjRCTMoKQA0SQGNewIEADVIAYCTIjRU3CtsaCcpADgogAACOQAnAI
160=URAAB5DwAgCAAAAAAEADoAJwCKRAEDAAQAOwAnYAF1AjwoKQA9KCkAPigpAD8oKQBAKCkA
161=QSgpAEIoKQBDKCkAREkBk3MMBABFSQEdqQFGSQGRawEFAEdJAYWpAUhJAYepAUlIAY8FBQ
162=BKSAFwAgEABgBLSQGPbwEGAExIAYMEBgBNSAFwAgEABwBOSQGNbwEHAE9IAZMJBwBQSAFw
163=AkEEUUkBJG8BBwBSSQEgqQFTKCkAVCgpAFUoKQBWKCkAVygpAFhIAZgRAgcACwAoaAltAA
164=xJAYxjAQAADUkBg6kBDigpAA9IAYceAAAQSQGIoQQRSAGbMgAAEkgBsgIAEygpABQoKQAV
165=KCkAFkgB1Q0XSAHVDRhIAckMGSgpABooKQAbKCkAHEgBgyUAAB1IAcEPHkgBgyUAAB9IAY
166=MlAAAgKCkAISgpACJIAdkfI0gBgzsBACRJAYt3CQEAJUgBkwkBACZIAZEJAVEnKFABRQQB
167=WQAoXAVLAQIAKZABiQEqSAGPPAMAK0gBgzsEACxIAZscBAAtSQGGSAVJWS5IAWQBSQEvKC
168=kAMEkB/FgCARIEADFIAUQBbV0yKCkAMygpADRIAYcpBAA1SAHJDDYoKQA3KCkAOCgpADlI
169=AZ82BAA6SAHJDDsoKQA8KCkAPSgpAD4oKQA/SAHNG0BIAZ82BABBSAGbMgQAQkgB3QpDKC
170=kARCgpAEVIAZ8rBABGSAGNMQRGaygAgxoFAEhUAoMlBQBJSAGMBWRrwTAFR2soAI5sDGRr
171=zDFka8EEBkdrKACQYARmaygAkFZmaygAjzwHAFFcCpWJBkVrKERFUwUGAFNUAps9BgBUKC
172=kAVSgpAFYoKQBXSAGLFwYAWEgBmxEHAFlJAR9MCVl/ClBDZAFNAAsoKQAMSAGYHH5tKQCf
173=NgAADlQCyQEPSAGENH1tKVAHiQARVAKAAXxtJ1UAEyhVABQoKQAVKCkAFkgB1Q0XSAHJDB
174=goKQAZSAGXIwAAGkgBwQQbKCkAHEgBwQQdSAGPPAAAHkgB2REfKCkAICgpACEoKQAiSAGL
175=OAAAI0gBnSsAXWcptS4AXG0nKQAmQASRKgBdbSlEfFAMf20pACFFAQB9bSlcBU8BAgAqTA
176=UnvQ0prEd9bSm4PX5tKQCbSAQALkwFUAZ5aS8oKQAwKCkAMSgpADIoKQAzSAGfgwQANEgB
177=lCN8bd82BAA2KFUANygpADhIAcEPOUgBwQ86KCkAOygpADwoKQA9SAGDtAQAPkgB2QY/SA
178=GLOAQAQEgBzRBBKCkAQkgB1XBDSAGHNAQAREgBxQhFKCkARkgBjCZ8bcwmfG3AJXxt0Et8
179=bcAwfG3MBX5tKQCIDH1tKVg4UAx8bWChiQFPSAxBAQBZ11BIAdFsUUkBI3gCfW0pUDtNAQ
180=VcbcU/BVxtJykAVUwFl0QFAFZIAZ9BBQBXSAGIF39tKQCSQAhJDFlUAt1tWkgBmycGAAlQ
181=Q3wDTQAKKCkACygpAAxIAZAqdXAqKBUOKiSvIQAAD0AEVAdpABAoKQARKCkAEigpABMoKQ
182=AUKCkAFSgpABZIAdUNF0gBizgAABhIAcF9GUgBaA1NABpIAc0FG0gBm0gAABxIAVADaQAd
183=SAHBBB5IAYQ/dt4qAMkBIFQClZwAUWYqaAZtACJUAnwATQAjKCkAJCgpACUoKQAmSAGILX
184=VwKigUDsgBdXAqTAtJCQNFBSqgcnXeKrSydHDAD3RwJ1UALlQFUAa0cCeBADAoVQAxKCkA
185=MigpADMoKQA0SAGQH3Rw3DZ1cCrtfjdABJ8rBAA4KCkAOUgBiSIEVN4n4QE7VALZETwoKQ
186=A9SAGIx3Rw0yoEAD9UAt0KQEgBhKJ03ifhAUJUAsEEQygpAERIAZRlIjwpJ+EBRlQCnCt1
187=cCqg1XRwwBp1cCqwbHRw1C50cMwFdHDMBXRwzAV1cCrhck9IDI9oBgBQSAHJb1FIAYFyBV
188=XeKlixWB91cCqhcgRVcCq3sgQAVUwFiW8EVHAnDQJXVAKQuXRwzQUGVN7TCQYAWkAEhzQG
189=AFtIAZMfBgAIIUgkTA1pAAkoKQAKKCkAC0gBI1chAAAMSAGcK21zK+FyDlQCeAdNAA8oKQ
190=AQKCkAESgpABJIAYeBAAATSAFIBmkAFCgpABUoKQAWSAGfFQAAF0gBwXIYSAFsBk0AGSgp
191=ABpIAYtDAAAbSAEnbQ4rWASJAB1UAtEJHkgBnEFtcyu80CJEKietACFABMUeIkgB0XcjKC
192=kAJEgBkFZk5CfZACZUAoxHbXMrKGwOyAFsc8gBbHPZBgRRBisobA4nVQAtXAIj4CJk5CdV
193=AC9UApsZBAAwKCkAMSgpADIoKQAzKCkANEgBkB9sc8QebHMnXQE3QASYJ2xzJ4EAOVQC1Q
194=06KCkAOygpADwoKQA9KCkAPkgB0Qk/SAGMMWTkJ7UBQVQC3QpCSAHFE0NIAZgyZOQnDQJF
195=VALNBUZJASRsAWxzIhwvTwEEAEhUApQNbHPYBm1zK7xtbHPPBQUATOwFbXMroJNtcysk7y
196=kGAE9BBCdaCgAFTXMrv20FAFFVAiO1AlJIAYEEBEXkK7h0bHMnbQNVQASQQGxz2D1m5CsA
197=I7Qib3MrAIlwCW1zK6TDbHMnOQJbRAiPXQYAXEgBiegFXuksAM9SCAAsuQYAVOknKQAKVA
198=KfCgAAC0gBhAhldixsDW0ADVQCfABNAA4oKQAPKCkAECgpABEoKQASSAGAUWR2JzEBFFQC
199=QAlpABVIAY8bAAAWSAHBDxdIAXQDTQAYKCkAGSgpABooKQAbSAGQQHTpJ0EDHVQC0Y0eSA
200=GIQ2V2LLw2ZHYnrQAhKIEAIigpACNIAZRPIkwrJ+kCJVQCVBJpACZKAYgBZAFUrFwKSQEB
201=IkwrqQECZHapAQNkdsAwZXYsJFwidOnMEHTpJ1UALlwKl4YEAC9IAYStZHbMECIMOScpAD
202=JABIcQBAAzSAGEKSJMKycxATVUApwgZXYsp1UEADdUAtkGOEgBmycEADlIAYCTdOkniQE7
203=VAKTrgQAPEgB2QY9KCkAPigpAD9IASMAJ2R2JwUBQVQC2QZCSAHVDUNIAZgyZHYnvQJFVA
204=LFHkZIAdkGR0gB0XdISQEoewIEAElIAdF3SkgBiBdldizxd0xUApPlBQBNKCkATigpAE9I
205=Ac1zUEgBzXNRSAGZBgRV6Sz5dFNUAn0OAGR2J20DVVQCJ8QOJ+EBV1QCkxQFAFhIAZgGZX
206=YsJHgrZHbECHXpLFxHSQQFRHbXDQUAXVgGly4FAAYhgEFYA2kAB0gBmScARe8tuEh9eC39
207=0ApABGAFTQALKCkADCgpAA0oKQAOKCkAD0gB3YMQSAHFgREoKQASSAHRYRNIAVgLaQAUKC
208=kAFSgpABYoKQAXKCkAGCgpABkoKQAaKCkAG0gBlDl8eCdBAx1UAmgNTQAeSAHNiR9IAUQC
209=aQAgSAHJIiFIAYdKAAAiKCkAI0gB2YokSAFsBk0AJUkBskR2SQEmSAF9eARm7y0AaAEBBQ
210=AAKFUCiWMEAwApyQEBfXgtJkE6K1QClA18eFgGRAlJQy0oVQAuKCkAL0gBmCd9eC1kBSKt
211=LDFUAo8BBAAyKCkAMygpADRIAYQeZO8n2QA2VALZBjcoKQA4SQGSeAJ8eCetADpUAtGCO0
212=gBnCB8eCeBAD1UAnQGSRc+KCkAPygpAEAoKQBBSAHRCUJIAdEfQygpAEQoKQBFSAHFHkZI
213=AckMRygpAEhIAcl6SUgB3W1KSAGDZwQAS0gBmAZk79wVfHgnKQBOKIEATygpAFBIAZXeBE
214=TvzAV9eC2o6GXvLSQMLnx4J4EAVVgG2RFWSAHNEFdIAZQCfXgt5fpZVAKfFQUAWigpAFtI
215=Ac2JXEgBmGl8eMtDBQBeVAKLmwUABSHgQo0bAFV7LunzB1QCkCp1ey4odA8nKQAKQASECH
216=X0LsIIAAxUAs0BDSgpAA5IAYwQIs07Lv2DEFQCzQURKCkAEkgBjEd09CddARRUAs0FFSgp
217=ABYoKQAXKCkAGCgpABkoKQAaKCkAGygpABxIAcF9HUgBiN0i5EknmQMfKFUAIEgBySIhSA
218=GE2XV7Lib5MCNUAtEUJEgBiKYiXC0nFQMmVQKyfHh1ey6Vewl2ey4AdnsCBFZ7LgCDBAQA
219=KkwFhBN09MgMdHvQCXX0LiRUNyJcLdwVdPTcK3R7J60AMVAJhBN0eydVADMoVQA0SQGSZA
220=R0eyeBADZUAnACQXI3KCkAOCgpADkoKQA6KCkAOygpADwoKQA9KCkAPigpAD8oKQBAKCkA
221=QSgpAEJIAd0gQ0gBlC509CfFA0VUApgyIqVXLvlpR1QCyRdIKCkASSgpAEpIAZhpdHslq1
222=wEAExUApgGdHvfIAUATihVAE8oKQBQSAEndA/MBXR7JykAU0AEmMF0eydlAlVUAogMIl0t
223=LiR7IAQAV1QCwX1YSAEjf2gFAFlIAYwFdHvfCgUAW1QCmGl09Ng9dHsngQBeQASXOQUAX0
224=gB0BRwQ5EJAE1+L+N9BgAv9XsHSAGcK2x+J1UACVQCnysAAApIAZi2bX4vzAlMficpAA1A
225=BNkCDkgBkB9tfi/pZBBUAsEEEUgByWQSSAHVAhMoKQAUKCkAFSgpABYoKQAXKCkAGCgpAB
226=koKQAaKCkAGygpABwoKQAdSAGQS2x+J8UDH1QCxR4gSAGIxyKcSyeZAyJUAt0VI0gBnNAi
227=ZC4nBQElVALRoyZIAc0FJ0kBrrl/KEkBMngCbX4vVD9MAWx+yAxsficpACxMBYAlbH4nVQ
228=AuVAKcK3g6wA9tfi8kRDUiZS4vJoktMkwFQAx9/DMoKQA0KCkANSgpADYoKQA3KCkAOCgp
229=ADkoKQA6KCkAOygpADwoKQA9KCkAPigpAD8oKQBAKCkAQSgpAEIoKQBDKCkAREgBkDUinU
230=svJOw0bX4voMoiLD0ndQRITAXFHkkoKQBKKCkAS0gB2X9MSAGL6AQATSgpAE4oKQBPKCkA
231=UEgBgOtk+ie1AVJUAoByZPonLQZUVAKYSCKcSydZBlZUAohDbX4v+X9YVALZf1lIAYRKbX
232=4vJIQ9bH7EHmx+JykAXUwFJakxXkgBJc0wX0gB0RRgSAHfIAMAMIQBUAB8RFgAaQAFVAKY
233=SHX/MPl0B1QCdANNAAhIAcEECUgB2X8KSAFQA2kAC0gBmFMijD4niQENVAJ0A00ADkkBjl
234=wASQAPSAFYAGkAEEgBjyYAABFIAdFsEkgBdANNABMoKQAUKCkAFSgpABYoKQAXKCkAGEgB
235=3QoZSAEl+TAaSAGULiJUTQgwAAAAAAAAAAAcABEAAP8PACABMAAAAIIAHQAnKQAeSQGMkg
236=IAH0kBg6kBIEkBiqkBIUgBpgEAIigpACMoKQAkSQGQpQQlSQGGqQEmSAGmAQAnSgGtAZEB
237=KEkBMkQBVQEpSQExSAEBAAQAKkkBskgCSQErSAFwAkkBLEgBnwoEAC1JAYl7AgQALkgBkx
238=QEAC8oKQAwSAGDDwQAMUgBaAVFCDIoKQAzSQGPewIEADRIAWQBQQQ1KCkANigpADcoKQA4
239=SAHZBjlIAdkGOigpADsoKQA8KCkAPSgpAD4oKQA/SAHRCUBIAdEJQUgB1QJCSAHVAkMoKQ
240=BEKCkARSgpAEZIAdUjR0kBi38GBABISAFkAU0bSSgpAEpJAay9K0tJAaipAUwoKQBNSQGm
241=tQJOSAHFCE8oKQBQKCkAUUkBjWcEBABSSAHNMVMoKQBUKCkAVSgpAFZJAYa5BldIAWQBUR
242=RYSQEkbwEEAFlJASCpAVpJASipAVtIAWQBAQAFAFxJASdvAQQAXUgBzQVeSQEjtQJfSAFk
243=AV0KYEgB0RRhSAHVIwJQQ4MEAAADKCgAaEbVAgVVAo6tAQZIAaYBAAcoKQAISQGSuQIJSA
244=GmAQAKSAGXDQAAC0gBiyIAAAxIAYMPAAANSAHNBQ5IAckMD0gB1QIQSAGXOQAAEUgByW8S
245=SAHBBBMoKQAUKCkAFSgpABYoKQAXSAHZERhIAdEJGUgB0QkaSAHNEBtIAdUCHCgpAB0oKQ
246=AeSAHFEx9IAYs4AAAgSAHZBiEoKQAiKCkAIygpACQoKQAlSAHZJyZIAcUIJ0kBq3dPAAAo
247=SQGqqQEpSAF+gwIAXYMxUAFTNgQAK0EBV38GBAAsSAFkAVk9LSgpAC5IAZwVf4MxAIhlBA
248=RIQCcoAGkJi7UCMkwFZAFFCDNIAdkGNEkBh3sCBAA1SAFkAUEENigpADcoKQA4SQGMZwQE
249=ADlIAdkGOkgBcAJZBjsoKQA8KCkAPSgpAD4oKQA/SAHRCUBJAYVrCAQAQUgB1RhCSAHJDE
250=NIAXwDSQxEKCkARSgpAEYoKQBHKCkASEkBrH8rBABJSQGoqQFKSQGpqQFLSAHdCkwoKQBN
251=SQGvoQROSAHZBk9IAZM1BABQSAHZBlFIAcUpUkgBk2EEAFNJAYhnBAQAVEgB1QJVKCkAVk
252=gBk0sEAFdIAWgFTRtYKCkAWSgpAFpIAdWGW0gBxYFcSAHFgV1IAcUIXigpAF9IAZ9iBABg
253=SQGKZwQEAGFIAWQBVQ1iSQGPbAEBBAABAHjUbgEAAigpAAMoKQAEKCkABUgB2WkGSAGRBg
254=BUhicFAQgoVQAJKCkACkkBjLEFC0gBkB90hifZAA1UAp8VAAAOSAHBBA9IAbYGABAoKQAR
255=KCkAEigpABMoKQAUKCkAFSgpABYoKQAXSAHVGBhIAckMGSgpABpIAYM7AAAbSAGDUQAAHE
256=gBzQUdKCkAHigpAB9IAd0KIEgBzQUhKCkAIigpACNJAa5/TAAAJEgBzQUlKCkAJigpACdJ
257=AbGtBShIAc0FKUkBsrUCKkgBYogFAFWGMkRQSAR2hjIAiAwiVCHILSJUIScpAC9YBkUFAF
258=1BMCgpADEoKQAyKCkAMygpADRJAZJ8BnSGJzEBNlQCcAJRCTcoKQA4SAGEP3aGMgCDOwQA
259=OlQCzQU7SAGHPwQAPEgB2ZU9SAHBBD4oKQA/SAHRCUBIAdEJQUgBzQVCSQGObwEEAENIAW
260=QBWRFEKCkARSgpAEYoKQBHKCkASEkBrXAqdIYnbQNKVALRCUsoKQBMSQFOewIIAE1JAUqp
261=AU5JAUapAU/JAQF0hicxAVFUAnwDRRNSSAHFKVNIAdUCVEgB2RxVSAHBiFYoKQBXSAGPUg
262=QAWEgB2QZZKCkAWigpAFsoKQBcKCkAXSgpAF5JAZFrCAQAX0gB0SpgSAFwAlEUYUkBjW8B
263=BABiSAHBBGNJAa6jJQIAM3gDbQADKCkABCgpAAVIAYMaAAAGSAGIF3SGJ9kACFQCeAdNAA
264=koKQAKSAHVcAtIAYAPdIYn2QANVALdCg5IAcEED0gBQAlpABAoKQARKCkAEkgBj58AABNI
265=AWAFTQAUKCkAFSgpABZIAZcjAAAXSAGPMQAAGEgBj9YAABlIAcEaGkgBQAlpABtJAY5gAX
266=SGJ70CHVQCsgIAHigpAB9IAZBAIqwhJ60AIVQCzQUiSQGsay0AACNJAaKpASRJAaapASVI
267=Ac0FJigpACcoKQAoSQGyrQUpSAHNBSooKQArSQFTWAJFVSxJAa1sBXaGMwCQH3aGMwCYHC
268=KsIdAUIqwhJykAMVgGQAhtiTIoKQAzKCkANCgpADVJAZNzBQQANkgBZAFdTDdJAY1vAQQA
269=OEgBiC11hjMo1BAntQE7QAScK3SGJ1UAPVQCYAhRCT4oKQA/SAGbSAQAQEgB3QpBSAGLOA
270=QAQkkBhn0GBFSGJzEBRFQCcAJRCUUoKQBGKCkARygpAEhJAbGtJklIAdkGSigpAEsoKQBM
271=SQFWZAR1hjOjtAgATlUCWLUCT0kBRakBUMgBWTJRSAGIOCIsMieRAlNVApFsBSKuITMAzR
272=tVVALJAVYoKQBXSAHZHFhIAXQGTRtZKCkAWkgBwTBbSQGJZwQEAFxIAcElXUgB0UBeSAF8
273=A0UIX0gB3StgSAHNBWFIASUVJGJIASUFImNJAa2hJWRJASZrCAMAAyGgOmQBTAAizDpYAG
274=kABVQCnAp1hjSwQHWGNHADbQAIQAR8AE0ACSgpAAooKQALSAHFCAxIAYQTIoUyNKAlIqwh
275=J10BD0AEQAlpABAoKQARKCkAEkgB0QkTSAGfIAAAFEgBbAZNABVIAdmKFkgBRAJpABdJAY
276=xgAXSGJ+EBGVQChzQAABpIAcUTG0gBhDR0hieZAx1UAqAIVIYnVQAfKFUAICgpACEoKQAi
277=SQGraC12hjQAJ9QQJykAJUEEpqEEJkgByQwnSAGcTCKEMie1ASlUAsEEKkgBlN4ihzI0AF
278=F4AiKvITQAsXAJdIbYBneGNACSoQQvWAZkAUFGMCgpADEoKQAyKCkAMygpADQoKQA1KCkA
279=NigpADdIAZwrdIbcK3SGwDsirCEnOQI7KK0APEkBi38RBAA9SAFkAUUTPigpAD8oKQBASA
280=HJDEFIAZw2doY0ANVaQ1QCxQhEKCkARSgpAEYoKQBHKCkASCgpAElJAa65J0pIAdEJS0kB
281=TW8BCABMSAGILXaGNACMaHaGNACLTggAT0EEsmcICABQSAFiiAQIVjM0AGkBBXeGNACwYA
282=QihzI0AKqpAVRNBZBrDAQAVUgBxXZWSAHZHFdJAYahBFhIAWQBQSVZKCkAWkkBknsCBABb
283=SAFkAUEEXEgBzSZdSAHRCV5IAYBnIqwhJ1kGYFUCjnwGIoQyJ1UAYlQCcAJRCWNIAdFLZE
284=kBUnsCBABlSQE9aAFtzjWjAQAABSEkO80BBkgBhBN0hieBAAhUAsEECSgpAAooKQALKCkA
285=DEgBlCN1hjUo1RA19ZEPQATRCRAoKQARKCkAEigpABNIAYgidoY1AJurAAAVVAKXIwAAFk
286=kBhbUJF0gBjDF0hifhARlUAs0FGigpABtJAYq5BhxIAaYBAB0oKQAeKCkAHygpACAoKQAh
287=SQGsf0EAACJJAaepASMoKQAkKCkAJSgpACZJAaqtBSdIAcEPKCgpAClJAU94AiLdUzVKVA
288=AARdkrVQKueAZ0htgydIYnKQAuQAR0BkU/L0gBgFwirCEngQAxVALBBDIoKQAzKCkANCgp
289=ADUoKQA2SQGNfwYEADdIAYQpdIbcK3SGJykAOkAEjzEEADtIAcVgPEgBYAhFEz0oKQA+KC
290=kAPygpAEBIAYxHIlxDwEZ0hicVA0NABNEJRCgpAEUoKQBGSAHRH0dIAc0FSCgpAElIAd1i
291=SkgBwQRLSAElgSFMSAGAO3eGNQCldC52hjUAhBN2hjUAmKB2hjUAJQUiUVkGSncJCABSSA
292=FgiAEACABTyAFJOFRJAbJwCXSGJ0EDVlQCnAoiXEMnxQNYVAJsCU0mWUgBwRpaSAHVAltI
293=AdkyXEgB2TJdSAGHYAQAXkkBinAFdIYntQFgVQKStQJhSAGYHCKFMjXpm2NVAjqhBGTIAU
294=kWZUgBl08AAGZIAXwDTwAFADZUAIkABigpAAcoKQAIKCkACSgpAAooKQALKCkADCgpAA1I
295=AYgiIq4hNgCXGAAAD1QCjw0AABAoKQARKCkAEigpABNIAZgcdIYnkQIVVQKMqQgWSAGYUy
296=KEMieBABhUAsEEGUgBkCoirSE25ZcbVAKiCAAcKCkAHSgpAB4oKQAfKCkAICgpACFJAa1E
297=KlUIIkgBWABpACNIASV5ICRIAY9HBAAlyAFZBSZIAWAFTQAnKCkAKEkBTEgCUUspSAF1hg
298=J3hjYArEwGTUcrVQKpqQEsSAFIBXm+LSgpAC4oKQAvSAGULnWGNibdMjFUAtkGMigpADMo
299=KQA0SQGNZAQiXUM2oLQihTI2oL90hicpADhMBZAqdIYnVQA6KFUAOygpADxIAZBsIqwhxz
300=QEAD5UAnANTRs/KCkAQCgpAEFJAY5kBHSGJ9kAQ1QCcAJZBkRJAZFtAQRP/DYAhakBRlQC
301=xRNHSQGHtQJISAFkAVkGSSgpAEpJAa6xKktIASIISUF9TEkBr3QCdoY2AJQudIbMEHSGJy
302=kAUE0Fj2ALIqwhJ1UAUlQCnAp1hjZUE081CABUVAJ9QQV0hs8FBABWVAJgCEUTV0gBjF0i
303=XEMngQBZVQKOZwQEAFpIAWQBTQVbSQGMbAEihDLUWiK0ZCfZAF5ABHwDTQVfSAGQFCI0VC
304=eBAGFVAq14HHWGNkSdVwUEAGNUAnSGAQIAAGRJAaxjBAAAZUgBnCB0hscIAABnVAJQBmkA
305=BkjKfABNAAcoKQAIKCkACSgpAAooKQALSAGEEyJdQzdQB4kADVQCgAF0hidVAA8oVQAQKC
306=kAESgpABIoKQATKCkAFCgpABVJAYyhCxZIAZirdYY3rEcirSE3rF0iXEMnKQAaTAXFlxtI
307=AaAIVIYnZQIdKFUAHigpAB8oKQAgKCkAIUgBlC4irCEnBQEjVAIjg0wEACRIASXZYyVIAW
308=BGAQQEACbIAQEFAAAnSAFohV2DKMgBAQMEAClJAaxwNXWGN7BWIoQyyAwirCEnKQAtTAWU
309=GCKEMidVAC8oVQAwSAHBiDFIAc1oMkgB2QYzKCkANEgB2VM1SAHBBDZJAYxsAXSGxCkirS
310=E3JplmOUEEg6EEOigpADtIAZC5IlxDJ2UCPVQClER0hidVAD9UAmAIQVxAKCkAQUgByRdC
311=SAHdjkNIAc0FRCgpAEVIAc0FRkgB2RFHKCkASEkBhXwGIjVUN+GpSlUCsaktS0gBdIZNMU
312=zJAQN2hjcAiDh3hjcAsGwFd4Y3AKapAVBNBZB8CnSG3AoirSE3JAw5d4Y3AEOhBFRMBWgB
313=RcNVSQGyZAh0hicdBFdUAmgFCgAEAFgANwAAAAAAAAQRAAAeEAAgCgBZADcAjAAAAAAEAF
314=pKAYUAQwAEAFtJAYNEAVUCXEkBhqkBXUgBZAFVAl4oKQBfSQGOewIEAGBKAawBTwEEAGFJ
315=AampAWJJAUJQAlkGY8gBQQNkSQGxXABBA2VIAVgAaQBmSQGPYwEAAGdIAaYBAGhIAdcCBw
316=A40gIACEkBk7EBCUgBpgEACigpAAtJAYy5AgxJAYepAQ1IAaYBAA4oKQAPSAHJDBBIAcEE
317=ESgpABIoKQATKCkAFCgpABVIAZ8gAAAWSAHFCBdJAZCtARhIAZMqAAAZSAGTKgAAGkgBvg
318=MAGygpABwoKQAdKCkAHigpAB8oKQAgKCkAIUkBr7EqIkkBpqkBI0kBMkwMVQEkSQFWSAFN
319=MSVJAVipASZJAUqpASdJAVGpAShJAaxMBk0FKUgB1TkqSAF8A1UCKygpACxJAY17AgQALU
320=gBiy0EAC5IAXACTQUvKCkAMCgpADFJAYxnBAQAMkgB2QYzSAFwAlkGNEgBmycEADVIAdlT
321=NkkBiGUEBENDOACGqQE4VAJkAVkGOUgB3Qo6SAGXLgQAOygpADxJAYlzBQQAPUgB0Qk+SA
322=HVAj9JAYuhBEBIAWQBXQpBKCkAQigpAEMoKQBEKCkARSgpAEZIAdkRR0gB2RFIKCkASUgB
323=1RhKSAHVDUtJAbKhMExJATFYAgEFBABNSAF0OV1fTkkBM1QCSQFPSAGHPwgAUEkBqnsGCA
324=BRSAGPUggAUkgBaAVNBVNJAa6hBFRJAUNYAgEECABVyAFJDFZJAbBjBAQAV0gBkwkEAFhI
325=AUgFaYVZSAHBGlpIAdknWygpAFxIAdkcXUgB0SpeSQGFawgEAF9JAYqpAWBJAa21DWFJAV
326=K1AmJJATxrAQAAY0gBnxUAAGRIAbICAGUoKQBmSAGYEXaGOACJDABWhjgAjxAAAGlABJFL
327=AFkfOcAIAwAJADkAjbEBCkgB2QYLSAHZBgxIAZsyAAANSAGoBVSGJwUBD1UCjrkCEEgBpg
328=EAESgpABJIAckME0gBzRAUSAHNBRVJAZCtARZIAYtOAAAXSAGyAgAYSAHBBBlIAcUTGkgB
329=0QkbSAHNBRxJAY+tAR1IAaYBAB4oKQAfKCkAIEgBzQUhSAHNBSJIAdWyI0kBh1gySQAkyA
330=EBAgQAJUgBjwUEACZJAaxUA11iJ0kBqKkBKEkBqakBKUgBkx8EACpIAZ8rBAArKCkALEgB
331=gBp2hjkA3UEuVALJDC8oKQAwKCkAMUgBiCJ0hifZADNUAtkGNCgpADVJAZJ7AgQANkgBZA
332=FdFTdIAZ02BEBD1TkETwI5AIxnBAQAOlABxRM7SAGTQAQAPEgBfANFCD0oKQA+KCkAPygp
333=AEAoKQBBKCkAQigpAEMoKQBEKCkARUkBkW8MBABGSAHNEEcoKQBIKCkASSgpAEpIAZ9BBA
334=BLSAFgCFEUTEkBrq0xTUgBdIYBAQQATkgBdIZVOU/JAQN1hjlQfUAHdoY5AJwrdoY5AJ8K
335=CABTTQWxcwkIAFRIAYjHd4Y5AEpUBl1qVlUCRakBV8gBVQ1YSQGyewYEAFlJAY5gBCKsIS
336=fVBVtUAnACXRVcSQGSbwEEAF1IAWQBVQJeSAHZBl9JAayxCWBIAd1MYUkBg1QCVQ1iyQEC
337=d4Y5AK9UAlUIZFUCqqkBZUgBRAJpAGZJAYxgAXWGOemFaFQClC50hidVAGpUAp0gAFWGOr
338=cjAAAKXETNBQsoKQAMSAGARnWGOqEMAFSGJykAD0AEnysAABBIAd0KEUgB0QUSSAHBBBNI
339=AckMFEgBzQUVSAHNBRYoKQAXKCkAGCgpABlIAdEJGkkBir0GG0gBpgEAHEgBwQQdSAHJDB
340=5IAcEEH0gBn3gAACBIAdkRIUgBzQUiaAFcKwEEAAAjyAEBBQAAJMoBBgNWhjoAbokHA1eG
341=OgCtTAVBOydABIsMBAAoSQGNbwEEAClIAYgMd4Y6AIi1AitUAskBLEgBlBh0htAqIq8hOg
342=CPrQUvQARkAUkMMCgpADEoKQAyKCkAMygpADQoKQA1KCkANkgBxRM3SAHFEzhJAYlsDHSG
343=J5ECOlQC0RQ7SAHRFDxIAWgFWRE9KCkAPigpAD8oKQBAKCkAQSgpAEIoKQBDKCkARCgpAE
344=UoKQBGSAGXWgQAR0gB3RVIKCkASSgpAEpIAYRVdIYnJQVMVQKvpTRNSQGoqQFOSQGmqQFP
345=SAFgiAEFBABQSQFUcBt0hsQIdoY6AIR2dIYnVQBUTAWEKXaGOgCL3QgAVlUCrn0KCFqPOg
346=BgiAEECABYVAJoAUkMWUgB0YJaSAFwDUUpW0gBI/MvBABcSAHVAl1IAYsMBABeSAHBMF9J
347=Aa1oDCKGMjoAaIUBBAMAYVQCaAEBBQMAYskBBnSGoAQBBwAAZFQCnwoAAGUoKQBmSAHVZW
348=dJAYilBGhIAYgtdIZECLUCaihVAGtIAddlCgA74YgLSAHFCAxIAcUIDUkBhaUIDkgB2QYP
349=SAGwAlSGJwUBEVQCwQQSSAHBBBNIAdEUFEgB3QoVSAHNBRZIAc0FF0kBj60BGEgBpgEAGS
350=gpABooKQAbKCkAHCgpAB1IAdUNHkgByRcfSAHBDyAoKQAhSAGbMgAAIkgBcYIIdYY7noMJ
351=AVSGqgEKAlSGqQELdoY7AJPPBAAnWQaNdBR1hju4tnWGOyb9ICpABHwDVUQrKCkALCgpAC
352=0oKQAuSQGOcwUEAC9IAWQBWQYwKCkAMSgpADIoKQAzKCkANCgpADUoKQA2SAGIIiKFMjso
353=hTI7hAxJDDlABIwBIqwhJ1UAOyhVADxIAdkcPUgBnzYEAD5IAdkGPygpAEAoKQBBKCkAQi
354=gpAEMoKQBEKCkARUgByQxGSAGQNXSGJ1EFSChVAEkoKQBKKCkAS0kBh38RBABMSAFkAU0b
355=TSgpAE5JAbGpb09IAcEEUEkBVE0BAXeGOwCuYAR0htRadYY7JBQvIqwh2Cd0hsAldYY7tM
356=h3hjsAQVEJAHSGqQEBIqwh3AoiryE7AJNgBCJcQ8QIdoY7ANEfXVkRhqEEXkgBZAFVGF9I
357=AckXYEgBaYUIdIZUI14VCQJUhqgBAQoBAGPBBAt1hju80HSG1w0AAGZABJwKIqwhJ1UAaF
358=UCjLkCaUkBiKkBaigpAGsoKQBsSAGLLQAACyEgKqoFAAxIAcUIDUgBiDgirSE8s2EAAA9U
359=As0FECgpABFIAdkGEkgB3QoTSAHNBRRIAcEEFUkBirkCFkgBpgEAF0gBwQQYSAHFCBlIAc
360=EEGigpABsoKQAcKCkAHSgpAB5IAdEJH0gB1RggSAHBDyFIAd0KIkkBHa0BI+gBdoY8AJQC
361=dIbIAXSGJQQ5dYY8Jm0vKFgG2T0pSAGMCSKsISetACsoVQAsSAHVRC1IAYibIq0hPP2OLy
362=hVADAoKQAxSQGLYAsihDInXQEzVAJwAlFLNCgpADUoKQA2KCkAN0kBknAFIoQyJwUBOVQC
363=cAJFCDooKQA7SAHRFDxIAZgnIlxDJ5ECPlQCyRc/KCkAQEgB0RRBSAHdCkIoKQBDSQGRew
364=IEAERJAYmpAUVIAYRVIoUyPCZ9JkcoVQBISAHNEEkoKQBKSAHZBktIAcEETEgBjEciXEMn
365=mQNOVAJwDVkcT0gBnIMiriE8ACIMREF9UVUCr1RwSQFSSQGqqQFTSQGQfAZ0htAfdYY8Jg
366=kzVkEEra0FV0gBdYYCdYY8gYgDdoY8AJwKd4Y8AKZsBXSGJ2UCXFgGhFUihzI8AIZ0DSKs
367=ISeBAF9ABHACSRdgSQEfbAF2hjwAiAF0hsgBdIbIAXSG2FN0htwVdIbfCgAAZ1AJbAlNAG
368=hJAY5cAEkAaUgBWABpAGooKQBrKCkAbEgBzQVtSAFgBU8ADAA9JgUiDUgBlBh1hj1MA4kA
369=D1QCgAEihDInVQARVAKfKwAAEkkBg6UEE0gBk0sAABRIAdEJFUgBvgMAFigpABdIAcUIGE
370=kBiqUEGUgBpgEAGigpABsoKQAcKCkAHUkBjbEFHkgBzRAfSAHBDyBJASGhBCFJAR6pASJJ
371=ASWpASNIAYiFdYY9KNQQyAF0hsQedYY9KNUQPfk9KUQIjAl0hietACsoVQAsSAHVRC1IAZ
372=AUdYY9KNQQJykAMEAEiRcEUFsnMQEyVALJDDMoKQA0KCkANSgpADYoKQA3KCkAOCgpADko
373=KQA6KCkAO0gBjDEiXUM9/Xg9VALZdD4oKQA/SAGTNQQAQEgBxRNBKCkAQigpAEMoKQBEKC
374=kARSgpAEYoKQBHKCkASEgB2RFJSAHJIkpIAdUNS0gBwQRMSAHBBE1IAcEETigpAE9JAbGx
375=d1BIAXSGAQIEAFHJAQMiryE9AFd8BiKsIdQudIbYPXSG2D0irSE9JOwpIq8hPQBEuQZYUA
376=loASOtIT0mgSFaVQKtoQ9bSAFoBUWBXEgB3UFdSAHdK15IAd2vX0kBJ3MFAwBgSQEjqQFh
377=SAEn1RA9oIh0hsgBdIYnHQ9lTAWIInSGwBp0hicpAGhABJgnIoUyPSR3JQAAalQCn68AAG
378=tIAXwOTQBsSAHNBW1IAcEEbkgBUANoAAENAD4AlNN1hj5kAm0AD1QCfABNABAoKQARKCkA
379=EkgBnyAAABNIAZxidYY+t08AABVUApjMIg1lPiSIOCI0VCeJARhABFgLaQAZKCkAGigpAB
380=tJAY17AwAAHEgBwZMdSAGXLgAAHigpAB9IAZRaIl1DPqeBAAAhVQKPZwgBACJIAY+JAQAj
381=SAGAiHSGzAUirCHIAXSG0BR1hj64qyKFMj4o1BAngQAqUQmRaAwiNlQ+AIceBAAsVAKQFC
382=JcQ8gidYY+KNQQJykAMEwFiBd0hiddATJUAngKSU4zKCkANCgpADUoKQA2KCkANygpADgo
383=KQA5KCkAOigpADsoKQA8KCkAPSgpAD4oKQA/KCkAQCgpAEEoKQBCKCkAQygpAEQoKQBFSQ
384=GuuWlGSAHNG0coKQBIKCkASUgBk1YEAEpIAZBWIlxDJ3UETFQCl08EAE1IAcEETkgB3QpP
385=KCkAUEgBwQ9RSAFgiAEFBABSSAEj9Gx1hj4m3TJUVAKAD3SGxDR1hj4m2SFXQASQCSKtIT
386=6AiAEECABZVAJgiF0KWkkBrbkcW0gByUNcSAHNPF1IAd2DXkkBIGMWAwBfSAHJhWBIAYME
387=AgBhSAGUAiKtIT4o1BDIAXSGyCIiryE+AI5wCXSGJ1UAZ0QIsgIAaCgpAGlIAZgndIbYHH
388=SGJ5kObEAE2QZtSAGLIgAAbkkBhbkCb0gBlC51hj+sAiKEMicrABAAPyRPNgAAEUgB2QYS
389=SAHJhRNIAYgidIYn2QAVVALVCRYoKQAXKCkAGCgpABkoKQAaSAGLLQAAG0gByQwcSAHBqR
390=1IAd0KHigpAB8oKQAgSAEjKCF1hj+konWGP6yJdYY/p8MCACTsBXWGP1gBRAt3hj8AKEQB
391=AQADACdABGQBUXcoSAGYMiJcQ9gcIqwhJykAK0AEzQUsKCkALSgpAC5IAYAwIl1DPyQzOA
392=QAMFQC2AYEMQA/AAAAABEAAH8QACAGAAAEADIAPwAAYAAFBAAzAD8ArAFPAQQANEkBqKkB
393=NSgpADYoKQA3SQGqoQQ4SAFQBnEJOUkBhFQCAQEEADrIAQECBAA7SQEeZwQEADwoKQA9KC
394=kAPigpAD8oKQBAKCkAQSgpAEIoKQBDSQGFVA1VGETIAUEPRUkBr7UCRkgB1RhHSAHdFUhI
395=AXQRWQZJKCkASkkBknsCBABLSAFkAUEETEkBjG8BBABNSQGDqQFOSQGHqQFPSAFkAU0FUE
396=gBwQ9RSQGmrRBSSQExZwQIAFNIAYMECABUSAGbEQgAVUkBkKEEVkkBiqkBV0kBrWcICABY
397=SQE/tQJZyAFZHFpIAYMEBABbSAF8A00QXEkBJ28BAwBdSQEjqQFeSAGXAgIAX0kBIHcCAg
398=BgSAGDBAIAYUgBgwQBAGJIAZcCAQBjSQEfbwUAAGRJAY2pAWVJAYapAWZIAaYBAGdJAY+t
399=AWhIAaYBAGlIAY8bAABqSAHZBmtIAcEEbEgB2QZtSAHVAm5IAdkGb0gBly4AAHBIAZQuAg
400=AADwBAygUAEEgBzQURSAHNBRJIAdUNE0gB0QUUKCkAFSgpABYoKQAXKCkAGCgpABkoKQAa
401=KCkAG0gBwQ8cSAGfNgAAHUgB1Q0eKCkAHygpACBJASSlBCFJASipASJIAZcCAQAjSAGXAg
402=EAJEgBlwICACVIAZcCAgAmSQEdewYDACdIAWQBRT8oSAHdVylJAaxvRwQAKkgBxWArSQGq
403=tQIsSAHZBi0oKQAuKCkALygpADAoKQAxKCkAMkgByQwzSQGlvQo0SAHdCjUoKQA2KCkANy
404=gpADhIAWiFAQMEADnJAQR2hkAAdgIFBVaGQACVhgVUhicpAD1MBdUCPigpAD8oKQBAKCkA
405=QSgpAEIoKQBDSQGFXBUBAwUARMgBQQ9FyAEBBQQARkgB1RhHKCkASCgpAElJAbJECFUuSk
406=gBzQVLSQGRbwEEAExJAYOpAU0oKQBOSAGPUgQAT0gBfANFCFAoKQBRSQGxvQpSSAF0hlWn
407=U8kBA3eGQABXfAZ3hkAAsG8FCABWQASNPAhTA0AAqbUCWFQCdIYBAggAWcgBAQMEAFpJAa
408=1gBHSGz2gEAFxUAoB9dYZAVEpPDAIAXlQChIF0htUCAVaGQACBiAFVhkBUVUwFdIbBBABU
409=htQCd4ZAAJBcA0kAZVEJg1wASQBmSQGFXABJAGdIAYsiAABoSAFEAmkAaSgpAGpIAcUIa0
410=kBiXsDAABsSAHZBm1IAbICAG4oKQBvSAHZBnBIAcEPcUkBi7MFEABBowEAABFIAc0FEkkB
411=iL0CE0gB0RQUSAHdjhVIAb4DABYoKQAXKCkAGCgpABkoKQAaKCkAGygpABwoKQAdKCkAHi
412=gpAB8oKQAgKCkAIUgBm38AACJJAZN8EXWGQViFTAF2hkEAiYUBVYZBRJJUAnSGyAF0htEf
413=BF8EQQCwvUEpUQmpqQEqSAFQBmX6KygpACwoKQAtSAHFYC5IAc0FLygpADAoKQAxSAHJhT
414=JJAaepDDMoKQA0SAHBkzVIAdEJNigpADdJAUxYAgEBCAA4SAF+gwYIVYZBiIUBBwcAOtYC
415=CAZVhkG1hgZUhicpAD1ABJeGBgA+KCkAPygpAEAoKQBBKCkAQigpAENIAXaGBgZXhkEAhn
416=cYBwBFVAJoAUUTRkkBR1AUAQAIAEfIAVUCSEkBRbUCScgBTfdKSAHZJ0tIAXwDRYFMSQGQ
417=bAEiriFBAJNWBABOVAKMXXSGJ90GUFQCaAVZBlEoKQBSSAHdClNIAWCIAQUEAFRJATJwBX
418=eGQQA2qQFWVAJoAVEUV0kBOLUCWEkBPWkBBFWGQSY1KFpUAslDW0gBI6UgA1WGQbh/doZB
419=AICIdYZBo4gBAF9MBYCIdIbVAgBVhkGjiAAAYuAEdIbMG3SGJykAZUEEjHsRAABmSAGLIg
420=AAZ0gBiCJ0hietAGlUAqoFAGooKQBrKCkAbEgB0QltSQGHsQVuSAGmAQBvKCkAcEkBkrkC
421=cUgBpgEAckgBnG11hkLTAgASACcpABNIAYs4AAAUSAHdFRVJAYm1BRZIAcmQF0gBsgIAGC
422=gpABkoKQAaSQGNpQQbSAHZBhxIAbACRHsn4QEeVQIhuQIfSAGNXQBZLEKzYQAAIVUCJaEE
423=IkgBjAV0hsAEdYZCWIVEBHWGQkwLSAF1hkK4inWGQliFVQIDWADDDwQAKVAJTAJphSooKQ
424=ArSQFOewIIACxIAcVgLcgBRWAuSQGwb2gEAC9JAaipATAoKQAxSQGptQIySAFsCU1dMygp
425=ADQoKQA1KCkANkkBTFAFVd43yAFd5jhIAVECAE1zOUgBYYgKdYZCgogLB1SG3SAHVIYnKQ
426=A9TAWFKQdUhidVAD8oVQBAKCkAQSgpAEIoKQBDSAF2hgkHVYZClYYCdIbbJwgARkAEnCB2
427=hkIAnyAIAEhVAqZzHwgASUgBeCcBBAgASsgBSXpLSQGsYAQiriFCAIwFd4ZCAJB8HHeGQg
428=CKqQFPTAVkAVknUCgpAFFIASPjLQQAUkgBwQRTSQGyvQpUSAF0hlE1VUgBaIUBAgQAVsgB
429=AQMEAFdIAXSGQQRYSAHFCFlIASUNI1pIAcmFW0gBhIF1hkK/gwIAXfQCdYZCoIh0hsMEAA
430=Bg4AR2hkIAyW9iVAKUDXSGxCl0hicpAGVBBIylBGZJAYipAWdJAYOpAWhIAdl/aUgBsAJU
431=hicFAWsoVQBsSAGTKgAAbUgB0QluSAHFCG9IAcUIcCgpAHFIAd0VckgBwQRzSAGVLgBVhk
432=PTAgATACcpABRJAZK9AhVIAaYBABYoKQAXSAHFCBhIAcEEGSgpABpJAY65AhtIAaYBABwo
433=KQAdKCkAHkgBJSkhH0gBjQUBVYZDWIVRAQFZAEOjiAEAIkAEgIh2hkMAgZMCToNDAJwgIo
434=UyQ1gBWAZ1hkNMhIkBJ1gGiAx0htgcdYZDQNtDBAgAKkEESkQBTXMrSQFRqQEsSQGuY1EI
435=AC1IAcVgLsgBRWAvSAFoBVVaMCgpADEoKQAyKCkAM0gB1ZE0SQFIfwYIADXIAUHgNkgBwQ
436=83SQGyoQ84SAFoBUUTOSgpADpIAYEwCFSGwRoIVIYnKQA9QATZBj4oKQA/KCkAQCgpAEEo
437=KQBCKCkAQygpAEQoKQBFKCkARigpAEcoKQBISAGIb3WGQ0COVBB0hqgBWXRLQQSvbBt3hk
438=MApakBTVQCRAVluE4oKQBPKCkAUCgpAFFIAYRrdIbHPwQAU1QCxQhUSQGwvQpVSQGoqQFW
439=SQGkqQFXSAHVAlhJAaq1AllIAcmFWkkBK3cJAgBbSAEjqzECAFxIAYCIdYZDo4gBAF70An
440=WGQ6CIdIbMMXSGJykAYk0FkXwKd4ZDAIWpAWRVAompAWVJAYqpAWZIAaYBAGdJAZCtAWhJ
441=AYapAWlIAaQBVIYniQFrKFUAbCgpAG0oKQBuSAGbJwAAb0gBxfpwSAHRCXEoKQBySAHdFX
442=NIAcWXdEgBnW0AVYZE1gYAFLA9eQEVSAHZBhZIAc0bF0gBxQgYSAHRHxkoKQAaSAHNGxtI
443=AWQJTQAcKCkAHSgpAB5IAYl6AEcuRACPQQUAdYZEJNAgdYZE/YMiTAWXDQIAI0kBiGwFdo
444=ZEAMkBJVQCnCB0hsUIAlw7yAF0htgcdYZEQNBICHeGRACwb0cIACtFCKipASxJAampAS1I
445=AYMHCAAuyAFFYC9IAVwHbV0wSQFObwEIADFIASXpLjLIAVGCM0gB0YI0SQGsvQo1SAHVDT
446=ZJAaq1AjdIAZS9IoQymA4kriFEAI8xCAA6QASdKwhUhieBADxUAmgQRYw9SAHFCD5IAdUC
447=PygpAEAoKQBBSAGdrwhZyUS9rwhAQyddAURABMUIRSgpAEYoKQBHKCkASCgpAElIAdGuSk
448=gBeAkBBAgAS8kBBXeGRACvZB4irSFEJtkhTkAElA0ihDJwBlMBBABQVAKTFAQAUUgBlE92
449=hkQAnCB0hietAFRABFAGeTJVKCkAVkkBsbUNV0gBlyMEAFhIAcmFWUgBk4IDAFpIASUBMl
450=tIAYEEAVWGRFTZRwsBAF1UAowFdYZEQExXAgAAX/QCdIbIWXSGxBMihDInKQBjTQWSlgYA
451=ZEgBpgEAZSgpAGYoKQBnKCkAaEgB2QZpSAHZBmooKQBrKCkAbCgpAG0oKQBuSQGOvQZvSA
452=GmAQBwSQGPrQFxSAGmAQByKCkAc0kBkLkCdEgBly4AAHVIAbACVIZ46pIBFQAnKQAWKCkA
453=F0gBxQgYSAGLOAAAGSgpABooKQAbSAHBkxxIAZQKIjZURQAjqzEAAB5UAiP8IHaGRQCAGn
454=WGRSjWEEUAlw0CACJMBZwVdIbECHWGRVQIRAsirCEnKQAmTAWcCnSG0Al3hkUArq1HKUAE
455=IiArUWwqSAEl/UwrSAFICXl0LCgpAC1IAZgGdIaoZ0VgL1QCeEBFYDBJAVZ8BnSGzyYIAD
456=JVArB3DQgAM0gB3YM0SAHVkTVIAXQGTRA2KCkANygpADgoKQA5KCkAOkkBjnwGdIYntQE8
457=VAKHPwgAPUgBfANdCj4oKQA/KCkAQEgBl3AIAEFJAYhwBXWGRSR4QXWGReGIREAEfANRCU
458=UoKQBGSQGReAIihDInrQBIVAJwAk0FSUkBsbEfSkkBWHgCdIbPCAgATFQCcBddr01IAYwF
459=IoQybAJQBXSGJykAUEEEjFECAHWGRbDEdIbcFXSGzxAEAFRMBWgFTQVVSAGNfgNBxEWvfg
460=MAV1UCIGUEA1WGRUDQTwEDAFlUAo0FAlSG1AIirSFFVNlABHWGRf2DXUwFhwgAAF5IAYCI
461=dYZFvNt1hkUknDV0htQYdIYnKQBjWAZUCmkAZEgBkZgAVIYngQBmVAJ0A00AZ0gBgDsiXE
462=MngQBpVAJQA2kAaigpAGtIAc0FbEgBdANNAG0oKQBuSQGQSAJJAG9JAYVcAEkAcEgB3Xhx
463=SAHFdnJIAVADaQBzKCkAdEgBxZd1SAF0A00AdigrABUARkACiQAWKCkAFygpABhIAc0QGU
464=gBwQ8aKCkAG0gBg30AABxIAYgJdYZGsIJ0hskMAVYzRgCQYXWGRiSoMSKtIUYkqDEihDLA
465=BHSGxAh1hkazNQMAJUgMI68hAwAmSAGAkyJdQ0ZEA0gPdoZGANlTKUAEdIZRVipIASIoTU
466=1dK0kBsK1dLEkBqKkBLUgBwX0uSAHFYC9IASVhMzBIASUpITFJAa65BjJIAVgOaZAzKCkA
467=NCgpADUoKQA2KCkANygpADhIAdV7OUkBiXQJIq0hRqxSdIbYJyKGMkYAhGt2hkYAzQU+KN
468=kAP0gBl0QIAEBIAZgydIYnBQFCVQKQqQxDSAHBBERIAXACVSNFKCkARigpAEdIAdkGSEgB
469=iE4ihDInXQFKVALFCEtIAdUjTEgBbGBdr03JAQV2hkYAgAR0hsQIIqwhxD90hidVAFJYBo
470=APdYZGJtkhVFQClw0EAFVIASPRIANUhieVCFdVAoVkBHaGRgDBRllUAowFdIbIDHWGRlxS
471=UAV0hssBAABdTAWYMnWGRiapMV9UAowmdIbECHSGJykAYkAESAlpAGMoKQBkKCkAZUkBkX
472=gDIjRUJ10BZ1QC3QpoSAG+AwBpKCkAaigpAGtIAQiOAAAAAAAAbABGABEAAJgQACABAAAA
473=AEMAbQBGVACJAG4oKQBvSQGQkgIAcEkBg6kBcSgpAHJJAYe1AnNIAaYBAHQoKQB1KCkAdk
474=kBjaUEd0gB2wYWAEevAgAAFygpABgoKQAZSAHNEBpIAc0QG0kBhqEHHEgBpgEAHUkBHa0B
475=HkkBkWsBAQAfSQGKqQEgSAFkAQEAAQAhSAGPBQEAIkkBknsCAgAjSAGXAgIAJEkBjncCAw
476=AlSQEhqQEmSQElqQEnSAFkAQEABAAoKCkAKUoBrgFfAgQAKkkBMUQBAQIEACvIAQEDCAAs
477=SQE2VAIBAAgALcgBAQEIAC5JATS1Ai9JAbJnCAgAMEgBcAJNBTFJAa21AjJIAdUCMygpAD
478=RIAYceCAA1SQGFZwQIADYoKQA3SQGJtQI4SAGbJwgAOUgBcAJJDDooKQA7SQGNewIIADxI
479=AZsnCAA9SAFwAk0FPigpAD9JAYx7AggAQEgB3QpBSAFwAk0FQigpAENIAZc5CABESAGTQA
480=gARUgBzQVGKCkARygpAEhIAckMSUkBi3MFCABKSAFkAUkMS0kBsbUjTEkBRHsCCABNyAEB
481=AQQATkgBgwQEAE9IAXwDXTZQSAGbEQQAUUgBnwoEAFJIAcEEU0gBwQRUSAGfFQQAVUkBH2
482=cEAwBWSAGHEwMAV0gBkx8DAFhJASdjBAIAWUkBI6kBWkkBj6kBW0gBhwgBAFzrAQAAXUgB
483=kwkAAF5JAYhvBQAAX0gBgzAAAGBIAbICAGEoKQBiKCkAYygpAGQoKQBlKCkAZkgByQxnSA
484=HdCmhIAd0KaSgpAGooKQBrSAHZBmxIAZ8gAABtSAHZBm4oKQBvKCkAcEgBmycAAHFIAdF3
485=ckgBgyUAAHNIAcUIdCgpAHUoKQB2SAHBD3dIAckieEgBzxAXAEjCCAAYKCkAGSgpABpIAc
486=UIG0gBwQ8cSAHdBh1JASStAR5JASipAR9IAYcBAQAgSQGTbAF1hkhAg0wBdYZIXH6JASNA
487=BCfXEEgAklECAHWGSESSTwEDACZABEEBAElOJygpACgoKQApSQGvfFd3hkgAqqkBK1QCYo
488=gFBFWGSE55AABNiS1UAmKIAwRWhkgAdIZVAi9UAmgBRYwwSQEzew0IADFIAZ8KCAAySAGf
489=CggAM0gBfANBZzQoKQA1SAGAJXaGSACDJQgAN1QCzQU4SAHBBDlIAZdlCAA6SAHBBDtIAZ
490=AfdIbYMnaGSADNiT5BBIVzBQgAP0gBlDl3hkgAg7UCQVQCgzsIAEJIAXACURRDKCkAREgB
491=hEp2hkgA3ZlGVALZBkdIAdkGSEkBjm8BCABJSAFkAVEJSkkBj28BCABLSAFkAVUCTEkBrn
492=QudYZIUJNNNQhUhqkBBXeGSACsYwQEAFBNBaipAVFIAZAqdIbHHgQAU1QCnwoEAFRIAYgi
493=dYZITNFcAneGSACMRAFVRFdABIgtdIbABHSGzyYCAFrjBAIAW0gBJ9UQSLAJd4ZIAI5wCX
494=SGzBB0hicpAGBYBrwDVIbfCgAAYlUChbkCYygpAGRIAYcpAABlSAG+AwBmSAHJDGdIAdUC
495=aCgpAGkoKQBqKCkAa0gBmxwAAGxIAZgcdIYnZQJuVALRCW8oKQBwKCkAcUgBmz0AAHJJAY
496=qxBXNIAaYBAHQoKQB1KCkAdkgB3RV3SAHNBXhIAdEJeUgB2RwYUEPBBBkoKQAaSAHJFxtI
497=AZtTAAAcSAGZXgBFe0nWBgAeVALBiB9JASC9AiAoKQAhSAHZiiJIAYuFAQAj6AEiriFJAC
498=WBISVUAiWBISZIAY8JBAAnSAGMaCKuIUkAnzYEAClUAskBKkgBkGEiriFJAJAUd4ZJAKyl
499=VS1BBKSpAS5JAaqpAS9IAXSGAQUEADBIAXSGTYkxyAFNiTJJAVdwEHeGSQCyeQYIT45JAJ
500=G1AjVABJQjd4ZJAIi1AjdVAoWpAThIAYQ/IqwhzCZ0hicpADtABGgFVXA8SAGYHHSGJzEB
501=PlUCimQEdIYn2QBAVQKMtQJBSAHBBEJIAXACUQlDKCkARCgpAEUoKQBGSAGdQQhYydEqCE
502=FDSfWRSUAE1RhKSAHJDEtIAckMTEkBsakiTUkBQngCdYZJV5cAAAF2hkkAgAR2hkkAlMgi
503=rCHUGHeGSQCwZAh1hknhv1RQCWwJXcVVSAGMfneGSQCQeAIiriFJAJgRdYZJp4ECAFlMBY
504=kiAlWGSaS4dIbABCKsIcgBdYZJKNQQ2BF0hicpAGBQCXANTQBhSAGcCnSG1yMAAGNUAoc/
505=AABkKCkAZUgBjSYAVIbPEAAAZ1QCQAlpAGgoKQBpKCkAaigpAGtIAZgcdIbYHHSGJ2UCbk
506=AEZAlNAG8oKQBwKCkAcSgpAHIoKQBzKCkAdCgpAHUoKQB2SAHBD3dIAd2DeEgBRA1pAHlI
507=Ad0gekgBwwQZAEpwA20AGkgBxQgbSAGYXnSGJ4EAHVQCYAVNAB4oKQAfKCkAICgpACFIAY
508=uFAAAi6AF1hkpMj1wHdIbIASKuIUoAk9oEACZMBVgDXNdWhkoAnBV1hkq0WnWGSqhDIqwh
509=xBN0hicpACxFCK+tUi1JAampAS5IAd0KL0gBhIF0hifZADFUAmCIAQUEADJJAVZwBXSGwA
510=R0hicpADVBBJKhBDZIAWQBRXY3SAGfFQgAOEgBmCd0hifZADpUAt2DO0kBiXwGIqwhwBp0
511=hietAD5ABHwDXQo/SAHZBkBIAYNnCABBSAHBBEIoKQBDKCkAREgB2QZFSAGbPQgARkgB2Q
512=ZHSAHdFUhIAZBhIqwhJzkCSlQCzQVLKCkATEkBj3gCIq8hSgBYqQFOVAIjEz4IAE/IAUGI
513=UEgBfANFgVFJAU5vAQgAUkkBRakBU8gBTQVUSQGysTVVSQEmYAR1hkpE1EwBdYZKSEmJAV
514=hABJiKdYZKuYoCVYZKuIp1hkq4inSGyAF3hkoAkkAISQBeRAhYAGkAXygpAGAoKQBhSAGU
515=I3SG1E90hicpAGRABIwmIqwhJ1UAZlQChD90htc5AABoVAJoDU0AaSgpAGooKQBrKCkAbC
516=gpAG0oKQBuSAGXOQAAb0kBhUQJSQBwSAGAOyKEMie1AXJUAlADaQBzKCkAdCgpAHUoKQB2
517=KCkAd0gB2X94SAHJDHlIAdkcekgBh+QAAHtIAcMPGgBLZA1tABtIAcUIHEgBgFwiriFLAM
518=0FHlQCYAVNAB8oKQAgSQGuZz8AACFJAYipASLJAQF2hksAdQICdIapAQN1hkv9gyZMBZQN
519=Iq0hS+mFKFQCiBd0hlgGVA5BUSpUAowbdYZLJjEiLFQCxQgtSAElBSIuSAF0BlkGLygpAD
520=BJAbBzFAQAMUkBpqkBMkgBIrgzRXYzSAGABHeGSwCqYAQiXEPAJSKsIScpADdNBZBsDHSG
521=yBd0hsQTIq8hSwCKoQQ7TAVkAUkMPEgBmFN0ht8rCAA+VALBBD9IAYxdIoQyJ7UBQVQCwQ
522=RCSQGRbwEIAENIAZAfIlxDJw0CRVQCmD11hksmsTJHKFUASEgBnCt1hku0siJcQye1AUtA
523=BGQMXRVMSAHZHE1IAZwrIq0hS+GIT1QCIzNNCABQyAEBAQgAUUkBUWgId4ZLALKlKVNUAm
524=CIAQQIAFTJAQUihjJLAJtIBABWVAKPlAQAV0gBiIUirSFLsIJ0htAUdYZLSM1PDAEAW0wF
525=I7RDdIbMBXSGzAUihDInKQBfTAVQBmkAYEgBzXNhSAGMJnSGyE50htAqIqwhJykAZUwFmC
526=cirCEnVQBnVQKFdAp0htcuAABpVAKPJgAAakgBvgMAaygpAGwoKQBtSAHZEW5IAckMb0gB
527=xRNwSQGGqQhxSAGmAQByKCkAcygpAHQoKQB1KCkAdigpAHcoKQB4SAGPUgAAeUgByQx6SA
528=HJDHtIAZNAAAB8SAHTghsATN4DABwoKQAdSAHNBR5IAdEfH0kBrHNAAAAgSQGpqQEhSAF9
529=gwQirSFMiIUBBQAAI1UCiWMEAwAkyQEBd4ZMAI58DSKsIcAPdYZM7YkoTAWIF3SGJ4EAKl
530=UCjLkGK0gBwQQsSAFwAl2DLSgpAC5IAYdrBAAvSAGYHCKsIScxATFVArFkEyKtIUxQiCNl
531=RDNUAmGIA3WGTEBXRAt3hkwArmwFdYZMJAwuIlxD0Al0hsgXdYZM9XA6UAldBwBJbztIAZ
532=xBIq0hTLCjdIYnKQA+QAScKyKEMiddAUBUAoxoIqwhJ1UAQlQC3QpDKCkAREkBjngCIlxD
533=J60ARlQCcAJNEEcoKQBISAGAO3SGUDVkBHWGTCTYNyJcQycFAUxNBbCxH01JAaqpAU5IAS
534=MsMiKvIUwArLUCUFUCqKkBUUkBpqkBUkgB1RhTSAElaVVUyQEBdYZMJo0zVlQClBh1hkyo
535=hXSGyAF1hkzphVpMBcmFW0gBI7tUAABcSAGUAnSG1Bh0hicpAF9ABIwxIjRU0zUAAGFUAn
536=ggTQBiKCkAY0kBkEgCSQBkSAHdeGUoKQBmKCkAZ0kBikAFSQBoSAFYAGkAaSgpAGooKQBr
537=KCkAbEgB2RFtSAHJDG5JAYZ8ByKsISfpAnBUApQjIqwhJ1UAclQCqgUAc0gB0Ql0SQGJuQ
538=J1KCkAdkgByZt3KCkAeEgBwQ95SAHBD3pIAaIIAHsoKQB8SQGSuwIcAE2gASKAIScpAB5U
539=Ap1BAFs3TQCpcEBohSeBACFABN0GIkgBdYYJaoVNAGqFAgRIhc8FBAAlQASAMGiFQAR8Bm
540=mFTaxoIlgyJykAKUwFjBsiWDInVQArVQKIuQYsSAHFgS1IAXACVYYuKCkAL0gB1Q0wSAHN
541=BTFIAc0FMkkBrmMaBAAzSAFohQEFBAA0SAElsTI1SQGvYARrhU0ApqkBN1QChAhphU0krC
542=xphU0mtUM6QQSFZwQIADtIAZwVaIXUGGuFTQCGoQQ+QARkAUl6PygpAEBIAYgXaYVNJLAn
543=IghUxCkigyFNAJF8BiKAISfhAUVZBom1AkZIAcmQR0gBcAJJDEgoKQBJKCkASigpAEtJAb
544=K5HExJAVJ8BiJbMk0AOKkBTlQCIlQ3UQlPSQGxrQVQSAHBiFFIAdUCUkkBjrkGU0kBrq0F
545=VEgBdIYBBAgAVckBBSKDIU0AkmwFaYVNTE1MAWiFyAFqhU0AIwszAQBaWQYiXQMAIoAh1A
546=JphU0kNDNohcAlaIUnKQBfWQaMeAZohcAwaIUngQBiQAS+AwBjKCkAZEgB2QZlSAHFa2ZI
547=AYg4IlgyJwUBaFQCxQhpKCkAaigpAGsoKQBsSAHdCm1IAZdEAABuSAHJDG9JAYW1CXBIAd
548=WRcUgBsgIAcigpAHNJAY65AnRIAaYBAHUoKQB2SAHVDXdIAckMeCgpAHlIAckMekgBxQh7
549=KCgAAh0ATgCwazgAAB5JAaWpAR9IAc0FICgpACEoKQAiSQFPZwQEACPIAVHEJEgBcAJFdi
550=UoKQAmKCkAJ0gBnBVxgk79gylUAogXcYJOrGgi1TFOjAlRCSxABNkGLUgBzX4uSAGEBCL8
551=ICetADBUAslOMUgBwQQySAGMfnOCTgCmeBxzgk4AMmQEIv0gTiYpITZNBa1gBCL8INwKcI
552=InKQA5QAR0BlVlOkgBlQ0IUYJOkAJVAjxVApBwAXGCTiZZMj5UAnACQQQ/KCkAQCgpAEFI
553=AdEJQkgBzQVDKCkARCgpAEUoKQBGKCkARygoAAlIAE4ArAEAAAAIAEkRAAAZEAAgCABOAK
554=gBAAAACABKSwGqAQBpAUtJATtEAVUCTMgBAQEEAE1JAThUAkkBTkkBM0gBAQIEAE/IAQED
555=CABQSAFgBFkGUUkBV0AESQFSSQGOqQFTSQGtqQxUSQFAtQJVyAFdClZJAa5jBAQAV0kBH2
556=MEAwBYSQEmawECAFlJASKpAVpIAZcCAQBbSAGXAgEAXEgBlwIAAF1IAZcCAABeSAF0Bk0A
557=X0kBkFwASQBgSQGDXABJAGFJAYVcAEkAYkkBi1wASQBjSAFYAGkAZEgB2QZlSQGIbwIAAG
558=ZJAYqpAWdIAaYBAGgoKQBpKCkAaigpAGtJAY2xBWxIAcUIbUgBsgIAbkkBjK0Bb0gBwQRw
559=SAGyAgBxKCkAcigpAHNJAY6lBHRIAaYBAHUoKQB2SAHdCndIAdUYeEkBhrEFeUgBpgEAek
560=kBk60BHlU8sXsyAAAfSAGyAgAgKCkAIUkBTFgCSTgiSQFPSAFJQyNJAa57BgQAJEgBUAIC
561=AAAEACUoKQAmKCkAJ0gBhxMEAChIAYcTBAApSAGHNAQAKkgB1QIrSAGTNQQALEgBwQQtSA
562=GDJQQALkkBJ3sNAwAvSQEgqQEwSQEoqQExSQGPawEEADJIAWQBRRMzSAGbHAQANEkBMlgC
563=QRo1SQExSAFJWTZJAa9jGggAN0kBqqkBOEgBfANBBDkoKQA6KCkAOygpADwoKQA9KCkAPi
564=gpAD8oKQBAKCkAQSgpAEIoKQBDKCkARCgpAEUoKQBGKCkARygpAEhIAZscCABJSQFSbBd6
565=f08A0XdLVAJ4f0k4TEkBsHgceX9PqYUEQkNPAJAfen9PAGaBBQRYf6QITSZRWQZUvQpSSQ
566=GSqQFTSQGtcwkIAFRIAXh/AQIIAFXIAQEDBABWSAGEE3l/T0xNXAZ7f08Aj0YBAANYf9cC
567=AgBaTAWVAgJYf9QCeH/NBQFYf9QCeH9kUmoIAF9YBoMBAABgSAGLTgAAYUkBirkCYkgBpg
568=EAYygpAGQoKQBlKCkAZigpAGcoKQBoKCkAaSgpAGooKQBrSQGOrQxsSAGmAQBtSQGRrQFu
569=SAHZEW9IAbICAHAoKQBxSAGTHwAAckgBwQRzSAHBGnRJAYm5AnUoKQB2SAHdCndIAb4DAH
570=hIAdkReUoB//+dAh9cOYEBAEJ9UAB0e11BIVQCaAFRNSJJAax3OQQAI0kBoqkBJEkBpqkB
571=JUgBhwgEACZJAY1vAQQAJ0kBhqkBKEgBZAFJbylIAZREYX1QkAJVAitVApBwAWJ9UACLFw
572=QALVQC1XsuSQEjYARgfdsGAwAwVQIdtQIxSAHdCjJIAXACXQozKCkANEkBsr0VNUgBYH0B
573=AgQANsgBUdo3SAHF2ThIAYcICAA5SQGAWAYBAQcAOsgBAQIHADtIAZONBwA8KCkAPSgpAD
574=4oKQA/KCkAQCgpAEEoKQBCKCkAQ0kBgVQNAQAHAETIAUEPRUgB2RFGSQGwYwQIAEdJAaqp
575=AUhJATlkBGF9UE4WAABNc0pUAmB9SQFLSQGubQUEXDvYJ2B9JykATkAEYAhNJk9IAYgMY3
576=1QAKa5BlFUAmB9AQEIAFJIAYMECABTSQGpYARjfVAAQmgIYH2oAUEPVkAEyThXSAHJOFhJ
577=AZJsBWF9ULh/Yn1QAJQCYH3UAmB91AJgfdQCYH3JFwBAfScpAGD8CmB9J1UAYlQCcA1NAG
578=MoKQBkKCkAZSgpAGYoKQBnKCkAaCgpAGkoKQBqSAHdeGtIAY/WAABsSAElVSFtSAFQDmkA
579=bigpAG8oKQBwKCkAcUgBkB9gfSfpAnNVAo5/BwAAdEgBpAFc/CeBAHYoVQB3KCkAeEgB0w
580=kgAFFUrUMHBAAhSAHdeCJJAad8Nmp6UQDJASRUApQ5bvdRAIwba3pRAINACElDJ0AEyQEo
581=SQGHtQIpSAFkAUEEKkgB2T0rSAGJZANO91EAyQEtVALRQC5IAYibaXpRgAhBvzBUAidID9
582=QCbfdRpcMETNAnVQA0TAWfBgQANUkBsqEaNkgBdHtB1TdIAXD7QfY4SAF8eEF9OckBBGp6
583=UQB2AgUGSHrRFAZIeicpAD1MBYsXBgA+KCkAPygpAEAoKQBBKCkAQigpAENIAWp6AwZKel
584=EAaAFBD0XUAgEFCABGSQE2eBhpelFGkgAAUWxIVAJoek2USUgB3TZKSQGouRxLSQGiqQFM
585=SAGEgWh6J6EETlQCeApZMk8oKQBQSQGtuQZRSAHVI1JJATVwBWl6UVQpjRBUVQI9dQIET/
586=dRAK65BlZUAiW9LldIAZs9AgBYSAGAJSLpLlFAxVwGaXpRXMBIASLoLtQCaHrIOGl6Ubh/
587=aHrUAmh6JykAYFwKXAdpAGEoKQBiKCkAYygpAGRJAY1nBQAAZUgBmFMi6C4nMQFnVAK+Aw
588=BoKCkAaSgpAGooKQBrKCkAbCgpAG0oKQBuSAHVDW9IAdUNcEgByQxxKCkAckgBzQVzSQGK
589=pQR0SAGkAUh6J5ECdihVAHdIAdX0IVmusaEwIkgBmAZwdyNQJyK1LSRUAphpcHcnVQAmVQ
590=KMcAV/8VIAiKkBKFUChqkBKUgBZAFVRCpIAcE7K0gBkAlwd9EJA17xUgCXGAMALkAEhIFy
591=d1IAkB9+8VIAJ/AO2AZzd1IAkGwMc3dSAIWpATRECMkBNUgBhAh98VL9TDdUAnhTVcg4SA
592=F6dAYETdtShnYHBFzxqgEIBVJ3UgCVTwVQdycpAD1YBtUCPigpAD8oKQBAKCkAQSgpAEIo
593=KQBDSAFmdgYFUXdSkHdBD0XWAggEUXdShnYCBFzxqAEBAwQASEEEsLE1SUgBzapKSAFsH0
594=ktS0gB1TlMSAHVAk1IAdE1TkkBh3gCIuAtJyUFUFQC2QZRSAHVI1JIAXB3TRBTyAFNEFRJ
595=AaytEFVIAc0QVkgBzTxX6AFxd1L5dFlUAo8mAQBaSAGMtXB3zBBwd8wFIt09UqB9cHfABH
596=B3JykAYEQIcBhNAGEoKQBiKCkAY0kBkVQDSQBkSQGDXABJAGUoKQBmSAGfIAAAZ0gBUANp
597=AGgoKQBpKCkAaigpAGsoKQBsKCkAbSgpAG5JAYxrCQAAb0kBhqkBcEgBpgEAcUgBjF1+8V
598=IAwQRzVALBBHQoKQB1KCkAdkgBx3YiAFOoBXh0JykAJFUCkHwCe3RTAImpASZUAogMeHQn
599=rQAoVQKSoQQpSAFkAU1HKkgByTgrSAGUGHl0U6RreXRToPZ4dCcpAC9MBYgMe3RTACR3CQ
600=MAMVQCmz0DADJIASXVPDNIAZwKIn08U/WGNVQChAh7dFMAr7FLN1UCpKkBOEkBpqkBOUgB
601=ZXYKeXRThnYLBFl0U7l0BFh0JykAPUwFjRAETOwnVQA/KFUAQCgpAEEoKQBCKCkAQ0gBen
602=QJBFl0U5h0QQ9FVQKwuRFGSQGoqQFHSQGqqQFISQGPfyAEAElIAWQBXStKKCkASygpAEwo
603=KQBNSAHVI05IAZBWeXRTuKAi2CwnCQdRQATNEFJIAc0QU0gBzSZUSQGpuRFVSAEjHEYifT
604=xTu+IDAFdUApg9eHTXAgEAWVQCnBV5dFOzdwAAW1QChykAAFxIAZB3eHTYEXh0JykAX0AE
605=hAgifDwnVQBhKFUAYigpAGMoKQBkSAGQH2zs0Ett7FPpZGdABN0KaCgpAGkoKQBqKCkAay
606=gpAGwoKQBtSAHJb25IAZwreHQntQFwVAKJxwBYdCdVAHJVAoqlD3NIAaYBAHQoKQB1SAHM
607=cwEjAFQAyS0kSAGMBWByIoQzUAEi0ytUAI5EAV1BJyiBACgoKQApSAEj6yMDACpIAYstAw
608=ArSQGQeAZhclT1cC1UApQYYXJUuGl85ieBADBABJScYHLMEGFyVPXpM0AExYE0SAFkDEUT
609=NUgBlA1hclT1TzdVAq+lSjhJAaepATlJAaqpATpIAcUIO0gB3SA8SAHVAj1IAZSyYXJU7Z
610=Q/VQKJZwQEAEAoKQBBKCkAQigpAENJAYutBURJAbKhD0VIAYA7feZUuJV85icpAEhBBIi5
611=BklJAYepAUpIAWQBRR5LKCkATEgB0QlNSAGcKyLAStAqYXJUrFJgctMqBABRTQWPdQkERL
612=UnVQBTVQKxsRRUSAHBBFVIAc08VkgBzTxXSAEnQQ5UuHRgctAJYHLUAmBy1AJgcicpAF1E
613=CGgQTQBeKCkAXygpAGAoKQBhSQGRQAVJAGJIAYMwAABjSAHFYGRIAZAfYHLQS2By3CB85s
614=tDAABoTAVACWkAaSgpAGooKQBrSAGQKiIcO9syAABtVALJDG4oKQBvKCkAcEgBnDZgctQu
615=fOYnxQNzQAR0Dk0AdEgB13AkAFUmkTklSAGAGmlvVaBnbeFV9UQoQATdQSlIAYAwam9VAJ
616=A1aW9VVAtIAGlvVSTAKW3hVSQ0SWhvJ4EAL0QIkJhs4dQNam9VAJBWaW9V5eQzTAXZ4jRI
617=AUAMIrUtNSgpADZIAdVwN0gBhzQEADgoKQA5KCkAOkgBiAxt4VW5tgNN4VW74gMAPUAEhb
618=gDTOEnVQA/KFUAQCgpAEEoKQBCSAHRFENIAdEUREgBj0cEAEVIAYQ0aW9VqJBpb1XpZEhA
619=BNkGSUgBzZ9KSAHVAksoKQBMSAGYJyK8OdgnaG8nKQBPQASARmhvJwkHUShVAFJIAcElUy
620=gpAFRJAYp4DSK9OVWnawMAVlQCcQIAbOHUAm7hVQAj+Gdqb1UAI/hnaG/UAmhv1AJob8Q/
621=buFVAJSRbOEnVQBf6Axs4SdVAGEoVQBiKCkAY0gBkx8AAGRJAYaKEwBlSAGmAQBmSAHBBG
622=dIAZwgaG/TSwAAaVQCzQVqKCkAa0gBmEhob8QpaG8nKQBuQATRCW9IAcEPcEgB0QlxSAHB
623=D3JIAZdlAABzSAHdbSVMKYgMcWxWKJANJykAKEAEwTApSAEnkQ1W+WkrVAKcCnFsVrwOcG
624=wnKQAuQASYAn7bVgCYEXFsVrxMcGwnrQAyTAXRdzNIASVFKjRIAcVgNSgpADZIAcFcN0gB
625=iAxxbFbtaDlUAtkGOigpADtIAdm2PEgBmAZwbCcNAj4oVQA/SAHZEUBIAc0FQSgpAEJIAd
626=EUQ0gB1Q1EKCkARUgB0RRGSAGECHBs2CciXThW9elJQATJLUpIAc0FSygpAExIAdE1TUgB
627=0XdOSAGQQHzbJ90GUChUACK0T4hDfNvbHAQAU0AEyQxUSAHR2lVIAdUjVkgB0R9XSAGEa3
628=FsVqRrIlFHVv1tWkAE3W1bSAGMBXNsVgCFaOhwbKgBVQFeQATdbV9IAYwQcGzEEyKcVicp
629=AGIogQBjSAGMR3Bs2Bx821wKqQhmQAScIHzb0EtwbCcxAWlABI+fAABqSAGTVgAAa0gBog
630=gAbEgByQxtSAHRCW4oKQBvKCkAcEkBhb0GcUgBjDF921atywBFI1eoZG3WV7QCIn1zV/tT
631=KQBXJKg8bNYjlWEAXZkrVAKMEHlpV6jdeGknKQAuQASAD3lpV7i2eGknKQAxQASAqWzWJ1
632=UAM1QCmMwIAwA0AFcAAAAAAAARAACEEAAgBQMANQBXAAAAQAAEAwA2AFcAJEQBAQADADdJ
633=ASCpAThJASOpATlJASdrAQIAOkkBKKkBO0gBZAFZBjwoKQA9SQGRewIDAD5JAYmpAT9JAY
634=OpAUBJAYepAUFIAWQBRQhCKCkAQygpAEQoKQBFSAHRFEZIAdEURygpAEgoKQBJKCkASkgB
635=nxUDAEtIAZcNBABMKCkATSgpAE5JAZBnBAQAT0gBnxUEAFAoKQBRKCkAUkgBlxgEAFNIAX
636=QGAQAEAFRJAR9vAQMAVUgBZAFNG1ZJAYxtAQNCAVcAmwYDAFhRASZ3AgIAWUkBIqkBWkgB
637=lwIBAFtJAR53AgEAXEgBBYUBAAADAQBdyAEBBAAAXsgBAQUAAF9IAWgFTQBgSQGyTAVJAW
638=FIAVgAaQBiSAGbMgAAY0gBjxsAAGQoKQBlKCkAZigpAGcoKQBoSAGLFwAAaUgBcApNAGpI
639=AY8bAABrSQGFSAJJAGxIAckMbSgpAG5JAYhUA0kAb0gBwQRwSQGKSAJJAHFKAf//QwEAAC
640=dcI4MBBAAoSAHRKilJAY97AgMAKkgBZAFdKytIAY8QAwAsSAGfCgMALUgBlw0DAC5IAYsM
641=AwAvSAHJWTBIAZtIAgAxKCkAMigpADMoKQA0KCkANSgpADYoKQA3KCkAOCgpADlJASN0FG
642=FnWLNsAgA7VALBDzwoKQA9KCkAPkgBk1YCAD9IAY9SAwBASAHVGEFIAdUYQkgB0QlDKCkA
643=RCgpAEVIAdEJRkgBk0ADAEdIAc1zSEgBnzYDAElIAY88AwBKSAHdbUtIAYkMA0FnWFwxRx
644=oDAE1UAkEBAFleTigpAE9IAYwxYmdYAI8xBABRVAKPMQQAUkgBlBhhZ1iACEUIVFQCmF5i
645=Z1gAk2EDAFZUAtEfV0kBhnQFYGfZBgNCZ1gAmwYCAFpABJVlAkJnWADJAVxUAmJnBgJDZ1
646=gAhn1iA0BnqgEBBENnWABGfwoEAGBMBWgBTQRhSAHNaGJIAXwDTQBjSAGMG2BnzxsAAGVU
647=Ao8bAABmSAGHHgAAZygpAGhIAYgXYGfLFwAAalQCjBtgZycxAWxUAtEJbUgBgyUAAG5IAV
648=wPaQBvSQGOYwEAAHBIAdVlKEQhkwIDAClIAYAEaWRZkAKKZFkAiBdqZFkAmBFoZCeBAC5Y
649=BsVKL0gB0VYwSAGcbWhkzwUCADJUAoMLAgAzSQGTbwECADRIAYUIAU7LWQCBRgFNy1mhRg
650=FOy1kAl08CADhMBZdPAgA5SQGLpQg6SAHFCDtIAcUIPCgpAD1IAYlZAU3LWflpP1QCjQUC
651=SGTDDwIAQVQC1RhCSQGNqQxDSAGPXQIAREgBj10CAEVIAY1dAkxBJwUBR1QClw0CAEhIAZ
652=A1amRZAIQ0aWRZ8blLQARkDEktTEkBHWwBaGTPJgQATlQCcAJNXU9IAYwxaGTMMWhkJ60A
653=UkAEzQVTKCkAVCgpAFVIAcWiVkgBjAVsyyeNB1hUAowba2RZACFlBANJZFm9YgNIZCcpAF
654=xMBWpkCQNIZFgRWV8CamRZAIRgaWRZRE1ICGlkWVAliQFhWQZFRAFZBWJIAYwFbstZAIAl
655=amRZAN1XZUAESAVpAGZIAZAfaGTHKQAAaFQCjFJoZNwgaGQnKQBrQASXWgAAbEgBZAlNAG
656=0oKQBuKCkAb0kBklQDSQApTB6IAXFhWkACSwADACtUAowQcWFaKDAMJ4EALkAEnSsCXsVa
657=AM1HMFQClHtyYVoA2UgyVAKILXFhWlzWSQwBUmFaAJRPcmFaAIxocWFasFZxYVrpZDhECJ
658=1XAVBhJ1UAOlQCxQg7SAGfYgAAPEgBj1IAAD1IAZBWcGEn2QA/VALRCUBIAY0FAVFhWulv
659=QlQCn1cCAEMoKQBESAGQNXBh3CByYVoA1XtHQASUDXBh1Q0CXcVatXsCXcVapD8ioSVa/W
660=JM+AZwYc0FA1BhyAwioSVaoJNwYcwxcGEngQBSRAhIKnnMUygpAFQoKQBVSAGMwH3FWunH
661=V1QCgFF9xVqgUXJhWgDNc1pABI0bBFBhJ7UBXFQC1Q1dKCkAXigpAF9JAbBMXl14YEkBpq
662=kBYUgBcGEBBAQAYskBBXBh3ApwYScpAGVABJmgAFzFxB5wYSeBAGhABJhTcGHEKXBhJ4EA
663=ayiBAGxIAZenAABtSAGIF37FWgDFwypUG5QNeV5bvPF5XlvpIi1ABJgGIpokWwAn2Qtbuz
664=ICADBABCfYC8QIbcBboGd4XtgGeV5bjQkAeF7ECHpeWwCQFHleW6lkAE3AW6VgAFheJykA
665=OlUNIK0IO0gBhGB5XlugZ3heJ60APkAEzQU/SAGNXQBMwMwFeF7PBQEAQkAEjQUBWF4nVQ
666=BEKFUARSgpAEZIAZMJAQBHSAHZf0hIAcF9SUgB0WFKSAGPBQIAS0gB0Y1MSAGQGHhe2BF5
667=Xlu3ZQMAT0EEkGQEeF7EKXhe2CcimiRbACMkLCKYJKkBASJ8MSeBAFVECGAIQVFWSAHFYF
668=dIASPoI3leW/W9WVUCJXAFbMAnBQFbVAJwAkUIXEgBmRwETcBbs3cEAF5UAsEEXygpAGBJ
669=AbH5XltY6EgEeF6oAUEDY0EEslwAXQJkSAFYAGkAZSgpAGZIAcFcZ0gBgKlswNBLeF4nKQ
670=BqKIEAa0gBjJRswNQYeF5UI4QlX7pcAJJsDWFcXGEBAF7xLQAnKQAuSAEngQtcKIELXLxi
671=fbpcsPthXFyoZGFcXLxiYFzQCWJcXACI0mBcJ1UAN+gMYVxcpO9hXFyvMQAAOkAEqhMAOy
672=gpADwoKQA9SQGwuSc+SQGqqQE/SAGITmFcXOFnQVQClU8AQFwnDQJDVAKVOQFVM1y1OQFc
673=9ieBAEZABJigYVxcuLZ8uicdBElABM1dSkgBgA9hXFy/VwIATFQClKdgXNwKYVxc+atPQA
674=SYHGBc2DJgXMwFYVxcgVwCYFypAQNgXCeBAFUoBQFWKCkAVygpAFgoKQBZKCkAWigpAFso
675=KQBcSAGITmBc2BxgXNQjIpAjJ+EBYEwFyRdhSQGuYDBhXFxUKVvQBABjVQJERARJvGRIAY
676=AEIhwwxAh8utAqfLrUDWBcJykAaVkGg0QISQBqSQGKXABJAGtIAVgAaQBsSAHFuCxIcmgC
677=iVldhAFJAS5UAicpC10oKQtd9bIxQASQBWhZ2AZpWV0oKQtdJGQjaVldrF1oWcwFbLXMBW
678=lZXaA7aFkngQA6SQxMTAxBkztJAUhIAU2JPMgBVQI9SAF44lUCPsgBUSk/SQGyXABZBUBI
679=AZtIAABBSAGcTGlZXb1MAE21XbhTaVldrHNpWV31Wkb4BmhZ2wYBAEhVApBdCwAiiSJd9X
680=tKVALVWktIAZQNaFnbBgIATVQCI6gmaVldpM5stcMEAwBQQAR4CkEaUSgpAFJIAWSQVf9T
681=yQEFa1ldAL9QBV0gVVUCwkgBWQZWyAFVAldIAXACVQJYKCkAWSgpAFooKQBbSAGJegRAQ8
682=AaaFknKQBeQASESmhZ1CMivC7TNQQAYUEErXQuaVldVORID2hZqAFBA2TgBGhZ2AZoWScp
683=AGdABIxoaFnAD2y1zEciiCInrQBrTAXdVy1cyIfvAgAuSAGE+iJdLV4o0QpeKNEKXlgSSA
684=BxVl4kpyABADP4Bn2vXvGuNVQCJVUsNkgBiwwAADdIAYgMcFbQCXFWXkqWAABRjTpABHJW
685=AwRcr8MEBAA8VAJYDlp7AD1IAYt6BAA+SAF8V0E7P8gBTX5ASAGABHFWXiSALHFWXqBGcV
686=Ze/VdETAWcCnBWxx4BAEZUAiVBJEdIAYBRcFbbBgEASVQC3VdKSQGDaAh9r14kHCVxVl6g
687=cnBW3ApxVl68YnBW2BFxVl6/xQMAUVAJn8UDAFJIAXgKVU9TSAFkVVUjVMgBAQMEAFVIAX
688=BWVQJWyAFVAldJAQJURV1XWEgBxQhZSAGDZwQAWkgB1QJbSAGUGHFWXrB3cVZeoHJ8rycp
689=AF9NBYN8BnBW1BhyVl4AJ9MKXgBAQARZEWNMBWkBAyJfLV4Ar1gRQQNlVAIjOC5wVsA7fK
690=/UI3BW3ExwVieBAGpYBsdVLgBfXAhIAHlTXyh5Cl8oeQpf7VIyTAWcTHtTXwCNVQYAeFPM
691=BW2qX6etAAA2TAV8A00AN0kBrL0VOEgB3RU5SQFWVANNMTpJAbBgBHtTXwCkqQE8VQKoqQ
692=E9SQGpqQE+SAF80FkGP8gBQQNASAHJIkFIAckMQkgBxa1DSAGV/wBB2l8kXDh4UyfpAkZA
693=BHQRQRpHSQGPbAF5U1+gXHlTX6NcAQBKQQSSYAR4Uyf5BExUAogMeFPEKXhTyAx4U8wFeV
694=NfrGh5U1+0WnhTwAQieCDcK22qX6BceFMngQBWVA1sUgEDBABXyAEBBAQAWEkBkWcTBABZ
695=SQGGqQFaSAFkAU0mWygpAFwoKQBdSQGQZAR5U1/xVl9VAoi1AmBIAdEJYUkBsUguUQliSA
696=EjbE9uql8AdIZVAmRUAmgBTQRlSAGMBXhTyBd4U9QjeVNfsPB5U18m/zYvAGCg4CIhNmCg
697=BCKdKmAk31MBADJBBCJkE2BRzAVhUWCwVmFRYCghCmCoLX2kYOFnOEUIpUQUUQg5SQEyXA
698=BJFzpJAVepATtJAa1gBH2kYKFGBF2kYO0xPkAEh6IEAD9IAWxSQTBAyAFJpkFJAa9kCH+k
699=YACqqQFDVAKMn2FRYKVKAEgnJxUDRkEEiWwQcPvQH2FRYG0CAFlTSUAEhAhgUccIAQBLVA
700=KEBH2kYKRKYFHcCmFRYKiQYFHUGGFRYCS8LmJRYAAlwTRS8AlhUWCwgmBRxAhgUccIBABW
701=TQUCTRsGYlFgAGkBB2BRqQEIYFEnBQFaTQWHdBQi/EHAGnykJykAXUAEfANNMV4oKQBfKC
702=kAYEkBjmQEfKQn2QBiVAJwAlkGY0kBrlgRSQFkSAFgUVkyZcgBWTJmSQGyYARhUWAk7DRh
703=UWD3TzAAYY0JAGhOJykAMlQCI7w5a05hACJoBGlOYaQIaU5hKMgJ2AZrTmEAj2wFavNhAN
704=FhOVAJaE5ZEDpJATFgBG+fYQCvSAJJFzxUAoBGaE7IDGrzYQDNUj9ABMlvQEkBSqUIQUgB
705=IjRfRQhCyAFdCUNIAcUeREgBjEdrTmEAIHkGAEjzJykAR0AEk+UAAEhIAZSnbJ/AGmlOYb
706=BLaE7UAmlOYbykaU5ht1oCAE5ECJiKa05hAIp0DWhOxAhoTtQjImg00AlpTmG4f2lOYbBW
707=aU5htHtoTietAFdJDAJNHApqTmEAaQELaE4nBQFaQQSGYA9oTifZAFxUAnACQSVdKCkAXi
708=gpAF8oKQBgSQGMcAVpTmH5f2JUAnACRQhjSAGDOwQAZEgBZIFVAmXIAVETZkgBjAVpTmH/
709=TDEAYrACItwnJykAM1QCI4wzcEvUAnFLYihwCdQCcUtiJGAocEsnVQA5RAiEYCLePWIAcE
710=sBAgAAO1QCaAFdxTxJATRoD3NLYgCwRBRdFT5VAqepAT9JAaipAUBJAaapAUFIAclOQkgB
711=ZGtZBkPIAU0EREgB3UxFSAFkDE0ARkgBm0gAAEdIAdVPSEgB3UxJSAGABHFLYrhIcUtiu1
712=MBAExABIdVAQBNSQEsUgoAAVFLYv1MT1QCJblfUEgB0ZhRSAEKjAAAAAAEAFIAYgCHABEA
713=AO4PCx8FAAAABABTAGJcAEgABAQAVABiAIxEAVUCVUkBg6kBVkkBh6kBV0gBBQIBAAANBA
714=BYyAEBDgQAWUkBxUAEAQEEAFpIAcUIW0gB2QZcSAFcA3UNXSgpAF4oKQBfKCkAYEgBxQhh
715=SAHNEGJIAdEJY0gB0QlkSQGuWBFdFWVJAURYAgEEBABmyAEFBQAAMgBjACBUAgEAAQAzSQ
716=EjqQE0SQEnawEAADVIAZcCAAA2SQGNtQI3SQGGqQE4SAGmAQA5SQGvdw0AADpJAaapATtJ
717=ATFEBFUNPEkBNEgBAQIAAD3IAQEDBAA+SQFXVAJRFD9JAZOpAUBJAatnCAQAQUkBqKkBQk
718=kBqqkBQ0kBRUwFQRpEyAFJDEVIAYceAABGSAFcA2kAR0kBj2MBAABISQEkqQFJSQEoqQFK
719=SAGDDwEAS0gB0R9MSAHBBE1JAR1vBQEATusBAgBP6wEDAFBIAXwDVRhRSAHFNFJJAYZ7Ag
720=QAU0gBZAFBBFRIAcEEVUkBg3sCBABWSAHNBVdIAXACTQVYSAFtRwJ6SGMAaQEDeUhj4VFb
721=QATZBlxIAdkGXSgpAF4oKQBfKCkAYEkBkHMFBABhSQGDqQFiKCkAY0gBxUpkSQGttS5lSQ
722=FYrwUzAGSvRwAANEgB1UQ1SQGNYARiRmQAnwoAADdVAoi1AjhIAZ0KAEFGZKwCY0ZkAK9r
723=DAAAO0EEqKkBPEkBpqkBPUgBbEdNPD5IAWRKVSM/SQGwYwQEAEBJAampAUFJAVJnCwQAQk
724=kBOKkBQ0kBPWsBAABESAGbBgAARUgBmAZgRic5AkdUAoQ0YkZkAN0VSVQCzUdKSQEgsQlL
725=SAHRH0xIAZdEAABN6AFiRmQAlAJgRsgBYEbXDQQAUU0FkHMJBABSSAGMJmNGZACFtQJUVQ
726=KIqQFVSAHBBFYoKQBXSAGQFH+OZAALvSBZVAJoAZ6OZADJDFtUAsUIXEkBi70KXUgBZAFR
727=Kl4oKQBfKCkAYCgpAGFIAZUjBEaJZADFE2NVAoZpCARDAWQAsa8QNABlbAJtADVIAYwQa0
728=NlAIpsAmhDJ4EAOCiBADlIAYAaaEMngQA7VAK2BgA8SAHBRj1JAaZ1DQBOiWUAaENFjD9U
729=AmkBA2pDZQDRQEFUAtFAQkgBdAJFB0NJAbJcAE0LREgBWABpAEUoKQBGSAHVWkdJAYN4A2
730=lDZeFcSVQChykAAEpIAbwDTIkn6QJMVQKIqQxNyQEBakNlAHUCAmhDqQEDaEPYBmhDJykA
731=UlgGmCdrQ2UAhmwMaNIngQBVQATZMlZIAZMUBABXSAHNBVhJAbK5BlnIAYhDJwUBW1UCjq
732=EEXEgBZAFdQV1JAY9vAQQAXkgBZAFVAl8oKQBgKCkAYUgBxQhiSAHNBWNJAZJtAQRBymZg
733=AW0ANkTRfABNADcoKQA4KCkAOUkBkFQDSQA6SAHdQTtIAUQCaQA8KCkAPUkBr70rPkkBpq
734=kBP0gBcEBVhkBIAdk9QUkBrKEEQkkBqqkBQ0gBcApNAEQoKQBFKCkARkkBjFQDSQBHSAGc
735=K3FAZq8xAABJVAJQA2kASigpAEtJAbKpDExIAXk9BH2DZoQ/RRNOVQKJYQQDQspmAGkBAX
736=NAZgCRaAlxQGaokHyD2CdxQGbtwFRECMmFVUgBwXJWSAGQFHBA0BR+g2YAcECAyqkBA2HK
737=ZozLXUFbWAabHAQAXEgB3QpdSQGDuRFeSAGPMQQAX0gBcAJdQWAoKQBhSAEnEAgnvwI2AG
738=eIBVEAN0kBj1wASQA4SAFYAGkAOSgpADpIAYwQecFnsR8ATH4nBQE9QARsBk0APkkBr3sn
739=AAA/SQGoqQFAKCkAQUgBybxCSAFIBmkAQygpAEQoKQBFKCkARkgBzRBHSAGQH3k9Zyi4By
740=c5AkpABHAKTQBLKCkATEkBrrkRTUgBZD8BCQAATkgBbDxBME9IAYtDBABQSAFUByIJKFFJ
741=AY5sAXg9yAx5PWfluFRBBIahBFVIAWQBQTBWSAGUZXg90BR4PScFAVlABCL8IEEPWsgBAQ
742=MEAFtIAZgceT1nv5kEAF1VAoNgC21+Z6y1eD0nMQFgQAR8A0EPYUkBkm0BBF38aLEUAEGu
743=aLjXfPwnKwA6AGioDGE7aOUpPFQCYAhNAD0oKQA+KCkAPygpAEAoKQBBKCkAQigpAEMoKQ
744=BEKCkARUgBxbhGSQGISA1JAEdIAZgcYDsnZQJJVAKAXHG5aFgEiQBLVAKDAQAATEgByU5N
745=SQGmrTxOSQEyZQQEXXhoQK9MAWM7aACuYAR8eNQjYTtotFpgO8gMc7loAI5UBlEqVVAJZA
746=FJAVYoKQBXSAHBBFhIAcEEWUgBfPxNBVrIAZx4J7UBXFQCmBxgO9QuYDsn4QFfQATRCWAo
747=KwA4AGn1OTlIAc0mOkgBkAlpOGkoCQdpgAhRAD1ABFgAaQA+KCkAPygpAEBJAY97AwAAQU
748=gBpgEAQigpAEMoKQBESAGYoCKoJie1AUZUAtkGR0gBnFdpOGnxS0lUAtEUSkgB1TlLSAHZ
749=BkwoKQBNSQGtZDRuc2kAaDhVAU9UAmjHUSpQSQGvSAJJAVFIAZzFaDjUI2k4aaxdaDjPEA
750=QAVUwFgA8ibC/UI21zae08WEAEmBEibS9plLJJDFpUAmC0iDgn2QBcVAKYHGg43CBoOCeB
751=AF9ABNMJOQBqhAFRADpIAZCCcTVq9SM8VAKEEyIgNietAD5UAkgGaQA/KCkAQEgBxQhBSA
752=HZBkJIAWAFTQBDKCkARCgpAEVIAZwVIl0tarcjAABHVALZMkgoKQBJKCkASigpAEtIAdUN
753=TEgBRA1pAE1IAYwxcjVqAMlvT1QCcjUCAEGpaiMJKAN9bWr1cFJABHgHXStTSAGAGnA1yC
754=JwNScpAFZABNXeV0gBmF5iqWoAI4QncTVqkDWAqagBVQ1bTQX4TAxdNlxIAckMXUkBilQC
755=QQ9eSAFkAUsBOgBrhAFRADtIAcElPEkBg0gCSQA9SAHRHz5IAUQCaQA/KCkAQCgpAEFIAZ
756=UNAE1oa+ktQ1UCiXAGIrgzJ1UARVQCyQxGKCkARygpAEhIAYQeIjkja+FGSlQC2QZLKCkA
757=TEgB0RRNSAGwDV7bawDZaU8oVQBQSAFkNAEFAABRSQFWcAVvaGsArqVrU1QCcAJVI1RIAY
758=AaeDLMEG9oawCGZARsaNgneDInKQBZWAZ8A0UIWkgBbTEDfttrAGkBBHzbqQEFbGgn2wA7
759=AGz1nDxJAYOKCAA9SAHdID5IAdkcP0gBvgMAQCgpAEEoKQBCSQGOpQRDSAGmAQBESAHNPE
760=VIAckMRigpAEdIAYwbcZhs1gYASVQC2QZKSAHZBktIAcUTTCgpAE1IAdEUTkgByWRPSQGq
761=fCt8YiddAVFUAmwxQSVSSAGMBXKYbACMBXxizAVgMNQjYzBsAIpsE2AwJ4EAWEQIcAJRCV
762=koKQBaKCkAW0gBYTAHYTBsjDEECAQAPABtACPQIGmQbYAIUQA+KFUAP0gBRAJpAEAoKQBB
763=KCkAQkgBl0QAAENIASetC23xVkVUAs0mRigpAEdIAZQYaC0n4QFJVALRCUpIAc0xS0gBYB
764=BNAEwoKQBNSAHNPE5IAVADaQBPKCkAUEkBsrUuUUgBaC1Bk1LJAQNqLW0AIiwyTSZUVQIz
765=fAdrLW0AsHgGay1tAKqpAVdBBJOhBFhIAWQBWQZZKCkAWigpAFsoKwA9AG6IBVEAPigpAD
766=9JAY1IAkkAQEkBh1wASQBBSAFYAGkAQigpAEMoKQBESQGQeANx8G79K0ZUAsElR0gBvgMA
767=SCgpAEkoKQBKSAHNJktIAc0FTCgpAE1JAZK5Ak5IAaYBAE8oKQBQKCkAUUkBsncjAABSSA
768=F8K1mKU0gBcCpBA1RIAXAqVS5VyAFVLlZIASWhUVdJAa5ABUUpWEkBj3gNfLrMJiI8NCcr
769=AD4Ab3gDbQA/SAHdIEBIAdEfQUgBdANNAEIoKQBDKCkARCgpAEVIAcUIRkkBg0wGSQBHSQ
770=GFXABJAEgoKQBJSAHVWkpIAdUNS0gBXARpAEwoKQBNKCkATigpAE8oKQBQKCkAUUgBhB55
771=J2+rTgAAU1UCpGsiAABUSQGmqQFVSAFkKV0rVkkBU3gOeX9vqLx+r28AgBp5J2/n5D8AcG
772=QFbQBASAHRmEFIAdkcQkgB1U9DSAFgBU0ARCgpAEUoKQBGSAHFCEdIAc0mSEkBhkwGSQBJ
773=SAFYAGkASkkBjmMBAABLSAGmAQBMKCkATSgpAE4oKQBPSAHJIlBIAdkGUUgB0QlSSAHVAl
774=NJAa+1I1RJAaWpAVVIAcEEVkgBYSUBYSVwKKAEyCIiPUpxrCYi/Stx+mlCACcpAENIAdUj
775=REgB3QpFKCkARkgBlC4iSSVxJAROfJknKQBJQAQn7whxAIqpCEtUAqQBSSJxxgEATShVAE
776=4oKQBPSAHRH1BIAdEFUUgBzTFSSAHRFFNIAcEEVEgB1SNVSQGmtSNWSAEiXC1dbVdJAbF0
777=AiJhX3L/IEIAcvUYQ0gBzTxESAHJDEVIAckMRigpAEcoKQBIKCkASSgpAEooKQBLKCkATC
778=gpAE0oKQBOKCkAT0gB3StQSQGFpQ9RSAHFE1IoKQBTSAHRFFRIAaoFAFVIAZscAABWSAFw
779=H1MeQgBz3ANN1nPxH0RVAoi9AkVIAdEJRkgBsgIARygpAEgoKQBJKCkASigpAEsoKQBMKC
780=kATUgBwb9OSAHJDE9IAckMUEgBwTtRSAEnmQNz+VNTVQKGsQVUSAGkAVgcKUEDdNMCAEQA
781=JykARUkBkr0CRkgBpAFAGieBAEhVApG5AklIAcktSigpAEtIAclZTCgpAE1IAc0mTkgB3R
782=VPSAHFCFBIAdUCUSgpAFIoKQBTSAEnQAMnOwJEAHWwEWjdJykARlUCsFw3SQNHSQGoqQFI
783=SQGqqQFJSQGQVANJAEpJAYpcAEkAS0gBWABpAEwoKQBNKCkATkgB2QZPSQGIZAUiqSZ18W
784=FRKFUAUigpAFNIAcsMRQB2sAYinDUnKQBHKFUASCgpAElJAbC9FUpJAaipAUsoKQBMSQGm
785=tQJNSAHBC04oKQBPKCkAUCgpAFEoKQBSKCsARgB3XDxNCARYAKgBRaJIVAIi2G5FgUnIAU
786=EOSkkBIUgFSQBLSQEeXABJAExIAc2JTUgB3RVOKCkAT0kBqlgHTQVQSAFYAGkAUSgrAEcA
787=eGQCIlVNSEkBrm8FBABJSAFsEAEEBABKyAFd20tIAZEFAVOjeABObQEEUaN4UARNAQRHAn
788=gARkQBSRdPTAVoAV0JUEkBslwAQAMCSAB5ALFoAWoMeQAlnWxKVQJHVANZBkvIAV0gTEkB
789=UbUCTUgBxRNOSAHZBk9JAUqjBEkAemABdRhKSAGJOARe23oAiSIEXBUnKQBNQQSnrRBOSA
790=GUI3kce+YISwAnKQBMKCkATSgrAEsAfOwFCEwAfAAAAAAAAAQAEQAA

[Lighting]
Red=1.000000
Blue=1.000000
Green=1.000000
Level=0.000000
Ground=0.000000
IonRed=1.000000
Ambient=1.000000
IonBlue=1.000000
IonGreen=1.000000
IonLevel=0.000000
IonGround=0.000000
IonAmbient=1.000000
DominatorRed=0.850000
DominatorBlue=0.300000
DominatorGreen=0.200000
DominatorLevel=0.000000
DominatorGround=0.000000
DominatorAmbient=1.500000
DominatorAmbientChangeRate=0.009000

[Map]
Size=0,0,50,75
Theater=TEMPERATE
LocalSize=1,4,48,67

[Neutral]
IQ=0
Edge=North
Color=Grey
Allies=Neutral
Country=Neutral
Credits=0
NodeCount=0
TechLevel=1
PercentBuilt=0
PlayerControl=no

[Nod]
IQ=0
Edge=North
Color=Gold
Allies=Nod
Country=Nod
Credits=0
NodeCount=0
TechLevel=1
PercentBuilt=0
PlayerControl=no

[OverlayDataPack]
1=KAAAIP43GACCBgb+/QEAgwcICP/8ATgYhgQGBwAIB//6ATwaNAL/xQE6HIDrAAAg/jMAAI
2=MEAAb+AwAHhAAKCgf+9QEAiAcGAAcKCAAH/gMACIEG/vMBAIQECAgAAAOBBwAGggAI//QB
3=PAAz+YMGCAr/+AE5AoMICgAD+IMKCwoIA4EA//MBPwaBBAn//gMACIEK/gUACAgO//QBQA
4=aBCwv9OAb/9QFACoEGBfoR/RoCDgv/9AFABIEHwDQAgQYGCAgP//cBPgQD/oEACAXANQL/
5=9AFEEBoF/gMAB8I5BIMICAT/9gFDCiQICgqBCv/1AT0C/gQABwP9gQYcCv72AQAqASID/v
6=gBAMI5Cv/2ATwAPAgL/v+8AUYagFAAACD+QAAAggQG/tINAIIEBP7+AQCCCAj+/AEAhAYI
7=Cgr/+wFBAIQHCgsL//sBFRIh/4EH//wDFxSBC//6ARUQgQYR///7ARUUgQgR///uARQYgJ
8=MAACD+CwAAgwYICv4DAAuBCP74AQCBBxH+gwsLB//+ARMAggoG/vYBAIEGMf//+QEQAEIA
9=//gBEARWAP/5AREAQgH/+AERAlIB//sBDwoiAYEK//wBDwz/BgILEP/5ARAIQgH//QEPDg
10=IB/1UAEBKCBAf/qAESFP9WABAYgQf/qgEPEv9VABEawAgI//4BaRr/mAENEoCFAQAg/hQA
11=AIQHCgoG/lEAAIUICwsKB/6nAQCDBgcE/1IAxAGBCv+rAWoA/iIAAMoXAuIXAgQB/8sBbA
12=KBA/4MAAqBCeIUBIEI/8sBagKBBv4DAAdj9oIGBv4mAACBB//IAWwGiQYHCAoKCAYABgID
13=gQRADP/qAUYEBcmCCgAAA4MACAgBzBvYgwoICOJHCoEH/gQAC//BAXEKgQYR8IcKCgcHCA
14=oA/gMAB4YICggABwASC+JIAv/DAXAMAfj+AwAKgQgABYUIBwcAABIA/gMACOF0DhYBgwsL
15=CP9SABcC/24BxgwD/oEKAgYT+jANgggIAg3gSAwiAP/CAXEKwBQABgKBCwP4Bfn+BAAKgQ
16=cb3N90EiYA/8QBcAgGAiXyIf06DIILC99zFBos5EYK/6EBlxIb+xoHBgY6EN50EMJqBgYy
17=/8QBdQKBCAIAgQYEAcBECAgBA9aBB99yFh3+/1MAFgD/dwG+EIMEAARRzIEG4Ega/68BZg
18=DhEg7+CgAKgQzjERL/lAFtHIAwAAAg/jgAAIEB1iwA/hYAAIYGCgsLCgf++gEAgQf//gFq
19=AIQABAgI//wBbAISAv6VGQCAuAAAIP5GCACCBgT+/QEAgwcKCP/+AUkIhAsKCAf/8gFHCI
20=IEBiX8hwgKCggICgv/8gFHCoUGCAgHBwH6Ff4GAyIO//EBVwqJCgoLCgAGAAcA//QBRgoE
21=AoEAFf6CCAoGBYIKCP/zAUcI/gQACAIDFAYCAf/yAUsMhAgKAAcD/4QACAoHIAT/8QFOEo
22=IHCBH5A/uFBgAICwr/8gFLEIMABwciAIEIAAb/9QFNGgwGA/7+BAAIgQv/swFNGIA/AAAg
23=/kMAAIsECAoIAAgKAAoKB/73AQCBB/4EAAiCCgj/+AFNABIBgwAICP/6AUwCAgGDBwAE/v
24=wBAIIEBP63FwCABQAAIP4AIACABQAAIP4AIACABQAAIP4AIACABQAAIP4AIACABQAAIP4A
25=IACABQAAIP4AIACABQAAIP4AIACABQAAIP4AIACABQAAIP4AIACABQAAIP4AIACABQAAIP
26=4AIACABQAAIP4AIACABQAAIP4AIACABQAAIP4AIACABQAAIP4AIACABQAAIP4AIACABQAA
27=IP4AIACABQAAIP4AIACABQAAIP4AIACABQAAIP4AIACABQAAIP4AIACABQAAIP4AIACABQ
28=AAIP4AIACABQAAIP4AIACA

[OverlayPack]
1=IAAAIP43GP+CcHD//wE6Fv/9ATcYEf7/+wE4GhH6/8gBNhqAhQAAIP4zAP+CcP/+BABwEA
2=X+9QH/Qfv+BQBw//UBPwAR/CADEAX/9QE/AlP///gBOwID+2QI//cBQAT+CgBw//YBPgB4
3=Bv/4AT0CIfr//AE+DEX///oBOwLEMgD/+QFCEEQAOA7/+QFEDP/8AT8QxjIC/vcB/zX6//
4=gBOgB4B/76Af//wAFBHIAuAAAg/kAA/4JwcP7SDf//AAJAAP/+ARQO/gUAcP//ARgQ//oB
5=FhL/AwYRFP/tAxQYgGEAACD+CwD//gcAcP74Af/+CABw//8BEwD/9wERAv//AQkE/wECBw
6=b/AAIKAFIB/vsB//8AAgsM/wgGCg7+/QH//1cADxb/qgEQFv9WABAY/6sBDxb/VQBnGv+s
7=AQ4U/+0BEhyAyAAAIP4UAP/+BABw/lEA//4FAHD+pwH//1kAFQD/qAFtAP4iAP+BAtYsBP
8=/mAVEC/g4AAudGBP/HAW8E/gUAHnAN/+8BQwL+BwAeIflQDP/qAUgIyTgKYgDiRwr/xgFq
9=Bv4LAB5ADIH/MhDlTAz/wgFzDFQERALLNgj/4QFSDsg5DskzCuBKEP/HAWoGyDYOZgLhSR
10=L/yQFqBss0EFQH/+4BSwjKMQ7hRhD/ywFrBmfyZgH/7AFKFmYCcg7/0AFFAP9SABcG/5cB
11=axqAKgAAIP44AP+BAtYsAP4WAP/+BgBw/voB////AWkAIgD+/gH///8BawT+lxf/gGEAAC
12=D+Rgj/gnBw//8BSQb//QFHCP4HAHD/9wFVBv4JAHD/+AFTCiH7//0BRw6B/yAC//MBRwoh
13=/P4LAHD/9gFSCv/+AUEOYgP/9QFECmQAKAL/9gFMFDYAQAb//gFOFP6xAf+ALQAAIP5DAP
14=/+BABwAAUQCP73Af/+CABw/vkB///9AUgAUgH+/AH///0BSgT+vBX/gAUAACD+ACD/gAUA
15=ACD+ACD/gAUAACD+ACD/gAUAACD+ACD/gAUAACD+ACD/gAUAACD+ACD/gAUAACD+ACD/gA
16=UAACD+ACD/gAUAACD+ACD/gAUAACD+ACD/gAUAACD+ACD/gAUAACD+ACD/gAUAACD+ACD/
17=gAUAACD+ACD/gAUAACD+ACD/gAUAACD+ACD/gAUAACD+ACD/gAUAACD+ACD/gAUAACD+AC
18=D/gAUAACD+ACD/gAUAACD+ACD/gAUAACD+ACD/gAUAACD+ACD/gAUAACD+ACD/gA==

[Russians]
IQ=0
Edge=North
Color=DarkRed
Allies=Russians
Country=Russians
Credits=0
NodeCount=0
TechLevel=1
PercentBuilt=0
PlayerControl=no

[Special]
IQ=0
Edge=North
Color=Grey
Allies=Special
Country=Special
Credits=0
NodeCount=0
TechLevel=1
PercentBuilt=0
PlayerControl=no

[SpecialFlags]
Inert=no
FogOfWar=no
IonStorms=no
MCVDeploy=no
Meteorites=no
Visceroids=yes
FixedAlliance=no
TiberiumGrows=yes
InitialVeteran=no
HarvesterImmune=no
TiberiumSpreads=yes
TiberiumExplosive=no
DestroyableBridges=yes

[Tags]

[Terrain]
9051=TREE01
10051=TREE06
10052=TREE12
10054=TREE07
13046=TREE11
14045=TREE06
14047=TREE06
14048=TREE08
14061=TREE02
15046=TREE12
16047=TREE06
16062=TREE07
16064=TREE05
17064=TREE10
21059=TIBTRE02
27049=TREE06
28049=TREE07
28051=TREE02
29049=TREE08
29050=TREE01
30051=TREE08
31026=TREE01
31027=TREE12
31052=TREE11
32026=TREE01
32027=TREE11
32080=TREE10
33025=TREE03
33027=TREE04
33079=TREE07
34078=TREE10
34082=TREE10
37019=TREE03
37020=TREE02
37021=TREE02
38019=TREE12
38021=TREE04
40078=TREE03
40079=TREE01
40080=TREE06
41055=TREE12
41056=TREE03
41079=TREE05
42054=TREE06
43055=TREE08
43090=TREE11
44056=TREE03
44088=TREE05
44089=TREE05
46035=TREE03
46036=TREE05
46089=TREE12
46090=TREE12
47093=TREE03
48037=TREE08
48091=TREE03
49005=TREE02
49036=TREE06
49038=TREE02
51036=TREE02
52005=TREE12
52006=TREE01
52007=TREE02
52012=TIBTRE01
52076=TREE02
52077=TREE10
54007=TREE12
54057=TREE07
54078=TREE08
55055=TREE10
55078=TREE03
55079=TREE02
56057=TREE07
56058=TREE04
56059=TREE08
57057=TREE06
57101=TREE08
57103=TREE04
58102=TREE10
59102=TREE07
60084=TREE04
60091=TREE04
61084=TREE07
61085=TREE12
62084=TREE10
62090=TREE06
62091=TREE11
62092=TREE12
63077=TREE03
64077=TREE12
64078=TREE06
66078=TREE11
67020=TREE10
67021=TREE11
69044=TREE01
70023=TREE11
70044=TREE01
70045=TREE04
71023=TREE10
71050=TREE05
71112=TIBTRE02
72050=TREE11
73027=TREE12
73042=TREE08
73119=TREE02
74027=TREE07
74028=TREE12
74043=TREE05
74046=TREE07
74119=TREE10
75029=TREE02
75046=TREE11
75121=TREE02
76078=TREE12
76118=TREE07
77082=TREE01
78082=TREE01
79082=TREE02
80077=TREE06
81052=TREE01
81077=TREE11
81078=TREE12
82038=TREE11
82052=TREE02
82053=TREE06
82075=TREE04
82079=TREE11
83053=TREE07
83077=TREE10
83078=TREE06
84052=TREE07
84053=TREE03
84054=TREE06
85038=TREE03
85039=TREE06
85040=TREE05
86039=TREE05
86040=TREE03
90102=TREE05
90104=TREE01
91102=TREE07
92095=TREE08
92101=TREE11
92103=TREE07
93064=TREE11
93094=TREE01
94065=TREE06
94095=TREE03
95065=TREE06
95066=TREE07
95096=TREE08
96060=TREE02
96097=TREE07
96098=TREE10
97061=TREE05
97062=TREE06
99058=TREE08
99064=TREE10
100059=TREE02
101058=TREE04
102061=TREE06
103083=TREE05
104082=TREE08
105085=TREE04
106084=TREE10
107083=TREE12
108071=TIBTRE03
108086=TREE03
114080=TREE05
114081=TREE08
114082=TREE11
115081=TREE07
115082=TREE01
116080=TREE04
121073=TREE02
123075=TREE05
123076=TREE11
123077=TREE01

[Units]

[Waypoints]
0=54023
1=74101
98=124062
99=123062

[YuriCountry]
IQ=0
Edge=North
Color=DarkRed
Allies=YuriCountry
Country=YuriCountry
Credits=0
NodeCount=0
TechLevel=1
PercentBuilt=0
PlayerControl=no



[Digest]
1=97J52xIuPiiv4OfLiDAn5KGnk7k=

