; Map created with FinalAlert 2(tm) Mission Editor
; Get it at http://www.westwood.com
; note that all comments were truncated

[Header]
Width=65
Height=35
StartX=223
StartY=40
Waypoint1=281,63
Waypoint2=230,44
Waypoint3=0,0
Waypoint4=0,0
Waypoint5=0,0
Waypoint6=0,0
Waypoint7=0,0
Waypoint8=0,0
NumberStartingPoints=2

[AircraftTypes]

[VehicleTypes]


[Preview]
Size=0,0,140,40

[PreviewPack]
1=phEAIAaiqFCjp1Cjp1BAAUoAo6d4AUABSAAgMCwAA4+XRIeRPFgKUAtIAEABSABAAUgAQA
2=FIAEABSABAAUgAQAEqvAADualUrp5NvAJIA0ABSABAAUgAQAFIAAakgEV8WjN/XTJMAVAC
3=SABAAUgAQAEnHAFAAQOAiDGCiDBYEFwCA5SbRoSOOawBSANAAVwFQAEnjABMAQODjDSQlj
4=5cAlwFSABAAUsAiXU5JywAQAEABr6uYNy4a8mxYti3c3SBY09WW0JFWUFDWFQAawBEWUGI
5=AEwBUwJBQ1lAAagATAGFAlhgAUwESAN0AFgB7Ae+CERZVAxIAEgPSABAAUgAQAFIAEABSA
6=BAAUgAQAFIAEABSABAAUgAQAFIAEABSABAAUgAQAFIAEABSABAAUgAQAFIAEABA52lT4GL
7=N0AiSB4DipA6nqZLvAIGjJc+mqNJt65aTARIAFACSwCwrFi0Jyq8AAO1l0q8oUtQJqQpUA
8=Uw1AYDs4VAY1gzSANQCEgAQAEn3AFYLkgAVDNIAEABSABAAUgAQAFIAEABSABAAUgAQAFI
9=AEABSABAAUgAQBZICUAKSAAJe3U6onxIo35Fs5JIUAK0M0A0Cdy4eH+SbV1qX1ZfXWUyQ9
10=wssC/EMir/BURZQkkARZw1fAJ4AVw1cAL8AngBgARADUgPSABAAUgAQAFIAEABSABAAS30
11=BFACSABcAkgAQAFIAEABSABAAUgAQAFIAEABSABAAWgACKBQn5dLnJFHqaZPSB4Gj5dBe4
12=QxjZY8QARAMVALQDdAAQOMlT+Ql0BAN1wCKlcFfYgvUAVIACpcACeUB7Q2SANhDad8gAaf
13=oVSujElqVjBQAkgAvAJQDkgAXA5ULUwQSABAAUgAQAFIAEABSABAAUgAQAFIAEABSABAAU
14=gAQAFIAEABSGlACkA0A3JmNFpDLE8B+voALQgACdm8hHN+Y3F+ZVReXFAyK3QGQGSULVwC
15=JxQGoARAMUgAUAJkO5QzK1wAfGh8OEQOSACkGkABSACsAQapp1jmvnO8sFxYAVACSABAAU
16=gAQAFIAEMBl55EQAFIAEwBSABAAUgAQAFIAEABSABAAQmmmkmxnEycpFGWnEZQMkQspCZY
17=YVBlJxcGrJ5PWGRIOUwEWCJIAEQjSABHOJqgS0ANSAlAB0gAVC23NqOgUFs0pZhGQGqsB0
18=wEBaiVTHlWL3tgLsQTQApIAEAKSABAAbwIrAFYAUABSABAAUgAQAFIAEATvBdYDScsAFwL
19=UGi8Ai2ABic4AAXOs3lZZF5DR2ArRi9AQ2CdaDN0LcSYVDBIA2gAgDd0M3E4WqQCaAZ4AV
20=SlkQhFYJ1ID0gASA9IAEABSABAAUgAQwHnu25AAUgATwGkp1VAAUgATAFQJkABSABMAUgA
21=QAFIAEABSABAAUgAQAFIAEABSABAAUgAWCJANEBSrAEDjpY/j5U9tC2vBK2aSVdCybZmQA
22=1EI1glA4yUQYiSP1Q2VDBCPaWbfNFQCEgAvwiQjUa0n0wHUAhIAFALCaV8RIhqN2xeNGde
23=OFgBUAKsc0QvTAon7ABcEUgAQA28AkgDQAFIACtFBqh4c1AISwBxczpY0AOJbTqykEtInC
24=dQBiogAAnnvnPUtnXNtntWYF1cMswxVDNUmYxksAJ8AgJFWkJFWkABQDRQAkgAQAFAakgA
25=zAEnvABNB0N4NEAZWBBIAFxWrAFEI0ABWAFAAVwCTAFIAEABWAFAAUgATAFIAEABSABAAU
26=gAQAFIAEABSABAAUgAQAFIAEABtCRAmlguWLtYml8Cp5pMvAtIbEABWGpA0LxrpClMDVAF
27=A62jUKSZR0wBUAgnVAVABLQqSAZMAVgErApMDUgAUAsDo3Q+fV00WtN0dGQ1QAdIAKQyXA
28=VIALQ8UAhIAEgzSAA2dAZACrecSDYkTAEqUAavAea9cKABtAADvq99d4ZnuDRwYiq0BScs
29=ACp8DVQwKlwAJywb/AJQDmQanLk2LABAKEskn5lLQARIAC28AEgDUAJIAC1cAHoBoFBIXV
30=BcUJhUM7QhRDVQBVObopRMfgKVP1tkrp5NQChABCckBUwBJyQFUNonNBNcAkgASCpIAEAB
31=QCtQcUgATApIAHAOKS8DnG89UAJIALwCUAtIAEANTAdAB7wCWAEnLABYBFACSABAAUgAQA
32=ECf3M7d3gjLip8SKgwIAMUAEhpBnV8YEZLWD9CV3xiKkQGKiwA9DBYZ3xo5DVwnuwBVDxE
33=CEQRSABIEkgAQAFIAEABpDJfyI+ZRiHoJVACW16foE6nMv8AAKgAXAJIAFwFSABAAUgAQA
34=FIAEABSABAAUgAQAG8CCrMC0jJSAxTL5yRR1A1bgGZS1DLXAtYoCfUBlg0SABMXkA9XAhI
35=AEAKUKRILVgEQAEtdwa9uVSvBJSYQiEIIQWpn02rdUFvZSKoLLwCWAdABycsAEABSABQAk
36=gAQAFIAEABSAAKdWU2mXpEhmlAuYZCrSMIJ1ACVJwqgAZQGr9317VoKlwACOG8eHeEZlJa
37=XUlOQZpZUCxMmlws4AFRAlonRAa0M1QDSABsAUQ4UNFMN0ABVACENSdUAkABSABEEUgAA6
38=abTLOrWVPRralWUAK09ieUBLQzKhQATARIAEAHSABAAUgAQAFIAEgtUC+kL0wBrGFDK52h
39=SKxzTApAbVAdW52ej0lABKwBRDhMASS8J0xeJ7wMQJpAcAK0n0qiliKsKEANSABADUgAJ3
40=QGTwGOlEAnXwCRh0ohICEDpnZEcXQ4UAJIAEAESABAAUgAQAFIAEABSABAAUgAJ98ZqnI6
41=UAK8FFwCTAFIAEABSABQFEhvWENMgkMl5b9zWJ1IAEQ1CdCwb8iudGt6ZUFEV0AxKOQFlC
42=2M0CXkIEgDaADcAiXsLVg0UAJ0AJwCQAGwCEgPSABID0gAQAFIAEABSwDmvnMnLABAAUgA
43=UAJIAEABJ4AGUGtYAVACSABAAaT4TgGjoFHITFguUymkmUxAMVgxTAFMBEgAQARIzEwHJ7
44=8AjZg/vAJIA1SiSF1IOUcgwK9gvAJEkkwKMBwBXAUJqq9Tp6xVsa9Vra1TUAVIAFACXGhA
45=AUgATAFIAAN5Vi/HkURQYkCXUAIDsIJBv4pEXAIFblcurZpLp3Z0mQZqXjOfhkKebTa8zl
46=gEQARIAEABJ5wCVDNIeFARTIJcEQmvn0mqnEzHtWLFs2VIAEBqCcatc3mOaH6KaFliXlQt
47=bGeULUwBQC5UAKgAKiwAKGQTpAUnFAA+HA1AE1gTVGBAAUgATAFIAFxrrwG8r15Qa6wBXA
48=JBAZ0ylDpYB1hhUM5PBJSbRs5Plj4qvABYhUhsXNFMBFwCJzUEFCkAAFwCSABABEgAQAFI
49=AEABSAADp6xTurhWSDNMAVACSABAAUgAQAFDN5WYRC2kBlwCSABABEgAQwSTmT9ABEwBUA
50=JIAEABSABAAUgAQAFIAEABM1wDSEgnzAJYNCeMA0BqSABAagbRtX11gGVZZF60YFQwwQFF
51=KEQtcDVYMUgAsAJEMiS0IEQCTAFUACZkLkQFRBFIAEgSSABAAUgAQAFIAFh8rAEkpC1ANE
52=8uu6tdUAJIAEMEpZtNQAFIAEwBSABATFAXXF9QgESSJ8wLVDMnXABMZ0hjSKhcaFwFS2aI
53=kj+km68ygYs3VDasAS0UAEANSABADUgAQAFIAEABTDRAAUgATAFIAEABU565tllIAEgwSA
54=BUMEgAKkQGQARYBFAFSABABAOQlECgqE5MASq4AUAESABQAkgAXBRQrUiuSABMIkhpRLNM
55=FlQhzRyUaMO8aEA0WDQiEC4Et39xg2lDR/zRmC5g05AvJxwNRAJMAVQAXDhoAHw1JIxCjN
56=aM0yckAkABSABIEkgAXKqoAE8BybFlJywAQASkLFwCTAFIAEABSABAAUgAQAFIAEABrExU
57=/1BQtDBMAVQbrGREg1zRWARQBUsAg4w0UDJAzSqIBDAsAFAsXGJcBUAHSABAAUgAQAFALl
58=gxSGlMAbhqWAFMAUgAQARIAFQwSABYNEwBSKInXABAAVvWkJNASAAwuAGkAkwEQExYmkgA
59=UIBDT6KUTEh+UBpIAFRLTApciQOooU6toU5YhVQzSABYNEsA1LZ1IRAuWDREaKgAWGFUMC
60=r0E0QCgDRk1EABVANEArQAtDZQAkwHUAJFEb4mVFC4MTwUAFwFoAREFFQwrUyQhJi0MCRs
61=QVgEQARIAFQwSFGsuEwBSABQBVwCWB+sB1xurCIwFABQCCfkBUgtSAC0LVwCSABQCC0cDb
62=gBXAJIAEAESABAAUgAUGUnLABAAQOkqVGRkj85dAZEL1BKSEtcelAUtEhuZ5dLWOtf7KWY
63=RicMHVwCA7OrWcm1ZUjAVDNYNK9q1Ld/IaA0zNNcaCOoJkAuqACwLypEBm0BRCvcDWA6Iw
64=A7SxjcuGtEC0gASAxIAKgwPxUA5iOkSFQYTExAH1wIQDFIMFAaW4Kao0lbgqepU0BnUJtQ
65=AkgAXAJIAEABtDZMAVgfKmgGrBAqRABMASrkBVg0QC60k1BovA5ID0ABWAFQaKxqWAFQAk
66=gAQAGkMkgGTAFIAFACSABQCEQLMwgAWxaPmUYkND1IG0hISABAB0gAQAdIAEicJywAQAFI
67=AFACSABAAUgAQAFIAEAZSABQKazTA3F9ZFdiXVQwQGR0YyNUXKABlAAi2EekMmwELKcG4s
68=GBUD4G5L103L2A48KFKlwGSAwqOAAzLABIEkgASBJIAEABtBtEGkiBrNCkHawBRDJUM1A4
69=XGhIVEwBQDRXnOe7bjOsBFACTAq8aKQvtC1cXydQAFwOWKBTmLGvVUA0XAVIAFACSABAAU
70=gAQAFIAEQyJywAQAG8CFQ2SAwzCABMBEgAQAdY60i3J1QgTH8n/AJgBCPMUFSfUG54ASNk
71=Z0xqSyrXtWhANEwoSABAAQvPs3p7iGjAqXC/qW1NVSLQVUwxYGq405QAWAFQa0gAQAFIAE
72=ABA0xTWnmCZqQLDNKzeI+PaU9WXJuVaOS/eTM4BipQAFAOJzgAQBlQCCesFkABJzQQKlwA
73=TAFAHEC7RDVTU6mnWCH4IUQgM4gELVAAKhwNVC28ZUQyQAFYCkAQSABAAUgAQAFIAEABSA
74=BAAUgAQAEnRAZMAUgAUAJIAFwIrAEtrAEnOwC8sFxITrRIUJtMAVA1WDFMhVwXrAF+CI1G
75=vAhMAUABSABAAUgASDNIAEAlSABAAbglDN7AhuO8dtSycKqga0pQW1g0kGjc0QNRWlxuem
76=FcMlQzCU9WW4OHam51Yta6hEQIRAInpAAIeHlfTlVbhYVn48MrTA1LDOXAey2gDVACJwgA
77=TLIiaDkmxHBYNECCJEw0QAGkF0CISJxYZ1g0SGknNAQwIAC8BVwCQAEnyAxMAUgAWB9IZi
78=AGdAa8BUgGJ0QGTAFQAkgAQAFI20ABVAwzCABI7Vi4UkqdoSXEPUQ1QGqs7lwdTAFYB1wI
79=SABAAUgAQAFIACdMBEABJ3QGTAEqCABENQPhvnzVt3xMMQxMUlrXvYnavYV3gGXStHREmw
80=bPt4OGimfYvotYB0A0pAtEa0w6aAAjTC4JU1hdVFxceYdi5L94RAsMzbFywqtx3Lt82r+J
81=3MaUMPgGTASoAEQUQQqdI6w0VJxYGaSDXAJMAdYzl0BIn1gEUAItcARQAlAvQmSVmCvUYy
82=ocDUg2A7e4Vbm4VlgHXAVIAEABSABAAUgAQAFIAEABSABAAUkAjinPQaKoSyfsACdcAC0M
83=AlgBJ+wAXGVYgiQvJ6ihTkCaSLRAN1Fro5acpZhwaCe8AEABSABQDrQhPxQAWDFQKQbkwX
84=/jvnjiwoMnvABQAqwBQDRYNEAKJxwNuNl8NQACRVlKT1qamm7cu3vYuHmvoXFtfGNYBEgD
85=SGwG27+J2rl55b10vAgqFAAG4Lxwt6lYpZtNWDFIAFxlSABAAVhnSIRMAUg2SABQaF8Ora
86=NQIYgxWxy8r15IG7QzQDRMAUgAQARcXFACrAFYAUABSABAAUgAKtQGUAJIAAijp1Cjp1Ci
87=qFCiqBEAAM4RACANUKOnUKOnUI6UQKKoS7S1VVkBjm0BUEABSAACr7RUoqjMAUABSABTAh
88=QUFEABSABMAUgAAAmdpU+KkDqepku1l0qfl0uQjUatmkmppk+MlT+sBAObpEqkmUwnXABQ
89=AkgAQAdLAPr6ADMLAOW/czNcADZTAOW+c6wKtAADQkVZQUNYVADLAERZQkgAB0VZko5hdn
90=1eQENVA1lLA0FEWUgAQAEMd3ldwaltaXdhc31h4754KpQBDOa+c7mpVK6eTXuEMYCIMacd
91=t65aTAFLAIKIMEsAg4w0vAJHILyhS68QurhWQAFTKZCTQEArTAFIAEgeSABAAUgAQAFLAK
92=esU0cFra1TTAFQAkgAQAFIAEABqABMAbAIXAhIAC1EBgOPl0SHkTxMBCewAEwBBqyeT7Sf
93=SqKWR1QwQAQPfYgvjZY8kJdAsKxYp5pMn6BOTwSUm0a8F0M3nKRRSxiQlj5cAiocASosAE
94=wiWAFABEABIAYIAFM45r1wLbAAsAhIMEoAQUOcMkgzSABoNvgBbQFYVAO0M0A0JywACVll
95=Xk9WXHh5X3+DYCqkBgKmmkmvn2gAA6qcTI+VPUg2QDFYH7Q2pB1QIHYPoFBbNKWYRkwBSA
96=BEGgKdoUa9uTGcC0gDCaqvU6esVbGvVbm2WVAFSABQAkgAQAFIAEABSABAAQmkqVGRkj+U
97=mEKTmT9IAEABvAJIYwOBizeEjjlYK6REvAJQMlQ2WGRDBI+XQVAUTBMn1AZAN0wKSABQBU
98=gDTAesBEY4jZjMakgDQARIAEABSABAAUgAQAFIAEABSABDAde1aC3wBbgBMFAGvAJUAEAH
99=SABMB7QAZC/sZM0BQ1wySABEaNxrQG1YNEgAYAS0A5Q5RG4tpAa/QbywXFSEvFNEHSccCk
100=cgjJRBUB28UE8En5lLWDRQEUxkA7e4Vbm4VkwBQBNIAEABSAA21AZABEgAQARIAEABSABA
101=AUgAQAFIAEABQDRYNAKQlECgqGxhWCtIAEgtTHlABEgSSDZIAFARJ9QGJ2wCtDYnXAAnpA
102=lYCkwEvAhQO1MIjpY/SFFca0wKSABABEgAQAFIAEABSABAAUgAQAFELyAGCAC8BUgGoAFQ
103=aEgAVGNULagwQAGAMXybQAFIAFQDbDSIM1QDrAGdAlhYAUABSAAMW2de3Lt74cCB5cJ/4L
104=xwUJ5YNEQdVAxIAFgNUCNUIbxoRCNYH1hVA6KUTJyRR0BtrARYBEiZJywAQAFIAFACQDdA
105=AUgATAFIAEABSABAAUgAQAFIAEABSABAAUgAQAFIAESerGpEnkxwUDVINlwCQBC0mVRFSC
106=1IAEATTAFAB0gAQARYbVwUrARcFAapp1jJtmakp1WsGUCgS7ekmUdIM7wFSAZAAVhwQAdU
107=NkwBA5qgS5eeRLwCWAFAAUgAQAFIAEABSAA5pAYnjABAAUgAUAW0AFwsKnQGaDbsZFwCKU
108=QG9Db0A0gzTAcJQENYSlBacXtg37x7UGhIAEh4A8y2ZK2jULTqSLpADUhOSB5MWFkfo5Sc
109=QDRgbeT4LbwMQiuVmMQdSANInFjQXAhIAEQXSABAAUgAQAFIAEABSABAAUgAVDMnLABYoy
110=csAFg0SABENVAyQBADsZxMpZtNQC5URVgBVK5Y6EDQvAVIY0xnWHxISFwCWC6kSk8BqKFO
111=pKRMDVAFJywAXBpYAVACaQCgzB9QvFACSABQAkQ7QAFIAEwBSABENScsAEABSABQAkgAQA
112=FIAEABSACgAXQwri5FWVQzuC5UAHwCoGeI0kQCqAAnTA1UM0gAJwcHTlVbSGkDmZtn48OF
113=Jx4NiJJwtqxMQDRUGEA3SBVEIzl0BqQyUDInhAVY0FQVSABYFkgAQAFIAEABSABAAVAyU2
114=W0tVVAAVgBUAJIAEABSABAAUsAoqhLJxQVSJ8nXABAE1hqWEZAr1hJJ18AnKRRQDdbl56P
115=SVwUrGesAUsDj5lGKjwaWGdQCLwFTA1ABALAr2CtqWS2XAtYbVg9SAlYQEgMUHEq1AZcBV
116=AOSABAAUgAQAFIAEABSABAAUgAoAFUAFAvZDItpQZFlGZQAkgAjAFUM0QFqAAqLABENQlP
117=VluDh2pudWLbuXi8aEhpVBVAE7xTSBVYUlNQm6RKSBUDjJc+mqNJSA9YEFjQXJusZKwBVD
118=NcAkArWC6sBFgBQAFIAEABSABAAUgAQAFIAEEBkYRBKtwNvAJIA0ABSABAAVhnLYwnvHqk
119=R6wEWARMFrSfXAJQF0gVtyqdoUisBFRLQGpAN1DsKrQFQDFAHFC2UAIDvK9epptMvAVMCg
120=PJsWX/AABIAEwBUAJIcjwkFEwESABQBUgAoAF0MyNQJ2Ri+DFAMVgBVABIAHgxXAJIAIQ1
121=RDJoAIwBSAMJR0xYc3tfcXpj2L6LJ3cG5b5zSEhATFyzWBxLururXVxQSBi8Ai0EBEw0sB
122=FUEkBeUymdoUZIY0wBSABQ0VwCQARIAEABSABAAUgAQAFIAEABSABAAUxtSJlYZCSEIFAC
123=SABcAkgAKnwNJyQFWBNcX0h7UNG8XKSbUCxcAkgAvGtQCEgAUAhIACd0BkA0UAJIAFACSA
124=BgAba3lkdMAUgAUAJYhVgxSDMtCQClKRwrWARQBUgAQAFIAEABSABAAUgAQAFIAKABVABg
125=MScIBkWbRCI4J6w0hThYTAFYMYgA7QFEYKNEAglJT1m7pWzgwofkv3lMZ1g0SABDAbywXF
126=gcWGdATESJWO6kDlgNUAJAJaxqoGdQaFwCQARIAEABSABAAUgAQAFIAFg0SAA/pAZAMVg6
127=SABAB7SlWNlMAUgAUAhcaEABSABMAUhjUGhYE1QwSABQArSZJNQwJJwpWBZDaoyUQVi1TG
128=dABFgErAdAAUgATAFIAEhOWBlQBVQ8RFAnXABcBUA0XGVMDSqMBkRWrARIA2ABhDtIIUwB
129=J1wbTAFIAFALSACgAUzQSC2oY0ABmDEivC0ndAZkOEBtgGdsAUQ44DpsB4wBCZuVaNq7fd
130=vAi+HBhEM05r5zpBRUG1QMQCJAZ0Q1TAFLUaKUTEgAJ0QDsGhIA0gSSABAAUgAQAFIAEAB
131=SABAAUgAWDS8a0CgWKApLQBQKnQGsD60pbwCWGpQCCcsAFQqUy97hDFUM1g0SABAAUwTWK
132=8nbAJAalApWCtMXlAFJ4wAXAhIAFARSABAAUgAQAFIAEABSABDAZacRlOGybVlW53JsWJA
133=06wfSHVABEgATARIAEABSABAAUgAQA2sAVx6UNqsAVwCQAFIAEABqABkLyJ4ICPcOi0cDS
134=KQQWxnbAT0M3w4KSwARDUKUFdec3pimZtr4MSN+iYwREgMSABIDFQPSIpYu0zTVDNwuSYs
135=J0AESABMBFhkQAFIAEwBSABAAQOAVClxUy9MAVgrWAFAAVhtQAFIAEwBSABAAUgAQAFAoy
136=eMAFwIJzQHT2qkqVG0n0wEUAVIAFwFSABQX6wBUDVLMI2YP0DlWBNME2rSmUZY5UxhrAFA
137=TEwEQChQZUwHQAdIAEABSABAAUgAQAFIAEABWNZScZ+gIuAnSAZUP0wHQAdIA0AESABEQV
138=jTWDdMAVACNuwMSANABEgAoAGgLkgwSAAsLAAjzCAn+AxwOHxrRDJIbFAFSABcbglITVly
139=fWN5gmbTt34ndAYqIABUDEgAWA1QICfMCFgBUAJIAEABSABAAbSTtDAPgmMyfG41f3E3am
140=M1gXY5iWMxTAQAD31lNGZZL3RtM4FnNWlNLHZrNXRrNXZXLG1ZMH53OndYLkwEXAi8aLwI
141=QDdYNEgAXAJIAEAESABAAUgAQAFIAEiuWHlA0EwBRDK0SExnQARIAFACSABcAj8sDEAEUF
142=BQZVA4SDBYiEi9QKBMcFBBQAFcAid/Ddy4a0MEpptMUKpUVyoEB1AOSABQDkgAQAFIAEAB
143=qACULVBl/Gh4MSksAJSZ0KGMAWg5XGuMAQlHTFnBqnHauXnlvXQqaAYqLABUDFgNSABAAU
144=gAWDGsAUzEJywARP5QAgaGbDCHfDyAbjVMAUgAUAVLAI99OycsAEABSABQAkgAQAFIAEAB
145=SwCLWjQnLAAqHA1QAkgAQARIACe3BYeRPFACSABQAkCaRCysXkeepJlMSWmiI+xOVKJMKE
146=BtWGE2JAVMBLQwTARACkgATApAnUABSABMAUAxWDGsAazQMCwAWARAakgMSDlMAUAESABA
147=AUgAoAFMYSlcDMQ1UAKANymkBmnSWpACzARUNkAHSABTAnd5XVDRQ53lwn9VM+UsjFegDa
148=QOrAFEkipcDFACBkA5Jm5fM4d6OUwBSABQBUgAQAFAKFiFtCpAGUABvAJIA0ABSAAJcXM6
149=iXU5iW06ropAUAJIAFACSABAAUgAQAFIAEABSABAAUwuQF68ZUT1J4QFSGBILSc8GrAFXA
150=Vc6VwFJzgAQAFIAFwCSABAAUgAQAFIAEABSABAAUgAQPEnLABIpQWnqVPHtWKtqSLEWCdc
151=AEABSABQBUgAQAFIAEABWG1AAUgATAFIAEABSABAAagAXGJcLHCYYDElUCewAlQAfDVpZl
152=opLAApjgBEWVidSmnfvCIgSEA0MwgAWA1IALsNgm83JywAQAFIAF8CcGQzQAFIAEwBSABY
153=MaxbQDRAAUgAQFVJAIMmzFxMBFAFQDQDbF40SDYkTAFIAFACSABAAUgAQAFIAEABSABAAU
154=gAQAFIAEMBiJI/VK5AKEj8VDBINlgBQGpYZ6ABVJ9UOVAOQDRYN1hbQAdIAEwHSABAAUgA
155=QAFIAEABSABAAUgAQAFIAEABSABAAUgAQAFIAEABWBkndAlQOEBqvAJIA0ABSABAAUgAQA
156=FIAEABSABAAUgAoAEqdAZ4NHgx5NHsAZQzWGdIAIgDvQJERDXYAQlxe2DbunvdvHzkvXUt
157=jAZEjKANRg6DaGAxQAFIAFACSABAAUgAQAEnvAxAAVAjWDFIAEABSABAAUgAQAFIAEABSA
158=BcBUgAQAdIAFBoJywAQAFIAFACSABAAUgJSDxQI0wBSM9AZ7wCUzK1l0pYAVzFKoQRVAOo
159=AFwFoAGsWyqEBSdoAEABSAC4BEABSAA5LABEPkANPIwAWAdABEgAQAFIAEABSABAAagAWD
160=RQZbSWTAFIAHA1jGpAmmkARSfQE4ABTDRANFQAnAJAB0gAVwZ9fF0qpwadoUhD6MmxYiFY
161=TFgNBqeeUrOFQH9dMkwBSACoD1gfpC9QKUABSABIMEgAQAFIAEABSABAAUgAQAFIAEABJy
162=gNCHt1OqJ8SKN+RbOSIhBANkwBUCNAYVEyvCasakgPXGVfaI+ZRlwOJ8gGWGewCFBrpDu0
163=PEwEJ9ABTAdMBEgAQAFIAEABSABAAUgAQAFIAEABSABAAUgAQAFIAEABSABAAUgAQAFIAE
164=ABSABAAUgAQAFIAEABSABAAUgAQAFIAEABSACgAUwrJ0QGKqQGWC5IAFQDUGhYNOwBwGdc
165=ArAC/AJobKwBRDUG2rl527x+5L94JKw0oA1EDgamnk5UQSpqVjBMAUzBWFik8kQvSABIME
166=gAQAFIAEABSABAAUgAQAFIAEABSABAAVCPQApANANyZjRaQyxMAUgAQApIACpMAViUvAKs
167=YawBTARAAUgAQAFIALBrS5+bpEpQAkgAUAJMXkANWAdADUgAUBRI1VAITAFABEgATARIAE
168=ABSABAAUgAQAFIAEABSABAAUgAQAFIAEABSABAAUgAQAFIAEABSABAAUgAQAFIAEABSABA
169=AUgAQAFIAEABSABAAUgAQAGoAGAuI0BVTDQtLABYLkgAUAJENScIAFQzSAC8AmgD7GpgBA
170=5EWUBCWEpPWnmHYuHAg+W/c1s0vLBcWA1IAFgNAq6MSYFtKDwaVCFIAEQvSABAAUgAQAFI
171=AEABSABAAUgAQAFIAEABSABQYlwISABICVBooAFuAahQJywASConLABAAUgAQARIAEABSA
172=BAAUgAoAFQa3jQKewAvAJER1AyTAFIAFAFSABAAUgAQAFIAEABSABAAUgAQAFIAEABSABA
173=AUgAQAFIAEABSABAAUgAQAFIAEABSABAAagAJywAQAFIACdQACosAAeDbViiqFD///9BEQ
174=AABAGgAQhEWUFEWUJFWUFDWEABSgBCRY0BQ9wCWAFJAEBaAUNZQAFJAEFBAURsAagGhQJY
175=UAKsB1gBAAJHS1mnqVPHtWLMtmTJtmaiqFCjp2gAQAEGqZRPpXxEe2AyTAFIAFwCAnuEMY
176=CIawCCiDBIADYvAH2IL7wFSAYJeXs9f3Q9tZdMspBLUAJIAFACSABAAUgAQAFLAJSbRkgJ
177=QwqQlj5QAkgAUAJIACcgAKwBJzgAJyAAMFwAJ2gAQAFIAEAESABAAUgAQAFIAEABSABAAU
178=gAQAFIAEABSABAAUgAQAFIAEABSABAAUgAQAGoACcsAEABSAAnUAAJo6dQoqhQoqhQo6dQ
179=EQAA

[AITriggerTypesEnable]
043F40BC-G=yes
043F521C-G=yes
043F874C-G=yes
044082BC-G=yes
05CB5B6C-G=yes
05CB830C-G=yes
05CBAEDC-G=yes
05CBC04C-G=yes
05CBC19C-G=yes
05CBC2EC-G=yes
05FC088C-G=yes
05FC0C9C-G=yes
05FC13EC-G=yes
05FC1A8C-G=yes
05FC1C5C-G=yes
05FC333C-G=yes
05FC37CC-G=yes
05FC3C9C-G=yes
05FC50EC-G=yes
05FC747C-G=yes
05FC75CC-G=yes
05FFA7DC-G=yes
05FFB18C-G=yes
06002BFC-G=yes
0611A1EC-G=yes
0611A33C-G=yes
0612B11C-G=yes
0612CD8C-G=yes
0612EAEC-G=yes
0612F46C-G=yes
0612F9AC-G=yes
0616004C-G=yes
06C551AC-G=yes
078F4B2C-G=yes
07C04C7C-G=yes
07C04EDC-G=yes
07C0B14C-G=yes
07C30A5C-G=yes
07C310BC-G=yes
07C3266C-G=yes
07C329FC-G=yes
07C330CC-G=yes
07C33DDC-G=yes
07C4853C-G=yes
08A3EEDC-G=yes
08B902EC-G=yes
08B90B1C-G=yes
08B911BC-G=yes
08B9154C-G=yes
08B9213C-G=yes
08B9305C-G=yes
08B9356C-G=yes
08B940EC-G=yes
08B9423C-G=yes
08B9483C-G=yes
08B9586C-G=yes
08B9641C-G=yes
08B9708C-G=yes
08B9767C-G=yes
08B97C6C-G=yes
0A31295C-G=yes
0A44F17C-G=yes
0A44F2CC-G=yes
0A452C6C-G=yes
0A452E5C-G=yes
0AA845AC-G=yes
0AA846FC-G=yes
0ABC484C-G=yes
0AD2BAEC-G=yes
0C0C7AEC-G=yes
0C0D184C-G=yes
0C0D251C-G=yes
0C1245AC-G=yes
0C1246FC-G=yes
0C32599C-G=yes
0C32D84C-G=yes
0C87B45C-G=yes
0C87B99C-G=yes
0C87E5AC-G=yes
0C8B81BC-G=yes
0C8BC5AC-G=yes
0C8C2AEC-G=yes
0C8C2C3C-G=yes
0C8C430C-G=yes
0C8C4C3C-G=yes
0C8C51BC-G=yes
0C8C56FC-G=yes
0C8C645C-G=yes
0C8C6EDC-G=yes
0C8C71BC-G=yes
0C8E2C3C-G=yes
0C8EE1BC-G=yes
0C8EEAEC-G=yes
0C8EEEDC-G=yes
0C91D45C-G=yes
0C92C1BC-G=yes
0C92C45C-G=yes
0C955AEC-G=yes
0C955C3C-G=yes
0C9561BC-G=yes
0C9565AC-G=yes
0C96F45C-G=yes
0C96F5AC-G=yes
0CA1F84C-G=yes
0CA24D8C-G=yes
0CA2A04C-G=yes
0CA2B06C-G=yes
0CA2D99C-G=yes
0CA2FEDC-G=yes
0CA5945C-G=yes
0CA6621C-G=yes
0CA6AEDC-G=yes
0CAD0B2C-G=yes
0CAD0C7C-G=yes
0CAD0DCC-G=yes
0CAD130C-G=yes
0CAD145C-G=yes
0CAD25AC-G=yes
0CAD2AEC-G=yes
0CAD2C3C-G=yes
0CAD5AEC-G=yes
0CADD99C-G=yes
0CADDEDC-G=yes
0CB29EDC-G=yes
0CB2CEDC-G=yes
0CDF899C-G=yes
0CDF8D8C-G=yes
0CDF8EDC-G=yes
0CE2395C-G=yes
0CE23AAC-G=yes
0CE26B5C-G=yes
0CE26CAC-G=yes
0CE2E8DC-G=yes
0CE2EA2C-G=yes
0CE44D0C-G=yes
0D022B1C-G=yes
0D022C6C-G=yes
0D052AEC-G=yes
0D0803CC-G=yes
0D08461C-G=yes
0D0848BC-G=yes
0D084A0C-G=yes
0D084B5C-G=yes
0D0873DC-G=yes
0D087D8C-G=yes
0D0B3B9C-G=yes
0D2769BC-G=yes
0D2C41EC-G=yes
0D2C448C-G=yes
0D2C45DC-G=yes
0D53099C-G=yes
0D53130C-G=yes
0D53430C-G=yes
0D535EDC-G=yes
0D62145C-G=yes
0D6215AC-G=yes
0D6216FC-G=yes
0D62199C-G=yes
0ECCB2BC-G=yes
0ECCB40C-G=yes
0ECCB55C-G=yes
0ECCB7FC-G=yes
0ECCBC3C-G=yes
0ECCF14C-G=yes
0ECCF29C-G=yes
0ECCF68C-G=yes
0ECCFA7C-G=yes
0ECCFCAC-G=yes

[Actions]
01000000=3,99,7,_Amb_BirdsPark,0,0,0,0,I,99,7,_Amb_WavesLake,0,0,0,0,J,99,7,_Amb_WavesLake,0,0,0,0,K

[Africans]
IQ=0
Edge=North
Color=DarkRed
Allies=Africans
Country=Africans
Credits=0
NodeCount=0
TechLevel=1
PercentBuilt=0
PlayerControl=no

[Alliance]
IQ=0
Edge=North
Color=Gold
Allies=Alliance
Country=Alliance
Credits=0
NodeCount=0
TechLevel=1
PercentBuilt=0
PlayerControl=no

[Americans]
IQ=0
Edge=North
Color=Gold
Allies=Americans
Country=Americans
Credits=0
NodeCount=0
TechLevel=1
PercentBuilt=0
PlayerControl=no

[Arabs]
IQ=0
Edge=North
Color=DarkRed
Allies=Arabs
Country=Arabs
Credits=0
NodeCount=0
TechLevel=1
PercentBuilt=0
PlayerControl=no

[Basic]
Name=Just Enough Battle (2)
Percent=0
GameMode=standard, meatgrind, nukewar, airwar, duel
HomeCell=98
InitTime=10000
Official=yes
EndOfGame=no
FreeRadar=no
MaxPlayer=2
MinPlayer=2
SkipScore=no
TrainCrate=no
TruckCrate=no
AltHomeCell=99
OneTimeOnly=no
CarryOverCap=0
NewINIFormat=4
NextScenario=
SkipMapSelect=no
CarryOverMoney=0.000000
AltNextScenario=
MultiplayerOnly=1
IceGrowthEnabled=yes
VeinGrowthEnabled=yes
TiberiumGrowthEnabled=yes
IgnoreGlobalAITriggers=no
TiberiumDeathToVisceroid=no

[British]
IQ=0
Edge=North
Color=Gold
Allies=British
Country=British
Credits=0
NodeCount=0
TechLevel=1
PercentBuilt=0
PlayerControl=no

[CellTags]

[Confederation]
IQ=0
Edge=North
Color=DarkRed
Allies=Confederation
Country=Confederation
Credits=0
NodeCount=0
TechLevel=1
PercentBuilt=0
PlayerControl=no

[Events]
01000000=1,8,0,0

[French]
IQ=0
Edge=North
Color=Gold
Allies=French
Country=French
Credits=0
NodeCount=0
TechLevel=1
PercentBuilt=0
PlayerControl=no

[GDI]
IQ=0
Edge=North
Color=Gold
Allies=GDI
Country=GDI
Credits=0
NodeCount=0
TechLevel=1
PercentBuilt=0
PlayerControl=no

[Germans]
IQ=0
Edge=North
Color=Gold
Allies=Germans
Country=Germans
Credits=0
NodeCount=0
TechLevel=1
PercentBuilt=0
PlayerControl=no

[Houses]
0=Americans
1=Alliance
2=French
3=Germans
4=British
5=Africans
6=Arabs
7=Confederation
8=Russians
9=YuriCountry
10=GDI
11=Nod
12=Neutral
13=Special

[IsoMapPack5]
1=+w8AIARGAAEAOgEAYAAJRQACADoBAAADAABGyAEBAgAAR8gBVQJESANgBFEFRcgBWQVGyA
2=FVAkfIAVUCSEkBO1wAVwJDAAScCkkBRMgBXQpFyAFdCkbIAVUCR8gBVQJISAFkCFUCScgB
3=VAICQgAFADz9CgWcCkEERFUCPrUCRcgBVQFGSAHNBUfIAVUCSEkBPVwAWRFJyAFVAUpIAW
4=wFUAkBQQAGAHAJlQ0GlA1VAkNUAtEfREgBYARVAkXIAU0FRkgBxQhHyAFVAkhIAXQNTQVJ
5=yAFVAkpIAWwbTRBLyAFMEAFAAAcA1QJByAFVAkJIAXQNTQVDSAFsEFEJRMgBUQlFSAHBD0
6=ZIAWwFQQRHyAFBBEhIAcEEScgBVQJKSAF0DU0FS8gBVQJMSAHfFT8ACJgRQQRAKCkAQcgB
7=TQVCSAHVDUNIAXgGURREyAFJF0VIAWgMVQJGSAHNEEfIAUUISMgBSQxJyAFVAkrIAVUCS8
8=gBVQJMyAFRCU3IAUgMAT4ACQDBDz/IAVUCQEgBZBNNBUHIAVUCQkgBbBBVAkPIAVUCREgB
9=ZAhJDEVJAUJIAkEERkgBzQVHyAFBA0hIAcEaScgBVQJKSAHVDUvIAVUCTEgBZAhVGE3IAU
10=kMTkgBZAhXAj0ACpBLTQU+SAFsEFUCP8gBTQVASAF8ClUCQcgBVQJCSAHdCkPIAVUCREgB
11=aENJF0XIAV0KRkgBzQVHyAFNBUhIAc0QScgBVQJKSAHVDUvIAVUCTEgBZAhdCk3IAV0KTk
12=gBZAhVAk9IAcMEPAALgBpdFT3IAUUIPsgBTQU/yAFFCEBIAXQNVQJByAFVAkLIAVUCQ8gB
13=VQJESAFsG10KRcgBXQpGSAFgD1UCR8gBVQJISAFkE1UCScgBVQJKSAHBO0tIAWAESQxMyA
14=FJDE1IAdkRTsgBVQJPSAHJDFDIAVMJOwAM6U48SAFkE1EJPcgBWQY+SAHZBj/IAVkGQEgB
15=aAxFE0HIAVUCQsgBVQJDSAHRFERIAd0KRcgBXQpGSAHJF0fIAVUCSMgBTRBJyAFVAkpIAW
16=wQSQxLSAF4BkkMTMgBVQJNSAHZEU7IAVUCT0gBeAZRCVDIAVEJUUgB2xE6AA2QrkEEO8gB
17=QQQ8yAFJDD3IAVEJPkgBdFpNBT/IAU0FQEgB0QlByAFVAkJIAc0FQ0gBJxwEtA1dCkVUAn
18=gGXQpGSAHBGkfIAVUCSMgBTQVJyAFVAkpIAXgcSQxLSAFkCFkRTMgBVQJNSAFgBFUCTsgB
19=VQJPSAF8IFEJUMgBUQlRSAFkCFUCUsgBVwI5AA6cxUUIOkgBwQQ7yAFBBDzIAUEEPcgBSQ
20=w+SAFkHlEJP8gBTQVASAHFCEHIAVUCQkgBzQVDyAFVAkRIAWwFXQpFyAFdCkZIAXQjVQJH
21=yAFVAkhIAdkcScgBVQJKyAFRCUtIAXAJWRFMyAFVAk1IAXgGVQJOyAFVAk9IAcU0UEgBZB
22=NRCVFIAWQIQQ9SyAFVAlNIAWAEVAICOAAPAGJcAEkAOcgBQQQ6SAFoLVUCO8gBVQI8SAFw
23=CUEPPcgBQQ8+SAFwCVUCP8gBVQJASAFkCFUCQcgBVQJCSAF8IFUCQ8gBVQJESAHdCkXIAV
24=UCRkgBzQVHyAFVAkhIAdEfScgBVQJKyAFdFUvIAV0VTCgpAE1IAWgMQQROyAFBBE/IAVUC
25=UMgBVQJRyAFRFFLIAUkMU0gB2RxUyAFUAgI3ABAA90wGRQg4SAFkKVkGOcgBQQQ6SAHdID
26=vIAVUCPEgB1Rg9SAFkE1kGPsgBQQQ/SAHZBkBIAWAPSQxByAFBDkJIAXgGVQJDyAFVAkRI
27=Ac0FRUkBQkgCQQRGSAF0AkkMR8gBSQxIyAFVAknIAVUCSkgBxRNLyAFVAkwoKQBNSAFgD1
28=kGTsgBQQRPyAFVAlDIAVUCUUgBYA9NEFLIAUUSU8gBVQJUyAFVAlVJAXJIAkgAAzYAEQD/
29=/0MBAAA3SQH2VANRAThJAXxcAEkAOcgBQQM6SQFpSAJJADvIAVUCPEkBbkgCSQA9yAFVAj
30=5IAWgXSQE/SAHFE0DIAUkXQcgBSRdCSAFsBVUCQ8gBVQJESAF4BlUCRUgBJ30FEf2vR1QC
31=eAZJDEjIAU0QScgBVQJKSAF8K1UCS8gBVQJMSAFsXUkBTcgBQQROyAFVAk9IAdkGUMgBVQ
32=JRSAHZEVLIAVEUU8gBURRUyAFVAlVIAXwrVQJWyAFXAjUAEuktNigpADdIASfWBRIAdC5Z
33=BjlUAmgBWQY6SAF0LlUCO8gBVQI8SAF0LlUCPcgBVQI+yAFBGj/IAUkXQEgBaBdVAkHIAV
34=UCQkgB2RxDyAFVAkRIAXAqTQVFSAEn1QUSlC5VDUdUAmAEVQ1IyAFVAknIAVUCSkgBfApV
35=AkvIAVUCTEgBdC5JAU3IAUEETsgBVQJPSAHZBlDIAVUCUUgByRdSyAFRFFNIAWR2URRUyA
36=FVAlVJAXNIAkkAVsgBVQJXSQHtXABUAgI0ABMARFwAVQE1SAHZXjYoKQA3SAEnLgYTANkG
37=OVQCyQE6KCkAOygpADxIAWwxAQQAAD3IAQEFAAA+yAFZHD/IAUEaQEkBZ0wQSQBByAFZEU
38=JIAdEfQ8gBTQVESAFoLUUIRcgBVQJGyAFFCEfIAUUISEgBwSVJyAFVAkpIAWQITQVLyAFV
39=AkxIAWwFSQFNSAHBBE7IAVUCT0gBYARZBlDIAVUCUcgBWRFSyAFZEVNIAWwxVQJUyAFVAl
40=VIAWwxVQJWyAFVAldIAcUpWCgrADMAFL9iBAA0SAFkNAEEBAA1yAFFKTZIAdE1N0gBJ4UG
41=FCiEBicpADpABMkMOygpADwoKQA9KCkAPkgB3TY/yAFVDUBIAWQ0SRdByAFJF0JIAXgcSS
42=JDyAFJIkRIAcElRcgBVQJGSAFwKkUIR8gBRQhISAFsBVUCScgBVQJKSAHNBUvIAVUCTEgB
43=bAVJAU1IAcEETsgBVQJPSAFgBFEJUMgBVQJRSAHRbFJIAcEEU0kBb1wWSQBUyAFRFFVJAX
44=5IAkkAVsgBVQJXSAHZJ1goKQBZSQH0VANPBTIAFVQASwAEADMoKQA0SQFDUQIAfjYVAGgB
45=WQU2VAIn3gYVACfdBhUo3AYnKQA6TAXBDzsoKQA8KCkAPSgpAD4oKQA/KCkAQEkBZm8QAA
46=BByAFNEELIAUElQ0gBaDhBJURIAdUjRcgBVQJGSAF0cFEIR0gBZClZBkjIAUEESUgBzTFK
47=SAHFCEvIAUEETEgBZAhZBk1IAXQNUQlOyAFZEU9IAWQIVQJQyAFVAlFIAc0FUsgBVQJTSA
48=F8NlEJVMgBSQxVSAF8NlUCVsgBVQJXSAHZJ1hJAfBYB0kMWUgBwTBaKCsAMQAWTANLAAQA
49=MigpADMoKQA0SAGYBnU5FpQ5QXI2VAJgO0lkN0kB+qkMOEgBwQ85KCkAOigpADsoKQA8KC
50=kAPSgpAD4oKQA/KCkAQEgBdDlNG0HIAVmrQsgBTRBDSAFkKVkQREgBbDFJGkXIAVUCRkgB
51=zTFHSAHBBEjIAUEESUgBbDxZBkpIAXAJSQFLyAFBBEzIAVUCTUgBZDRVLk7IAUUTT0gBeA
52=ZVAlDIAVUCUUgBzQVSSQF2WAdJAFPIAV0KVMgBWQZVSAHZJ1YoKQBXKCkAWCgpAFlJAfFY
53=B1EJWkgBhzQAAFsoKAACMAAXAI1UA1VwMUkBhakBMkkBh6kBM0gBZAFBBDQoKQA1SAFgO1
54=UCNsgBVQw3SAHJDDhIAdF3OUgB3RU6KCkAOygpADwoKQA9KCkAPigpAD8oKQBAKCkAQUkB
55=e4oTAELIAU0QQ0kBa7UCRMgBVQJFSAF4tkEDRsgBVQJHSAFsPFEqSMgBTTFJSAFsPFUCSk
56=gB0TVLyAFBBExIASWRI01IAWAEXQpOyAFdCk9IAXhIVQJQyAFVAlFIAc0FUkgBbDxRCVPI
57=AUVVVMgBRVVVSAHNJlYoKQBXKCkAWCgpAFlIAdF3WkgBwTBbKCkAXCgrAC8AGPk9MEkBg0
58=QUSTgxKCkAMigpADNIAd1BNEgB3UE1SAGLDAQANkgBcEBBfTfIAUkXOEgBwX05SAHVGDoo
59=KQA7KCkAPEkB8kgjWRA9KCkAPkgB2QY/KCkAQCgpAEFIAWQ/RTRCyAFFKUNIAWQ/VQJEyA
60=FVAkVIAWQ/VQJGyAFVAkfIAUEPSMgBWRBJSAF8QVUCSsgBVQJLSAF8QVUCTEkBbVwASQBN
61=yAFBBE5JAWpIAkkAT8gBVQJQSAF4EVUCUcgBVQJSSAFosVUCU8gBVQJUSAHFHlUoKQBWKC
62=kAVygpAFgoKQBZKCkAWkgBwX1bSAGHNAAAXCgpAF0oKwAuABnxQC9IAdFAMCgpADEoKQAy
63=KCkAMygpADRJAYZIGE1HNUgBZAFJATZIASIkJkkBN8gBTRs4SAHZETlIAdGCOkgBxR47SA
64=HdVzxJAZGWCQA9SAGITiJWLBkAxUo/VALZBkBIAc1HQSgpAEJIAcEEQygpAEQoKQBFSAF8
65=QV1tRsgBUVZHyAFVREjIAVVESUgByThKyAFBGktJAWyxFExIAXxBWQZNyAFZBk5IAXxBVQ
66=JPyAFVAlBIAXAJVQJRyAFVAlJIAXxBVQJTyAFVAlRIAdUYVSgpAFYoKQBXKCkAWCgpAFko
67=KQBaSAHRKltIAcEwXCgpAF0oKQBeKCsALQAapxsEAC5JAYxzAQQAL0gBJ5YIGgDJATEoVQ
68=AyKCkAM0kBiLkGNEkBiqkBNUgBZAFJQzZIAZsRBAA3SAFgRkGIOMgBTTE5SAEnlQgaJt0n
69=O1QCySI8SQH1QDFBCj1JAY5cAEkAPkkBrrUCP0kB/KkBQEgBlA0ihScaJM0wAF3FGiZpKU
70=NABN0KRCgpAEUoKQBGKCkAR0gBzUdIyAFdFUlIAcE7SsgBSThLSAF0RFkQTEgBdERJTk3I
71=AVkGTkgBwQ9PKCkAUCgpAFEoKQBSKCkAUygpAFQoKQBVKCkAVigpAFcoKQBYKCkAWSgpAF
72=pIASWRLltIAcElXCgpAF0oKQBeKCkAXygrACwAG0wvSwAEAC1IASUpIS5IAdVELygpADAo
73=KQAxKCkAMkgBzYkzSAFJCQBVRDQoKQA1KCkANigpADdIAXDPTQU4yAFJLTlIAcmFOkgB3Y
74=M7SAHZHDxIASeGERsAgA9njBsAr1gHUQ8/QQSoqQFAKCkAQUkBprUCQkgByQxDSAHJDERI
75=AdU5RSgpAEYoKQBHSAHNBUhIAc0FSSgpAEooKQBLKCkATCgpAE0oKQBOKCkATygpAFAoKQ
76=BRKCkAUigpAFMoKQBUKCkAVSgpAFYoKQBXKCkAWCgpAFlIAdmKWkgBwUZbKCkAXCgpAF0o
77=KQBeKCkAXygpAGAoKwArABzp0ixIASXZIS1IAdlILigpAC8oKQAwKCkAMSgpADJJAYZIOU
78=lDM0gBZAFJATQoKQA1KCkANigpADdIAYMaBAA4SAFwS0GTOcgBCAUAADoAHAD//wAAEQAA
79=Xw4AIAYAAAA7ABwA//9AAQUAADwAHAD9AYkBPUkBjIYBAD5JAYepAT9IAc0FQEgBzQVBSQ
80=GruQZCSQGoqQFDSQGmqQFESQH2qQFFSQHtqQFGSQH0qQFHSAHdCkhIAc0FSUgBzQVKKCkA
81=SygpAEwoKQBNKCkATigpAE8oKQBQKCkAUSgpAFIoKQBTKCkAVCgpAFUoKQBWKCkAVygpAF
82=goKQBZSQHwoRpaSAHBGlsoKQBcKCkAXSgpAF4oKQBfKCkAYCgpAGEoKwAqAB2nMQQAK0gB
83=hzQEACxJAYN/AgQALSgpAC4oKQAvKCkAMCgpADEoKQAySQGGpQgzSAFkAQEABAA0KCkANS
84=gpADYoKQA3SQE7cwUEADjIAV0fOUgB0R86KCkAOygpADxJAZF7BgAAPUkBiKkBPkkBiqkB
85=P0kBrEQJVQFASQGkqQFBSQGpqQFCSQGTVANJAENJAa21AkRJAfqpAUVIAdFLRkgB2RFHKC
86=kASEgBzQVJSQHyuQZKSAHJTksoKQBMKCkATSgpAE4oKQBPKCkAUCgpAFEoKQBSKCkAUygp
87=AFQoKQBVKCkAVigpAFcoKQBYKCkAWUgBzRtaSAHNG1soKQBcKCkAXSgpAF4oKQBfKCkAYC
88=gpAGEoKQBiKCgAAikAHgCNXCxdQSpJAYWpAStIAclOLCgpAC0oKQAuKCkALygpADAoKQAx
89=KCkAMkgBJ/UJHmEMAFUNNFQCjwEEADUoKQA2SAGHHgQAN0gBdk8CAFZPHgCXAgAAOVQCyQ
90=E6KCkAOygpADwoKQA9KCkAPigpAD9JAa+9QUBIAclOQUgB3QpCKCkAQ0gBzQVESQGquQZF
91=SAHNBUYoKQBHKCkASCgpAEkoKQBKSAHNn0tIAcFRTCgpAE0oKQBOKCkATygpAFAoKQBRKC
92=kAUigpAFMoKQBUKCkAVSgpAFYoKQBXKCkAWEgByZtZSAHNG1ooKQBbKCkAXCgpAF0oKQBe
93=KCkAXygpAGAoKQBhKCkAYigpAGMoKwAoAB/hUSlIAdVPKigpACsoKQAsKCkALSgpAC4oKQ
94=AvKCkAMCgpADEoKQAySAEnTQofnFCMUicpADVABJsCBAA2SQE/bAFuUh8AaAFdQDhUAsEl
95=OUgB0eU6SAHVAjtIAYRrZu8fAIRrZqIfANntPkAE2QY/SAHJpkBJAYl3DQAAQSgpAEJJAY
96=u1AkNIAckMRCgpAEUoKQBGSAHdCkdIAc0FSCgpAEkoKQBKSAEnTgofACdMCicpAE1ABNUC
97=TigpAE8oKQBQKCkAUSgpAFIoKQBTKCkAVCgpAFVIAdWyVigpAFcoKQBYSAHZoFlIAdUYWi
98=gpAFsoKQBcKCkAXSgpAF4oKQBfKCkAYCgpAGEoKQBiKCkAYygpAGQoKwAnACC7LwQAKEkB
99=jHMBBAApSAEnpgogAMkBKyhVACwoKQAtKCkALigpAC8oKQAwKCkAMSgpADJIASekCicNAj
100=RUAmgQUVY1KCkANkgBeVMCZVUghVUDdacgKPQUJykAOkwF0So7SAGAGmRV1BhkVScpAD5A
101=BNFWP0kBrFhfUQ9ASAEn7h4gAMkBQlUCpqEEQ0gByQxEKCkARUgBxQhGSAHNBUdIAc0FSC
102=gpAEkoKQBKSAHF+ktIAc1HTEgB2VNNKCkATigpAE9IAc0FUCgpAFEoKQBSKCkAUygpAFRI
103=AdVPVUgBxRNWKCkAVygpAFgoKQBZKCkAWigpAFsoKQBcKCkAXSgpAF4oKQBfKCkAYCgpAG
104=EoKQBiKCkAYygpAGQoKQBlKCsAJgAhXDRLAAQAJ0gBlJF9VyHlVSlUAtFWKigpACsoKQAs
105=KCkALUgBIy8nBAAuKCkALygpADBIAdEJMSgpADJJAYZIEEVVM0gBZAFJATQoKQA1KCkANk
106=kBRGQEflchAGgBRUk4VALBMDkoKQA6KCkAO0kBkHgGflchAJAUfFfbHAAAPkAEjRAAT2Ih
107=AKtQClkFQFUCoqkBQUkBp6kBQkkBqakBQ0gBwQ9EKCkARUgBJU0gRkgBzQVHSAHNBUgoKQ
108=BJKCkASigpAEsoKQBMSAHVWk1IAcVVTkgB1U9PSAHdClAoKQBRKCkAUigpAFMoKQBUKCkA
109=VSgpAFYoKQBXKCkAWCgpAFkoKQBaKCkAWygpAFwoKQBdKCkAXigpAF9IAZ9MAABgSQGHXC
110=xJAGFIAdUYYigpAGMoKQBkKCkAZSgpAGYoKwAlACJcCEsABAAmKCkAJ0kBjFACRUooSAHV
111=TykoKQAqKCkAKygpACxIAZ9BBAAtSAFgCEUILigpAC8oKQAwSAHJDDFIAZNLBAAySQGKfw
112=YEADNIAWQBRQg0KCkANSgpADZIAZAfdVoilVoEIkQ1qQEFIk0rIuG0OuwFIuQ+J1UAPChV
113=AD1IAZgRdloiAJQYdloiAM1SQEAEzVJBSAGDDwAAQkkBj5YUAENIASV5IERIAdUCRUgBzQ
114=VGSAHBBEdIAdUCSCgpAEkoKQBKKCkASygpAEwoKQBNKCkATigpAE8oKQBQKCkAUSgpAFJI
115=ASUFOFNIAc0QVCgpAFVJAbC5dFZJAaSpAVdJAaapAVhIAdkGWSgpAFooKQBbKCkAXCgpAF
116=1JAaylCF5IAdEJX0kBkLknYEgBhz8AAGFIAckMYigpAGMoKQBkKCkAZSgpAGYoKQBnKCsA
117=JAAjowwEACVIAZwKbF0nVQAnVAKMEGW4I7ScIgQiJykAKkAExWArKCkALCgpAC1IASMYKm
118=W4IyRHKgQALyhVADBJAYZ3EAQAMUgBZAFVWjIoKQAzKCkANCgpADUoKQA2SQE6fAZuXSMA
119=aAFRKThUAoAabV0jKKwLJykAOyiBADwoKQA9SQGMcAltXSOs1m1dIyYFLUBABN0KQSgpAE
120=JIAdkGQ0gBhR4AWW4j9WVFVQKsWBJJC0ZJAaapAUdIAdEJSCgpAEkoKQBKKCkASygpAEwo
121=KQBNKCkATigpAE8oKQBQKCkAUSgpAFIoKQBTKCkAVCgpAFUoKQBWSQGvvRVXSAHBfVhIAc
122=kXWUgBwWdaSAHVAlsoKQBcKCkAXUgB0QleSAHRCV9IAdkGYCgpAGEoKQBiKCkAYygpAGQo
123=KQBlKCkAZigpAGcoKQBoKCsAIwAkvUEEQQEkRDJIAGRgJykAJlwCTAIiyUAnKCkAKCgpAC
124=koKQAqSAHJZCtIAdFhLCgpAC0oKQAuKCkALygpADBJAYZ4DWRgJw0CMlQCcAJRYTMoKQA0
125=KCkANSgpADZIAXheAQIAADdIAcUpOCgpADlJAfepODpJAe+pATtJAfGpATxIAdkGPUgBgB
126=plYCQoBQwk6VlAQATNBUEoKQBCSQGMgBZVvSSohWZgJADFl0VABMU/RkkBp6EPR0gBwalI
127=KCkASUkBpqEESkgBxcNLSAHBD0woKQBNKCkATigpAE8oKQBQKCkAUSgpAFJJAaypDFNIAd
128=UNVEgBJSkhVUkBh6EaVkgBwQ9XKCkAWEkBsKUIWUgB1RhaSAHRCVtIAd1iXEgBxQhdKCkA
129=XigpAF8oKQBgKCkAYSgpAGIoKQBjKCkAZCgpAGUoKQBmKCkAZygpAGgoKQBpKCkAIkm/MV
130=gcTUcjyQEDf2IlADRUAlVPJVQCiBdlwyVsArxiJykAKEAEmAJkwydVACooVQArSQGQZAQi
131=XVklqEMiFCQnKQAuQAQlkSMvKCkAMEgBjEd8YiddATJUAmwJRRMzKCkANEkBOXgCImZPJQ
132=BoAUUzNlQCiBd9YiWsfiJuOiUA0WE5QAQlKTc6KCkAO0gBJWlKPEgByTg9SAHBUT5JAYx0
133=DWXDJShfDCUArFQOQQNBQATRQEJJAZJIAkkAQ0gBwQRESAHBBEVIAclORkgByU5HSAHVZU
134=hJAae9CklIAcmmSkgBzRtLKCkATCgpAE0oKQBOKCkATygpAFAoKQBRSAHZHFJIAcEPU0gB
135=1Q1USAGLOAAAVUgBmzIAAFZIAcUpV0gBzYlYSAHFE1lIAdEJWkgB0QlbSAHBBFwoKQBdKC
136=kAXigpAF9IAdUjYEkBh1goSQBhSAHFCGJIAcEEY0gBwQRkSAHBBGUoKQBmKCkAZygpAGgo
137=KQBpKCkAaigrACEAJu1HIigpACNIAWJnBQBRaSaUZU1oJVQCYGdNaCZJATNQFUVVJ0gBmB
138=EiHSUmbAJtaClUAo8BBAAqKCkAKygpACwoKQAtKCkALigpAC8oKQAwKCkAMSgpADIoKQAz
139=KCkANEgBaGRdFTVIAYcTAAA2KCkANygpADhIASW1TjlIASe1DCYm4U47KFUAPEgB0UA9SA
140=HZMj5IAZR7dWUm+cFAVALJQ0FJAaehXEJIAcGpQ0gB1QJESQGloQRFSAHBUUZJAYOeJwBH
141=SQGLqQFISAHBGkkoKQBKKCkASygpAExIAdEUTUkBh6UITkgBxQhPSAHBBFBIAcEEUUgBwQ
142=RSSQGPuQZTSAHVAlQoKQBVKCkAVkgBJd09V0gBJbE9WEgByQxZSQGFsQlaSAHBGltIAd0K
143=XCgpAF0oKQBeKCkAX0gB1SNgSAHZdGFIAcUIYkgBwQRjSAHBBGRIAcEEZSgpAGYoKQBnKC
144=kAaCgpAGkoKQBqKCkAaygrACAAJ+FnISgpACIoKQAjKCkAJCgpACVIAWxoRWsmSAFsaEVV
145=J8kBA29oJwA4YCVnzicAN6kBKkAEaQEBIiVzJ4BySW8sVAKMG2XOJ2QFaW8uVAKMASIsMi
146=dVADAoVQAxKCkAMigpADNJATycBlgLInhLjQE1VAIljWk2KCkAN0gBJf1AOEgBJw0NJ+Fn
147=OlQC2Wk7KCkAPEgB0c89SAHJxz5IAZQYbGgnUQVAVAIlCV9BSAHZU0JJAbG1ZUNIAc3WRE
148=kBrbUCRUgB1QJGSQGOkBhMaCddAUhVApG1AklIAc1SSkgBzVJLSAHZEUxIAQmMAAAAAAAA
149=TQAnAIoRAACKDgAgCgAAAAAAAE4AJwD//wBgAAJPACcAkGMBAABQSQGGqQFRSAHBBFJJAZ
150=K1AlNKAfkBjQFUSQGyqQFVSAHNBVZJAZOeAwBXSQGuoQRYSQGMtQJZSAHJDFpIAdkGWygp
151=AFxJAY+tBV1JAfelCF5JAfGpAV9IAcEPYEgBxQhhKCkAYigpAGMoKQBkKCkAZSgpAGYoKQ
152=BnKCkAaCgpAGkoKQBqKCkAaygpAGwoKwAfACjxKiAoKQAhKCkAIigpACMoKQAkKCkAJSgp
153=ACYoKQAnSQEzSiIFAEMBKAA4SAFJISlRATdIAQECAAAqyAEBAwAAK0kBNLUCLMgBAQMEAC
154=1JATZUAgEABAAuyAEBAQQAL0gBfApVAjBIAYcpBAAxSQE7rQUyyAFVDTNIAXACTQA0SQEd
155=XABJADVIAVgAAgAAAQA2KCkAN0kBH5gCTxUoAPZYB1UBOVUC7akBOigpADsoKQA8KCkAPU
156=kB760FPigpAD9IAdFAQEgBnxUAAEFIAdFLQkkBh0gNSQBDSQGspQhESQGiqQFFSQGmqQFG
157=SQGMQAVJAEdIAdkGSEkB/aEESUkBjlQDSQBKSAHVAktJAY1IAkkATEkBhlwASQBNSAHZEU
158=4oKQBPKCkAUEgB0QlRSAHNBVJJAfu1DVNJAfSpAVRIAc1oVUkBsLUCVkkBqKkBV0kBqakB
159=WEkBkEAQSQBZSAHZEVpIAckMWygpAFxJAZJABUkAXUgB2TJeSAHBD19IAcEPYEgBxQhhKC
160=kAYkgBwQRjSAHBBGQoKQBlKCkAZigpAGcoKQBoKCkAaSgpAGooKQBrSgE1BEsUAABsSAHJ
161=DG0oKwAeACnxbB8oKQAgKCkAIUkBrLUjIkkBpqkBI0gB0QkkSAHBBCVIAcEEJkgBwQQnKC
162=kAKCgpACkoKQAqKCkAKygpACxIAWhvWXQtSAF8bU1zLsgBTXMvSAF8bVUCMMgBTXMxSAF8
163=bVUCMkgBzRAzKCkANEgBJ70NKYgjnG0nKQA3QAQnvQ0pKL4NKQAnvA0nKQA7TAXVAjwoKQ
164=A9KCkAPigpAD8oKQBASAHJb0FIAclOQkkBhqESQ0kBq6ktREgBJ74NKQDFVUZVAoytBUdJ
165=AYOpAUhJAYWpAUlJAYipAUpJAYmpAUtIAdUCTEkBirUCTUgBwSVOKCkAT0gBzXNQSAHJDF
166=FIAdV7UkkBrLEUU0kBpqkBVEgB0QlVKCkAVkgBzX5XSAHZXlhIAcHgWUkBjLkRWkgByQxb
167=SAHRCVxIAdV7XUgB0WxeSAHBBF8oKQBgKCkAYSgpAGIoKQBjKCkAZCgpAGUoKQBmKCkAZy
168=gpAGgoKQBpKCkAaigpAGsoKQBsKCkAbSgpAB1Uy90VHigpAB8oKQAgKCkAIUkBr7EqIkkB
169=p6kBI0kBpKkBJEgByUMlSQGptQImSAHJDCcoKQAoKCkAKSgpACpJASG1LitJAR6pASxJAS
170=KpAS1IAdEJLigpAC8oKQAwSAF0cFl0MUgBzQUyKCkAMygpADRIASfpDSqgDGjdJykAN0AE
171=J+sNKgD6oRo5VALRbDooKQA7KCkAPCgpAD0oKQA+KCkAPygpAEBJAfC9CkFIAd0VQkgBwc
172=pDSAHVLkRIAdEqRUgBzQVGSAHFdkdIAdlpSEgB2WlJSAHNBUooKQBLSQGwoQ9MSAHVZU1I
173=Ac0FTigpAE9JAZC9I1BIAckMUUgByQxSSAHRFFNJAaW9ClRIAdEJVSgpAFZIAd1tV0gBJQ
174=koWEgBzWhZSAEn6g0qAMF9W1UCh60QXEgB3QpdSAHRCV5IAdUCXygpAGAoKQBhKCkAYigp
175=AGMoKQBkKCkAZSgpAGYoKQBnKCkAaCgpAGkoKQBqKCkAaygpAGwoKwAcACv92x1JAayhJR
176=5IAcEwH0gB1ZwgSQGFpR4hSAHRHyJIAdkcI0gB1S4kSAHJQyVIAcUIJkgBxQgnSAHFCChI
177=AcUIKSgpACpIAdFhK0gBnw4BACxIAcVgLUgB2QYuKCkALygpADAoKQAxKCkAMkgByXozSA
178=HJejRJASWODAA1SAGEAWlvK4QBQeA3VQImsQE4SAHZfzlIAdVwOkgB1XA7KCkAPCgpAD0o
179=KQA+KCkAPygpAEBIASfoDSdZBkJUAs1dQ0gBzSZESAHdxUVJAa69NkZIAckiRygpAEhIAc
180=E7SUgBwTtKSAHNBUtIAdEJTEkBrbEJTUkBjaUeTkkBi6kBT0gB2QZQKCkAUSgpAFIoKQBT
181=SAHdQVRIAcEPVUgBxQhWSAHN1ldIAd1tWEgBwQ9ZSAHdbVpIAcF9W0gBwX1cSQGyvRVdSA
182=HdCl4oKQBfKCkAYCgpAGFIAdl0YkgB2QZjKCkAZCgpAGUoKQBmKCkAZygpAGgoKQBpKCkA
183=aigpAGsoKQAbRFjVDRwoKQAdSAHBJR5IAcFnH0kBjLUuIEgB3SAhSQGGtQIiSAHRCSMoKQ
184=AkKCkAJUgBxQgmSAHFCCdIAcUIKEgBxQgpKCkAKkgBJ+kNLKwNam8sAMVgLUAEwWcuKCkA
185=LygpADAoKQAxKCkAMkgB0WwzSAGDCwEANCgpADUoKQA2KCkANygpADhIAc0QOUgB1XA6SA
186=HVcDtJAfK9QTwoKQA9SAHNcz4oKQA/KCkAQEgB1U9BSAHJIkJIAd1iQ0kBjoIWAERJAayp
187=DEVJAaWpAUZJAY+hBEdIAcUISEkBr6EESUgBwTtKSAHBBEtIAdEJTEgB0QlNSAHVDU5IAc
188=EET0kBprEJUEgBxQhRKCkAUkgBwWdTSAHJhVRJAbG5BlVJAZGxFFZIAcl6V0kBrqEEWEgB
189=0Y1ZSAHRbFpIAdUNW0gB3W1cSQGPsQldSAElnSpeSAHNBV8oKQBgKCkAYSgpAGIoKQBjKC
190=kAZCgpAGUoKQBmKCkAZygpAGgoKQBpKCkAaigrABoALf3bG0gB1SMcSQGFqRcdSAHBJR5I
191=AckXH0gB3SAgSAHdjiEoKQAiSAHFCCMoKQAkKCkAJUgB3W0mKCkAJ0kBhqEPKEgB1Q0pKC
192=kAKkgBJ+kNLaQFaG8nKQAtQASbAgEALigpAC9IAZPaAQAwSAGPcwEAMSgpADIoKQAzKCkA
193=NEgBjWgBVN4niQE2VALJDDcoKQA4KCkAOUgB1XA6SAGHCAAAO0gBwRo8KCkAPUgBJe0/Pk
194=gB1XA/SAHJ3UBIAdkGQSgpAEJIAdE1Q0gBzSZESQGrpVVFSQGlqQFGSAHRNUdIAdU5SEgB
195=zctJSQH1rQVKSAHBv0tIAdEJTEgB0QlNSQGSlh8ATkgBwQRPSAHBBFBIAd0VUSgpAFJIAc
196=0QU0gBwWdUSAHNBVUoKQBWKCkAV0kBsaUTWEgBJe0pWUgBJfk7WkgBxQhbKCkAXEgB0RRd
197=SQH8pQheSAHNBV9IAdknYEgBySJhSAHBBGIoKQBjKCkAZCgpAGUoKQBmKCkAZygpAGgoKQ
198=BpKCkAGVRSyQwaKCkAG0kBjLEqHEgB3WIdSAHBOx5IAdkGHygpACAoKQAhKCkAIkgB0Qkj
199=SAHRCSQoKQAlKCkAJigpACdIAdUNKEgB1Q0pKCkAKkkBJLEUK0kBKKkBLEgBhQEBURwuhQ
200=EAaG8nKQAvQASEdmlvLrGNAkhvJykAMkAEnwYCADMoKQA0SAGMaGpvLgCMaCLAKSddATdA
201=BJsGAQA4KCkAOSgpADpIAYQIam8uAI9+AAA8VAKTCQAAPUgB2eI+SAHZ4j9IAcndQEkBrK
202=1HQUkBpqkBQkkBjIYPAENJAYapAURJAa+hBEVIAcXZRkgBxeRHSAHZBkhJAYu5BklJAay5
203=BkpIASVhPktJAae1AkxIAcVrTUgB0QlOSQGroQRPSAHBBFBIAd02USgpAFIoKQBTKCkAVC
204=gpAFUoKQBWSAHdYldJAYexFFhIAcElWUgB1SNaSAHVDVsoKQBcKCkAXSgpAF4oKQBfSAHF
205=gWBIAcWBYUgB0QliKCkAYygpAGQoKQBlKCkAZigpAGcoKQBoKCsAGAAvq04AABkoKQAaSA
206=HFKRtJAYy5HBxIAdVlHUgBwTseSAHNBR9IAdGjIEkBrKEwIUkBqqkBIkgBzRsjSAHZ4iRI
207=Ad0KJSgpACZIAcEEJ0kBiq0QKEgB3SApKCkAKkgBmNciRmEvACWNKCxUApQGaW8vhAGIby
208=cpAC9ABCfoDdwgaG8nKQAyQAScBmhv2wYCADQoVQA1SAGMaGlvL/VwN1QCmAZob9sGAQA5
209=KFUAOigpADsoKQA8SAElbTo9SAHZHD4oKQA/KCkAQEgBwVxBSAHBXEJIAd0rQ0gB2SdESQ
210=GJnhEARUkBhakBRigpAEdIAdU5SEgB3TZJSAEl9UtKSQGlqThLSAHZPUxIAdHPTUgB3RVO
211=SAHFE09IAdkGUEgBwQRRKCkAUigpAFMoKQBUKCkAVSgpAFZJAYypF1dIAd0VWEgB3QpZKC
212=kAWkgBwVFbSAHBBFwoKQBdKCkAXigpAF8oKQBgKCkAYSgpAGIoKQBjKCkAZCgpAGUoKQBm
213=KCkAZygrABcAMP1tGCgpABkoKQAaKCkAG0gBxR4cSAHJZB0oKQAeSAHJkB9IAdkyIEgB2T
214=IhSAHVAiJIASWRLiNIAckiJEgBwUYlSAHRbCZJAay5PSdJAaapAShIAdkGKSgpACpIAYxo
215=aW8wvDMiwCknKQAtQASYAnTeJ1UAL1QCmAZ03tQCaG8nKQAyQASYBmhvJ1UANChVADUoKQ
216=A2SAHVcDdIAZjXaG/YBmhvJykAOkAEnwoBADsoKQA8SAEn6A0nhQY+VALFHj8oKQBASAHF
217=2UFJAam1I0JIAc0FQygpAEQoKQBFSAHJLUZIAc1zR0gB1S5ISAHdCklJAae9CkpIAdVwS0
218=gBzTFMSAHVDU0oKQBOSAHFCE9IAcUTUEgBzQVRKCkAUigpAFMoKQBUKCkAVSgpAFZJAYyS
219=JgBXSAHBUVhJAYu1AllIAckMWigpAFsoKQBcKCkAXSgpAF4oKQBfKCgACmAAMAD//wAAAA
220=AAYQARAABVDgAgCDAA//8AAAAAAGIAJykAYygpAGQoKQBlKCkAZigrABYAMeUIFygpABgo
221=KQAZKCkAGigpABtJAZBUDkkAHEkBg1wASQAdKCkAHigpAB9JAYlUA0kAIEkBh1wASQAhSg
222=GwAUMBAAAiSQGiqQEjSQGmqQEkSAHNGyUoKQAmSQGroQQnSQGlqQEoSAHNBSkoKQAqSQEk
223=hgwAK0kBKKkBLEgBjwUBAC1IAZMCAQAuKCkAL0gBmQYBWiQxAJkGAU0CMYgFAQACADJQAY
224=8BAgAzKCkANCgpADUoKQA2KCkAN0kBJn8GAQA4SQEiqQE5SAFkAQEAAQA6SQEnjgEAO0kB
225=IKkBPEkBI6kBPUgBpgEAPkgBlxgAAD8oKQBAKCkAQUkBjbEFQkkBhakBQ0gBwTBESAHFCE
226=UoKQBGSQGusSpHSAHBBEhJAZGlCElIAcUISkkBr60FS0kBqakBTEgB2QZNKCkATkkB/aEE
227=T0gBwQRQKCkAUSgpAFIoKQBTKCkAVCgpAFUoKQBWSQGQpRNXSQGKqQFYSAHJDFkoKQBaKC
228=kAWygpAFwoKQBdKCkAXigpAF8oKQBgKCkAYSgpAGIoKQBjKCkAZCgpAGUoKQAVVEfFExYo
229=KQAXSAHVIxhIAcktGUgByS0aSAHZMhtIAc0FHEgB0R8dSQGIsR8eSQGGqQEfSAHNBSBJAY
230=61AiFIAc0QIkgByTgjSAHJOCRIAc1HJUgBzRAmSAEn6w0yAKW1OShUAtEJKSgpACooKQAr
231=SAGbaQAALEgB1VotSAGFawBJbzK/EgEAL1QCjAFqbzIAmAZpbzL1cDLgBGhv2wYCADQoVQ
232=A1KCkANigpADcoKQA4SQEfbwwBADlIAWUBAGpvMgCVAgBIb98KAAA84wQAAD0oKQA+SAHF
233=Hj8oKQBAKCkAQUkBjIILAEJIAdGjQ0gB2TJESAHFCEVJAaylKUZIAdEqR0gBwQRISAHJOE
234=lJAYy9CkpJAYWpAUsoKQBMSAHRNU1IAdkGTkgB1TlPSAHZBlBIAc0FUUgB1Q1SKCkAUygp
235=AFQoKQBVKCkAVigpAFcoKQBYKCkAWSgpAFooKQBbKCkAXCgpAF0oKQBeKCkAXygpAGAoKQ
236=BhKCkAYigpAGMoKQBkKCkAFEi0zRsVKCkAFigpABdJAY+lKRhIAc0mGUgB1WUaSAHZXhtJ
237=AaaxNRxJAfupAR1JAfWpAR5IAcU0H0gByS0gSAHRQCFIAdUCIigpACMoKQAkSAHNBSVJAY
238=alEyZJAa+pDCdIAdl0KEgBzRspKCkAKigpACsoKQAsKCkALUkBHb0KLkgBhAFpbzOEAVFh
239=MChVADFIAY0FAUgqwARobycpADRABJ8GAgA1KCkANigpADcoKQA4SAGQbGhvxAhpbzMo6A
240=3UAmhvJykAPVgG3Vc+SAHZJz9IAd1XQEgB3SBBSAHBMEJIAcWiQygpAERIAdkGRUgB0SpG
241=SAHRKkdIAdEJSEgBybFJSAHRCUpIAcU0SygpAExIAcEETUkBiY4iAE5IAdUCT0gB2QZQKC
242=kAUUgB2RFSSAHBD1MoKQBUKCkAVSgpAFYoKQBXKCkAWCgpAFkoKQBaKCkAWygpAFwoKQBd
243=KCkAXigpAF8oKQBgKCkAYSgpAGIoKQBjKCkAE1Cx1RgUKCkAFSgpABYoKQAXSAHZ1xhIAc
244=E7GUgB2V4aSAHFNBtJAamlYBxIAckMHUgByUMeSAHdKx8oKQAgKCkAIUgBzTEiKCkAI0gB
245=2QYkSAHBBCUoKQAmSQGLtTknSAHBDygoKQApKCkAKigpACsoKQAsKCkALUgBkNp13jSx2g
246=BV3jSgDHTeJykAMUwFJ+gN1AJobycpADRABJwGaG8nVQA2KFUANygpADhIASfoDcwFaW80
247=KOgN1AJobycpAD1YBtlpPkgBwSU/KCkAQEgB3TZBSAHdNkJJAa6xNUNIAc2qREgB0QlFSA
248=HZBkZIAcVgR0gB3StISQGspQhJSQGmqQFKSAHBRktIASWxJ0xIAc0FTUkBpK0FTkkBqqkB
249=T0kBjIYlAFBIAc08UUkBhrUCUkgBwQ9TKCkAVCgpAFUoKQBWKCkAVygpAFgoKQBZKCkAWi
250=gpAFsoKQBcKCkAXSgpAF4oKQBfKCkAYCgpAGEoKQBiKCkAEliuyRcTSAHRYRRIAd0rFUgB
251=3SsWSAHNBRdIAdkyGEgB1SMZSAHJIhpIAc0FGygpABxIAdkGHUgB2QYeSAHJQx9IAd0rIE
252=kBir0rIUkBrK0xIkkBpqkBI0kBjqEEJEkB+bUCJUgBwQ8mKCkAJygpACgoKQApKCkAKigp
253=ACsoKQAsKCkALSgpAC5IAYRraW81JPg7a281ACF4ESLDKTUAJakBMkwFZQEAaW81hAFJAT
254=QoVQA1KCkANigpADcoKQA4SAEn6g01ACWBNzpUAiVVNztIAaILADwoKQA9SAHNXT5IAdEq
255=PygpAEBIAdUuQUkBhqkIQkgByaZDSQGqsSpESAHRCUVIAdkGRkgB2QZHSAHVLkhIAcUISU
256=gBJWE+SkkBqLEJS0gB0WxMSAHBBE1IAcG0TkgB1URPSQGSpRNQSAHVAlFJAYy1AlJIAdlT
257=U0gBzRBUKCkAVSgpAFYoKQBXKCkAWCgpAFkoKQBaKCkAWygpAFwoKQBdKCkAXigpAF8oKQ
258=BgKCkAYSgrABEANqNGAAASKCkAE0gBwRoUSAHdKxVIAd0rFkgBzRsXSAHZdBhIAc0FGUgB
259=zQUaSAHNBRtIASUFIhxIAcl6HUkBiLknHkkBiqkBH0gB3SsgSAHFCCFIAdU5IkgBxTQjSA
260=En6w02APahOyVVAu+pASYoKQAnKCkAKEkB8aEEKUgByQwqKCkAKygpACwoKQAtKCkALkgB
261=J+kNNqAXam82AJQCaG/UAiKYRScpADNYBpAFIqw3J1UANShVADYoKQA3KCkAOEgBJ+kNNu
262=ndOlQCkAkirDfQCXTeJykAPSiBAD5IAdkcPygpAEBIAdlpQUgBzTFCSAElpSBDSAHZBkQo
263=KQBFSAHVREZIAcU/R0gBxWBISAHJOElJAbGpLUpIAdUCS0kBq7UCTEkBpakBTUkBj6UaTk
264=gBwQ9PKCkAUEgByU5RSAHBD1JIAclOU0gB2QZUKCkAVSgpAFYoKQBXKCkAWCgpAFkoKQBa
265=KCkAWygpAFwoKQBdKCkAXigpAF8oKQBgKCsAEAA3/W0RKCkAEigpABNIAc0xFEgBzRsVSA
266=HZMhZJAYW1IxdIAdUCGCgpABlIAc1oGkkBrrEqG0gB1S4cSQGOpQgdSQGsoQQeSAHZoB8o
267=KQAgSQGmoQQhSQGRuQYiSQGJqQEjSAHVDSRIASfrDTcA7bkGJlQCyQEnKCkAKEkB8KEEKU
268=gBg9UAACpJAR69CisoKQAsKCkALUgBI6BRIsEpNyRARXXeNybtKTBABCfpDTeoCWhvJykA
269=M0AEmAJobydVADUoVQA2KCkANygpADhIASfqDTcAI99TAAA6VALdFTsoKQA8KCkAPUgB3R
270=U+SAHZHD9IAdkGQCgpAEEoKQBCSAHZBkNIAclZRCgpAEVJAYyaGABGSAHVREdJAYa1AkhI
271=AdkGSUgBxT9KSAHFa0tIASfpDTcm9UtNVALd205IAcUITygpAFBIAdlTUUgB1U9SSAHBD1
272=NIAdkGVCgpAFUoKQBWKCkAVygpAFgoKQBZKCkAWigpAFsoKQBcKCkAXSgpAF4oKQBfKCsA
273=DwA4/W0QKCkAESgpABJJAayhURNJAaapARRIAd0gFUgB2ScWSAHBZxdIAdkcGCgpABkoKQ
274=AaSQGvsQkbSAHdChxIAd0KHUgBwTAeSAEl2SEfSQGnuQYgSQGpqQEhSAHVDSIoKQAjKCkA
275=JEkB+q0FJUgB3W0mKCkAJygpAChJAfStBSlIAZRlaG/DJQEAK1QCl0gBACwoKQAtSAGEYG
276=hvzAVpbzir3QAAMEAEkAl13jiBCABobycpADNABJgCaG8nVQA1KFUANigpADcoKQA4SAGc
277=bSKaRTgAgGcirDcnKQA7QATVAjxIAYNnAQA9SAHdFT5IAYQTInBhww8BAEBUApsRAQBBKC
278=kAQkgB2QZDSAHVLkQoKQBFSAHFYEZIASfqDTgAyQFIVALBtEkoKQBKSQGGmg0AS0gByUNM
279=SAHZPU1IAd2vTigpAE9JAaaxNVBIAdkRUUgBzVJSSQGMvQpTSQGHqQFUSAHNBVUoKQBWKC
280=kAVygpAFgoKQBZKCkAWigpAFsoKQBcKCkAXSgpAF4oKwAOADn9bQ8oKQAQKCkAESgpABJI
281=Ad0gE0gBxWAUSQGqpR4VSAHFzhZIAdGNF0gB3SsYSQGJpR4ZSAHRHxpIAdEfG0gB0WwcSA
282=HdKx1IAdUNHkkBqbUNH0gB1Q0gSQGLvQohSAHRCSIoKQAjSAElBSIkSAHBDyVIAcHgJkgB
283=1XAnSAHJ3ShIAdEJKUgBJelEKkgBJe1gK0gBnA5ob8QpIl1vOeXOLkAEgFxpbzko6A3IAW
284=lvOYAIiG8nKQAzWAaYAmhvJ1UANShVADYoKQA3KCkAOCgpADkoKQA6KCkAOygpADxIAYBn
285=aG8nvQI+VAIj6Dlob8APaW85JuE4QUEEIIoTAEJIASUNOUNIAcElREkBrKU0RUgB0WFGSQ
286=GMuQZHSAEn6Q059XBJKFUASigpAEtIAcE7TEgBzWhNSAHBUU5JAae1DU9JAaWpAVBIAdkR
287=UUgBxT9SSAHBD1NJAYa5EVRIAc0FVUgBzQVWSQGFoQRXSQGHqQFYSAHNBVkoKQBaKCkAWy
288=gpAFwoKQBdKCsADQA6/W0OKCkADygpABAoKQARKCkAEigpABNJAbG5HBRIAckiFUgBxRMW
289=KCkAF0gBweAYSAHNBRlIAdUCGkgB2QYbSAHRKhxIAd1tHUgB3W0eSAHMBQcfADoA//8AAA
290=AAEQAAQA4AIAUAIAA6AP//AGEAISgpACIoKQAjSQGQewMAACRJAYqpASVKAfYBjQEmSQHt
291=qQEnKCkAKEkB77UCKUkB8akBKkkBJJYGACtJASipASxIAYcBAQAtKCkALkkBJpoCAC9JAS
292=WpATBJAR1rAQEAMUgBZAEBAAIAMigpADMoKQA0KCkANSgpADYoKQA3KCkAOCgpADkoKQA6
293=KCkAOygpADxJAR9nDwEAPUgBZAEBAAEAPigpAD8oKQBASAHVGEFJAR6SBQBCSQEiqQFDSg
294=H//40BREkBr6ElRUkBqakBRkkBjJ4DAEdJAYOpAUgoKQBJSQGItQJKSAHFNEtIAd0KTEkB
295=jaEETUkBhakBTkkBh6kBT0kBq7UNUEkBpqkBUUgBxT9SSAHJDFNIAckMVEgByQxVSAHRFF
296=ZIAdEUV0kBhqkMWEgBzQVZKCkAWigpAFsoKQBcKCgAAQwAOwDZBg0oKQAOKCkADygpABAo
297=KQARKCkAEigpABMoKQAUKCkAFSgpABYoKQAXSAHRHxhJAYm1GBlIAc0bGkgBxSkbSAHFKR
298=xJAbG5Jx1JAf2pAR5JAa6pAR9IAc0xIEgB2QYhSQGsoQQiSQGmqQEjSQH3qQEkSAHZaSVI
299=Ad1tJigpACcoKQAoKCkAKUkB8KUIKkgBxSkrSAHVcCxIAdVwLUgBlxwBAC4oKQAvKCkAME
300=gBmAZpbztEh1UFAUpvOwCHCAEAM0AETQIAQXI0KCkANSgpADYoKQA3KCkAOCgpADkoKQA6
301=KCkAOygpADxIASfpDTuQDYhvJykAP0AEmwIBAEAoKQBBKCkAQkgBhwgAAENIAckiRCgpAE
302=UoKQBGSAHRQEdJAYiCCwBISQGKqQFJSAHFCEpJAaypLUtIAck4TEkBjK0FTUgBzUdOSAHF
303=CE9JAau5BlBJAampAVFIAd0KUigpAFMoKQBUKCkAVUgByQxWSAHRFFdIAckMWEgB0QlZKC
304=kAWigpAFsoKwALADz9bQwoKQANKCkADigpAA8oKQAQKCkAESgpABIoKQATKCkAFCgpABUo
305=KQAWSQGssR8XSAHZJxhIAckXGUkBjKUpGkgB2RwbSAHZHBxIAc0FHUkBsLEJHkgB0SofSA
306=HFCCBJAYaxCSFJAa+tBSJIAc0FI0kB+rUCJEgB3W0lKCkAJigpACcoKQAoKCkAKSgpACpI
307=AdF3K0gBzeEsSAGZaQBV3jytaABJbzy9EgFU3icpADBMBZgCaG8nVQAyVALN4TNIAYMEAg
308=A0KCkANSgpADYoKQA3KCkAOCgpADkoKQA6KCkAOygpADxIAYBndN4nDQI+VAKDDwEAPygp
309=AEAoKQBBKCkAQkgBzeFDSAHN4UQoKQBFSAHZ4kZIAdU5RygpAEgoKQBJKCkASkgByThLSA
310=HJOExIAdk9TUgB2T1OSQGsoTtPSQGlqQFQSAHVDVEoKQBSSAHFuFNJAY2eHABUSQGFqQFV
311=SAHdClZIAcUIVygpAFgoKQBZKCkAWigrAAoAPf1tCygpAAwoKQANKCkADigpAA8oKQAQKC
312=kAESgpABIoKQATKCkAFCgpABUoKQAWSAHZJxdIAdknGEgBwRoZSQGSpR4aSAHZJxtJAaa5
313=JxxIAc0FHSgpAB4oKQAfSQGQpQggSAHRdyFJAYm1AiJIAdEqI0kBh7UCJEgBJZUpJUgB1X
314=AmKCkAJygpACgoKQApKCkAKigpACtIAc3hLEgB3RUtSAHVcC5IAYXZAElvPacQAQAwVAKM
315=AWhvJ1UAMlQCmAZ13j2xdwFIb8MEAgA1QASbBgIANigpADcoKQA4KCkAOSgpADooKQA7KC
316=kAPEgBJ+gNyAwiwCknKQA/QASUDXTeJ1UAQShVAEIoKQBDKCkARCgpAEVIAYsMAABGSAHV
317=I0coKQBIKCkASSgpAEooKQBLKCkATEgB2T1NSAHBtE5IAd1MT0kBqa1HUEgB1Q1RKCkAUi
318=gpAFNJAYyQG0pvPQDJ6FVVAoa1AlZIAcUIVygpAFgoKQBZKCsACQA+/W0KKCkACygpAAwo
319=KQANKCkADigpAA8oKQAQKCkAESgpABIoKQATKCkAFCgpABUoKQAWKCkAFygpABgoKQAZSA
320=HJkBpIASWlIBtJAaW5JxxIAcGTHUkBhakiHkkBi6kBH0kBsK0FIEkBpqkBIUgBzSYiSAHd
321=KyNJAYa5BiRIAcHgJUgBJ+oNPgDJAScoVQAoKCkAKSgpACooKQArSQH0oQ8sSAHBDy0oKQ
322=AuSAGE2WlvPqQQaG8nKQAxQASYAiLAKSdVADNUApgGaG/UAmhvJykANkAEmwYCADcoKQA4
323=KCkAOSgpADooKQA7SQEnfQYBR7U+ACOpAT1UAmQBI8ApyAx03icpAEAogQBBSQEhcwUBAE
324=JIAYvdAQBDSAGf2wEAREgBiwwAAEVIAYgMaG8neQpHVALBJUgoKQBJSAHZPUpIAd2kS0kB
325=rL0rTEkBpqkBTUgBzUdOSQGPexEAAE9IAd0KUEgB2QZRSAHZBlJIAcEEU0kBkLkGVEgB2b
326=ZVSAHJelZIAc0FVygpAFgoKwAIAD/9bQkoKQAKKCkACygpAAwoKQANKCkADigpAA8oKQAQ
327=KCkAESgpABIoKQATKCkAFCgpABUoKQAWKCkAFygpABhIAckiGUkBpKUpGkkBp6kBG0gBxZ
328=ccSQGMtSMdSQGGqQEeSQGurQUfSQH5qQEgSQGxqQEhSAHNJiJIAcUII0gByZskSQGHsQkl
329=SAHB4CZIASfpDT/1cCgoVQApKCkAKkgByd0rSAHVDSwoKQAtKCkALkgBjGhpbz+4DmhvJy
330=kAMUAEmAJqbz8A1VozVAIjSEZob8wFaG8nKQA2QASYBmhvJ1UAOChVADkoKQA6KCkAO0gB
331=nNBob9gGIsApJ+EBPkAE2Wk/SAHZaUBIAZcNAQBBSAGAGmhvxQgCSm8/AN0KREAEJRkqRU
332=gBhAhobyelCkdUAs0mSEgBzWhJSAHRNUpIAdk9S0kBr6E7TEgByUNNSQGRnhEATkgBwWdP
333=SAHBO1BIAdkGUUgB2QZSSAHBD1MoKQBUKCkAVSgpAFYoKQBXKCsABwBA/W0IKCkACSgpAA
334=ooKQALKCkADCgpAA1JAZOpFw5IAdkRDygpABBIAckiEUgBwQQSSAHVAhNIAdUCFCgpABUo
335=KQAWKCkAFygpABhJAaulKRlJAaWpARpIAdEJGygpABxIAc0xHUgBzTEeSQGxuQYfSQH8qQ
336=EgSAHFCCEoKQAiSAHFCCNIASfqDUAA0QklVALB4CZIASfpDUAo6A0nKQApKIEAKkgByd0r
337=SAGXZQAALEgBkFYirjdAAMkBLlQCjGhpb0CsLmhvJykAMUAEmAJqb0AA1Voz9AIirDfMBW
338=hvJykANiiBADcoKQA4KCkAOSgpADooKQA7SAGcYmhv0BRqb0AAkBQiwCkniQE/TAXZaUBI
339=AdEUQUgB0RRCSAGUAmlvQCjoDcUIAVTe1AJobyfRCkdYBtE1SCgpAElIAd3QSkgB2WlLSQ
340=GJjgwATEkBi6kBTUkBrKU/TkkBpqkBT0kBjKEEUEgB2QZRSAHZBlJIAcEPUygpAFQoKQBV
341=KCkAVigpAAZYjdkGBygpAAgoKQAJKCkACigpAAsoKQAMKCkADSgpAA4oKQAPKCkAECgpAB
342=EoKQASKCkAEygpABQoKQAVKCkAFigpABcoKQAYSAHVkRlJAaetJhpIAcHgG0gBxSkcSAHF
343=KR1IASUhIB5IAdl/H0gBJYkiIEkBhbUuISgpACJIAd1tI0gB1TkkSAHVAiVJAYe5BiZIAc
344=HgJ0gB1XAoKCkAKUgByd0qSAHNMStIAYBRaW9BpKIicWFBtAoihFMnKQAvTAWYAmhvJ1UA
345=MShVADJIAZAJIqw3wARobycpADVABIQIIqw3J1UANyhVADgoKQA5KCkAOigpADsoKQA8KC
346=kAPSgpAD4oKQA/SAEn6A3UDXbeQQAlQTpCQQQgfBEiwSlBJvUqRFQCcQIAaW9BoHJob9cj
347=AABHQATZJ0goKQBJKCkASigpAEsoKQBMKCkATUgB2UhOSQGpuUhPSAEl9UBQSQGstQJRSA
348=HFSlJIAcEPUygpAFQoKQBVKCsABQBCtzkAAAYoKQAHKCkACCgpAAkoKQAKKCkACygpAAwo
349=KQANSAEn1htCAMlZD1QCxRMQKCkAEUgBwQQSSAHBBBMoKQAUKCkAFSgpABYoKQAXKCkAGC
350=gpABkoKQAaSQGroSUbSQGlqQEcSQGOjDhIwSeRAh5UAs0QH0kBjKEEIEgB2WkhKCkAIkkB
351=hqEEI0gB1RgkSAHZBiVIAcl6JkgBJ+kNQijUGycpAClABCfoDSdZBitUApRlaW9CrA1qb0
352=IAJbkzLkAEJ5hFJ4EAMFQCkAUimEUnVQAyVALVWjNJASBkBCLBKUIm9WE1VAKTCQEANkgB
353=fQMAIsApxwgCADgoVQA5KCkAOigpADsoKQA8KCkAPSgpAD4oKQA/SAEn6A0nQQNBVAKFEw
354=BAAcQTInFhQiRbSAAARFwChBNpb0Io6A0nzQRHQATJOEgoKQBJKCkASigpAEsoKQBMKCkA
355=TSgpAE4oKQBPKCkAUEgBzXNRSAHNc1JIAcEPUygpAFQoKwAEAEP9bQUoKQAGKCkABygpAA
356=goKQAJKCkACigpAAsoKQAMKCkADSgpAA4oKQAPKCkAECgpABEoKQASKCkAEygpABQoKQAV
357=KCkAFigpABdIAdXTGEkBhZ4yABlIAcXOGkgBJ+oNQwDBJRxUAiUFIh1JAYm5Bh5IAcUIH0
358=gBxdkgSAEn6g1DAMkBIihVACNIAdkGJEgBwXIlSQH7oX0mSQHyqQEnSAEn1RtD9XApVAIn
359=6A0nhQYrVAIn6Q1DqBRpb0PpTi4ogAAELwBDAAAAABEAANoOACAGAAABADAAQwAAYAACAQ
360=AxAENgAXUCMigpADMoKQA0KCkANUkBHXcFAQA2SAFkAQEAAgA3KCkAOCgpADkoKQA6KCkA
361=OygpADwoKQA9KCkAPigpAD9JAR9vDAEAQOsBAABBSAFwAk0AQigpAENJASRIAkkAREkBIF
362=wASQBFSQEjXABJAEZKAf//QwEAAEcoKQBIKCkASSgpAEooKQBLSgGsAZkGTEkBpqkBTUgB
363=0QlOKCkATygpAFAoKQBRKCkAUigpAFMoKAABAwBEANEJBCgpAAUoKQAGKCkAB0kB/a0QCE
364=gB2QYJKCkACkkB+6EEC0kB9akBDEkBk5IYAA1IAcUIDkgB1QIPSAHRCRBIAdUCEUkBsqUI
365=EkgBwQQTSAHBBBRIAdUCFSgpABYoKQAXSQGMoQ8YSQGDqQEZSQGGqQEaSQGxqQwbSAHFEx
366=xIAd0KHSgpAB5JAY65Bh9JAfm5BiBIAckMIUgByQwiSQGIrQUjSAHVAiQoKQAlSQGFoQQm
367=SQGHqQEnSQH6vQooSQHyqQEpSQH0qQEqSAHFEytIAclOLEgByU4tSAHJTi5IAZdlAAAvSA
368=GEDGlvRIUBAGhvJykAMiiBADMoKQA0SQEhdwUBADVJASWpATZIAWQBiG/HCAIAOChVADko
369=KQA6KCkAOygpADwoKQA9SQEndwkBAD5JASCpAT9IAZQYam9EAJRwaG/XDQAAQkAEaAVNAE
370=MoKQBEKCkARSgpAEZIAc0mRygpAEgoKQBJSQGNRAlJAEpIAc0xS0kBr7UuTEkBqakBTUgB
371=0QlOKCkATygpAFAoKQBRKCkAUigrAAIARf1tAygpAAQoKQAFKCkABigpAAcoKQAISAHRbA
372=lJAfGlEwpIAcUTCygpAAwoKQANKCkADigpAA8oKQAQKCkAESgpABIoKQATKCkAFEkBrqEP
373=FUgBwQ8WKCkAF0kBkEQqSQAYSAHRYRlJAYpIAkkAGkgB2QYbSQGssQkcSQGqqQEdSAHBBB
374=5JAZJMBkkAH0kB/KEEIEkBjEgCSQAhSQGKXABJACJIAdkGI0gBwQQkSAHNECVIAcFyJkgB
375=2QYnSAHZBihJAbCpDClJAaSpASpJAaapAStIAc0FLCgpAC0oKQAuSAHNcy9IAZdaAAAwSQ
376=EoRBRJADFIAVgAtd5FhAEBAAEAM1QC3W00SAHdbTVIAYUEAlTezAV03icpADgogQA5KCkA
377=OigpADsoKQA8SAHdbT1IAdFsPkgBiwwBAD8oKQBASQFMWgIBBFXeRVABTQEESG+oAUkhQ6
378=wCWAJYW9kRAEwCJykARlABwSVHKCkASCgpAElIAcU0SkgB2TJLSAHVcExIAcUITSgpAE4o
379=KQBPKCkAUCgpAFEoKwABAEb9bQIoKQADKCkABCgpAAUoKQAGKCkABygpAAgoKQAJSAHNtQ
380=pIAcndC0gB3RUMSAHB1Q1JAbJAJkUlDkgBwQQPSAHFzhBIAdUCESgpABJIAcEEE0gBwQQU
381=SAHN1hVIAdUCFigpABcoKQAYKCkAGSgpABooKQAbSAHRCRxIAdUNHUkBj1AVSQAeSAHJDB
382=9IAd2kIEgBwWchSQGsrRsiSAHJZCNJAZJYB0kAJEgB3QolSQGOSAJJACZIAd0KJygpACgo
383=KQApSQGvvQoqSQGnqQErSAHBcixIAdUNLUgB0QkuKCkALygpADBIAc3hMUgBXA+pb0aEAY
384=pvRgCDBAEANOEEAlTewARobycpADcogQA4KCkAOSgpADooKQA7SAHdbTxIAd1tPUgBhA90
385=3thTam9GAHxtAQIEAEBABGkBA2hvwARob2BqAwAABAQAQ0AEemwFAEhvxBNobycpAEZABM
386=kiRygpAEgoKQBJSQGMkhAASkkBg6kBS0gBwTtMSAHFCE0oKQBOKCkATygpAFAoKwACAEf9
387=bQMoKQAEKCkABSgpAAYoKQAHKCkACCgpAAkoKQAKKCkAC0gBxUoMSAHRFA1IAdUCDkgB1Q
388=IPSQGurUcQSAHVAhEoKQASKCkAE0gBJVknFEgB0XcVSAHZBhYoKQAXKCkAGCgpABkoKQAa
389=KCkAG0gBwWccSAEl3ScdSAHVLh5JAYmhMB9IAcEwIEgBwQ8hSQGrtRgiSQGpqQEjSAHBBC
390=RIAckMJUgB3QomSAHVDScoKQAoKCkAKUkBh6EPKkgB0QkrSAHJbyxJAaK1DS1JAaSpAS5I
391=AclvL0gB2QYwSAGPaAAAMUgBmwoBADIoKQAzSAGABHFsR50DAHJsRwDJZDZBBCB/AgEANy
392=gpADgoKQA5KCkAOigpADtIAcVrPEgBmxEBAD0oKQA+SQFPfQoEXttHAGgBUdpAVAJxAgBw
393=bNgRcGwilChcAnBsqAFRHkRMBZwKcGwngQtGKFUARygpAEhIAc0xSUgBzTFKSQGGWApJAE
394=tIAdEJTCgpAE0oKQBOKCkATygrAAMASOVrBCgpAAUoKQAGKCkABygpAAgoKQAJSAHJZApI
395=Ac0QCygpAAwoKQANSQGPUBVJAA5IASVBJA9IAdVPEEgBxQgRKCkAEkgBJXEqE0gBJd0yFE
396=gBxQgVSQGqRCpdChZIAcUIFygpABhIAdknGUgB3VcaKCkAG0gBJS0nHCgpAB1IAd0rHkkB
397=rKkMH0gB0VYgKCkAIUkBpaEEIkgBzRAjKCkAJEkBjEQUSQAlSAHJOCYoKQAnKCkAKCgpAC
398=lIAc0QKkgB3QorKCkALEkBr6EPLUgBxWsuSAHZES9IAdkGMEgBlGV5aUhEEUgAeGknKQAz
399=4AR4adQCeWlIJMA0IpBE1AJ4aScpADhYBkgJYeA5KCkAOkgBl3AAADtIASWdKjxIAZgReW
400=lIlNNBZz5UAm1oAnhp3Aps1icpAEFABIgMeGnQVnhpItA1mddEQAQiMDdZ10VIAYkMAEzI
401=zAUikEQnKQBIQATNMUlIAc0xSkgByS1LSAHFCExIAc1HTUkBhZIQAE5IAdecBABJ7WgFKC
402=kABigpAAcoKQAISAHVZQlIAckMCigpAAsoKQAMKCkADUgBJekjDkgB2QYPSAHByhBIAdUC
403=ESgpABJJAbKpQxNIAcEEFCgpABUoKQAWSAGqGwAXKCkAGEkBkLkCGUgBwSUaSAHBJRtIAd
404=0KHCgpAB1JAZK5Bh5IAdnMH0kBp7kRICgpACFIAdl/IkgByS0jSAHJLSRIAcEPJUgB2XQm
405=SAHVAicoKQAoKCkAKSgpACpJAYm5EStIAd0KLEkBh7UCLUgB0RQuSQGlsRQvSAHNGzBIAS
406=fhDEmwBmBnJykAM0AEI3g2YmdJAMXONVQC1cg2SAGcBmBnJ9kAOChVADkoKQA6SAElgUI7
407=SAHNEDxIASIAJ0lkPcgBAQMEAD5IAZwKYGfcCmBnJykAQSiBAEIoKQBDSAF0ZUHVRMgBUR
408=5FSAHVDUYoKQBHKCkASEgB3UFJSAHNMUpJAYqSEABLSAHFCExIAdFsTUkBg6MEBQBK9WUG
409=KCkABygpAAgoKQAJKCkACigpAAtJAbJQFV0JDEgB1Q0NSAEloSUOSAHdYg9IAcEEEEgB1Q
410=IRSAHVAhIoKQATSAHZzBRIASX1NRVIAUQNaQAWKCkAFygpABhIAcEPGUgB1SMaSAHJIhtI
411=AdUNHCgpAB1JAay1GB5IAclOH0gBzQUgSAHJhSFIAd1iIkgBxSkjKCkAJEgBwXIlSAHZBi
412=ZIAdkRJ0gB0TUoSAHFCClIAdkGKkgB2QYrSQGMfx0AACxIAcEELUgBJ4oMSgDdFS9UAt0V
413=MEgBhGBuy0oA1b0yVAKMCSIpQkqFAQBoZCcpADUogQA2KCkANygpADgoKQA5KCkAOkgBJ4
414=gMJ0UJPFUCUFAMQco9SAFEAUjDSGTUDWhkJykAQCiBAEEoKQBCKCkAQ0gBjBsiDFsiFE9M
415=CSJMTagBWcxG4ARsyycNAkgoVQBJKCkASigpAEsoKQBMSAHFNAZIZ5cNAAAHKCkACCgpAA
416=koKQAKKCkACygpAAxIAd1iDUgBJSFBDkgBJTlPD0gBiyIAABAoKQARKCkAEigpABNIAdEJ
417=FEgB2QYVSAHNXRZIAdUCF0kB96lZGEkB7akBGUgBwQ8aSAHNGxsoKQAcKCkAHUgB0UseSA
418=HRSx9IAdkGICgpACFIAc0mIkgByVkjKCkAJCgpACVIAcm8JkkBrKUTJ0kBpqkBKEkBjLkY
419=KUgB0QkqSQGFtQIrSAHVAixJAYa1Ai1IASXNJS5JAaWxCS9IAd0VMCgpADFIAd1iMkgB3W
420=IzSAGMCXFhS4QBXWI1KFUANigpADcoKQA4KCkAOUgBgwcEADrIAVleO0gBZGBRxDzIAQED
421=BAA9SAGMDHzFkAZOWQA/VAKYin/FSwCFZAQi3jJLAIwmIqAlJ60AQ0wFfQMAcGEiCGlQAX
422=BhqAFdH0ZABNEfRygpAEgoKQBJKCkASigpAEsoKwAHAEzlwwgoKQAJKCkACigpAAsoKQAM
423=KCkADSgpAA5IASVNVw9IAclZEEgBQBdpABFIAdnBEkgBaAJNABMoKQAUSAHVWhVIAdVaFk
424=kB71gdTQUXSAHVAhgoKQAZKCkAGkgBxWAbSAHVIxwoKQAdSAHZSB5JAam9Ch9IAc0FIEkB
425=sLUCIUkBqqkBIkkBkEAQSQAjSAHduiQoKQAlSQGKVANJACZIAcVrJ0kBpaUIKEgBxQgpSA
426=HFCCooKQArSQGDWAdJACxIASfaC0wA0cQuVQKtsQkvSAHdFTBJAay1AjFJAaapATJIASXx
427=JDNIAU0KAE1dNCgpADUoKQA2KCkANygpADgoKQA5SAF0UkFcOkgBkwkEADsoKQA8KCkAPU
428=kBjWQEeV5M4Vw/VAKMG3peTADJAUEoVQBCSQGFuQZDSAHRYURIAZgceF4i5HRIaCKcV6gB
429=WcFH4gQAACJYM48FAABJKFUASigrAAgATe1dCSgpAAooKQALKCkADCgpAA0oKQAOSAHVWg
430=9IAdUNEEgBxTQRSAFwGE0AEkgByVkTSAHdVxRIAd1XFSgpABYoKQAXKCkAGCgpABkoKQAa
431=KCkAG0gB3QocKCkAHSgpAB4oKQAfKCkAICgpACEoKQAiSAHBZyNIAcVKJEkBqKVKJSgoAA
432=EmAE0AEQAA3Q8AIAGiAQAAQAACJwBNAKWpAShKAf//TwIAACkoKQAqKCkAK0kBjJ4DACxJ
433=AYapAS1JAbClCC5JAampAS9JAY+hBDBJAa+1AjFIAcEEMkkBJKEEM0kBKKkBNEgBhwEBAD
434=UoKQA2KCkANygpADgoKQA5SQFTfwYEADpIAWQBAQAEADsoKQA8KCkAPUgBlxgEAD5JAYNz
435=BQQAPygpAEAoKQBBKCkAQigpAENIAZMfBABESAFgCFUNRUkBQ28BBABGyAFRHkdIAdEqSC
436=gpAEkoKAABCQBOAMEECigpAAsoKQAMKCkADSgpAA5JAf1cC0EOD0gBxQgQSAFEAmkAESgp
437=ABJJAfatBRNJAe2pARQoKQAVKCkAFigpABcoKQAYKCkAGSgpABooKQAbKCkAHCgpAB0oKQ
438=AeKCkAHygpACAoKQAhKCkAIkkB8LEUI0kBsakBJEkB96kBJUkB8akBJkgB0UsnSAHRSyhI
439=AdUjKUkBrq0FKkgBwSUrSAGRQABKWU4Ak0AAAC1VAotzJwAALkgBxQgvSAHNBTBJAYWhBD
440=FIAc0FMkgBsgIAM0gB1Vo0SQEguQI1KCkANigpADdIAdleOEgBiwUBADlIAWlZAWlZTpAC
441=UUs7VAKPAQQAPCgpAD1IAYQTaFnUGGhZJykAQEAEjxsEAEEoKQBCKCkAQ0gBJygLJ7UBRV
442=QCgCVqWU4AdFoBBAQAR1QCaAEBBQAASEgBgAQCAAAKAE/9VwsoKQAMKCkADSgpAA4oKQAP
443=KCkAEEgBwTsRSQHvsTUSSAHFVRMoKQAUKCkAFSgpABYoKQAXKCkAGCgpABkoKQAaKCkAGy
444=gpABwoKQAdKCkAHigpAB8oKQAgKCkAISgpACIoKQAjSAHVGCRIAdUYJSgpACZIAcEEJ0gB
445=yVkoSAHBqSlIAclZKkgByS0rSQGQlEBTVk8AiqkBLVUCrK0mLkkBpqkBL0gBzQUwSAHNBT
446=FIAc0FMkgBzQUzSAGuCQA0KCkANSgpADYoKQA3SQEdsQU4SAGEAXNWTwBUbAFxVk9hAQCQ
447=VicpADxNBY1/AgQAPUgBzVI+KCkAPygpAEAoKQBBKCkAQigpAEMoKQBESQGHvQpFSAFkAU
448=EPRkkBQmwBclZPAGgBVyILAFDlVQwoKQANKCkADigpAA8oKQAQSQH6WAddCRFIAdU5Eigp
449=ABMoKQAUKCkAFSgpABYoKQAXKCkAGCgpABkoKQAaKCkAGygpABwoKQAdKCkAHkkBXlgSSQ
450=AfyAFdFCBJAVtIAkkAIcgBVQIiyAFVAiPIAVUCJEkBgEgCSQAlyAFVAiZIAdkcJ0gBybEo
451=SQGRQAVJAClJAYlcAEkAKkgBgzAAACtIAdFLLEkBpEQJQQQtSQGnqQEuSQGpqQEvSAHVWj
452=AoKQAxSQGroQQySQGlqQEzSAFACWkANCgpADUoKQA2SQEhewMAADdJASWpAThIAYQBeVNQ
453=mFONqlCRAgAieCAnKQA8TQWMfAJ5U1C4wWyqJykAP0AE0VZAKCkAQSgpAEIoKQBDKCkARE
454=kBhr0KRUgBZAFBD0YoKwAMAFHtUg0oKQAOKCkADygpABAoKQARSAHF+hJIAdE1EygpABQo
455=KQAVKCkAFigpABcoKQAYKCkAGUkBeZYUABrIAU0wG0kBWrUCHMgBVQIdSQFctQIeSAFgUQ
456=ECAAAfyAEBAwAAIEgBYFFVAiHIAVUCIsgBVQIjyAFVAiRJAYBQCVUCJcgBVQImSAHNGyco
457=KQAoSAHVpylIAdWnKkkBkkQISQArSAElTSAsSAHJTi1JAftcFkEELkkB9akBL0gBJyAKJy
458=0GMVQCJyIKUQAnIQpRUAeJADRABIMBAAA1KCkANkgB0aM3SAGDBAEAOCgpADlIAXBOgFHQ
459=CWBRJykAPEAEJyEKUSggCicpAD9ABCcgCidVAEEoVQBCKCkAQygpAERIAScgCie3AQ0AUv
460=VPDigpAA9IAd3xEEgByS0RSAHNMRIoKQATKCkAFCgpABUoKQAWKCkAFygpABgoKQAZSAFo
461=TkU/GsgBRT8bSAFoTlUCHMgBVQIdSAFoTkk3HkgBaU4Eak5SAGkBBWtOUgA9VANNBSFBBD
462=5IAUUIIsgBVQIjSQE8tQIkSQF4ijQAJcgBQQMmSAFoDEEDJ0kBf1wASQAoyAFBBClIAd0g
463=KkgB1U8rSAGc2yI/KVIAhUwGSQAtVALJAS5JAYlIAkkAL0gB1QIwSQGHSAJJADFIASfLCV
464=IApUgNVQIzVAJYAGkANEgB1Zw1SQEebwIAADZIAaQBT59SAExMAVFLOFQCfEwBAgQAOckB
465=A2nzUlgDSABqTlIAnBUiPSlS/Uw9TQWDXQMAbJ8nVQA/KFUAQCgpAEEoKQBCKCkAQygpAE
466=QoKwAOAFP9TA9IAcWXEEgBxSkRKCkAEigpABMoKQAUKCkAFSgpABYoKQAXKCkAGCgpABlJ
467=AWFhGgBemVMAaAFdKhtUAtVEHEgB3UEdyAFVRB5JATpABU1HH8gBVQIgSQE7VAJJACFIAX
468=gGSQsiyAFVAiNJAT5cAFUCJEgBcEtFCCXIAUUIJkgBcEtNBCdIAXBLQQQoyAFBBClIAcki
469=KkgBxe8rSAElLScsSAGENCKxMlMmCSguVALRmC9IAYOIAAAwSAGPfgAAMUgBxaIySQGpQB
470=BRFDNIAVgAaQA0SQEdYAF8mSL4MU0BAVFLU4RKWUg3QARySwMEXJnABHBLJykAOkAEUAYk
471=3idTAIwQcUtTKHAJJykAPk0Fg3AFIrAyJ1UAQChVAEEoKQBCKCkAQygpAA9c+ScaCVQAzS
472=YRVQJ6fwoAABLIAUUdE0gBfNBBAxTIAVUCFUgBZIxVAhbIAVUCF0kBXUgCSQAYyAFVAhlI
473=AWxHUTUayAFRNRtIAXg9QQQcSAFgRlkGHcgBVQIeSAHVRB/IAVUCIEgBeEhFCCFIAWAEXQ
474=oiyAFVAiNIAXwKVQIkyAFVAiVIAWgMSQEmSQE9RAlBBCdJAXNUDkkAKMgBQQMpSAHJIioo
475=KQArSAHZlSxIAdHlLUgBJaE7LkgBJxoJVADJTjBVAohcC0kAMUkBi1wASQAySAHNBTNIAU
476=QCaQA0SAEl+Ts1SAEl+Ts2SAEldTA3SAFgBUWMOCgpADkoKQA6KCkAO0gBJxkJVCgYCScp
477=AD5ABCcYCSdVAEAoVQBBKCkAQigoAAIQAFUA8lQkXRARSAFgRkUpEsgBXSsTSAFgRlUCFM
478=gBVQIVSAFgRlUCFsgBVQIXSAFgRlUCGMgBVQIZSQFfXAtJABrIAUEOG0gBYDtBBBxIAXQ5
479=WQYdyAFVAh5IAd1BH8gBVQIgSAF4BkUIIUgBeAZdCiLIAVUCI0gBYARVAiTIAVUCJUgBfE
480=xJASZIAcEEJ0gBYEZBDyjIAUkMKUgBJ8EIVflpKyhVACxIAc1HLUkBk0gNSQAuSAHRQC8o
481=KQAwKCkAMSgpADIoKQAzKCkANCgpADUoKQA2SAFgRkXZN0gBRA15ijgoKQA5KCkAOkgBxd
482=k7SAHdQTwoKQA9KCkAPigpAD8oKQBAKCkAQSgoAAIRAFYAZIQPTImoAUUpE1QCaG9NJhTI
483=AUUpFcgBVQIWSAF0LlUCF0gBaEMBBAAAGMgBAQUAABlIAWhDQQQayAFZBhtIAXgGSQwcSA
484=FwQE0PHcgBVQIeSAFgBFUCH8gBVQIgSAFgO0UIIUgBaENdCiLIAVUCI0gBYARVAiTIAVUC
485=JUgBcAlJASZIAcEEJ0kBdFwLSQAoyAFJDClIASdpCFYoaAgnKQAsKIEALUgBJbkoLigpAC
486=8oKQAwSAHZSDFIAc1HMigpADMoKQA0KCkANSgpADZJAVVEFEGIN0gBZAFJATgoKQA5KCkA
487=OkgBwYg7SAEnaQhWKCwRJykAPiiBAD8oKQBAKCgAARIAVwDZMhPIAVUjFEgBeCddEBXIAV
488=UCFkgBbDFVAhfIAVUCGEgBzQUZyAFVAhrIAU0FG8gBVQIcSAHFCB3IAVUCHkgBfDZNBR/I
489=AVUCIEgBbFJVAiHIAVUCIkgBzQUjyAFVAiRIAc0FJcgBVQImSAHNBSdJAXdECUkAKMgBQQ
490=QpSAFkolUCKsgBVQIrSQGASAJJACzIAVUCLUgBwUYuKCkALygpADAoKQAxSAHBRjJIAclD
491=M0gByUM0KCkANSgpADZIAXBAnYNXJGgpIl0iV0QRSAAiXCInKQA6TAWE2SLSK1cAhNkiXS
492=JXKBAIJykAPkwF1UQ/KCsAEwBYhD9VZRRIAWg4WWkVyAFVAhZIAXA1VQIXyAFVAhhIAc0F
493=GcgBVQIayAFNBRvIAVUCHEgBxQgdyAFVAh5IAXgyTQUfyAFVAiBIAWg4VQIhyAFVAiJIAc
494=0FI8gBVQIkSAHNBSXIAVUCJsgBUTUnSAF4PVEJKMgBQQQpSAF4PVUCKsgBVQIrSAF4PVUC
495=LMgBVQItSAEnuQdY/YMvKFUAMCgpADEoKQAyKCkAM0gBJTU+NEgBxT81KCkANkkBMVw6QQ
496=83yQEDez1YADRVAgB5PVjxQDpABHACVQI7KCkAPEgB0UA9SAHRQD4oKwAUAFmMPEkHFcgB
497=VSMWSAF4MlUCF8gBVQIYSAFgO1UCGcgBVQIaSAHdgxvIAVUCHEgBYDBNBR3IAVUCHkgBzQ
498=UfyAFVAiBIAdUNIcgBVQIiSAHFCCPIAVUCJEgBzRAlyAFVAiZIAWwFWTInSAFgBEkBKEgB
499=dAJZJynIAVUCKsgBVQIrSQFyRBRJACzIAVEJLUgBJ2EHWShgBycpADAogQAxKCkAMkgBJd
500=0yM0gBJellNEgBJZUpNUgBzTw2KCkAN0gBbDxF5DhIAWA7RRM5yAFZPTpJATNEFIE7Wfk9
501=PFQCcAJVAj0oKAABFQBaAHAfRQMWyAFBGhdIAXwgVQIYyAFVAhlIAc0xGsgBVQIbSAHFCB
502=zIAVUCHUgBcGxFCB7IAVUCH0gBZAhRKiBIAWg4SRchyAFVAiJIAWAPVQIjyAFVAiRIAWgM
503=VQIlyAFVAiZIAXAJXQonSAFwCUkBKEgBdAJBDynIAVUCKkgBYARVAitIAWg4UQksyAFRCS
504=1IAScJB1ooCAcnKQAwKIEAMSgpADJIAScKB1oAJeE4NFQCJU1XNUkBqkAQQQ82SAHVOTco
505=KQA4KCkAOUgBdDlBOzpIAWg4URQ7yAFBOzxIAUAJIocnFgBbnDZJFxdIAc0mGMgBVQIZSA
506=F8IEUIGsgBVQIbSAHFKRzIAVUCHUgBcDVNBR7IAVUCH8gBVRcgSAF4BlEPIcgBVQIiyAFV
507=AiPIAVUCJEgBcAlVAiXIAVUCJkgBeBFdCidIAWwxSQEoSAF0AkEPKcgBVQIqSAFgBFUCK0
508=gBInBAUQksyAFRCS1IASJwQFUCLkkBgFwASQAvyAFBBDBIAdU5MSgpADJIASexBlu/YgAA
509=NFUCsUwGRQg1SAElOE8JNgBbAPEBAAAAAAA3EQAA1gfoDggAWwD//wAAAAAAOCgpADkoKQ
510=A6KCkAO0kBM0AFBgUAABcAXAA+AU8BAAAYyAFVARlJAT1cAF0CGsgBVQEbSAHNBRzIAVUC
511=HcgBTQUeyAFVAh9JATtcAAEDAAAgSAF4BgECAAAhyAFVAiLIAVUCI8gBVQIkSAF4BlUCJc
512=gBVQImSQE6UAlJACdJATxcAEkAKEgB0RQpyAFVAipIAWwFWRErSQF4XABRCSzIAVEJLUkB
513=XFQCTQUuSQGASAFBBC/IAUEEMEkB7VQDQQMxKCkAMigpADNJAe+hBDQoKQA1SAHZBjYoKQ
514=A3SQHxrQU4SgH//1cKAAA5KCkAOigrABgAXYwxTRAZSAFsG0UTGsgBVQIbSAHFKRzIAVUC
515=HcgBTQUeyAFVAh9IAXwgTQ8gyAFJDyHIAVUCIkgBZClVAiPIAVUCJEgBYA9VAiXIAVUCJk
516=gBcAldCidIAXgGSQEoSAFsBUEPKcgBVQIqSAFsBVUCK8gBVQIsKCkALUgBzTwuSAFkNFUN
517=L8gBVQ0wSQFZSAJJADHIAVUCMsgBVQIzyAFVAjRIAXQ5VQI1SQFdXABJADbIAUEEN0gB2T
518=I4SQH1SAJBBDlIAcwxARkAXgB4EVUCGsgBTQQbSAF4HFUCHMgBVQIdyAFVAh7IAVUCH0gB
519=ZB5ZHCDIAVEfIcgBVQIiSAFwCVUCI8gBVQIkSAHZJyXIAVUCJkgBbDxJDCfIAUkMKEgB0R
520=QpyAFVAipIAXwKSQErSAHBBCzIAVUCLUgBaAxRCS5IAWgtTRAvyAFVDTBIAWgtVQIxyAFV
521=AjLIAVUCM8gBVQI0SAFoLV0KNUgBaC1BBDbIAUEEN0kB8FQDVQ04SQGuqwEaAF+cK0EEG0
522=gBfBVZBhzIAVUCHcgBVQIeyAFVAh9IAXAqUQggSAF4Bl0KIcgBVQIiyAFVAiPIAVUCJEgB
523=3SAlyAFVAiZIAXwgSQEnSAF8ClkGKMgBVQIpSAF4BkEPKsgBVQIryAFNBSzIAVUCLUgBxQ
524=guSQFCSAJBBC9IAXw2VRgwSAFwCUkBMcgBXQoySAF4BlUCM8gBVQI0SAFsG1UCNUgBcCoB
525=BAAANsgBQbQ3SQH8qAwBGwBgAGwFVQ0cyAFBAx1IAXwKVQIeyAFVAh/IAUkMIEgBeAZJDC
526=HIAVUCIsgBVQIjyAFVAiRIAckXJcgBVQImSAF4J0kBJ0gBdA1ZBijIAVUCKUgBcB9BDypI
527=AWQIVQIryAFNBSzIAVUCLUgBxQguyAFVAi9IAXgGVRgwSAF8FUkBMcgBXQoySAHBBDPIAV
528=UCNEgBcAlNBTXIAVUCNkgBbAVfChwAYYwmSQEdSAFsBVkRHsgBVQIfyAFZBiBIAXgGUQkh
529=yAFVAiJIAdkRI8gBVQIkSAFoIk0FJcgBVQImSAFsBUkBJ8gBQQQoyAFVAilIAcFGKkgBdA
530=1VAitIAdEJLMgBVQItSAFwKkUILsgBVQIvSAF4BlUYMEgBdA1JATHIAUEaMkgBwQQzyAFV
531=AjRIAdEfNcgBVwIdAGKEzkkMHsgBSQwfSAFsBUEEIEgB0QkhyAFVAiJIAcEPI8gBVQIkSA
532=F0GFkRJcgBVQImSAFsBUkBJ8gBQQQoyAFVAilIASdJBGLphStUAtEJLMgBTQUtSAFoIkUI
533=LsgBVQIvSAFwFFUYMEgBYARJATHIAUEaMkgBbBBVAjPIAVUCNMgBVwIeAGOcIFEJH0gB0Q
534=kgyAFNBSHIAU0FIsgBVQIjSAHdCiTIAVUCJUgBaBdNBSbIAVUCJ0gB3QooyAFVAinIAU0F
535=KsgBVQIrSAFgMFUCLMgBVQItSAHdCi7IAVUCL0gBxR4wyAFVAjFIAcUTMsgBVQIzyAGZHG
536=SILUYpIACoAVUCIcgBVQIiyAFVAiNIAXAJVQIkyAFVAiVIAXgRVQImyAFVAidIAXgcVQIo
537=yAFVAinIAVUCKsgBVQIrSAF4HFUCLMgBVQItSAHdCi7IAVUCL0gBeBxNBTDIAVUCMUgBxR
538=MyyAFXAiAAZYwbRR4hSAFgBEUpIsgBVQIjSAFwFFUCJMgBVQIlyAFVAibIAVUCJ0gBcBRV
539=AijIAVUCKUgBeBFVAirIAVUCK8gBVQIsyAFVAi1IAc0QLsgBVQIvSAHdCjDIAVUCMUgBxx
540=MhAGaEl0UeIkgBzQUjyAFNBSRIAc0QJcgBVQImSAF4J00QJ8gBVQIoSAHNBSnIAVUCKkgB
541=xRMryAFVAixIAc0QLcgBVQIuSAHFCC/IAVUCMEgBxBMBIgBnAGgBXRUjyAFNMSRIAXgGVQ
542=IlyAFVAiZIAXAUVQInyAFVAihIAc0FKcgBVQIqSAFwFE0FK8gBVQIsSAFwFFUCLcgBVQIu
543=SAHFCC/IAVcCIwBo/UEkSAFgBFUjJcgBVRgmSAFoF1UCJ8gBVQIoyAFVAinIAVUCKkgBxQ
544=gryAFVAixIAcUILcgBVQIuyAFHCCQAaYSMXRUlyAFFEyZIAXgGVQInyAFVAijIAVUCKcgB
545=VQIqSAFgD1UCK8gBVQIsSAHFCC3IAVcCJQBqlA1NECbIAU0QJ8gBVQIoyAFVAinIAVUCKk
546=gBcCpVAivIAVUCLEgBcDVXAiYAa5wKTRAnyAFVDSjIAVUCKcgBVQIqSAFwCVUCK8gBVwIn
547=AGyECF0KKEgBYDtdCinIAVUCKkgBeAZXAigAbeRgCCkAbQA8AQAAAwAAEQAA

[Lighting]
Red=1.090000
Blue=0.490000
Green=0.800000
Level=0.028000
Ground=0.000000
IonRed=0.695000
Ambient=0.750000
IonBlue=0.775000
IonGreen=0.445000
IonLevel=0.028000
IonGround=0.000000
IonAmbient=0.650000
DominatorRed=0.850000
DominatorBlue=0.300000
DominatorGreen=0.200000
DominatorLevel=0.000000
DominatorGround=0.000000
DominatorAmbient=1.500000
DominatorAmbientChangeRate=0.009000

[Map]
Size=0,0,70,40
Theater=TEMPERATE
LocalSize=2,4,66,34

[Neutral]
IQ=0
Edge=North
Color=Grey
Allies=Neutral
Country=Neutral
Credits=0
NodeCount=0
TechLevel=1
PercentBuilt=0
PlayerControl=no

[Nod]
IQ=0
Edge=North
Color=Gold
Allies=Nod
Country=Nod
Credits=0
NodeCount=0
TechLevel=1
PercentBuilt=0
PlayerControl=no

[OverlayDataPack]
1=BQAAIP4AIACA0QAAIP44BgCEBgcHBv/8AT0EhQoLCwoI//oBOwaBBwH//gMACoIIBP4XAA
2=DVPwr+yAEAhQQICgoABASBCNQiDIIICP/gAVcKAgGFCAoIBwPSJQ7+AwALgQf/4QFYCIIK
3=B9RWCoEGJhv/4gFaDtYhDgAbggoK/98BPQiCBwvQWAwOFoQHBwgKGhz/4AFYDoEE0DoGHh
4=b+AwALEf6BC//gAVkS1CUSIfvXOwz/3wFbDDH7EgX/8gFZFoEEV/n+BQAL//IBWRjANwpH
5=/MA9DoEH/6gBWQyAiQAAIP5KAACLBAgKCwoIBgAGBwb+9wEA//oBUgD+8wMAgwYHBP/9AT
6=0GgwoLCP78AQCEBwsLCv/8AU4CAgD//QE6ChIAH+7//AFACv4DAAqBCP/4ATsICgCGCgAK
7=CwsH//kBQBD+BAAK//sBPhTAOAjBSwD//QFOAoEI//4BOgqCAAT//gE6CP7EAQCAbgAAIP
8=4kDACBBP4DAAeBBP77AQCBB/4DAAuBB/77AQCFBgoLCgb+/AEAgwgLCv79AQACAIEI//oB
9=KAyDBAgK/gMAC4EI//0BKw7+AwAK//oBKBSEBwoKAAQD//oBKA6BCP4DAAr//AEmEAYC/9
10=gBJxaAhQAAIP4mAACFCAsLCgb++wEAhAcLCwj+/AEAAgCBB/78AQCDBgoK//wBKgACAf/+
11=ASkG/vELAIEE//wBKAgP7YMICgj/+QEYFsAmBv4EAAqDCAgH/gQABv7yAQDAJgDAJwCCAA
12=ogBYEK/+8BKQSDBAcIAfkB+4IKCsAnAocHBgcGBAMB/tsBAICAAAAg/hAAAIMHCwv+AwAK
13=AAWBCP4DAAeBBv7yAQCFBAgKCgACAIEI/vkBAAIBAgCBB/75AQCBBP4FAAeBBP4TBgCCAw
14=b/9QEbAMgIBB4Y//sBMAyBB8ESAIEK//oBMg4CAMAUAv/9ARgEgQj//AExEjgD//0BMxQE
15=A/8UBhgG/rkBAIAFAAAg/gAgAIAFAAAg/gAgAIAFAAAg/gAgAIAFAAAg/gAgAIAFAAAg/g
16=AgAIAFAAAg/gAgAIAFAAAg/gAgAIAFAAAg/gAgAIAFAAAg/gAgAIAFAAAg/gAgAIAFAAAg
17=/gAgAIAFAAAg/gAgAIAFAAAg/gAgAIAFAAAg/gAgAIAFAAAg/gAgAIAFAAAg/gAgAIAFAA
18=Ag/gAgAIAFAAAg/gAgAIAFAAAg/gAgAIAFAAAg/gAgAIAFAAAg/gAgAIAFAAAg/gAgAIAF
19=AAAg/gAgAIAFAAAg/gAgAIAFAAAg/gAgAIAFAAAg/gAgAIA=

[OverlayPack]
1=BQAAIP4AIP+AbQAAIP44Bv/+BABw//8BPQT//AE5Bv4JAHDVIAr/5AFZBNY8Cv/kATkI2T
2=gK/+gBVQzUVgr/5QE4CNhXEEYc//MBWgT+DQBw//IBWxD+DgBw//oBRQj/+AE3BlH7//UB
3=Vhb+DwBw//oBRgj/rQFTHIBbAAAg/koA//4HAHAQCP73Af//+gFSAP7zA//+AwAe//8BPQ
4=b/AQI7CP/8ATsK/wUCOAz/+wE7Dv4JAB7//AFBCP/8ATsQ//8BORL/AgI2EP8CAjYI/wEC
5=PBr+wwH/gC4AACD+JAz//gUAHv/7BSkKEgH/+wMnCv4HAB7/AAIqFP/6ASgWEfv/AwQmFP
6=7VAf+ARgAAIP4mAP/+BQAe/vsB////AScA/wEEJQICAf7uDf+CcHD//gEcFP4EAHD/+gEc
7=Fv4MAHD/+AEhGDQD//EBHhr+FQBw/tsB/4A/AAAg/hAA//4OAHD+8gH/Ifb/9gEaAMsJAP
8=/5AxkC/hoE//8BAhQG/wACEwb/AwISBCAE//sDGgT/AAQwFP7QBf+ABQAAIP4AIP+ABQAA
9=IP4AIP+ABQAAIP4AIP+ABQAAIP4AIP+ABQAAIP4AIP+ABQAAIP4AIP+ABQAAIP4AIP+ABQ
10=AAIP4AIP+ABQAAIP4AIP+ABQAAIP4AIP+ABQAAIP4AIP+ABQAAIP4AIP+ABQAAIP4AIP+A
11=BQAAIP4AIP+ABQAAIP4AIP+ABQAAIP4AIP+ABQAAIP4AIP+ABQAAIP4AIP+ABQAAIP4AIP
12=+ABQAAIP4AIP+ABQAAIP4AIP+ABQAAIP4AIP+ABQAAIP4AIP+ABQAAIP4AIP+ABQAAIP4A
13=IP+ABQAAIP4AIP+A

[Russians]
IQ=0
Edge=North
Color=DarkRed
Allies=Russians
Country=Russians
Credits=0
NodeCount=0
TechLevel=1
PercentBuilt=0
PlayerControl=no

[Special]
IQ=0
Edge=North
Color=Grey
Allies=Special
Country=Special
Credits=0
NodeCount=0
TechLevel=1
PercentBuilt=0
PlayerControl=no

[SpecialFlags]
Inert=no
FogOfWar=no
IonStorms=no
MCVDeploy=no
Meteorites=no
Visceroids=yes
FixedAlliance=no
TiberiumGrows=yes
InitialVeteran=no
HarvesterImmune=no
TiberiumSpreads=yes
TiberiumExplosive=no
DestroyableBridges=yes

[Tags]
01000001=0,SoundTrigger 1,01000000

[TeamTypes]

[Terrain]
22050=TREE06
22059=TIBTRE03
24050=TREE25
24060=TREE07
24063=TREE05
25048=TREE08
25061=TREE03
25087=TIBTRE03
26047=TREE05
26048=TREE09
26052=TREE07
26069=TREE03
27046=TREE26
27047=TREE03
27052=TREE05
27062=TREE04
27068=TREE02
28045=TREE25
28046=TREE04
28048=TREE25
28049=TREE07
28052=TREE06
28053=TREE11
28062=TREE11
28067=TREE03
28085=TIBTRE01
29044=TREE03
29045=TREE27
29051=TREE02
29066=TREE08
29073=TREE04
29074=TREE25
29075=TREE10
29080=TIBTRE03
30043=TREE27
30045=TREE05
30051=TREE08
30062=TREE02
30066=TREE05
30073=TREE25
31041=TREE25
31045=TREE26
31046=TREE09
31047=TREE05
31049=TREE03
31051=TREE11
32042=TREE10
32046=TREE12
32048=TREE07
32050=TREE01
32051=TREE01
32064=TREE02
32070=TREE05
32073=TREE10
33043=TREE06
33047=TREE05
33051=TREE08
33052=TREE07
33061=TREE12
33066=TREE06
33067=TREE08
33073=TREE27
34044=TREE05
34045=TREE09
34047=TREE09
34049=TREE10
34050=TREE02
34053=TREE26
34067=TREE06
34068=TREE01
34072=TREE05
34073=TREE11
35040=TREE05
35041=TREE08
35046=TREE25
35047=TREE12
35049=TREE02
35053=TREE26
35062=TREE12
36038=TREE25
36041=TREE07
36048=TREE27
36049=TREE06
36063=TREE03
36069=TREE03
37039=TREE05
37040=TREE05
37042=TREE07
37043=TREE07
37048=TREE05
37049=TREE25
37050=TREE01
37063=TREE09
37069=TREE08
37106=TREE08
38045=TREE12
38046=TREE25
38047=TREE06
38048=TREE09
38061=TREE08
38069=TREE05
38106=TREE26
39061=TREE06
39069=TREE04
39105=TREE12
39106=TREE09
40053=TREE04
40065=TREE07
40071=TREE27
40104=TREE12
41054=TREE07
41103=TREE06
41104=TREE08
42053=TREE03
42060=TIBTRE03
42066=TREE26
42073=TREE01
42074=TREE10
42075=TREE08
42102=TREE06
42105=TREE09
43031=TREE07
43053=TREE04
43066=TREE04
43073=TREE02
43076=TREE11
43102=TREE02
43103=TREE25
43105=TREE08
44032=TREE02
44038=TREE08
44044=TREE05
44052=TREE07
44053=TREE11
44055=TREE02
44077=TREE11
44078=TREE12
44096=TREE06
44097=TREE01
44099=TREE26
44100=TREE26
44101=TREE12
44102=TREE01
44103=TREE08
44104=TREE01
44105=TREE03
45027=TREE10
45028=TREE27
45032=TREE09
45034=TREE09
45035=TREE03
45038=TREE09
45044=TREE25
45046=TREE06
45052=TREE07
45056=TREE12
45063=TREE05
45067=TREE07
45096=TREE09
45101=TREE09
46028=TREE10
46034=TREE12
46036=TREE10
46038=TREE06
46042=TREE08
46047=TREE27
46051=TREE08
46064=TREE05
46101=TREE12
47035=TREE02
47036=TREE07
47038=TREE01
47052=TREE09
47054=TREE05
47058=TREE11
47068=TREE06
47071=TREE01
47083=TREE12
47084=TREE27
47099=TREE03
47100=TREE01
48028=TREE05
48030=TREE04
48038=TREE09
48046=TREE09
48048=TREE08
48052=TREE08
48053=TREE03
48058=TREE09
48059=TREE08
48060=TREE03
48069=TREE10
48072=TREE12
48083=TREE12
48097=TREE09
48098=TREE26
48099=TREE12
49029=TREE08
49044=TREE03
49045=TREE08
49052=TREE04
49054=TREE11
49056=TREE01
49057=TREE11
49058=TREE05
49069=TREE27
49072=TREE08
49073=TREE02
49083=TREE12
49086=TREE04
49092=TREE25
49095=TREE04
49096=TREE27
49097=TREE05
50030=TREE06
50046=TREE12
50050=TREE12
50052=TREE10
50070=TREE01
50081=TREE27
50083=TREE27
50087=TREE12
50095=TREE12
50098=TREE01
51030=TREE10
51051=TREE27
51052=TREE25
51053=TREE03
51056=TREE26
51057=TREE06
51066=TREE06
51070=TREE06
51074=TREE10
51076=TREE11
51081=TREE11
51082=TREE03
51083=TREE08
51084=TREE05
51088=TREE07
51092=TREE11
51094=TREE02
51095=TREE05
51096=TREE09
51097=TREE02
52025=TREE08
52031=TREE12
52032=TREE03
52033=TREE07
52036=TREE05
52037=TREE09
52047=TREE25
52052=TREE27
52053=TREE25
52054=TREE25
52056=TREE27
52057=TREE10
52077=TREE27
52078=TREE02
52080=TREE27
52085=TREE10
52086=TREE04
52089=TREE02
52091=TREE06
53021=TREE05
53022=TREE08
53025=TREE27
53034=TREE05
53035=TREE25
53036=TREE02
53057=TREE08
53063=TREE05
53081=TREE27
53090=TREE02
53091=TREE25
54020=TREE01
54025=TREE08
54028=TREE05
54030=TREE26
54049=TREE04
54050=TREE25
54064=TREE25
54069=TREE27
54070=TREE03
54080=TREE11
54087=TREE03
54088=TREE27
54093=TREE02
55019=TREE05
55021=TREE27
55025=TREE09
55029=TREE11
55030=TREE05
55046=TREE26
55053=TREE06
55055=TREE01
55059=TREE12
55065=TREE12
55088=TREE05
55089=TREE07
55090=TREE26
55094=TREE06
55095=TREE02
56053=TREE06
56054=TREE12
56060=TREE06
56070=TREE05
56080=TREE09
56083=TREE01
57023=TREE05
57024=TREE09
57025=TREE05
57034=TREE04
57035=TREE12
57036=TREE09
57043=TREE08
57050=TREE09
57051=TREE06
57057=TREE11
57063=TREE05
57065=TREE06
57066=TREE27
57071=TREE10
57080=TREE05
57084=TREE06
58018=TREE26
58044=TREE08
58052=TREE04
58054=TREE02
58060=TREE09
58061=TREE02
58063=TREE02
58072=TREE01
58075=TREE09
58087=TREE05
59015=TREE08
59018=TREE27
59019=TREE03
59020=TREE12
59021=TREE26
59022=TREE09
59024=TREE12
59044=TREE27
59045=TREE02
59060=TREE06
59062=TREE07
59064=TREE10
59073=TREE26
59077=TREE05
59078=TREE25
59086=TREE11
60024=TREE27
60025=TREE09
60026=TREE11
60032=TREE02
60048=TREE07
60057=TREE05
60060=TREE05
60073=TREE03
61015=TREE27
61016=TREE27
61017=TREE12
61039=TIBTRE03
61058=TREE03
61064=TREE08
61065=TREE08
61073=TREE06
62013=TREE03
62024=TREE27
62029=TREE08
62035=TREE27
62036=TREE07
62049=TREE27
62053=TREE03
62060=TREE09
62074=TREE25
62084=TREE27
62086=TREE10
63011=TREE01
63028=TREE06
63029=TREE01
63036=TREE12
63048=TREE09
63052=TREE25
63056=TREE03
63057=TREE02
63059=TREE27
63061=TREE07
63067=TREE08
63074=TREE02
63077=TREE09
63085=TREE03
64010=TREE10
64025=TREE25
64052=TREE26
64063=TREE10
64068=TREE06
64079=TREE25
65012=TREE12
65030=TREE26
65034=TREE04
65037=TREE05
65048=TREE12
65053=TREE10
65058=TREE02
65063=TREE09
65066=TREE04
65067=TREE26
65080=TREE26
66010=TREE09
66011=TREE07
66027=TREE11
66033=TREE05
66034=TREE04
66048=TREE06
66054=TREE26
66055=TREE08
66058=TREE12
66059=TREE07
66061=TREE11
66062=TREE25
66068=TREE05
67009=TREE01
67048=TREE10
67049=TREE25
67056=TREE26
67060=TREE04
67061=TREE06
68006=TREE01
68030=TREE10
68036=TREE02
68050=TREE25
68054=TREE02
68057=TREE26
69006=TREE08
69031=TREE03
69032=TREE27
69033=TREE25
69038=TREE26
69057=TREE02
70006=TREE11
70034=TREE26
70038=TREE09
70054=TREE05
70057=TREE26
70074=TREE11
71006=TREE07
71031=TREE08
71036=TREE02
71051=TREE01
71054=TREE03
71073=TREE04
71075=TREE08
72006=TREE12
72039=TREE08
72052=TREE08
72073=TREE10
72075=TREE04
73006=TREE04
73052=TREE09
73064=TREE05
73073=TREE12
73076=TREE02
74007=TREE01
74035=TREE06
74036=TREE01
74037=TREE06
74038=TREE08
74041=TREE04
74052=TREE12
74064=TREE03
74072=TREE27
74073=TREE01
75008=TREE01
75009=TREE04
75032=TREE07
75043=TREE08
75064=TREE12
75066=TREE08
76011=TREE01
76012=TREE11
76035=TREE02
76043=TREE25
76060=TREE04
76064=TREE26
77036=TREE11
77045=TREE03
77060=TREE03
77063=TREE06
77068=TREE25
78025=TIBTRE01
78030=TIBTRE03
78034=TREE10
78045=TREE26
78060=TREE12
78063=TREE10
78068=TREE11
79013=TREE03
79045=TREE09
79061=TREE11
79069=TREE08
80020=TIBTRE03
80041=TREE06
80061=TREE11
80066=TREE11
80069=TREE12
81014=TREE06
81015=TREE02
81042=TREE26
81063=TREE11
81066=TREE26
82015=TREE26
82016=TREE03
82060=TREE12
82061=TREE01
82064=TREE04
83016=TREE11
83048=TREE03
83059=TREE03
83064=TREE03
83065=TREE03
83066=TREE12
84044=TREE06
84045=TREE03
84048=TREE11
84058=TREE08
84059=TREE12
84063=TREE06
84065=TREE07
85049=TREE27
86057=TREE03
86058=TREE03
86062=TREE07
86064=TREE09
87058=TREE25
87059=TREE01
87063=TREE02
88059=TREE25
88060=TREE10
88061=TREE04
89048=TIBTRE03
89061=TREE11

[Triggers]
01000000=Neutral,<none>,SoundTrigger,0,1,1,1,0

[Waypoints]
0=38088
1=69018
8=94034
9=14071
10=55055

[YuriCountry]
IQ=0
Edge=North
Color=DarkRed
Allies=YuriCountry
Country=YuriCountry
Credits=0
NodeCount=0
TechLevel=1
PercentBuilt=0
PlayerControl=no



[Digest]
1=95GVu9eqnh399JWLE+6oXhekHHA=

