; Map created with FinalAlert 2(tm) Mission Editor
; Get it at http://www.westwood.com
; note that all comments were truncated

[Header]
Width=65
Height=64
StartX=223
StartY=40
Waypoint1=256,70
Waypoint2=255,71
Waypoint3=255,71
Waypoint4=254,72
Waypoint5=256,71
Waypoint6=256,71
Waypoint7=255,72
Waypoint8=255,72
NumberStartingPoints=8

[VehicleTypes]


[Preview]
Size=0,0,140,70

[PreviewPack]
1=dA8AIAafp0+hp0+hp09AAUkAoZgBQAFIACAtLwByc3JIAAZFSUs8Pj5MT1BLAHh4dkgMQA
2=1IAEABSABAAUgAQAFIAEABSABAAUgAQAFIAEABSABQCEgAIAwcAQORl0WJkD5MB1AIBoyU
3=P5CYQZqjSEwBSABQAgm3r1p3d3U8Pz4/QT1IAFACSABcAkgAQAFIAEABSABAAUgAQAFLAD
4=1APUgAQBlIGFACSABQAkgAQAFIAEABSABAAVsKSk5PSABQCwNGSktzdHNIAFwCSABABEgA
5=QAFIAEABSABAAUgAQAFIAEABSABAAScIAFgBSAC4AUABSAAgMCwABrOrWei6b6upVlgrSA
6=AgCYQFBsmxZci1ZqOmVEgSQBNIAEABSABQCEgAOR8Bl5xGWDG8BQiRlT+QlkGCiDOEh2gA
7=UAJIAFAISABYKEAoSDNIAFgoJ1wAWDpLBn2EM1M7jpZAvwKYn0RAAUgAQAdIDwk6PTs+Pz
8=w5PDx5eHVQAkgAXAJIAEABWApIM0gAUAtYCkgzSABcAkgAQARIAEABSABAAUgAQAFIAEAB
9=SABAAUgAQAFIAEABSACgAVQASABYAUgAQAFIAEABSABAAUgAQAFIAEABSABAAUgAQAFIAE
10=ABSABAAUgAQAFIAEABSABAAUgAQAFIAEABSABAAUsA57x0JywAWCtIAFgcSFFAakgAQFJM
11=BEAESABAAUgAQwHAr15YOqwBWAFAAUgAQAGnPripWFAISAAwHwGdo1FYBFAFSwDCrWGsAQ
12=OQmUaPlj9bAc+3aFgKWChAKEgzSABYKKwEXAUq7ABYOqc1kpc/J6QGTAQo7AACQkU9Pzwq
13=TA1IA0gzSABQC1gKSDNIAFALSABAB0gAQAFIAEABSABAAUgAQAFIAEABSABAAUgAQAFIAE
14=ABSACgAVQASABYAUgAQAFIAEABSwD6+gAzCABABCdcAEwBSABQBUgAQAEzVAVIKgbEsmXY
15=tWm7sVtMBEgAUwXErl5YK0gAMIQFQARIAEwESG9AAUgATAFIAEABSABAAUgAQwrGs2NQCE
16=wBUAhIAC0cAVxoUAVYYUBhWARMAawTQDRYKEAoSDNIAFgoSANQCEgAQAFAMVigV5+vq1gn
17=LwCAhjNIA0AESAAz7ABID1g0UDVPakhLS1ALWApIM0gAQAdIAEAHSABAAUgAQAFIACcABU
18=wBUAK4AawBWAFAAUgAQAFIAKABVABIAFgBSABAAUgAqAYgCRcAqKZXUCZUMEQgUAhIAFAI
19=SABAAUgAQAFIACofDaWoUrwCVCdYK0gAWBwqTw27q1xABLQqTAdMAUgAQAG8AqwBWwHItG
20=WsAVChUAhIAC0cAVOVjJA7rwS7r10zhAVcCEg5v2WGjjpQBUgAUwKCijlAAUsVx7ViOdwN
21=TARYH0ATA0ZJSkJFQlw+Aj0/PUtON3wfIANUBUwKSABMEEgAoAFUAEgAWAFIAEABIAMQAS
22=qMAEgGQAdIAEBbQDFQZUwBUAJIAEABSABAAQO+rV/ct21IA0wBSABQAkgAQAFQI1xcNoQF
23=UD5MBEgAUAVIAEABSABAAVwFQAFIAEwBSAAn3xmJkUBYNEgALaQGTAQtdAa8EUQvA56kTo
24=2VQUAHTAREmwOOmD+bpElALirEEy3sAFiCQHxMB0AQSw+QmEFEoVDmWAFQCEQ1bmpAPUhO
25=QLhccbwCSANAASrcBD8sAFwFSACgB1QASABYAUgAQAE/7AAwgABAB0gATAdQF0ABSABMAU
26=gAQAG8UEA0WDdYAVACSABAAUgAQAFMVUSJpybJsGNYK0gALYQFTG1QBUgAXAVIAEMBlZtG
27=QF5EI08Bm6BKSPlUk1BZSAxYQFAsUAhIALwIWI4DQkRFP0JERFxMAbzRLTwCTBBYB0gzXA
28=tABFgKQAFIAC10BidcAEANrAFcF0ABSABQBVwOQAFIAEwBSA9mNT87T2p5e3BQAkgAXAJI
29=ADD0BDNEACe8AKABVABIAFgHSAAzvABTAp6XS1QAMwgAJ+wAQExYSVBcXAhQAkhUSBhYZE
30=C7pDVU/FiXSANABEhXUFBIBlg6RSblPkQhKqQGtP+8CEgJQAFIAEABSAlAAUhXSDZYAQVU
31=VlY/QkVAQ1j6AT1CRUckZCJAl0wESABABKzWrAFELFi1UKdIokA9LXQGWBZAZ0gGQBm8BU
32=wBSEViqaZMTAEqZAdAEFgHD0pOTz9DRTs9O1VWUqWqc5WhTDP0BDlQAEANSABQC7QAoAEn
33=LAA54AAzaABAB0gAUAhIAEABSABAAUgAXFO0G0QyRDW8AlA4KiQRJ3QGRCZInyfUA0BhSA
34=BAUlCGWCtIAEiHKqQGXAtACkgAQAFcAiqUBEgkQPdAZ0sASUtLMBwBSAZAB0gAQAFIAEAB
35=SABAAUgAKuwAXG4nFAlABEgAQARIACf/ApGVP1ACSABQAkgAQAFYB1QzSABAEFgHA3N0c3
36=l5dTPQBFACIAPkC0wKpAugAUwBQAcgDwgAJ+wAQAFIAFAISABAAVMmz7doSABMAaSSvAJY
37=AUABSABUNqQgXGtQAr9uj5U+TAG8AkhXWCtIAC2kBkwHTARIAEABSABIpSf8DkgkUCNIM0
38=gASCQnjABQCEgAPBwBNuwAXGtLANi1abwUJ0wBUxTfu3JQAkwQUAJYB0gzSABAEEgPVDNI
39=AFwCSABABEgAIBJgBawHtABECEABrFVMASAGNAFIBlAFSABDAZ6kUkBhrAFYAUABtIonnB
40=dQAlAaWJFfzsmxZSGAIVBfWARYHyekA0j2WARQAkgAJ8wXTAFYK0gAIBWEBUAKWHNIrjkc
41=AVgrQCtYOkgAWCu8FERETAdIAEAHSAAnvA9MAVACSABAAVgZfBQFpXlPUU5OUVJQCFgHSD
42=NIAEAESABMBEgAQAFIAEABIAlgBbwFSAagAVQAPAQEpAtYBEgGKiwAWAEn1A9PAZCWQVAs
43=QLtMAVgiJ9QSdBgjiElcAkQyJ8wLJ1wARB1YNCfUBlxiSANQwlwFSD8nTAFQFEgAMKQGLY
44=QFvBRMB0ABS8aGjjpLAISLNjMcAUgqKkQhSAZAB0gAUBQnLABAgicsAEABSABABEgAQAFI
45=AEABDKCoZDs/QTw+Ojo9PFZYV1ACSABcAkgAXCBLD5KXP0wBqCc8FABAB0gAUAVIAEABSA
46=CgAVQASABYH0gAMAQEWARIAEAESABAAUgAQAFIZlcPj5Y/QbKaI+xLBpZiRJhkR5ZjRkAE
47=SABOBH2EIug3UOxAakAuUAJIAFwCSABAAUgAQAFIACoEBEj2vAJA90ABSABDBLevWkABWA
48=05LAy8X1gEXAVIAEgzQEZDEISHM0ziJ1wAQAFIAEAESAAzRCFcAkAESABAAUgAQAGsalwX
49=QIInFAlcAkgAQARIAEABSABDAURHSVkQPSbULVACtLdMEFg0SAAzpAZYBEwHQDdAAUgATA
50=FIAEABSABAAUgAoAFUAEgAWAFIAFg0SAAgBqQGXAVABwOZZkiYZUhDNJpmSUgAA5ZjR5lk
51=R1wCSABABEgAQAFIAEABSABAAbQ2pImsAUQgXAJIAEAEVD8tNQSMIxRUXNRYLjMsDEi0SQ
52=B4JoRWSG9QCEsJgogzt0ifpkxQC0gAUAJIACrcDSADRCFIM1lqoyPMUEwBSAC0tEAKSABA
53=CkgAQAFIAEABSCdYNEsAPD4+ShKPliJQIVwCQEZgi/yJUAUn1AlMAUgATARIAFTAQFVIVE
54=TCUAJIAFACtACgAScsAFg0SABYDUANWB9IAFgNTAQqzwuboEonvwCbZ0pIAFBoQjSVYSLg
55=UVAFSABABEgAQAFIAEABSABAAUgAQAFIAEABSABAAUgAQAFIACrkFFidvQKCI7w/M0QDUB
56=RIADCcAio0B1AISABQC0gAKnQGVJwnXABQCEgAMBwBQARIAEAHSABAAUgAQAFIAC1sGiTs
57=KlwCQARIAEABSAlbNDo9O1efdHVyUAJIAFwCQMFAAUgATAFcGlBrSAC9a44m5FZIA0AESA
58=BAAUBDoAFUAEgARAJIAEABSABAAUgAWBZIAFgNLaQGQARIAEAESABAAUgAQAFIAFg0JywA
59=QAFIQlBBXAJMAUgAQAFIAEABKkQDJyQRXAJIAEEEmCNsWVCVUMhUqFiFQC5QUC0cDVAFSA
60=BcBUgAUBRIADycAjZ0BlAISABQCEgAUAhIADwcAUAWUEdAf1wFQAdIAEABULlAAUgATAFL
61=AJpnSlgNBkpOTz1BRT4/PCQfT3V1c0AESABABEgAJzQKSBsnvA9QNUhRJ9xDUAVIAFAFtA
62=CgAaSPtJAnXABYFkgAPOQCUAVIAFAISABAAb8Iz7doSIRYAVACSABAAUgAQwHoum9AAUgA
63=TAFIACqMAFiUWMdYMUA0QEwnZBMtlBCsB1Q5XAUnjABQFEgAMJwCWSU8JmxoKuwMUAhIAE
64=AQSABAAUgAQAFIAFAISAAwHAFABEgAQAQt/AJQAkgAXQK7I4xRWA1UM0gAUA5YDQNzdHNC
65=RkpMakgASF1YkVAFSABcBUgAQAFIAEABSABAAUgAQAFIAFAaJywAoAFUAEgASANIAEABSF
66=dZcJ+MuEjDSA9cAlgWSAA55AJMBEwHSABAAUgAQAFIAEABSABAASdMDVxQMDwXSAxMBEgA
67=UAVLD6+rWFhJJIQgUAJAMbzLQNNYAUwESABAAUgAQAFIAEABSABAAUgAUBRIALwUBk5QUU
68=BDRkJFRkj5WCUnjABAAUgAUAVIAEABSABAAUgAQAFIAEABSABQCEgAvAhIvUgAWCtcAkAE
69=SABAAbSQrAFYAVhSMHQGQDRABEgAQARICVg0SAAnpAZbHLevWkgDQARIAEABSABAAVCeQI
70=isAVgBoAFUAEgAVCcnFA9MWGhXI5RDUAKkBUwEWBZIAFgNQA1YFkgALeQCTARQBSdUBUgt
71=SEJQsFSBKrwMKiwAXAVIAEAHSABAAUMxkJhBSGlAB1gBUAJIAFBrrAFICVALUoOEhyL0bV
72=wLJ5wCQARIAFAFSAAMU1VUQERGPUJGP0JETlJVNpwCJ7wAQAFIAEAHSABAAUgAQAFIAFAd
73=SAA/vAM2dAYnZApACkgAQApICVo0Oz4iH09MTU1QAkgAXwLErl5AAUgATAFUVEABSABMAU
74=gAoAFUAEgAWAG0eEulkJlGUCBMQ7wCSANAAUgAQAFIAFgWSABYDS2kBidEIUxMJ1QFXAVC
75=B76tItxbtKi8C0hFXAJIAEAESABAAUgAQAFID0ABQDGsZ0wBSABcAlQzQAGsfEShWDRIDE
76=g5SABcAkgACKGnT6GnT3d3dTw/EQAA5Q8AIAAEPj9BPT9BPU1QUnJzckVJSzw+PkxPUEgA
77=BHh4dqGnT5+IAEABSAAgAywAUAhIADMcAQN3d3VKTk9IAAY8Pz5GSktzdHNIACdMAQm7r1
78=3Gs2PItWajplQqrAEMQENGPUA9PkA9PT8+TlFRXAUPwq1hz7dou7FbnqROjJA7n6ZMKrwA
79=QARYAUgAQAEDpahSx7ViRAVMAUgAUwK3r1pAAUgATAFIAEABSABAAUgAWBZIADPkAqwEA4
80=mRQJWbRqQOA+i6b+e8dLwCTAdAAUgAQAFIAEABBYuNb3t8aJ+mK6wBBo2VQYSLNpKXP08Q
81=jpZAWARQBUgADIKIM4+WP5GVP4SHM6+rWCdcAFglQCW0M1glJ1wAUBRIALwUBkdLTU1PT3
82=l4dVwIQARIAEABSABAAUgAQAFIAEABSABAAUgAQAFIAEABSABQCEgAvAhYPQNDR0lHS0w2
83=dAZcBUAHSABAAUgAQAFIAEABSABAAQzAr16rqVZJS02oplfItGVLOdy3bVwCA4yUP5CYQU
84=gATAFIAFAFSACgAVQASABYAUgAQAFIAEABSABAAbw7QAp0CZ9Bl5xGXAJIAEAESABYFkgA
85=J+QCUBesVVxBpymPlT5QBVgBA4KKOYmQPlQ2A46YP5ukSUwHXAJAK1gcDE1PTTw/P0BCPU
86=NFRYGBfFwCSABABAOQmUaQlkFQMlgxUDVTApGXRVAISANMAUgAQAFIAFAIM3QGQARIAEAE
87=SAAMUFNUQkVGP0JFOTw8S05PJ5wCQARIAEAESABAAUgAQAFIAEABSABAAUgAQAFIAEABSA
88=BQHQJOUFA/Q2gJBjo8PENHSm5wb6xnA52jUZCZRlgTUAVIAFAFSABAAQPJsWXJsGOvAb6t
89=X1gxSGZfAp6kUlApvAJYAUABSCRAAUgATAFEU0ABSABMAbQAoAEqLAC0M1QJVyqAhjNqLa
90=ZMQAQDm6BKmJ9EvAWsBFxuRBdIADCkBlwFrARUPEg2WAFAB0gAQAFAK1QzSABYK1heWxxJ
91=TE5EgEgASJNAPQaZZkiXZEeVYkREF1g0SABENUgAYnOnT1AISABQCFgHMOwMXAtIAEAESA
92=BAAUgAQAFLAEhLTDacAieMAEABSABQBUgAQAFIAEABSABAAVgNQBZIAEA9BkVISnFxcG1v
93=blwCSABABEgAXHqnNZ+mTHRajGRMKFBlrARIZlSfSIpQJlwFQCu8AkyOUGisAVwCQG0nLA
94=CgAVQASABIA0gAUDtyIKZMUJ4n1wB9hDNABCe0BU8Bs6tZWJdUD0wBSABDB7urXFgfSAAt
95=pAZYBEAESABMBEgAQAEnpANYK7QzQDRcAkgAQARYB1g0SACkNVg0SABENUwQJ0QDWARQCF
96=gHIAl0BlALSABAB0gAUBRIAEANSAxAakgASEJcAkAESABAAUgAQAFIAEABSABAAVgNSDNI
97=AFAOMMwCTARIM1gEQAG8X0gnSJYqTA1IZkAEKtwESC1QAlwmXAK8jKyFQD1QCEgJXAJIAK
98=ABVABIAFgBpwWGjjqMAWRxRAhMOqxnVDYnJAJcBVBBtAxMAVwFSABAAVDjWB9IADMEBD+k
99=A1AISABcCFgHWDRIAFgoQChYNLwCSANQCEAlIBV0BlAISABQCEgAUBRIAEANSAxYNEgAQA
100=1cAkAESABAAUgAQAFYDUgzSABQDjN0BkwESABQBUAubGeEwljlUAKkNUQvTJFQtlhMXGtc
101=JkgDXAVIAEDuSABABEwBQIUnjABABEgAUAJIAKABVABIAFgBRDJYBCfUAEABSABECEQvQA
102=RIAEwESABQQSesIkQLSABIkFgEUMW8BUwEWB9IACcEBCAVhx1GSUpYNEgAWChAKFglQCUg
103=IXQGQBlIAFAUSABQFEgAJ5wCKqQGWA1IM0gAUA48dAZcCEAKSABAAUjtQAG0M0hpTAEn/B
104=FAlCpUJqRiSCcqfBABjZVBjyNEJExwJ6QkUAhEC0gASAmsAUDfRDVAB0zQagCWP7wCTAQG
105=nqdcdndljI1tTAFQAkgAQAFYQ1g0pAtEDkQRvAJIA1gfNoQdJ4wAQAFIAFAFSABAAUgAQA
106=FIAEABSABAAUAoCT0/PEJFQj0/Pj1AQlglvAJIA0ABSABAAUgAQAFIAEABSABAAUgAQAFI
107=AEABSABAAUgAQAFIAEABSABAAUgAQAFIAFwUSABADVBBWDQDTlBRS09QIAl0BlhnWFtcCE
108=AKSGZAkUgATAFIAFACtL1IkEErn4z6vAJIA1AsJywAJ/wFXAJQAkgAQAFIAKABVABIAFsB
109=xK5eQAG0CUxAUD5YAVwCSAAMenp2Oz4+Oj05Oj0+TlBOQBlAW7xrpKFMBFAFSABAAaxJJx
110=wKNoQdUAUwtBRYB0BMUERIP0xzTARIAFACQChEaCdMDVACSABcAkgAQAFIAEABSABAAUgA
111=QAFIAEABSABAAUgAQAFIAEABSABAAUgAQAFIAEABSABAAUgAWDQPU1VUTVFTPEFFQENGTl
112=JVVlhWKqwcTARQBUgAQAFIAEABJ3QGQIu8Ji1XC76tX1CbJIQgXAUnvANAbVgBUAhIACd0
113=BrwvU8urqVZcAkAESACgAVQASABYAUgAQAGkL6wBWAFILVB9XCNLAERHSUAZWCW8Tac1u6
114=tcUAVIAFAFSABAAUgGUFBIAEAHWF5YHEgAXAJTd5qjSEwEWOJYAUABSABUe2hvLNQ2XAJY
115=NEgAMKQGWDRIAEAQUERQCEgAUAVIAEABSABAAUgAQAFIAEABSABAAUgAQAFIAEABSABAAU
116=gAQAFIAEABSABAASfMAglAREZNUFJQUlM/Q0dAHEgAQA2sBFgEQAFIAEABSABAAUsA37ty
117=Idsmu69dQCtQAlAvWFtYHCfnBdi1aVwCSABQBUkAjylcElACMEQGLbwATARUBlQASABAAU
118=gAQAFIAEABSABYFlAsSDNIAEgtJ1wAWDRIAC2kBlwFQARIBkgzSABAB0gGSDNIAFwCSABA
119=BHJ9p0+kNSpnB4KKOUAEtIRcsEwBSABcBUgAWDRQGmjwKZQQSA9YNEgAICSkBjPMAkAcSA
120=BADUgMWDRIADykBkAWSABAFmoVp09I9kicWGdQAkgAXAJIAEABJ9wNTAFTOM+3aEgATAFI
121=+UAfrARYAUABKqQMpAJQAkABSABAAUgAWBZQLEgzSABILTCsB0wESBhIACcUAwNITE1IS0
122=stdAZYEKwKV3iboEqsAaQySGknhClQm1ACTNkqfBZQBUgAQA1IAEABSABAAUgAQAFIAEAB
123=SA8DOj07Pj88T6l5eHVQAkgAXAJIAEABSABAAUgAQAFIAEABSABAAUgAQAFIAEABWBxAFk
124=gAUB1YHFhJSABcAkgAQARIAEAcSABADTCkBkPBx7ViTGdYMUCdSCpcBUAHSABAAUgASJyv
125=AZifRCfsA1wCUAW8AlgHQAFIAFACeh+LNkuKiZFAWAFQAkgAQAFIAKABVABIAFgBSABYFk
126=AWSDNIAFgWUCxAPUgAQARIAEAESABAAUgAQAFIAEsYbm9vIQAmQCUGQkVGPkNGS05PpB20
127=GCovCZecRlBlJ2QTSDMnVAIgDHQGXA4onAICQkU9PzwgD0wNWAdIM0gAUB1YHEAWSABQGk
128=gAUAtIAEABSABAAUgATBxIADOkBieMAEABSABQBVyDUCasAVgBUIasAUwfQAFIAFACSABI
129=oicsAEDZJywAXIYnfARQAkgAUAW0AEABWBZAFkgzSABYFqQsMHUGFIAAXK1AB0gAQAdIAA
130=Nvb29zc3FHNT0/PViCSAAzZBBQEVidXGVMT1u4uKlYTAdImbwISEhAAUgAUAJIAEABSABA
131=AUgAQAFIAEABSAAtnAK8AkAoWDRIAEBeSA9QAkgAUAVIAEABSABAAUgAQAFYB0gzSABQHV
132=gcSDNIAFwCSABABEgAQAFIAEABSABAAUgAQAFIAFg0SABADUgMQBxIAEANSIFABEgAQARI
133=aUABtJlEMlRRQE8Bj5U+nymUFkwcXAIqNEysIl8pnqRSIXgsUCNY2VwISABMCkgAoAFYFk
134=AWSDNIAFgWsAK0AyosAJAzKxAALYwASBhIAC0UA1xKUAhIAFAFSABAAUA0T7Xct20nNBC8
135=AkgDQAFIAEABSABAAUgAQAFIAEABSAA/nAJID1s0/wAASABAKEAHSABAB0gAQAFYB0gzSA
136=BQHVgcSDNIAFwCSABABEgAQAFIAEABSABAAUgAQAFIAEAWQJRIMEwBQBxIAEANKqQGXAJQ
137=BUgAQAFIAFwapC9ALlACSABQAlgHQAFIAEwBSABAAUgAQAFIAEABvAVUM0CLKgQHSAOgBF
138=QAIA90BiuqBhQUSAlIAFwISABIGEgAPBcD5r11SwDnvHEqJBRMB1AISABAAUgAQAFIAEAB
139=SABYK0ArUBRIAFgrJ1wAQAFIAEAESABAAUgzLQgApDVYB0gzSABQCFgHSDNIAFwFSABAB0
140=gAQAFIAEABSABAASoUVFgBUAJIAEABSABAAUgAQBxIADmMAzlEBlALLfQEWAFMClALSABA
141=AUgAQAFIAEABSACgAVQASABYAUgAQAFIAEABSABAAVgHIAkIAFwFSABAB0gASBhIADMUA1
142=i1S6jMtmMqdFFAB0gAQAdIAEABSABAAUgAWCtAK0gzSABYKydcAEABSABABEgAQAEtaAYn
143=OABI1UPlSEtLUAhYB0gzSABcBUgAQAdIAEABSABAAUgAQQG+I1xaOYwPRCxbFsSuXlwFQB
144=xIADOMA0gJQARIAEABSABAAUgAPyQFTAREoSesRkAHSABQArQAoAEqrCUnXAA/ZAGgBLwF
145=KnwWVJxIGEgALRQDQJ1QBUgAUA4qLABYAVACSABAAUgAIAZ0BrwFJ1AGJyAAvAJL5EJFQl
146=w7QuVLTiABdG9cEYF8dEB8TBBQy0CXrAFACkgAUAJLAMSyZT+kBirsAKgkPBQAWJ2/C32E
147=M0DTKuQgRA5IA0gAQAFIAEABSABAAUgAQAFIAEABPHABpzubpEkhnyaQlkFIDCR8QCfML1
148=g0SAAtpAZYClALJGQiUCBMAUgAUAJIACAMdAZcBUAHSABAAaA0rAFYAUABSABAAUQ1XNRI
149=AFDItJ+8AkgDQAFIAEABSABAAUgAQQHYKdQ5KoQsSANABEgAQAFLAMi0ZScsAEAcSAAtjA
150=NEPkAESABQBTwMBSd0AFEFjCOkbyKwISa8eFACRAhIAEABQHknNGpYAVACSAAn+AA5IABQ
151=BUgAUAVMZ1k0jyNUUFQMWN+8AkgDSBhIAC0UA1wCQARIAEABSAAgGHQGTAdQCEgAQAFIAE
152=ABSABAAUgAQAFIAEABSA9YNEgAIAakBkgGTGEntiDAryKgTFACSABACkgAQAFchkhUrAFY
153=AUAcSABADUgMBkdJSlRVUaGnblwCQAQw9ARY8SpQAEwESABSBZCZKxR1BJ+nT6GnT58RAA
154=AaEQAgAAOnT5+nT6GnT+i6b9+7csazY8SuXqGQAgOOlkCao0hNARQ1AABAByeMAAaRl0WN
155=lUGJkUBcBVwCSABDAbevWkABSABMAUsAcnNySAAGRUlLPD4+TE9QSwB4eHZcAgZ3d3U8Pz
156=4/QT1LAEZKSye8AEABSABABEgAQAFIAEABSABAAUgAQAFIAEABSABAAUgAQAFIAEABSABA
157=AUgAQAFIAEABSABAAUsPPUA9SABAEEgPUAJIAFwCSABAAUgAQAFIAEABSABAAUgAQAEGvq
158=1f3Ldtu7FbTAEDwK9eq6lWvAIDqKZXu6tcrAFIA0ABSAAMTlFROTw8Ojw5Oj5AoKlfvAI1
159=/AQuWABQBUgAUAhIAEABSACgAVQASwCzq1kndwbItWa3A4KKOUABSABABEgARAoGgogzhI
160=czj5U+UwKepE5DBIaOOkwBSABABEsAkJZBrAQGn6ZMnqRSjJA7QAFcAkAESABAAUBAWDRI
161=AFglQCUGQ0dJOjw8PT88NnQGUCBAB0gATAdIAEABSABAAUgAQAFIAEABSABAAUgAQAEtVA
162=hQAkgAXAJIAEABSABAAUgPWDRIAEAQLaQGA8mxZee8dFgxWARQBUgAQwHHtWJQIwbItGW7
163=r13Pt2hQAkgAXAJLAOW8dK8Bo6ZUKqQJA0VHSa+rWFARTARABEgAQAFAKDYIAEAESABMBE
164=gAQAFIAEABSACgAVQASABYAUgAWBMnLABAAUgAUAJIY1BlrwGQmUZQZSfnBYCGM7wCWARQ
165=SlgHVBtPBI6YP7wCUDhAAUgAQARLAMKtYawBRxpOUFBcTQY7Pjw7PTtDR0q8AkwEQAFIAE
166=ABSwClqFJbc4mQPkwBUAJIAEABSABAAUgAQAFIAEABSABAAUgAQAFIAEABIANkBy2kBlRU
167=tzDMtmNQCEgAXAhIAEABSABAAUgAQAFIAEABSABMEycsACp0Bj8cEDCYBiccAUABSABQC0
168=gAQAFIAKABVABIAFgBUA5ARlAsTAFIAFACSABAAUgAQAFIAEABSABAASrnBZukSVACUC9A
169=TEgATAFIAEwEA5ifRJ2jUawBWAFAASd/AXR0clczOT07TmdFSDR0BifvAJGVP1RCA4SLNp
170=KXP7wIW3OXnEasASoEBypcAFgNQARIAEABSABAAUgAQAFIAEABSABAAUgAQAEtpAZQAkgA
171=XAJIAEABSABAAVhhQAG8F0CdQGRYAVwCSAAtdAYnJBRQBSeMAEABSABQBUgAQAFIAEABpD
172=WsAVgBQAFIAEABSABAAbwprDGkAlACQAFIAEABSABAAVAgWB9YYUgwVJNQAlOAybBjSANM
173=AUgAQAFca0wEtCdQgFACSABcAlYzm6DEL0wBUAJIAFwCSwB0dXNAZwZCQj5AQT1CREa80a
174=QgJ4wAQAFIAFAFrBCkp0SqQAFQNVAOSAMn/w59hDNcAqwQXAJAFqwHTAFAAVgTIAYMDiAD
175=pAasClgKQAFLAJ+leVBMAzk8OkJEQCfsDFBcQARIAEAESAAnpAasKCdcAEABSABABEgAQA
176=FIAEABSABAAUgAQwHoum9AAUgATAG0AKABUH1IA083lZtGJ9QDQARIAEME2LVpKuwVUAJI
177=AFwCVCRqn6dPTAFIAFACSABAAUgAQAFIAEABSAAqvwlARUknPBpYNEkAeCPkIEAQWL5YGV
178=wFQAdIAEABXGhM3Cc8AkQyJ6QGQARIFVg3SORABFgEUxGao0hcAkgATAdcfSADbAJQBUgA
179=XAUgD6QGA0lMSzw+OleBPD8+QBxUvUj5WLhICWwBnNdcblALSABQAkgbQAFIAEwBSABAAU
180=gAQAFIAEABWHNYVTAsAKQCQARAAUgAQMqsAVAdVCFiHKZMXAJIb7wCTAFUDycmBYyU3M5Y
181=W0AESABABKzBJ9QPUBdIGEAZSAAnvAlYBFg0SABYIkD3WDRIAKQ1UAtIAFgZTARACkgAQA
182=FULSfsDFoBj5bcDlwUKlwALRwNrAdcBUABSABAAUgAQAFIAEABSABAAUgAQAFIAEABSABA
183=AUkSPTXsJ1gorARYBEABrBxQGlwFBjo9Ozo9PHR1clwCSABABEgAQAFIAEABSABAAUgnUC
184=OsAVgBQAFIAFAIJywAQAFIAFACSABAAUgAoAFUAEgAT1jEsmVQZVxoSANIAFACTFhAAUgD
185=vGtMAUgAXAJIACc0B0wBUQKOJpQuUAVYbVjuSAA2dAZcBUgAQAdIAFg0SABYIi2kBkBSJ4
186=wAQAFIAFAFSABAAUgAQAFIAEABSABAAUREWJpQSkBqUJtQAkgAXAJIAEABSABAAaSnWG0n
187=XBu8AkgDQAFIAEABSABAAUgAQAFIEkQvSABAE1BHUAJIAFwCSABAAUgAQAGkm1gcBUpOTz
188=1BRT4/IoAqS+11dXNcIDCkCUgGUCOsB0wBQAFIAEABSABAASoEB1CkUAusMbQDQARAAUgA
189=KuQFSAYnlAEqXABQBUAiSCFRepv/zpCZRlwCSABQCFALWBYz7AxABEgATARIAEABSABAAU
190=gAWDRIAFgiQCJAakgAWCJcAkAESABAAUgAQAFIAEABSABAAawQTAFYnbQzQDQnTA1UNkwE
191=SABABEgAKgQiSKK8BVA1TAdYAVBxTAFACjAEB0gSWDRIAEATSBJACkgAQApIAEABWBxUM0
192=gAUB1UaQNzdHNCRkpQBUgAvAVAKFBNQCW8BUgGQAFIhEABUDhEXyokFEgDXAVILUgzTAFM
193=BEgAoAFUAEgAWAFQbkgGrAFYAUABSwDItGUnLwCepE5TII+VPkgANlQRWBZAFliaSABYFi
194=fsAEABSABACkgAQAEzrAFYNEgAWCJAHFg0SABYIlwFJ4QRQIVMB0gAUAIq9BNQLFguSABY
195=NFQtJ7wARDVMASq8J1A1W0mQmEEntBRpCYgj4SGHIug3eLsvbB1IElguSABAE0gSQBBYHE
196=gzSABQHVgcVDNIAFwCSABACjC8ALwCSANAAUgAQAFIAC1EBrQ2JGwsWBYnbBpEBUgGSABA
197=AVg6QAFIAEwBSABAAUgAQAFUhEABSABMAUQjQAFIAEwBSABAAUgAQAFIAFgWQBZIM0gAWB
198=YzFAZQBUgAUAU2rAFIA1g0SABYHEAiWDRIAFgiXAJAB0gAQAFYUlRFJ/wLTGG0M0A0YAEy
199=lC5IS6wHWAdYHycsAEABSAlQGqwHYDSc71wCSABQBUgAQBmsAUgSeDQFQEM/QkVHS0xQHV
200=gcSDNIAEAEWxCGjjpYi0wBSABAB7wFagY+PkgYXA4qLAMk70Lct21QBUgAXAVIAFBuJywA
201=QAFIAFACtACgATMsAEBPvwKbpEknLAAtvAAtdwbCrWFQQUgAQAdIAFAFSABAAUgAQAEqLA
202=xYAVACSABAAUgAQAFIAEABSABYNEgAWBw2pAZMBFg0WGFQ5qQsWAFAakwBSJYntAVUNq8E
203=n6ZMUAtIAEAHSABAAUgAQAFIAEMHj5Y/XAhcg1ACSABQAkgAUMInLABAAVgcQGcLP0NGOj
204=09Q0dJbW9ubnAihCy0PEA0KiQIXAVIAFAISBhYNEgAQBlENVg0WApYwVwjKowSUAVIAFwF
205=MHwEUAJIA0gAQAFIAEABMBw0XwKOlkBY01gHTAFAASfMFFgWWElAZ0gAUEpYB0AEQBBAAU
206=gATAFIAEABSABAAUgAQAFIAEABrLKsAVgBKkwBUAJIAFACSABYNEgAWBxAHFQbSABYHFwC
207=QARIBrwRTAG0hEC1NrQFTARIAEAHLdwBUAJIAFwCSABAAUgAQAFIAEABJ0wBTAFYHFQzSA
208=BQHVgcQ2dxcXBcAkgAUAVIAERBJ1QIUAJIAFACSABAAUgAQAFIGFg0SABAGUgYUAJIAFwC
209=SABAGVCeQBNMAVACSABAAUgAQAFIAKABVABIAFgBtBJfO8SyZUsA2LVpUNdcAkgAQARfaN
210=+7ciFbIsy2Y0wEWBZAFkgzSABYFqwEWARAAUgAQAFIADMUHlwCQARIAEABSABAAUgAQAFE
211=Oza8AFg0SABYHEAcWDRIAFgcSAYqHAozlBBMBAaep1x2d2WMjW1MAUANrxy4qVhMAUgAUA
212=JIAFACJ5QERJInXABMClgcSDNIAFAdWBxUM0gAQARIAEAHSABAAbScXHdMAUgAUAJIAEAB
213=SABAAUgAQAFIAEABSBhYNEgAQBlIGCqsAUwrJ+QLUAVIAFwFSACgAVQASABYAUgAWAQnLA
214=BEFCcsAEABSABDBLuvXVgWQBZIM0gAWBa8AkgDQAFIAEABSABAASfkAkxMUIB4iCKVVU61
215=ip8s5BFZhY+UjUQdKqQSXAhIAEAKSABYNEgAWBxAHFg0SABYHFwCQAS2h8mwK5xNDHp6dj
216=s+Pjo9OTo9Pk5QTie/AOa9dUAiWDSsB1gHQAFIACfvA7urXFACWBxIM0gAUB1YHEgzSABc
217=AkgAUAVIAEwWWHa0q0AcJ1wAQAEFlmJEmGRHlmMorCtcBVwCSABAAUgYWDRIAEAZSBhQAl
218=BEQPRQX0wBSABMBKwQrAG0AFACQAFIAEABSABAAUgAQAFIAEABSABAAUgAWBZAFkgzSABY
219=FlB0SAlcAkAESABAAUgAQAFIAEABQPFUM6QvYDQjsGNcAkgAQASk5lSTTAFIAFACSABU80
220=AfQAdENVACSABRArcgBXRjUAVIAF0Foyz+WURHMUxDRE1AZ1BQUAVIBkAHtDy8hlgcSDNI
221=AFAdWBxIM0gATARIAFAFSABAAUgAQAFIAEAcJywAQAEDmWZImGVIQzSaZklIAAOWY0eZZE
222=dcAkgAUAVIAEABvCYtpAZQEUgDQARIAEg2WBMn9BNEAkgDSABAAUgAQAFIAEABSABAAUgA
223=QAFIAFgWQBZIM0gAWBYnXAAn7AlMBFACSABAAUgAQwGbZ0pASawBWAFAAUgAQAFAEExGVK
224=VYEEATMJQERDusuy10BkwHUaGJIwxcQGpIAFgcSFFAZEgAQFJcCzOcAkBJUAVIADC8AEwK
225=SABAB0gAQAFYB0gzSABQHVgcSDNIAFwCrBZESkABtMBYcFwCSABAB0gAQAFIAEABSABAH0
226=gATB9DNJVhRCdcAEABtDNMBEAfWAFAAUgSQGpIAEAZSBhQAkgAXAJIACdsBSdEAEABSABI
227=A0QaQAFIAEwBSABYFkAWSDNIAFgWJ1wAQAEk/CZMT1BfWEkBkZU/n4SYpH0nLAlASVwIXA
228=VIAEABSAAn9AFMAVACSABAAUgAQAFICS0cDVwCXLa/AoaOOng3JvwyWC5IAFgcQRxDNRxq
229=QGRYClAISABQBUgAvAVYOkgAWCJcAkAEWBxIM0gAUB1YHEgzSABcAkgAQARIACrMAlDyvA
230=JATEABSABABEgAQAFIAEABSABYNCcsAEABSABQAkgAKhwBUAJIAFACSBJYNEgAQBlIEirM
231=AqAEVABIAEQFSABAAUCOQEZMAVgWQBZIM0gAWBZIA1ACSABAAUgAQAFYYUABSABMAUgAQA
232=FIAEABUH1YfEgAQElIACosCVQPtC1YYVAFWFJQCFQ8TAFIAEwHSABQvEgAXrySlyJQTrwC
233=RUePJoxOTARQAkgAQAFMbTMcalwFQARIAEwESABAAUgAQAFIAFg0SABYIkAiWDQDSk1OSE
234=pLQAFQHVgcSDNIAFAFSABQBUgASFEnLABAAUgAUAJIAERHJywAQAFIAFACSABAAUgAQAFI
235=AEABSABAAUgAQAFbH8e1YrwdWAdQF7wCSANAAUgSWDRIAEATRDVQAkgAXAK0AKABpAhUkD
236=l3Bvr6AEgAXAVQBSrsADAsAFB9KnQGQARIAEAHSAAqtAVEnlhSWOVAQ0AESABABEgATAQn
237=tAhQAipEA0gPRB1cBSqcAiofaqWoUhEAANMI2BIGn6dPoadPo6ZUQAEGr6tYt69aoadPTA
238=FIAEABSAAAD3JzcnJzcUhLTDs9Ozg6OUVISXBxb3J0cqimV+e8dLuxW0wEUAVIAEABSABA
239=AUgAQAFIAEABSABDAburXEABSABMAUgAQAFIAEABSABAAUgAQAFIAEABSABAAUgAQwH6+g
240=AtCAC8AkgDQAEDRUlLPUA9SAADPD4+eHh2UAJAAVQASABUA0gABnd3dTw/Pj9BPUsARkpL
241=qAlcAqABLRQAXAJAB0gAQAFIAEABSABAAUgAQAFIAEABSABAAUgAQAFIAEABA8CvXqupVq
242=wBWAFDAce1YkABSABMAUgAQAEGwq1hz7do3LdtTAFIAFACSABAAUgAQAFIAC2cAidcAFAL
243=rAFQMkABSABQBUgACZ6kToKIM4SHM5+mTFACSABQAkQsAAOKjG+apFWfp1iChm7JsWXItG
244=W7r11ID0AEUDVABFgETAFIAEABSABAAUgAQAFLALOrWTA3B8SuXkAESABABEgAQAFIAEAB
245=SAAt9AQzOABQBUgAUAUqpAZSHUpOaE5AATB0BjMcATBQAFgKSABEC0gAQAFIAEABSABAAU
246=gAQAFIAEMBpahSWDGkIFgBUAJIACdUBUwBUAJIAEABWARAAUgDJzQHrAdYWy2cAlgEXAVI
247=AEAErAFUJEAHrAFcAkABYDQFijmGjjqMkDtYAVACSABAASd8DVQtA8i1ZqOmVLwCSANAAU
248=gASDAnLAAtTAFLBui6by0sA1ACA9+7cripWEwHQAdIAEABSAAwxAQ8RABAB0gAQAekNUAB
249=SDNLZnN0c6xntAM8EAEzdABAB0gAQApIAEABSABAAUgAQAFIAEABSABAAUgAQAFIAEABSA
250=BAAVAjQAFIAEwBSABIJ6wBUCBAAUgAUAJIADZ0BkAESABABCrsDEQ1XGIDxLJl2LVpQz2P
251=lj+sBFgEQAFIAEABSABAAQORl0WJkD5MAUg5WAQBkZU/nymsDVwCTARQL1ARRERMAUgAUA
252=JIAFg6JywAQAFIAFACVEsqXAAzoAQ8UAC8CEgJQAFIAKABVABIAFg0pAJMATwQATl0AEwH
253=UAhIAEABSABAAUgAQAFIAEABSABAAUgAQAG3mcmwY0QppIxEKVwCJ8QEJ1wMXAUJeHh1QE
254=E/QEE9OT07J5wCQJFcBUgAQARIAF9clZtGUGVALlACSABQAkgAKiwMUAJIAFACrAdRMoIs
255=fA0ttAhMCrwFSwbGs2NICVg0TAFQAkgAQAEqVAhYASe8ALwLrARcAjnEBDNoAEAHSABAB0
256=gAoAFUAEgAWAFIAEABSABAATPsAD9QAKwHWAdAAUgAQAFIAEABQC5ATLQwrAEtlBBMBDDE
257=BEQgJ+wMA0JCPj1BQyokHTC8GEAucM4CizaSlz9MB0ANWApAEEgAQAFIAEABSAAGvq1f5b
258=x0zLZjQy6AhjMnXABYQ3KhpkxMBCcsACrUBkgYUAVIAEAESABAAUgAQAFIAEABSABAAVwF
259=LdwBPNMEnJFIM4AASAlACkgAoAFUAEgAWAFIAEABSAAz1AAgBlAAUAhIAFAISABAAUgAQA
260=FIAEABSABAAUgAQAFIAEABSABAAUgAQAFJAI8pRBIndAYqBBa8syekBkxbQItYIkwHUGhD
261=Lo+VPiFjIISLNkgARDVcAlALSABAAUgAQAFIAEMBu69dSEJYDS1kE3gBI/gnTAQqLABYAS
262=eMDEwBUAhIAEABSABAAUgAQAFIAFS0WApIRS0sDyAG6AQqmAAnTAGgAVQASABIDEgAQAFI
263=AEABKrwAIAksAKwHWAdAAUgAQAFIAC00EydcAEABSABABEgAJ+wJQC4zdAZMBFAFSABAAS
264=2kBlACSABcAlQqUGu3Nn2EM1BivMhQ+EAESABMBEgAQAFIAEABSAAq3AFQAkgAUAJIACcc
265=DSosAEzcQAS0tEyCJ+wAvAJIA1AFSABMeUkPn5xxUAJIAFACIAkMBSekAEAHSABMB7QAoA
266=EqLAAnpAAgDyAAUAhIAEAKSABAAUgAQAFIAEABSABAAUgAQAFIAEABSABAAUgAQAFIADl0
267=BlAmUFNcvCc8CzakBlwIQApIAEABSwDEsmVLANi1aUSbUAJIAFACSABAAUgAQAFIAEABSA
268=BAAVwLREq8zkQ+UAK8YkxzTAFIAG4Er11AAUgATAFIAFhAA+a9dee8cVwLXGi8AkREQAFI
269=AEAESABAAUgAQAEgCTAFvAVIBqABVABIAFgBSABAAUgAQAEgCTQBJ6QAQAdIAEwHSABAAU
270=gAQAFIAEABSABAAUgAQAFIAEABSABAAUgAQAFIADZ0Bkgzp5iGjjpYl0gALQQTPKQGUCZA
271=01wLWC4nrAFAAVhtWDFcAlBiWAFAAUgAQAFIAEABRKFAAVMv6LpvXGVcYifcAUSqegGHM1
272=gQTARIAFwFWAQqfAFbOpCWQVg0TARcFyfsAFAFSABcBSfEBDMgAKwEWARAAUgAoAFUAEAW
273=WAFIAEwBSABAAbQYMxABM1AASAZAB0gAQAFIAEABSABAAUgAQAFIAEABSABAAUgAQAFIAE
274=ABSAA2dAZABEgAQAS8WawBQB9IHkgAWB9IA1ACSABAATykBqwEWAQndBJPAci0ZSdcAEAB
275=SABQAkgAQAFIAEABSABYpqwBXA5IRawBXRGPKdwcUAJIAFAFSABAAUgAQAFIAFg0SABAB0
276=xwaJ8j3ENcAkAESABAAbgoMCwASANQAkgAQAFIAEMB////VABIAFgBLVwVZPIj3z3JsGNY
277=eaSGTAEntBFIBkAHSABAAUgAQAFIAEABSABAAUgAQAFIAEABSABAAUgAQAFIAEABSAA/dA
278=ZMBFAFSABAAUgAQAFIAEABYh+LNmAfLMwXIAakBlAISABcCEgAQAFIAEABSABAAUgAQAFI
279=AEABSABAAVhwQAFIAEwBSABAAUgAQAFIAEABSABAAUgAQAFIAEABSABAAUgAQAFIACADNA
280=dQBUgAUAVIAEABSABAAQmhp0+fp0+fp0+hp08RAAA=

[AITriggerTypesEnable]
043F40BC-G=yes
043F521C-G=yes
043F874C-G=yes
044082BC-G=yes
05CB5B6C-G=yes
05CB830C-G=yes
05CBAEDC-G=yes
05CBC04C-G=yes
05CBC19C-G=yes
05CBC2EC-G=yes
05FC088C-G=yes
05FC0C9C-G=yes
05FC13EC-G=yes
05FC1A8C-G=yes
05FC1C5C-G=yes
05FC333C-G=yes
05FC37CC-G=yes
05FC3C9C-G=yes
05FC50EC-G=yes
05FC747C-G=yes
05FC75CC-G=yes
05FFA7DC-G=yes
05FFB18C-G=yes
06002BFC-G=yes
0611A1EC-G=yes
0611A33C-G=yes
0612B11C-G=yes
0612CD8C-G=yes
0612EAEC-G=yes
0612F46C-G=yes
0612F9AC-G=yes
0616004C-G=yes
06C551AC-G=yes
078F4B2C-G=yes
07C04C7C-G=yes
07C04EDC-G=yes
07C0B14C-G=yes
07C30A5C-G=yes
07C310BC-G=yes
07C3266C-G=yes
07C329FC-G=yes
07C330CC-G=yes
07C33DDC-G=yes
07C4853C-G=yes
08A3EEDC-G=yes
08B902EC-G=yes
08B90B1C-G=yes
08B911BC-G=yes
08B9154C-G=yes
08B9213C-G=yes
08B9305C-G=yes
08B9356C-G=yes
08B940EC-G=yes
08B9423C-G=yes
08B9483C-G=yes
08B9586C-G=yes
08B9641C-G=yes
08B9708C-G=yes
08B9767C-G=yes
08B97C6C-G=yes
0A31295C-G=yes
0A44F17C-G=yes
0A44F2CC-G=yes
0A452C6C-G=yes
0A452E5C-G=yes
0AA845AC-G=yes
0AA846FC-G=yes
0ABC484C-G=yes
0AD2BAEC-G=yes
0C0C7AEC-G=yes
0C0D184C-G=yes
0C0D251C-G=yes
0C1245AC-G=yes
0C1246FC-G=yes
0C32599C-G=yes
0C32D84C-G=yes
0C87B45C-G=yes
0C87B99C-G=yes
0C87E5AC-G=yes
0C8B81BC-G=yes
0C8BC5AC-G=yes
0C8C2AEC-G=yes
0C8C2C3C-G=yes
0C8C430C-G=yes
0C8C4C3C-G=yes
0C8C51BC-G=yes
0C8C56FC-G=yes
0C8C645C-G=yes
0C8C6EDC-G=yes
0C8C71BC-G=yes
0C8E2C3C-G=yes
0C8EE1BC-G=yes
0C8EEAEC-G=yes
0C8EEEDC-G=yes
0C91D45C-G=yes
0C92C1BC-G=yes
0C92C45C-G=yes
0C955AEC-G=yes
0C955C3C-G=yes
0C9561BC-G=yes
0C9565AC-G=yes
0C96F45C-G=yes
0C96F5AC-G=yes
0CA1F84C-G=yes
0CA24D8C-G=yes
0CA2A04C-G=yes
0CA2B06C-G=yes
0CA2D99C-G=yes
0CA2FEDC-G=yes
0CA5945C-G=yes
0CA6621C-G=yes
0CA6AEDC-G=yes
0CAD0B2C-G=yes
0CAD0C7C-G=yes
0CAD0DCC-G=yes
0CAD130C-G=yes
0CAD145C-G=yes
0CAD25AC-G=yes
0CAD2AEC-G=yes
0CAD2C3C-G=yes
0CAD5AEC-G=yes
0CADD99C-G=yes
0CADDEDC-G=yes
0CB29EDC-G=yes
0CB2CEDC-G=yes
0CDF899C-G=yes
0CDF8D8C-G=yes
0CDF8EDC-G=yes
0CE2395C-G=yes
0CE23AAC-G=yes
0CE26B5C-G=yes
0CE26CAC-G=yes
0CE2E8DC-G=yes
0CE2EA2C-G=yes
0CE44D0C-G=yes
0D022B1C-G=yes
0D022C6C-G=yes
0D052AEC-G=yes
0D0803CC-G=yes
0D08461C-G=yes
0D0848BC-G=yes
0D084A0C-G=yes
0D084B5C-G=yes
0D0873DC-G=yes
0D087D8C-G=yes
0D0B3B9C-G=yes
0D2769BC-G=yes
0D2C41EC-G=yes
0D2C448C-G=yes
0D2C45DC-G=yes
0D53099C-G=yes
0D53130C-G=yes
0D53430C-G=yes
0D535EDC-G=yes
0D62145C-G=yes
0D6215AC-G=yes
0D6216FC-G=yes
0D62199C-G=yes
0ECCB2BC-G=yes
0ECCB40C-G=yes
0ECCB55C-G=yes
0ECCB7FC-G=yes
0ECCBC3C-G=yes
0ECCF14C-G=yes
0ECCF29C-G=yes
0ECCF68C-G=yes
0ECCFA7C-G=yes
0ECCFCAC-G=yes

[Africans]
IQ=0
Edge=North
Color=DarkRed
Allies=Africans
Country=Africans
Credits=0
NodeCount=0
TechLevel=1
PercentBuilt=0
PlayerControl=no

[Alliance]
IQ=0
Edge=North
Color=Gold
Allies=Alliance
Country=Alliance
Credits=0
NodeCount=0
TechLevel=1
PercentBuilt=0
PlayerControl=no

[Americans]
IQ=0
Edge=North
Color=Gold
Allies=Americans
Country=Americans
Credits=0
NodeCount=0
TechLevel=1
PercentBuilt=0
PlayerControl=no

[Arabs]
IQ=0
Edge=North
Color=DarkRed
Allies=Arabs
Country=Arabs
Credits=0
NodeCount=0
TechLevel=1
PercentBuilt=0
PlayerControl=no

[Basic]
Name=No name
Percent=0
GameMode=standard
HomeCell=98
InitTime=10000
Official=no
EndOfGame=no
FreeRadar=no
MaxPlayer=8
MinPlayer=2
SkipScore=no
TrainCrate=no
TruckCrate=no
AltHomeCell=99
OneTimeOnly=no
CarryOverCap=0
NewINIFormat=4
NextScenario=
SkipMapSelect=no
CarryOverMoney=0.000000
AltNextScenario=
MultiplayerOnly=1
IceGrowthEnabled=yes
VeinGrowthEnabled=yes
TiberiumGrowthEnabled=yes
IgnoreGlobalAITriggers=no
TiberiumDeathToVisceroid=no

[British]
IQ=0
Edge=North
Color=Gold
Allies=British
Country=British
Credits=0
NodeCount=0
TechLevel=1
PercentBuilt=0
PlayerControl=no

[Confederation]
IQ=0
Edge=North
Color=DarkRed
Allies=Confederation
Country=Confederation
Credits=0
NodeCount=0
TechLevel=1
PercentBuilt=0
PlayerControl=no

[French]
IQ=0
Edge=North
Color=Gold
Allies=French
Country=French
Credits=0
NodeCount=0
TechLevel=1
PercentBuilt=0
PlayerControl=no

[GDI]
IQ=0
Edge=North
Color=Gold
Allies=GDI
Country=GDI
Credits=0
NodeCount=0
TechLevel=1
PercentBuilt=0
PlayerControl=no

[Germans]
IQ=0
Edge=North
Color=Gold
Allies=Germans
Country=Germans
Credits=0
NodeCount=0
TechLevel=1
PercentBuilt=0
PlayerControl=no

[Houses]
0=Americans
1=Alliance
2=French
3=Germans
4=British
5=Africans
6=Arabs
7=Confederation
8=Russians
9=YuriCountry
10=GDI
11=Nod
12=Neutral
13=Special

[IsoMapPack5]
1=jg4AIAFGAAEAwwBFAALGAQBGKCkARygrAEQAA+EERSgpAEYoKQBHKCkASCgrAEMABPkGRC
2=gpAEUoKQBGKCkARygpAEgoKQBJKCsAQgAF8QlDKCkARCgpAEUoKQBGKCkARygpAEgoKQBJ
3=KCkASigrAEEABukMQigpAEMoKQBEKCkARSgpAEYoKQBHKCkASCgpAEkoKQBKKCkASygrAE
4=AAB+EPQSgpAEIoKQBDKCkARCgpAEUoKQBGKCkARygpAEgoKQBJKCkASigpAEsoKQBMKCsA
5=PwAI+RFAKCkAQSgpAEIoKQBDKCkARCgpAEUoKQBGKCkAR0kBrLVOSEkBpKkBSUkBpqkBSk
6=gBxQ9LKCkATCgpAE0oKwA+AAnKBQA/KCkAQCgpAEEoKQBCKCkAQygpAEQoKQBFSAHFE0ZI
7=AcUTR0kBoqUTSCgpAEkoKQBKSAHJF0tIAd0RTCgpAE0oKQBOKCgAAj0ACgAmXApVbj5IAd
8=kGPygpAEAoKQBBKCkAQigpAEMoKQBESAHJF0VIAd0VRigpAEcoKQBIKCkASSgpAEooKQBL
9=SAHBGkxIAcUTTSgpAE4oKQBPKCsAPAALgBpNGj3IAY0bC8AIRDQnKQBAQATZAkEoKQBCSA
10=HVGENIAcEwREgBwRpFKCkARigpAEcoKQBIKCkASSgpAEooKQBLKCkATEgB2RxNSAHZEU4o
11=KQBPKCkAUCgrADsADJgcXQU8yAGEHrQChR4MTAOJAD9ABIMBAABAKCkAQSgpAEJJAatYB1
12=EEQ0gB2RxEKCkARSgpAEYoKQBHKCkASCgpAEkoKQBKKCkASygpAEwoKQBNSAHRH05IAVwP
13=aQBPKCkAUCgpAFEoKwA6AA18BG0AO0gBfFdNATzIAUEZPcgBnCAnrQA/VAJcBGkAQCgpAE
14=EoKQBCSAEnHgQNACccBCcpAEVABNUCRigpAEcoKQBIKCkASSgpAEooKQBLKCkATCgpAE1J
15=AaVcFkkTTkgBWABpAE8oKQBQKCkAUSgpAFIoKwA5AA5oBm0AOigpADtIASd1BA6ARlUMPd
16=QClCMn2QA/VAJ4B00AQCgpAEEoKQBCSQGvWAdBBENIAd0gRCgpAEUoKQBGKCkARygpAEgo
17=KQBJKCkASigpAEsoKQBMKCkATUgBJ3QEJ70CT1QCSBFpAFAoKQBRKCkAUigpAFMoKwA4AA
18=9oBm0AOSgpADooKQA7SAEnzQQPKMwEqAGMJicFAT9MBWQJTQBAKCkAQSgpAEIoKQBDSAHZ
19=J0RIAdknRSgpAEYoKQBHKCkASCgpAEkoKQBKKCkASygpAEwoKQBNSAEnzAQnvQJPVAJMFW
20=kAUCgpAFEoKQBSKCkAUygpAFQoKwA3ABB0B20AOCgpADkoKQA6KCkAO0gBJyUFECgkBagB
21=hCknMQE/TAVwCk0AQCgpAEEoKQBCKCkAQygpAERIAcV2RUgB0SpGKCkARygpAEgoKQBJKC
22=kASigpAEsoKQBMKCkATUgBJyQFJ70CT1QCTBVpAFAoKQBRSQH3qWRSSQHzqQFTSQH1qQFU
23=SAFsBk0AVSgrADYAEUACiQA3KCkAOCgpADkoKQA6KCkAO0gBJ30FESh8BagBnCsnXQE/TA
24=WADG/AEQD9uRFBKFUAQigpAEMoKQBESAEnfQUR5aJGVALJLUcoKQBIKCkASSgpAEooKQBL
25=KCkATCgpAE1IASd8BSe9Ak9UAt0VUEgB0SpRSQH0qRdSSAHBBFMoKQBUKCkAVSgpAFYoKA
26=ACNQASACWlCDZJASqpATfIAVUBOMgBWSc5SAHNBTooKQA7SQEsQAVRDzzIAVUBPcgBWQY+
27=SAHZBj8oKQBASQEvQAVZBkHIAVUBQsgBWQZDyAEBAwAAREgBJ9UFEijUBScpAEdABMEwSC
28=gpAEkoKQBKKCkASygpAEwoKQBNSQGpQBBZEU5IAVgAaQBPKCkAUEkB/KEEUUgBdANNAFIo
29=KQBTKCkAVCgpAFUoKQBWKCkAVygrADQAE4AwSQs1KCkANkgBbDFRHzfIAQEEAAA4yAEBBQ
30=AAOUkBJUwGSQA6KCkAO0gBbDFZBjzIAVkGPcgBAQUAAD5JASVMBkkAPygpAEBIAWwxTQVB
31=yAEBBQAAQsgBAQYAAEPJAQduMRMA2bZFVQKnRAldIEZIAcEwRygpAEgoKQBJKCkASigpAE
32=soKQBMKCkATUgBTAppAE4oKQBPKCkAUEkBj3sDAABRSAGmAQBSSQGNrQFTSQGJqQFUSQGL
33=qQFVSAGmAQBWKCkAVygpAFgoKwAzABTKBQA0SQElWBxNUjUoKQA2SAFkNFUjN8gBVSM4yQ
34=EIZTQUgDtZBjpUAsUIO0gBZDRZBjzIAVkGPcgBWQY+SAHNBT8oKQBASAFkNEEEQckBCWY0
35=FAB1AgpkNKkBC2Q0J+kCRUwF2RhGSQGvVBhZAUdIAd02SEgB3TZJKCkASigpAEtIAdWRTE
36=gBVAdpAE0oKQBOKCkATygpAFBJAYxkBWc0FACFqQFSVQKKqQFTSAGmAQBUKCkAVSgpAFYo
37=KQBXKCkAWCgpAFkoKwAyABXOCQAzKCkANCgpADUoKQA2SQEmvSA3yAFVATjIAVE1OUgB1Q
38=k6KCkAO0kB+0AFRQM8SAHZ1z1IAUQCaQA+KCkAPygpAEBIASdtGRWI0lEFQlQCbBBdCUPI
39=AUEPREgBUANpAEUoKQBGKCkARygpAEhIAdU5SUgB1TlKKCkAS0kBqVwLVQlMSAFYAGkATU
40=gByWROSAHZMk8oKQBQSQGDZAV+NhUA0TVSVAKyAgBTKCkAVCgpAFVJAY+lBFZIAaYBAFco
41=KQBYKCkAWSgpAFooKwAxABbWBgAyKCkAM0kBk70CNEgBpgEANSgpADZIAWQpRQM3yAFRHj
42=jIAVEqOUgBUANpADpJAZFjAQAAO0gB0R88SQGJtQI9SAHJhT5JAflECUEDP0gBWABpAEAo
43=KQBBSAHBD0LIAVkFQ8gBQQ9ESAFsBk0ARSgpAEYoKQBHKCkASCgpAEkoKQBKKCkASygpAE
44=woKQBNSQGQXAtJAE5IAd02T0kBiEgCSQBQSAHJOFFIAUQCaQBSKCkAUygpAFQoKQBVSAHd
45=ClZJAYdxBgBUOSeFBlhUArICAFkoKQBaKCkAWygrADAAF8oFADEoKQAySAHBRjNIAcUENE
46=gB1QI1SAHVAjZIAcktN8gBSS04yAFJLTlIAc0FOigpADtJAY65AjxIAaYBAD0oKQA+SQH4
47=RAlFAz9IAVgAaQBAKCkAQUgBwQ9CyAFZBUPIAUEPREgBbAZNAEUoKQBGSAHRbEdIAd1MSC
48=gpAEkoKQBKSAHdK0tIAUAJaQBMKCkATSgpAE5JAZJ7AwAAT0gBpgEAUCgpAFEoKQBSKCkA
49=UygpAFQoKQBVKCkAVkgB2T1XSAHZEVhIAckMWSgpAFooKQBbKCkAXCgrAC8AGNYGADAoKQ
50=AxSAHJIjJIAcVVM0gB1SM0SQGGoQc1SAGmAQA2SAHBMDfIAUEwOMgBQTA5SAHZdDpIAdkG
51=O0gBwRo8SAHBGj1IAcEEPkgBJS0nP0gB1QJAKCkAQUgBwQ9CyAFBD0PIAUEPREgB2QZFKC
52=kARkgBwQ9HSAHZHEgoKQBJSAHNc0ooKQBLSAHdjkxIAd0KTSgpAE4oKQBPKCkAUCgpAFEo
53=KQBSSAHB1VNIASXJNVQoKQBVSQHxVBlZDFZIAVgAaQBXSAHVZVhIAWgCTQBZSAHZ11pIAU
54=QCaQBbKCkAXCgpAF0oKwAuABl8BG0ALygpADBIAdFAMUgB3SAySAHBJTNIAdUCNEgBJzwI
55=JzEBNlQC2TI3yAFBGTjIAVkyOUkB+kgCRQ86SAHZHDtIAUQCaQA8SAElXSI9SAHJQz5IAX
56=QDTQA/KCkAQCgpAEFIAcEPQsgBVQxDyAFBD0RIAVQHaQBFKCkARigpAEdIAclDSEgB1bJJ
57=SAFsBk0ASigpAEsoKQBMKCkATSgpAE4oKQBPKCkAUCgpAFFIAd02UkgBWAtpAFMoKQBUKC
58=kAVUgB2aBWSAFgBU0AV0gBJzwIJwEGWVQCUANpAFpIAclvW0gBaAJNAFwoKQBdKCkAXigr
59=AC0AGiMUJFknLsgBWScvSAFUB2kAMEgBwQ8xSAFoAk0AMkgBzZ8zSAHNGzRIAdUCNUgB2R
60=E2SAHRNTfIAVUNOMgBVQ05SAFMCmkAOkgB0R87SAFoAk0APEgBJ5UIGiYVJD5UAskMP0gB
61=XARpAEAoKQBBSQEuSA1ZAkLIAVUBQ8gBQQ9EyAEBAwAARUgBIpgvTQVGKCkARygpAEgoKQ
62=BJSQEqRAlNBUrIAVUBS8gBXQpMSAHRCU0oKQBOKCkATygpAFAoKQBRSQEpRAldClLIAVUB
63=U8gBXQpUSAFQA2kAVUkB9lQDTQFWSAEl/StXSAHVWlhIAdlpWUgBXARpAFpIAcWtW0gBaA
64=JNAFwoKQBdKCkAXigpAF8oKwAsABuARlkGLcgBWRAuyAFRFC9IAVADaQAwSAHdQTFIAWgC
65=TQAySAHBRjNIASWBITRIAVADaQA1SAHRFDZIASfsCKAPVQ041AJVDTlIAWwGTQA6SAHZBj
66=tIAUQCaQA8SAHNED1IAWgCTQA+SAHBkz9JAe9QClUCQEgBzZRBSAFtRwQiVjcbAGkBBSJU
67=N6kBBiJUN6kBB21HGyNkOVEIRlkGJVwASQBHKCkASCgpAElIAWxHSU5KyAFJDEvIAQEFAA
68=BMSQElWAdJAE0oKQBOKCkATygpAFAoKQBRSAFsR10KUsgBXQpTyAEBBQAAVEgB3dBVSAEl
69=lUpWSAFAH2kAVygpAFhIAc1+WUgBdANNAFooKQBbSAHJOFxIAVADaQBdKCkAXkgBwTtfSA
70=F0A00AYCgrACsAHCaRTyxJASZYHUEELcgBVQEuyAFNPC9IAVADaQAwKCkAMUgBzRAySAF0
71=A00AM0gBxWA0SAHFYDVIAVADaQA2SAHVDTfIAVUNOMgBVQ05SAFgBQgAAAA6ABwAAAAAAB
72=EAAFkOACAEAAAAOwAcAFgAawA8ABx4AG0APSgpAD4oKQA/SgH6AX4DAEBJAfSpAUFJAS5I
73=AQEIAABCyAEBCQAAQ8gBAQoAAETIAQELAABFSQElTAUBAgAARigpAEcoKQBIKCkASUkBKk
74=wFAQYAAErIAQEHAABLyAFVDUxIAdEJTSgpAE4oKQBPKCkAUCgpAFFJASm9ClLIAV0KU8gB
75=XQpUSAGTHAAAVSgpAFZJAY25AldJAYmpAVhJAYipAVlJAYWpAVooKQBbSQGHtQJcSAGmAQ
76=BdSAHRCV5JAYq5Al9IAaYBAGAoKQBhKCsAKgAd3gMAKygpACxJASZAGkkDLcgBVQEuyAFJ
77=LS9IAVADaQAwKCkAMUkBj28CAAAySAGmAQAzKCkANEkBkrkCNUgBpgEANkgB1Q03yAFVDT
78=jIAVUNOUkB+UgCXQU6SAFYAGkAOygpADwoKQA9KCkAPigpAD8oKQBAKCkAQSgpAEIoKQBD
79=KCkARCgpAEUoKQBGKCkARygpAEhJAd6xFElIAcEaSsgBQQNLyAFBGkxIAWgYTQBNKCkATi
80=gpAE8oKQBQKCkAUSgpAFIoKQBTSAHVI1RIAUwKaQBVSQGRYwEAAFZJAYapAVdIAaYBAFgo
81=KQBZSQGQuQJaSQGDqQFbSAHBUVxIAdlTXUgB0UteSAGqBQBfKCkAYCgpAGEoKQBiKCgAAS
82=kAHgDVRCpIAcUIKygpACxIAdknLcgBWScuyAFZJy9IAdkGMCgpADFJAYy5AjJIAclkM0kB
83=+1gHQQM0SQHxqQE1SAFEAmkANkgB1Q03yAFNBDjIAVUNOUkB9kgCUQU6SQHvqQE7KCkAPE
84=gB3Qo9SAFcBGkAPigpAD8oKQBAKCkAQSgpAEIoKQBDKCkAREkB/bUNRUgBcApNAEYoKQBH
85=KCkASCgpAElIAcEaSsgBUQhLyAFBGkxIAUAJaQBNKCkATigpAE8oKQBQKCkAUSgpAFIoKQ
86=BTSQH4XAtVCVRIAVgAaQBVKCkAVkgBzX5XSAHNMVhJAfW5BllIAWwGTQBaSQGOXABJAFtI
87=AVgAaQBcSAHBXF1IAWgCTQBeKCkAXygpAGAoKQBhKCkAYigpAGMoKwAoAB9cCIkAKUgBwQ
88=8qSAGNAgBEoieBACxUAtEqLcgBVRcuyAFRKi9IAdkGMEgBybExSAHNaDJIAcVrM0kBi7EF
89=NEgB2Sc1SAGwAkaiHwDVDTdUAmgBVQ04yAFVDTlIAd3mOkkB8lQDSQc7KCkAPEkB8LUCPU
90=gBUANpAD4oKQA/KCkAQCgpAEEoKQBCKCkAQygpAEQoKQBFSAHZMkZIAXwLTQBHKCkASCgp
91=AElIAXQYQQRKyAFRE0vIAUEaTEgBUANpAE1JAfdUA00BTkkB86kBT0gBwUZQSAFQA2kAUS
92=gpAFIoKQBTSAHFdlRIAcUIVUgB2XRWSAF4B00AV0gB3aRYSAHZ7VkoKQBaSAHVp1tIAUgG
93=aQBcSAHdNl1IAWgCTQBeKCkAX0gB1SNgSAFQA2kAYSgpAGIoKQBjKCkAZCgrACcAIGgGbQ
94=AoSAHFSilIAdlIKkgB1ZwrSAHVDSxIAcktLcgBRSguyAFJLS9IAXAKTQAwSAHZXjFIAUQC
95=aQAySAHVAjNIAWgCTQA0SAHRKjVIAcUpNkgB1Q03yAFVDTjIAVUNOUgBVAdpADooKQA7KC
96=kAPEgBxSk9SAFgBU0APigpAD8oKQBAKCkAQSgpAEJIAdEfQ0gBVAdpAEQoKQBFSQH8WBJZ
97=AkZIAVgAaQBHSAHVkUhIAcEaSUgBwRpKyAFFB0vIAUEaTEgB2QZNSAElySpOSAFwCk0ATy
98=gpAFAoKQBRKCkAUkgBwVxTSAHFCFRIAVQHaQBVSAHJIlZIAWgCTQBXKCkAWEgBwfZZSAHd
99=QVpIASekCiftCFxUAt02XUgB0WFeKCkAX0gBwYhgSAHBBGFIAd1tYkgBXA9pAGMoKQBkKC
100=kAZSgrACYAIXwEbQAnSAHRVihIAdmgKUgB3RUqSAElKSErSAHFHixIAcEwLcgBQTAuyAFB
101=MC9IAXwLTQAwSAHdIDFIASWJIjJIAd0gM0gB0TU0SAHZHDVIAdUuNkgB1Q03yAFVDTjIAV
102=UNOUgBRA1pADooKQA7KCkAPEgByRc9SAFgBU0APkgBwQ8/SAHRKkAoKQBBKCkAQkgBzbVD
103=SAFUB2kARCgpAEUoKQBGKCkARygpAEhIAcFcSUgBwRpKyAFBGkvIAUEaTEgBfAtNAE0oKQ
104=BOKCkATygpAFAoKQBRSAHRVlJIAdknU0gBQAlpAFQoKQBVSAHV01ZIAcVrV0gBYAVNAFgo
105=KQBZSAHJOFpIAd02W0gBXARpAFxIAd0rXUgBaAJNAF4oKQBfKCkAYCgpAGEoKQBiKCkAYy
106=gpAGQoKQBlKCkAZigrACUAIkANiQAmSAHJWSdIAdFWKEgB3Y4pSAElkSMqSAGQBiL+ICIA
107=yRcsVALZMi3IAVkyLsgBWTIvSAHRCTBIAcUIMSgpADJIAcElM0gBJ/wgJ5ECNVQC2QY2SA
108=HVDTfIAVUNOMgBVQ05SAHVDTpIAdkGOygpADxIAck4PUgByTg+SAHNBT8oKQBAKCkAQSgp
109=AEJIAdEfQ0gB2QZEKCkARSgpAEYoKQBHKCkASCgpAElIAcEaSsgBQRpLyAFBGkxIAckMTS
110=gpAE4oKQBPKCkAUCgpAFFIAdEUUkgBxQhTSAElTSBUSAElTSBVSAHZ7VZIAdUjV0gB1SNY
111=SAHFCFkoKQBaSAHV6VtIAcEEXEgBxXZdSAHVAl4oKQBfKCkAYCgpAGEoKQBiSAElGTVjSA
112=HFCGQoKQBlKCkAZigpAGcoKwAkACPWBgAlKCkAJkgB3RUnSAHFBChIAcElKUgB1QIqKCkA
113=K0gBxUosSAHRNS3IAVE1LsgBUTUvSAHJ0jBIAdknMUgB3QoyKCkAMygpADQoKQA1KCkANk
114=gB1Q03yAFVDTjIAVUNOUgB0TU6SAHR2jtIAdUNPCgpAD1IAc0FPkgB2bY/SAHZBkBIAdkG
115=QSgpAEJIAdkGQ0gBwRpESAHNBUUoKQBGKCkARygpAEgoKQBJSAHBGkrIAUEaS8gBQRpMSA
116=HdCk0oKQBOKCkATygpAFBIAd3QUUgB2bZSSAHFCFMoKQBUSAElAT1VSAHB9lZIAdleV0gB
117=0VZYSAHFCFkoKQBaSAHNR1tIAcEEXCgpAF1IAdVEXkgBwQRfSAHZq2BIAd1tYUgBxfpiSA
118=HZEWNIAdkRZEgBxQhlKCkAZigpAGcoKQBoKCsAIwAk1AZAAScpACVQAc1+JkgB3dAnSAHR
119=BShIAc08KUgByUMqKCkAK0gB3SssSAHJOC3IAUk4LsgBSTgvSAEnBgwkANkGMVQCzRAySA
120=HJvDNIAc0QNCgpADUoKQA2SAHVDTfIAVUNOMgBVQ05SAHFCDooKQA7KCkAPCgpAD0oKQA+
121=KCkAPygpAEAoKQBBKCkAQigpAENIAcElREgBwSVFSAHNaEZIAdkRRygpAEgoKQBJSAHBGk
122=rIAUEaS8gBQRpMSAHFCE1IAc1HTkgBwUZPSAHVRFBIAc0FUUgBzQVSSAHNBVNIAclOVEgB
123=0ftVSAHFVVZIAcXvV0gB3QpYSAHdClkoKQBaSAEnBAwncQlcVALNBV1IAcGpXkgB1QJfSA
124=HJDGBIAdVPYUgBwQRiKCkAY0gByQxkSAHBBGUoKQBmKCkAZygpAGgoKQBpKCkAIki/xQgj
125=KCkAJCgpACUoKQAmSAElkSMnSAHZBigoKQApSAHdKypIAcElK0gBzQUsSAHBOy3IAUE7Ls
126=gBQTsvSAHVIzBIAdkGMSgpADIoKQAzKCkANCgpADUoKQA2SAHVDTfIAVUNOMgBVQ05SAHJ
127=DDooKQA7KCkAPCgpAD0oKQA+KCkAPygpAEAoKQBBKCkAQigpAEMoKQBEKCkARSgpAEYoKQ
128=BHKCkASCgpAElIAcEaSsgBQRpLyAFBGkxIAcEaTUgB0TVOSAElHVFPSAHVAlBIAc0FUUgB
129=xUpSSAHVAlNIAdUCVEgB1QJVSAHFNFZIAdUCV0gB3QpYSAHVAllIAd2ZWkgBxWtbSAHBBF
130=woKQBdSAHdCl5IAcEEXygpAGBIAckMYUgBwQRiSAHJDGNIASVlOWRIAdV7ZUgBwalmSAHZ
131=BmcoKQBoKCkAaSgpAGooKwAhACbWBgAiKCkAIygpACQoKQAlKCkAJigpACdIAdEUKEgBxR
132=MpSAHR2ipIAdUjK0gB2Q0sSAHZPS3IAVk9LsgBWT0vSAHd8TBIAdkGMSgpADIoKQAzKCkA
133=NCgpADUoKQA2SAHVDTfIAVUNOMgBVQ05SAHJDDooKQA7KCkAPCgpAD0oKQA+KCkAPygpAE
134=AoKQBBKCkAQigpAEMoKQBEKCkARSgpAEYoKQBHKCkASCgpAElIAcEaSsgBQRpLyAFBGkxI
135=AcEaTSgpAE5IASVdLU9IAcFnUEgByThRSAHRNVJIAcUIU0gBJ7QMJ8EIVVQCzeFWSAElYS
136=hXSAHZBlhJAZOtAVlIAaYBAFooKQBbKCkAXCgpAF1IAcU/XkgB3RVfSAHFCGAoKQBhSAHB
137=BGJIAcEEY0gB3RVkSAHVAmUoKQBmSAHZBmdIAcEEaEgB1QJpSAHVAmooKQBrKCoAIABYxE
138=guUQQhKCkAIigpACMoKQAkKCkAJSgpACYoKQAnKCkAKCgpACkoKQAqKCkAKygpACxIASJo
139=dk0QLcgBRRIuyAFRQC9IASLId0EEMCgpADEoKQAyKCkAMygpADQoKQA1KCkANkgB1Q03yA
140=FVDTjIAVUNOUgB1Q06KCkAOygpADwoKQA9KCkAPigpAD8oKQBAKCkAQSgpAEIoKQBDKCkA
141=RCgpAEUoKQBGKCkARygpAEgoKQBJSQErSBhVI0rIAVUBS8gBQRpMSAEJAAAAAAAAAE0AJw
142=AAEQAAGQ4AIAkAAAAAAABOACcAkgCDAE8AJ5wAUQBQSgH7AUMBAABRSQH1qQFSSAGPAgAA
143=U0kBjq0BVEgBpgEAVSgpAFZJAfa5BldJAfGpAVhIAc0FWSgpAFooKQBbSAHBD1xIAcEPXU
144=gB2QZeSAHBD19IAdUCYCgpAGFIAcEaYkgBwQRjSAHVAmRIAdUCZSgpAGZJAYy5AmdJAYWp
145=AWhJAYOpAWlJAYepAWpIAaYBAGsoKQBsKCgAAh8AKAAlRB5JACAoKQAhKCkAIigpACMoKQ
146=AkKCkAJSgpACYoKQAnKCkAKCgpACkoKQAqKCkAKygpACxJASlMEQEDAAAtyAEBBAAALsgB
147=AQUAAC9JASVABEkAMCgpADEoKQAyKCkAMygpADQoKQA1KCkANkgB1Q03yAFVDTjIAQEFAA
148=A5SQElSA1JADooKQA7KCkAPCgpAD0oKQA+KCkAPygpAEAoKQBBKCkAQigpAEMoKQBEKCkA
149=RSgpAEYoKQBHKCkASCgpAElJAStQFVknSsgBQRpLyAEBBQAATEgB3UFNKCkATigpAE9JAZ
150=GlBFBJAYmpAVFJAYupAVJIAaQBRmsoAMFRVFQCyU5VSAHBBFZIASdnDSgA8kQTRQNYVALV
151=ZVlIAUQCaQBaSQH9oQRbSAFoAk0AXCgpAF0oKQBeSAEnZQ0oWASJAGBVApOGAQBhSAGmAQ
152=BiKCkAYygpAGQoKQBlKCkAZkgBwRpnSQGIqQhoKCkAaUkBhrUCakgBpAFEaycNAmwoVQBt
153=KCsAHgApkGwBAgAAHygpACAoKQAhKCkAIigpACMoKQAkKCkAJSgpACYoKQAnKCkAKCgpAC
154=koKQAqKCkAKygpACxIAWVgBnxtVAVBMAd8bakBCHxtJ+kCME0FJUAEVRgxKCkAMigpADMo
155=KQA0KCkANSgpADZIAdUNN8gBVQ04yAFVDTlIAckMOigpADsoKQA8KCkAPSgpAD4oKQA/KC
156=kAQCgpAEEoKQBCKCkAQygpAEQoKQBFKCkARigpAEcoKQBIKCkASUgBfG1ZJ0rIAUEaS8gB
157=QRpMSAHVRE0oKQBOKCkATygpAFAoKQBRKCkAUigpAFNIAdlTVEkBiqELVUgBpgEAVkkB+E
158=Q0WQFXSAFYAGkAWCgpAFkoKQBaSAHVZVtIAWAFTQBcKCkAXSgpAF5IAcEPX0gBxYFgSAFI
159=BmkAYSgpAGJJAfetEGNJAe+pAWRIAcHrZUgBbAZNAGZIAcndZ0gBRAJpAGgoKQBpSAHBfW
160=pIAXQDTQBrKCkAbCgpAG0oKQBuKCsAHQAqRAaJAB4oKQAfKCkAIEgB2fghSAHdFSJIAd0V
161=I0gBnwcAACRIAc0bJUgB0ZgmSQGNpQQnSAHJpigoKQApSAHNJipIAdWcK0gBtgYALEkBJq
162=ElLcgBVQEuyAFdbS9IAc0FMCgpADEoKQAyKCkAMygpADQoKQA1KCkANkgB1Q03yAFVDTjI
163=AVUNOUgB1Q06KCkAOygpADwoKQA9KCkAPigpAD8oKQBAKCkAQSgpAEIoKQBDKCkARCgpAE
164=UoKQBGKCkARygpAEgoKQBJSAHBGkrIAUEaS8gBQRpMSAHBGk0oKQBOKCkATygpAFAoKQBR
165=KCkAUkgB2eJTSAHNwFRIAd0KVUkBj60BVkkB+kAQVQFXSAHZSFhIAUQCaQBZSAHJb1pIAW
166=gCTQBbSAHJDFxIAdlIXSgpAF5IAc1+X0gBSAZpAGAoKQBhKCkAYkgBxe9jSQHtuRFkKCkA
167=ZUgBzV1mKCkAZ0gB3RVoSAF8C00AaUgB2XRqSAFEAmkAaygpAGwoKQBtKCkAbigpAG8oKw
168=AcACt0B20AHSgpAB4oKQAfKCkAICgpACFIAdEqIkgBJSkhI0kB860bJEkB9KkBJUgBfAtN
169=ACZIAcGIJ0gBRAJpAChIAc1+KUgBxR4qSAF0A00AK0gB2XQsSAHRSy3IAVUMLsgBUUsvSA
170=FIBmkAMCgpADFIAdGCMkgBJZEuM0gBxYE0SAFsBk0ANSgpADZIAdUNN8gBVQ04yAFVDTlI
171=AUgGaQA6KCkAOygpADwoKQA9KCkAPigpAD8oKQBAKCkAQSgpAEIoKQBDKCkARCgpAEUoKQ
172=BGKCkARygpAEgoKQBJSAHBGkrIAUEaS8gBQRpMSAF0GU0ATSgpAE4oKQBPKCkAUCgpAFFI
173=Ack4UkgBybFTSAHFVVRIAUwKaQBVSAHRQFZIAWgCTQBXSAHFSlhIAdFAWUgBUANpAFpIAc
174=l6W0gBaAJNAFwoKQBdKCkAXigpAF8oKQBgSAHdxWFIAd1tYkgBwXJjKCkAZCgpAGUoKQBm
175=KCkAZ0kB8EwnTRBoSAFYAGkAaSgpAGooKQBrKCkAbCgpAG0oKQBuKCkAbygpAHAoKQAbUN
176=J8C00AHCgpAB0oKQAeKCkAHygpACAoKQAhKCkAIigpACMoKQAkKCkAJSgpACZIAck4J0gB
177=1XAoSAFIEWkAKUgB3TYqSAHdNitIAXQDTQAsSAHJTi3IAVkmLsgBSU4vSAFcBGkAMCgpAD
178=FIASWRIzJIAcm8M0gBYAVNADQoKQA1KCkANkgB1Q03yAFVDTjIAVUNOUgBVAdpADooKQA7
179=KCkAPCgpAD0oKQA+KCkAPygpAEAoKQBBKCkAQigpAEMoKQBEKCkARSgpAEYoKQBHKCkASC
180=gpAElIAcEaSsgBQRpLyAFBGkxIAXQZTQBNKCkATigpAE8oKQBQKCkAUSgpAFIoKQBTSQH5
181=XAtRCVRIAcHgVUgByd1WSAFQA2kAVygpAFhIASWlK1lIAXQDTQBaSAHJOFtIASVBOlxIAc
182=mFXUgByYVeSAFIBmkAXygpAGBIAd3mYUgB2XRiKCkAYygpAGQoKQBlKCkAZigpAGcoKQBo
183=SAHZf2lIAdFWakgBYBBNAGsoKQBsKCkAbSgpAG5IAdUYb0gBxQhwSAFUB2kAcSgrABoALW
184=QCbQAbKCkAHEgB1ZEdSAHdIB5IAWAFTQAfKCkAICgpACEoKQAiKCkAIygpACQoKQAlKCkA
185=JigpACdIASW9IyhIAUQNaQApKCkAKkgB1TkrSAF0A00ALEgBwVEtyAFBRS7IAUFRL0gBXA
186=RpADAoKQAxSAHRQDJIASccDydJBDRUAmwGTQA1KCkANkgB1Q03yAFVDTjIAVUNOUgBSAZp
187=ADooKQA7KCkAPCgpAD0oKQA+KCkAPygpAEAoKQBBKCkAQigpAEMoKQBEKCkARSgpAEYoKQ
188=BHKCkASCgpAElIAcEaSsgBQRpLyAFBGkxIAXQZTQBNKCkATigpAE8oKQBQKCkAUUgBwVFS
189=SAHVWlNIASX5JVRIAUwKaQBVKCkAVigpAFcoKQBYSAHFP1lIAWwGTQBaSAHJOFtIAck4XE
190=gBUANpAF0oKQBeKCkAXygpAGBIAdHEYUgBJx4PLQDJAWMoVQBkKCkAZSgpAGYoKQBnKCkA
191=aCgpAGlIAd3xakgBeBJNAGsoKQBsKCkAbSgpAG4oKQBvSAHRH3BIAVQHaQBxKCkAcigrAB
192=kALnADbQAaKCkAGygpABxJAfxAPEUEHUgBWABpAB4oKQAfKCkAICgpACFIAdU5IkgBJTEt
193=I0gB3YMkSAHVsiVIASUhKyZIAdmrJ0gBaA1NAChIAdEJKUgB0QkqSAHBJStIAVwEaQAsSA
194=HZUy3IAVUXLsgBWVMvSAFgBU0AMEgBJTEtMUkBg0gCSQAyKCkAM0gB2RE0SAFQA2kANSgp
195=ADZIAdUNN8gBVQ04yAFVDTlIAWwGTQA6KCkAOygpADwoKQA9KCkAPigpAD8oKQBAKCkAQS
196=gpAEIoKQBDKCkARCgpAEUoKQBGKCkARygpAEgoKQBJSAHBGkrIAUEaS8gBQRpMSAFQGWkA
197=TSgpAE4oKQBPKCkAUCgpAFEoKQBSSAHFSlNIAWQJTQBUSAHB9lVIAUQCaQBWKCkAV0gB0U
198=BYSAHRgllIAdlIWkgBJWlVW0gB1TlcSAElaTRdSAFwCk0AXigpAF8oKQBgKCkAYUgBwX1i
199=SAEndQ8u4X1kKFUAZSgpAGYoKQBnKCkAaCgpAGlIAdFWakgBSBFpAGsoKQBsKCkAbSgpAG
200=4oKQBvSAHFE3BIAdlpcUgBZAlNAHIoKQBzKCsAGAAvTAOJABkoKQAaKCkAGygpABwoKQAd
201=SAHZMh5IAZwHIrRZJzEBIChVACEoKQAiKCkAIygpACQoKQAlSAHJsSZIASVRJidIAckMKC
202=gpACkoKQAqSAElHSUrSAHRHyxIAdFWLcgBUVYuyAFRVi9IAd0KMEgBwQ8xSAHBRjJIAcFG
203=M0gB2RE0SAHZBjUoKQA2SAHVDTfIAVUNOMgBVQ05SAHZBjooKQA7KCkAPCgpAD0oKQA+KC
204=kAPygpAEAoKQBBKCkAQigpAEMoKQBEKCkARSgpAEYoKQBHKCkASCgpAElIAcEaSsgBQRpL
205=yAFBGkxIAcEaTSgpAE4oKQBPKCkAUCgpAFEoKQBSKCkAUygpAFRIAclZVUgB1TlWSAHVDV
206=coKQBYKCkAWUgBxYFaSAElySpbSAElgTdcSAHFCF0oKQBeKCkAXygpAGAoKQBhKCkAYkgB
207=3UxjSAHZf2QoKQBlKCkAZigpAGcoKQBoKCkAaUgBJ8wPJ+EMa1QC0RRsKCkAbSgpAG4oKQ
208=BvKCkAcCgpAHFIASUdO3JIAdEJcygpAHQoKwAXADDeAwAYKCkAGSgpABooKQAbKCkAHCgp
209=AB1IAdE1HkgB0TUfSAHBCyAoKQAhKCkAIigpACMoKQAkKCkAJUgB3TYmSAHRCScoKQAoKC
210=kAKSgpACpIAdXIK0gB2QYsSAHJWS3IAUlZLsgBSFkKLwAwAAAAAAAAAAAwABEAAJgNACAB
211=MACSAIMAMQAwnABRADJJAY5cAEkAM0gBWABpADRJAZNjAQAANUgBpgEANkoBJgGRATfIAV
212=UBOMgBAQIAADlIAZsDAAA6KCkAOygpADwoKQA9KCkAPigpAD8oKQBAKCkAQSgpAEIoKQBD
213=KCkARCgpAEUoKQBGKCkARygpAEgoKQBJSAHBGkrIAUEaS8gBQRpMSAHBGk0oKQBOKCkATy
214=gpAFAoKQBRKCkAUigpAFNJAflcC0EKVEgBWABpAFUoKQBWSQH7oQRXSQH1qQFYSAFgBU0A
215=WSgpAFpJAfqhBFtIAc0FXEgBXARpAF0oKQBeKCkAXygpAGAoKQBhKCkAYkgB3QpjSQHyqQ
216=xkSQHtqQFlKCkAZigpAGcoKQBoKCkAaUkB8LkGakgBeBJNAGsoKQBsKCkAbSgpAG4oKQBv
217=KCkAcCgpAHEoKQBySAHNJnNJAfG1DXRIAUQNaQB1KCsAFgAxZAJtABcoKQAYKCkAGSgpAB
218=ooKQAbKCkAHCgpAB0oKQAeKCkAH0gBzTwgSAFoDU0AISgpACIoKQAjKCkAJCgpACUoKQAm
219=KCkAJygpACgoKQApKCkAKigpACsoKQAsSAHBXC3IAUEkLsgBQVwvSAFAFGkAMCgpADFJAZ
220=FvAgAAMkkBiKkBM0kBi6kBNEgBpAFcgydRBTZUAtUNN8gBVQ04yAFVDTlIAdkGOigpADso
221=KQA8KCkAPSgpAD4oKQA/KCkAQCgpAEEoKQBCKCkAQygpAEQoKQBFKCkARigpAEcoKQBIKC
222=kASUgBwRpKyAFBGkvIAUEaTEgBwRpNKCkATigpAE8oKQBQKCkAUSgpAFIoKQBTSQH8XAtB
223=ClRIAVgAaQBVKCkAVigpAFcoKQBYKCkAWSgpAFooKQBbKCkAXCgpAF0oKQBeSAHNaF9IAc
224=1oYEgBYBBNAGEoKQBiKCkAYygpAGRIAdWGZUgByYVmKCkAZygpAGhIAdmKaUkB9KUeakgB
225=RA1pAGsoKQBsKCkAbSgpAG4oKQBvSQH9pQhwSAF4B00AcSgpAHIoKQBzSAHdK3RIAVwEaQ
226=B1KCkAdigpABVAX3QDTQAWKCkAFygpABgoKQAZKCkAGigpABsoKQAcKCkAHUgByS0eSQHz
227=qRcfSAHJIiBIAdUCISgpACIoKQAjKCkAJCgpACUoKQAmSAHZwSdIAUQYaQAoKCkAKSgpAC
228=ooKQArKCkALEgB2V4tyAFdFC7IAVleL0gBcApNADAoKQAxKCkAMigpADMoKQA0KCkANSgp
229=ADZIAdUNN8gBVQ04yAFVDTlIAUQNaQA6KCkAOygpADwoKQA9KCkAPigpAD8oKQBAKCkAQS
230=gpAEIoKQBDKCkARCgpAEUoKQBGKCkARygpAEgoKQBJSAHBGkrIAUEaS8gBQRpMSAF0GU0A
231=TSgpAE4oKQBPKCkAUCgpAFEoKQBSKCkAUygpAFQoKQBVSAHdYlZIAUQNaQBXKCkAWCgpAF
232=koKQBaKCkAWygpAFwoKQBdKCkAXigpAF9IAdl/YEgB1U9hSAF0Dk0AYigpAGMoKQBkKCkA
233=ZUgBxQhmSAHRYWdIAd2DaEgBQAlpAGkoKQBqKCkAaygpAGwoKQBtKCkAbigpAG8oKQBwSA
234=HBJXFIAXwLTQByKCkAcygpAHQoKQB1KCkAdigpAHcoKAACFAAzACVYPlEJFSgpABYoKQAX
235=KCkAGCgpABkoKQAaKCkAGygpABwoKQAdKCkAHigpAB8oKQAgKCkAISgpACIoKQAjKCkAJC
236=gpACUoKQAmKCkAJygpACgoKQApKCkAKigpACsoKQAsKCkALSgpAC4oKQAvKCkAMCgpADEo
237=KQAyKCkAMygpADQoKQA1KCkANkkBJ7UuN8gBVQE4yAFJbzlIAdkyOigpADsoKQA8SQEqTA
238=ZdNj3IAVUBPsgBRQg/SAHFCEAoKQBBKCkAQigpAEMoKQBEKCkARSgpAEYoKQBHKCkASCgp
239=AElIAcEaSsgBWRFLyAFZEUxIAdkRTSgpAE4oKQBPKCkAUCgpAFEoKQBSKCkAUygpAFQoKQ
240=BVKCkAVigpAFcoKQBYKCkAWSgpAFooKQBbKCkAXCgpAF0oKQBeKCkAX0kBL0wcQTBgyAFV
241=AWHIAUUeYsgBAQMAAGNIAVwEaQBkKCkAZSgpAGYoKQBnKCkAaCgpAGkoKQBqKCkAaygpAG
242=woKQBtKCkAbkgBJZkvb0gBYBBNAHAoKQBxSAHd/HJIAcX6c0gBJXUldEgBSAZpAHVIAcmQ
243=dkgBaAJNAHcoKQB4KCsAEwA0mIpJIhQoKQAVKCkAFigpABcoKQAYKCkAGSgpABooKQAbKC
244=kAHCgpAB0oKQAeKCkAHygpACAoKQAhKCkAIigpACMoKQAkKCkAJSgpACYoKQAnKCkAKCgp
245=ACkoKQAqKCkAKygpACwoKQAtKCkALigpAC8oKQAwKCkAMSgpADIoKQAzKCkANCgpADUoKQ
246=A2SAFgclVPN8gBAQQAADjJAQUiDEQnhQY6VQIlRDVJADsoKQA8SAFkjEUIPcgBRQg+yAEB
247=BQAAP0kBJUwGSQBAKCkAQSgpAEIoKQBDKCkARCgpAEUoKQBGKCkARygpAEgoKQBJSAHBGk
248=rIAVkRS8gBAQUAAExJASVMEUkATSgpAE4oKQBPKCkAUCgpAFEoKQBSKCkAUygpAFQoKQBV
249=KCkAVigpAFcoKQBYKCkAWSgpAFooKQBbKCkAXCgpAF0oKQBeKCkAX0gBZIxZHGDIAQEFAA
250=BhyAEBBgAAYskBB2WMNExxiQBkVAKDAQAAZSgpAGYoKQBnKCkAaCgpAGkoKQBqKCkAaygp
251=AGwoKQBtKCkAbkgBJbEyb0gBwQ9wKCkAcSgpAHIoKQBzSQH4RDVdBXRIAVgAaQB1KCkAdk
252=gB0Y13SAF0A00AeCgpAHkoKwASADWQjVGuEygpABQoKQAVKCkAFigpABcoKQAYKCkAGSgp
253=ABooKQAbKCkAHCgpAB0oKQAeKCkAHygpACAoKQAhKCkAIigpACMoKQAkKCkAJSgpACYoKQ
254=AnKCkAKCgpACkoKQAqKCkAKygpACwoKQAtKCkALigpAC8oKQAwKCkAMSgpADIoKQAzKCkA
255=NCgpADUoKQA2SQEnQDtZUzfJAQd/jjUAJ1UCCHyOJ7EGOkEEJVQCXTY7KCkAPEgBfI5FCD
256=3IAQEHAAA+yAFFCD9IAdkGQCgpAEEoKQBCKCkAQygpAEQoKQBFKCkARigpAEcoKQBIKCkA
257=SUkBJ1AUWRFKyAEBBwAAS8gBWRFMSAHZEU0oKQBOKCkATygpAFAoKQBRKCkAUigpAFMoKQ
258=BUKCkAVSgpAFYoKQBXKCkAWCgpAFkoKQBaKCkAWygpAFwoKQBdKCkAXigpAF9IAXyOTRtg
259=yQEJfo41AHUCCnyOqQELfo41ANl0ZEwFSHRpAGUoKQBmKCkAZygpAGgoKQBpKCkAaigpAG
260=soKQBsKCkAbSgpAG4oKQBvKCkAcCgpAHEoKQByKCkAc0gBJf02dEgBJQU4dUgBfBZNAHYo
261=KQB3KCkAeCgpAHkoKQB6KCsAEQA2UAeJABIoKQATSAEl+SUUSAGbAwAAFSgpABZIASX5JR
262=dIASX5JRhJAe9ITl0FGUgB1QIaKCkAG0gByRccSQGPQAVJAB1JAfe5Bh5IASUBJx9IAVAD
263=aQAgKCkAISgpACIoKQAjSAHdFSRIAWwGTQAlKCkAJigpACcoKQAoKCkAKSgpACpIAcUTK0
264=gBQAlpACwoKQAtKCkALigpAC8oKQAwKCkAMSgpADIoKQAzKCkANCgpADUoKQA2SQEmqSI3
265=yAFVATjIAV2OOUgBeBJNADooKQA7KCkAPCgpAD0oKQA+KCkAPygpAEAoKQBBKCkAQigpAE
266=MoKQBEKCkARSgpAEYoKQBHKCkASCgpAElIAcEaSsgBQRpLyAFBGkxIAVAZaQBNKCkATigp
267=AE8oKQBQKCkAUSgpAFJIAdFAU0gBZAlNAFQoKQBVKCkAVigpAFcoKQBYSAHFCFlIAVQHaQ
268=BaSAHVAltIAWgCTQBcKCkAXSgpAF4oKQBfKCkAYEgB0R9hyAFRH2LIAVEfY0gBTAppAGRI
269=AdUNZUgBaAJNAGZIAclkZ0gBxWtoKCkAaSgpAGpIAdFsa0gBVAdpAGxIAd0KbUgBaAJNAG
270=4oKQBvSAHBBHBIAVADaQBxKCkAcigpAHMoKQB0KCkAdUgB0YJ2SAHNEHdIAWQJTQB4KCkA
271=eSgpAHooKQB7KCsAEAA3RAaJABEoKQASKCkAE0gBxaIUSAHVhhVIAZMGAAAWKCkAFygpAB
272=hIASXdJxlIAc0FGigpABtJAY25AhxJAYapAR1JAfZQNlUBHkgBJdFtH0gBRAJpACBIAdkG
273=IUkBh28CAAAiSAGmAQAjSAHdFSRIAd0VJUgBwQQmSAElUWgnSAElJWgoSAHBBClIAckMKk
274=gBJdVoK0gBzQUsSAHNBS0oKQAuKCkALygpADBIAdUNMUgBxQgySAHFCDMoKQA0KCkANSgp
275=ADZIAdVaN8gBQSQ4yAFVWjlIAdEJOigpADsoKQA8KCkAPSgpAD4oKQA/KCkAQCgpAEEoKQ
276=BCKCkAQygpAEQoKQBFKCkARigpAEcoKQBIKCkASUgBwRpKyAFBGkvIAUEaTEgBwRpNKCgA
277=B04ANwAAAAAAAAARAADQDQAgBABPADcAAACBAFAoKQBRKCkAUkoB+gGBBFNJAfWpAVRIAY
278=8CAABVKCkAVkkB96EEV0kB86kBWEkB8qkBWUgB1QJaSQH0tQJbSAHRCVxJAf21Al1IAdUC
279=XigpAF8oKQBgSQEmrQVhyAFVAWLIAQECAABjSAHFCGRJAfxUA1kBZUgBWABpAGZIAdUCZ0
280=gBaAJNAGgoKQBpKCkAaigpAGtJAfuxCWxJAfCpAW1IAVQHaQBuKCkAb0gB2SdwSAHRH3FJ
281=AfG5BnJIAWwGTQBzKCkAdCgpAHUoKQB2KCkAdygpAHgoKQB5KCkAeigpAHsoKQB8KCsADw
282=A4TA6JABAoKQARKCkAEigpABMoKQAUSQH2qRcVSAHVGBZIAYsJAAAXKCkAGCgpABkoKQAa
283=KCkAG0kBkL0GHEkBhqkBHUgByQweSAHdKx9JAZGhBCBJAYipASFIAdkGIkgBsgIAIygpAC
284=RJAfi9FSVIAcEEJigpACdIAclOKEgByQwpSAHdCipIAdkGKygpACxJAY+5Ai1IAaYBAC4o
285=KQAvSQGTuQIwSAGmAQAxKCkAMigpADMoKQA0KCkANSgpADZIAc1dN8gBTRo4yAFNXTlIAc
286=kMOigpADsoKQA8KCkAPSgpAD4oKQA/KCkAQCgpAEEoKQBCKCkAQygpAEQoKQBFKCkARigp
287=AEcoKQBIKCkASUgBwRpKyAFBGkvIAUEaTEgBwRpNKCkATigpAE8oKQBQKCkAUSgpAFIoKQ
288=BTKCkAVEgB2T1VSAHJDFZIAcWBV0gB1QJYKCkAWSgpAFooKQBbSAHRCVxIAdkGXSgpAF5I
289=AcWiX0gB1adgSAHRH2HIAVEfYsgBUR9jSAHRCWQoKQBlKCkAZigpAGdJAflYB10FaEgBWA
290=BpAGkoKQBqKCkAaygpAGxIAcGTbUgBwZNuSAHRFG9IAWQJTQBwKCkAcUgBzXNySAHZf3NI
291=AVwEaQB0KCkAdSgpAHYoKQB3KCkAeCgpAHlIAc2qekgB3Qp7SAFwCk0AfCgpAH0oKwAOAD
292=lMA4kADygpABAoKQARKCkAEigpABMoKQAUSAHdIBVIAcHVFkgBzRAXSAGDDAAAGCgpABko
293=KQAaKCkAGygpABxJAY69Bh1IAckMHkgBJzwTJ+kCIFQCqgUAIUgBxaIiSQGLuQIjSAGmAQ
294=AkSAHBMCVIAdEUJkgBwQQnKCkAKCgpAClIAdkRKkgBzQUrSQGNrQEsSAHNqi1IAcEPLkgB
295=vgMALygpADAoKQAxKCkAMkgB0QkzSQGHvQY0SAGmAQA1KCkANkgBxWA3yAFJWDjIAUVgOU
296=gB2QY6KCkAOygpADwoKQA9KCkAPigpAD8oKQBAKCkAQSgpAEIoKQBDKCkARCgpAEUoKQBG
297=KCkARygpAEgoKQBJSAHBGkrIAUEaS8gBQRpMSAHBGk0oKQBOKCkATygpAFAoKQBRKCkAUi
298=gpAFMoKQBUKCkAVSgpAFYoKQBXKCkAWCgpAFkoKQBaKCkAWygpAFwoKQBdSAHNc15IAd1X
299=X0gBwRpgSAHRH2HIAVEfYsgBUR9jSAHNlGRIAdkGZSgpAGZIAckMZ0gBJWEoaEgBzQVpKC
300=kAaigpAGsoKQBsKCkAbSgpAG4oKQBvKCkAcCgpAHFIAdlpckgBwQ9zSAHBD3RIAcUTdUgB
301=3aR2SQHvTBxRBHdIAdVweEgBRAJpAHkoKQB6SAHZf3tIAcUIfEgB2QZ9SAFsBk0AfigrAA
302=0AOkACiQAOKCkADygpABAoKQARKCkAEigpABMoKQAUKCkAFSgpABZIAcUTF0gB2REYSAGb
303=DgAAGSgpABpIASVtJBtJAYmlBBxIASWZJB1IAbICAB5IAd0KH0gBwSUgSAHJDCFIAc0FIi
304=gpACMoKQAkSAHZMiVIAdkyJkgB2QYnKCkAKCgpAClIAdWnKkkBhbEFK0gB0RQsSAHB9i1I
305=Ab4DAC5IASUtJy9IAdUCMCgpADFIAcmbMkkBg6UEM0gB3Qo0SAGwAlScJ90GNlQC3WI3yA
306=FNRjjIAV1iOUgB2QY6KCkAOygpADwoKQA9KCkAPigpAD8oKQBAKCkAQSgpAEIoKQBDKCkA
307=RCgpAEUoKQBGKCkARygpAEgoKQBJSAHBGkrIAUEaS8gBQRpMSAHBGk0oKQBOKCkATygpAF
308=AoKQBRKCkAUigpAFMoKQBUKCkAVSgpAFYoKQBXKCkAWCgpAFkoKQBaKCkAWygpAFwoKQBd
309=KCkAXkgBJc0wX0gBwRpgSAHRH2HIAVEfYsgBUR9jSAElESlkSAHZBmUoKQBmKCkAZygpAG
310=hIAdGjaUgB2QZqKCkAaygpAGwoKQBtKCkAbigpAG8oKQBwKCkAcUgBwRpySAHJDHMoKQB0
311=KCkAdSgpAHZIAd14d0gBwb94SAHFCHkoKQB6KCkAeygpAHxIAcEPfUgB2QZ+KCkAfygrAA
312=wAO94DAA0oKQAOKCkADygpABAoKQARKCkAEigpABMoKQAUKCkAFSgpABYoKQAXSAHRjRhI
313=Ac2UGUgB3REaSAHFNBtIAdUCHEkBkq0BHUgBpAFOnzsAzYkfVALZJyBIASVpKSFIAcWiIi
314=gpACNIAcXDJEgBwZ4lSAHdCiZIAd3QJ0gBzQUoSAHdFSlIAc0FKkgB2aArSAElWScsSAEl
315=USYtSAHNBS5IASVhKC9IAdUCMEgB1b0xSAHBnjIoKQAzSAEn7hM7AM2qNVQCxQg2SAHVZT
316=fIAVVlOMgBVWU5SAHNBTooKQA7KCkAPCgpAD0oKQA+KCkAPygpAEAoKQBBKCkAQigpAEMo
317=KQBEKCkARSgpAEYoKQBHKCkASCgpAElIAcEaSsgBQRpLyAFBGkxIAcEaTSgpAE4oKQBPKC
318=kAUCgpAFFIASWJOFJIAdU5U0gB0QlUSAHFP1VIAcEEVkgBwQRXKCkAWEgBxVVZSAHBBFoo
319=KQBbSAHBBFxIAcEEXSgpAF5IAdGYX0gBwQRgSAHRH2HIAVEfYsgBUR9jSAHNBWRIAd0VZU
320=gBJTk5ZkgBwQRnKCkAaEgByWRpSAHVWmooKQBrSAHFCGxIAcUIbSgpAG5IAdVPb0kBJVgS
321=UQRwKCkAcUgBwRpySAFQA2kAcygpAHRIAcUIdUgBdANNAHYoKQB3SAHRFHhIAdkReUgBXA
322=RpAHooKQB7KCkAfEgBwQ99SAFgBU0AfigpAH8oKQCAKCsACwA8WASJAAwoKQANKCkADigp
323=AA8oKQAQKCkAESgpABIoKQATKCkAFCgpABUoKQAWKCkAF0gBJ0YUPADFlxlUAsWXGkgB1Q
324=IbSAHJIhxIAYMXAAAdKCkAHkkBkrkCH0gBpgEAICgpACFIAd0rIkgB2cwjSAHNBSQoKQAl
325=SQGRuQImSQGHqQEnSAGmAQAoSAHVLilJAY+5AipIAaYBACsoKQAsSAHFEy1IAcEELkkBjK
326=0BL0kBi6kBMEgBpgEAMUgBwQQySAHRozMoKQA0SAHZBjVIAdkGNkgBzWg3yAFRVTjIAU1o
327=OUgBzQU6KCkAOygpADwoKQA9KCkAPigpAD8oKQBAKCkAQSgpAEIoKQBDKCkARCgpAEUoKQ
328=BGKCkARygpAEgoKQBJSAHBGkrIAUEaS8gBQRpMSAHBGk0oKQBOKCkATygpAFAoKQBRSAHV
329=T1JIAd1BU0gB0QlUKCkAVUgB2T1WSAHBBFcoKQBYSAHRS1lIAdWnWkgBzQVbSAEliSJcSA
330=HVAl0oKQBeKCkAXygpAGBJAS5YHV0FYcgBVQFiyAFRH2PIAQEDAABkSAHBk2VJASpABVkG
331=ZsgBVQFnyAFZBmhIAc0FaSgpAGooKQBrKCkAbCgpAG0oKQBuKCkAbygpAHAoKQBxKCkAci
332=gpAHMoKQB0KCkAdSgpAHYoKQB3KCkAeCgpAHkoKQB6KCkAeygpAHwoKQB9KCkAfigpAH8o
333=KQCAKCkAgSgrAAoAPUQniQALKCkADCgpAA0oKQAOKCkADygpABAoKQARSAHN4RJIAZcKAA
334=ATKCkAFCgpABUoKQAWKCkAF0gB1U8YSAHRjRlIAdUCGkgB1QIbSAHJDBwoKQAdKCkAHkgB
335=JSEgH0gBzeEgSAHRViFIAcUIIkgB0VYjSAHVAiQoKQAlKCkAJkgB1ZwnSAHNBSgoKQApSA
336=HdmSpIASfWPD0A0ZgsVALZBi1IAd2vLkgBJQkoL0gBwQQwKCkAMUkBkLkCMkgBJ58UPQCK
337=tQI0VAKmAQA1KCkANkgB2Yo3yAFJZDjIAUlkOUgB2QY6KCkAOygpADwoKQA9KCkAPigpAD
338=8oKQBAKCkAQSgpAEIoKQBDKCkARCgpAEUoKQBGKCkARygpAEgoKQBJSAHBGkrIAUEaS8gB
339=QRpMSAHBGk0oKQBOKCkATygpAFAoKQBRSAEnnxQ9AO1QClUIU1QCwUZUSAFEAmkAVSgpAF
340=ZIASV9JldIAc33WEgBYAVNAFlIAd0KWkgBwVFbSAElWTJcSAFcBGkAXSgpAF5IASUdJV9I
341=AXQDTQBgSAF8pAEEAABhyAEBBQAAYsgBAQYAAGPJAQd/pD0AJVQYSQBlVAJ8pFWnZsgBRQ
342=hnyAEBBQAAaEkBJUAFSQBpKCkAaigpAGsoKQBsKCkAbSgpAG4oKQBvKCkAcCgpAHEoKQBy
343=KCkAcygpAHQoKQB1KCkAdigpAHcoKQB4KCkAeSgpAHooKQB7KCkAfCgpAH0oKQB+KCkAfy
344=gpAIAoKQCBKCkAgigrAAkAPlgwiQAKKCgABAsAPgAAAAARAADtDQAgBgAAAAAMAD4AAKMA
345=DQA+owEAAA4oKQAPKCkAECgpABFKAfgBmQUSSAGDAQAAEygpABQoKQAVKCkAFigpABdJAY
346=29BhhJAYOpARlJAYmpARpJAYqpARtIAaYBABwoKQAdSQH3rRAeSQHwqQEfSAHNBSBJAfy1
347=AiFIAdUCIkkB+rUCI0kB8akBJEgBwQQlKCkAJigpACdJAZOlBChIAaYBAClJAYytASpIAd
348=0VK0gBsgIALCgpAC0oKQAuSQGQpQQvSQGLqQEwSAGmAQAxKCkAMkkBkrkCM0gBpgEANCgp
349=ADUoKQA2SQEmoRo3yAFVATjIAQECAAA5SAHFCDooKQA7KCkAPCgpAD0oKQA+KCkAPygpAE
350=AoKQBBKCkAQigpAEMoKQBEKCkARSgpAEYoKQBHKCkASCgpAElIAcEaSsgBQRpLyAFBGkxI
351=AcEaTSgpAE4oKQBPKCkAUCgpAFFIAdFAUkkB8lAKVQhTKCkAVEkB9bUCVUgBUANpAFYoKQ
352=BXKCkAWCgpAFlIAclOWkgBbAZNAFsoKQBcKCkAXUkB+akMXkgBXARpAF8oKQBgSQEuQAQB
353=CAAAYcgBAQkAAGLIAQEKAABjyAEBCwAAZEkBJUwFSSJlSQEqSAEBBgAAZsgBAQcAAGfIAV
354=EJaEgBzQVpKCkAaigpAGsoKQBsKCkAbSgpAG4oKQBvKCkAcCgpAHEoKQByKCkAcygpAHQo
355=KQB1KCkAdigpAHcoKQB4KCkAeSgpAHooKQB7KCkAfCgpAH0oKQB+KCkAfygpAIAoKQCBKC
356=kAgigpAINIAWwyTwAIAD9UAIkACSgpAAooKQALKCkADCgpAA0oKQAOKCkADygpABBJAftQ
357=NUULEUgBwVESSQHztQITSAHNlBRIAVwEaQAVKCkAFigpABdIAdmKGEkBhmcFAAAZSAHdTB
358=pIAbICABtIAd2ZHEgB1QIdSAHdYh5IAdkRH0gB0WEgSAHNBSEoKQAiKCkAI0gBxWAkSAHN
359=BSUoKQAmKCkAJygpAChJAZGxBSlIAckXKkkB/b0gK0gB3cUsSAHJpi1IAbYGAC4oKQAvKC
360=kAMEkBj6UEMUgBpgEAMigpADNIAd0KNEkBh6UENUgBpgEANkkBJq0QN8gBVQE4yAFdbTlI
361=Ac0FOigpADsoKQA8KCkAPSgpAD4oKQA/KCkAQCgpAEEoKQBCKCkAQygpAEQoKQBFKCkARi
362=gpAEcoKQBIKCkASUgBwRpKyAFBGkvIAUEaTEgBwRpNKCkATigpAE8oKQBQKCkAUSgpAFIo
363=KQBTKCkAVCgpAFUoKQBWKCkAVygpAFgoKQBZKCkAWigpAFsoKQBcKCkAXUgB1U9eSAHVGF
364=8oKQBgKCkAYSgpAGIoKQBjSAHVZWRIAcUIZUgBzSZmyAFNJmfIAU0maEgBzQVpKCkAaigp
365=AGsoKQBsKCkAbSgpAG4oKQBvKCkAcCgpAHEoKQByKCkAcygpAHQoKQB1SAHZinZIAdF3d0
366=gB0RR4KCkAeSgpAHooKQB7KCkAfCgpAH0oKQB+KCkAfygpAIAoKQCBKCkAgigpAIMoKQCE
367=KCsABwBAwhMACCgpAAkoKQAKKCkACygpAAwoKQANSQGsTDJZCA5JAaSpAQ8oKQAQSQGmtQ
368=IRSAFcBGkAEigpABNIAc2fFEgB0a4VSAFgBU0AFigpABcoKQAYSAElfSYZSAElVSwaSAHZ
369=qxtIAVQHaQAcKCkAHSgpAB4oKQAfKCkAICgpACFIAc1SIkgBZAlNACMoKQAkSAHZPSVIAc
370=kXJkgBXARpACcoKQAoKCkAKUgB3cUqSAEl4S0rSQGGcwYAACxIAaYBAC0oKQAuKCkAL0gB
371=wbQwSQGMsQUxSQGFqQEyKCkAM0gBJZkvNEgByQw1SAGoBUatQADRbDdUAmgBXTU4yAFRbD
372=lIAc0FOigpADsoKQA8KCkAPSgpAD4oKQA/KCkAQCgpAEEoKQBCKCkAQygpAEQoKQBFKCkA
373=RigpAEcoKQBIKCkASUgBdBhNFkrIAUEaS8gBQRpMSAFQA2kATSgpAE4oKQBPKCkAUCgpAF
374=EoKQBSKCkAUygpAFQoKQBVKCkAVigpAFcoKQBYKCkAWSgpAFooKQBbSAHNPFxIAXAVTQBd
375=KCkAXigpAF8oKQBgKCkAYSgpAGIoKQBjSAHNtWRIAUwKaQBlSAHNJmbIAU0mZ8gBTSZoSA
376=FgBU0AaUgBzfdqSAHN92tIAVADaQBsKCkAbSgpAG4oKQBvKCkAcCgpAHEoKQByKCkAcygp
377=AHRIAckidUgBaA1NAHYoKQB3KCkAeCgpAHkoKQB6KCkAeygpAHwoKQB9SQGsRB9dCn5IAd
378=2ZfygpAIBJAaahBIFIAVwEaQCCKCkAgygpAIQoKQCFKCsABgBBaAZtAAcoKQAIKCkACSgp
379=AAooKQALKCkADCgpAA1JAau5EQ5JAaKpAQ8oKQAQSQGltQIRSAF0Dk0AEigpABMoKQAUSA
380=HJsRVIAdnXFkgBSAZpABcoKQAYKCkAGUgBJ/wVJ20DG1QC0aMcSAHRox1IAWQJTQAeKCkA
381=HygpACAoKQAhSAHFVSJIAUgGaQAjKCkAJCgpACVIAckXJkgByRcnSAFsBk0AKCgpACkoKQ
382=AqKCkAK0kBjkAFSQAsSAFYAGkALUgBJYEsLkgBzbUvSQGFewMAADBJAYipATFIAcWtMigp
383=ADMoKQA0SQGGrQU1SAGkAV2vQSj8FagBXTU4QARgcklvOUgBzQU6KCkAOygpADwoKQA9KC
384=kAPigpAD8oKQBAKCkAQSgpAEIoKQBDKCkARCgpAEUoKQBGKCkARygpAEgoKQBJSAFoF00W
385=SsgBQRpLyAFBGkxIAVADaQBNKCkATigpAE8oKQBQKCkAUSgpAFIoKQBTKCkAVCgpAFUoKQ
386=BWSAElwUpXSAHBUVhIAWAQTQBZKCkAWigpAFsoKQBcKCkAXSgpAF4oKQBfKCkAYEgBzZRh
387=SAFYC2kAYigpAGMoKQBkKCkAZUgBzSZmyAFNJmfIAU0maEgBZAlNAGlJAYxcAEkAakgBxU
388=prSAFEAmkAbCgpAG0oKQBuKCkAbygpAHAoKQBxKCkAcigpAHMoKQB0KCkAdUgB1Xt2SAHR
389=KndIAWAQTQB4KCkAeUgBySJ6SQGsQBtBBHtIAdmrfCgpAH1IAdGYfigpAH8oKQCASQGlpQ
390=iBSAFACWkAgigpAIMoKQCEKCkAhSgpAIYoKwAFAEJ0B20ABigpAAcoKQAIKCkACSgpAApI
391=AdUYC0gB1RgMKCkADUgB1RgOKCkADygpABAoKQARSAHFCBJJAaatGxNIAXgSTQAUKCkAFS
392=gpABYoKQAXKCkAGCgpABlIAdWnGkgBQAlpABsoKQAcSAHJph1IAck4HkgBYAVNAB8oKQAg
393=KCkAISgpACIoKQAjKCkAJCgpACUoKQAmKCkAJ0gBzUcoSAHNtSlIAVAOaQAqKCkAK0gBJZ
394=kvLEgBdANNAC0oKQAuKCkAL0gBzQUwSQHapSkxSAEltS0ySAHNtTMoKQA0SAElBVk1SAFY
395=C2kANkgBwXI3yAFdCTjIAUFyOUgBYAVNADooKQA7KCkAPCgpAD0oKQA+KCkAPygpAEAoKQ
396=BBKCkAQigpAEMoKQBEKCkARSgpAEYoKQBHKCkASCgpAElIAcEaSsgBQRpLyAFBGkxIAVAZ
397=aQBNKCkATigpAE8oKQBQKCkAUSgpAFIoKQBTKCkAVCgpAFUoKQBWSQH2QBBZDVdIASUZYV
398=hIAUQCaQBZKCkAWigpAFsoKQBcKCkAXSgpAF4oKQBfKCkAYCgpAGEoKQBiKCkAYygpAGQo
399=KQBlSAHNJmbIAUkWZ8gBTSZoSAHJm2lJAYxjFwAAakkBhqkBa0gBpgEAbCgpAG0oKQBuKC
400=kAb0kB2FwLXQVwSQHQqQFxKCkAckkB0rUCc0gBXARpAHQoKQB1KCkAdkgB1Xt3SAHVe3hI
401=AWwGTQB5SQGssQl6SAHZlXsoKQB8KCkAfSgpAH4oKQB/KCkAgCgpAIFIAd2ZgkkBpqkMg0
402=gBUA5pAIQoKQCFKCkAhigpAIcoKwAEAENoBm0ABSgpAAYoKQAHKCkACCgpAAkoKQAKSAEl
403=gSwLSAHZHAwoKQANKCkADigpAA8oKQAQKCkAESgpABJIAd3QE0gBZBRNABQoKQAVKCkAFi
404=gpABcoKQAYKCkAGSgpABpIASVxNRtIASVxNRxIAVgLaQAdSAHduh5IAWgCTQAfKCkAICgp
405=ACEoKQAiKCkAI0gBJV1DJEgBVAdpACUoKQAmKCkAJygpACgoKQApKCkAKigpACsoKQAsKC
406=kALSgpAC4oKQAvKCkAMEkB27VEMUkB1KkBMigpADMoKQA0KCkANUgBfBZNADZIAdl0N8gB
407=UQg4yAFZdDlIAVwEaQA6KCkAOygpADwoKQA9KCkAPigpAD8oKQBAKCkAQSgpAEIoKQBDKC
408=kARCgpAEUoKQBGKCkARygpAEgoKQBJSAHBGkrIAUEaS8gBQRpMSAF0GU0ATSgpAE4oKQBP
409=KCkAUCgpAFEoKQBSKCkAUygpAFQoKQBVKCkAVkgBzYlXSQH0TBFBD1hIAVgAaQBZKCkAWi
410=gpAFsoKQBcKCkAXSgpAF4oKQBfKCkAYCgpAGEoKQBiKCkAYygpAGQoKQBlSAHNJmbIAV0U
411=Z8gBTSZoSAFwFU0AaUgBJU0gakgBJdE2a0gB3W1sSAFcBGkAbSgpAG4oKQBvSQHXXAtFBH
412=BJARZcC0kBcSgpAHJJAdGhBHNIAQgAAAAAAAAAdABDABEAAJINACABAAAAAEMAdQBDVACJ
413=AHYoKQB3SgH8AZUCeEgBgwEAAHlJAau1AnpJAaKpAXsoKQB8KCkAfSgpAH4oKQB/KCkAgC
414=gpAIEoKQCCKCkAg0kBpKkMhEkBpqkBhUgB2RGGKCkAhygpAIgoKwADAETKBQAEKCkABSgp
415=AAYoKQAHKCkACEkBrLUNCUgBzRAKSAHFHgsoKQAMKCkADSgpAA4oKQAPKCkAECgpABEoKQ
416=ASKCkAE0gB1Q0USAHFHhVIAdkYFigpABcoKQAYSQGPpQQZSAGmAQAaSQGQrQEbSQGIqQEc
417=SQGLqQEdSAGmAQAeKCkAHygpACAoKQAhKCkAIigpACNJAfqhJSRJAfGpASVIAd0KJigpAC
418=coKQAoKCkAKSgpACooKQArSQEysQksSQGTtQktSAF0AgECAAAuSQEloQQvKCkAMCgpADEo
419=KQAyKCkAMygpADQoKQA1KCkANkkBLL0KN8gBVQE4yAFBDzlIAcEPOigpADsoKQA8KCkAPS
420=gpAD5JASpECUEZP8gBVQFAyAFdCkFIAd0KQigpAEMoKQBEKCkARSgpAEYoKQBHKCkASCgp
421=AElIAcEaSsgBQQ9LyAFBD0xIAcEPTSgpAE4oKQBPKCkAUCgpAFEoKQBSKCkAUygpAFQoKQ
422=BVKCkAVigpAFcoKQBYKCkAWSgpAFooKQBbKCkAXCgpAF0oKQBeKCkAXygpAGAoKQBhKCkA
423=YigpAGMoKQBkKCkAZUkBK1QkUTVmyAFVAWfIAU0maEgBUANpAGkoKQBqSAHdbWtJAYN7Aw
424=AAbEkBh6kBbUgBpgEAbigpAG9JAddcC0UDcEkBFlwLSQFxKCkAckkB0aEEc0gBUANpAHQo
425=KQB1KCkAdigpAHcoKQB4KCkAeUkBq7EJekgB3Zl7KCkAfCgpAH0oKQB+KCkAfygpAIAoKQ
426=CBKCkAgigpAIMoKQCEKCkAhUgByZuGSAF0GU0AhygpAIgoKQCJKCsAAgBFWASJAAMoKQAE
427=KCkABSgpAAYoKQAHKCkACEgB0R8JSAHRHwooKQALKCkADCgpAA0oKQAOKCkADygpABAoKQ
428=ARKCkAEigpABMoKQAUSQGloTAVSAGbGQAAFigpABdJAZG5AhhIAdm2GUkBi7UCGkgBpgEA
429=GygpABwoKQAdKCkAHigpAB8oKQAgKCkAISgpACIoKQAjKCkAJEgBybwlSQHzqRcmSQH1qQ
430=EnSAHZESgoKQApKCkAKigpACtIAWS4AQMAACzIAQEEAAAtyQEFf7pFACVcCkkAL1QCyQEw
431=KCkAMSgpADIoKQAzKCkANCgpADUoKQA2SAF4oEEPN8gBQQ84yAEBBQAAOUkBJVQOSQA6KC
432=kAOygpADwoKQA9KCkAPkgBfLpdCj/IAV0KQMgBAQUAAEFJASVQCkkAQigpAEMoKQBEKCkA
433=RSgpAEYoKQBHKCkASCgpAElIAcEaSsgBQQ9LyAEBBQAATEkBJVQOSQBNKCkATigpAE8oKQ
434=BQKCkAUSgpAFIoKQBTKCkAVCgpAFUoKQBWKCkAVygpAFgoKQBZKCkAWigpAFsoKQBcKCkA
435=XSgpAF4oKQBfKCkAYCgpAGEoKQBiKCkAYygpAGQoKQBlSAF8ulE1ZsgBTSZnyAEBBQAAaE
436=gByVlpKCkAaigpAGtJAYylBGxJAYapAW1IAaQBXLonjRJvVQLbVC9FA3BJAdOpAXEoKQBy
437=SQHVtQJzSAFcBGkAdCgpAHUoKQB2KCkAdygpAHhJAaylCHlIAd2ZeigpAHsoKQB8KCkAfS
438=gpAH4oKQB/KCkAgCgpAIEoKQCCKCkAgygpAIQoKQCFKCkAhkkBpqUTh0gBYBtNAIgoKQCJ
439=KCkAiigrAAEARlgEiQACKCkAAygpAAQoKQAFKCkABigpAAcoKQAISQGrrRAJSAHVIwooKQ
440=ALKCkADCgpAA0oKQAOKCkADygpABAoKQARKCkAEigpABMoKQAUSAEntBcnbQMWVAIlvS4X
441=SAGfHQAAGCgpABlJAdipFxpJAdCpARsoKQAcSQHStQIdSAHFCB4oKQAfKCkAICgpACEoKQ
442=AiKCkAIygpACQoKQAlKCkAJigpACdIAckXKEgBwQ8pKCkAKigpACtIAXW9Bna9RgBpAQd0
443=vakBCHW9RpS9AQIAAC9NBSVAGkkBMCgpADEoKQAyKCkAM0gBbJ9FCDRIAdkGNSgpADYoKQ
444=A3KCkAOEgB2QY5SAHZBjooKQA7KCkAPCgpAD0oKQA+SAF0vUEaP8gBQRpAyAFZEUFIAd0K
445=QigpAEMoKQBEKCkARSgpAEYoKQBHKCkASCgpAElIAWgXQQ9KyAFBD0vIAUEPTEgBwQ9NKC
446=kATigpAE8oKQBQKCkAUSgpAFIoKQBTKCkAVCgpAFUoKQBWKCkAVygpAFgoKQBZKCkAWigp
447=AFsoKQBcKCkAXSgpAF4oKQBfKCkAYCgpAGEoKQBiKCkAYygpAGQoKQBlSAF0vU0mZsgBTS
448=ZnyAFNJmhIAd1XaSgpAGpJAY25AmtIAScXL0YAhrUCbVQCpAFUvSdJD28oVQBwKCkAcSgp
449=AHIoKQBzKCkAdCgpAHUoKQB2KCkAdygpAHhIAd2ZeUgB3Zl6KCkAeygpAHwoKQB9KCkAfi
450=gpAH8oKQCAKCkAgSgpAIIoKQCDKCkAhCgpAIUoKQCGSAHVnIdIAdUjiCgpAIkoKQCKKCkA
451=iygrAAIAR9YGAAMoKQAEKCkABSgpAAYoKQAHKCkACEkBr0CIWQgJSAHVIwooKQALKCkADC
452=gpAA0oKQAOKCkADygpABAoKQARKCkAEigpABMoKQAUSAHdIBVIAUgRaQAWSQGSYwEAABdI
453=AaQBVL0nxQMZVAIlBTgaSAElBTgbKCkAHEgBJQU4HUgBxQgeKCkAH0kB97EfIEgBJWUuIU
454=gBzQUiKCkAI0gBzQUkSAHNBSVIAc0FJigpACdIAckXKEgBwQQpKCkAKigpACtIAWm8CXW9
455=R5W9CnS9qQELdL0nxQMvTAXRCTAoKQAxKCkAMigpADMoKQA0KCkANSgpADYoKQA3KCkAOC
456=gpADkoKQA6KCkAOygpADwoKQA9KCkAPkkBJrEqP8gBVQFAyAFB1UFIAdUYQigpAEMoKQBE
457=KCkARSgpAEYoKQBHKCkASCgpAEkoKQBKKCkASygpAEwoKQBNKCkATigpAE8oKQBQKCkAUS
458=gpAFIoKQBTKCkAVCgpAFUoKQBWKCkAVygpAFgoKQBZKCkAWigpAFsoKQBcKCkAXSgpAF4o
459=KQBfKCkAYCgpAGEoKQBiSQH5VC9ZLWNIAVgAaQBkKCkAZUgB0TVmyAFZBWfIAVE1aEgBbA
460=ZNAGkoKQBqSAEnzkZHACWxPWxVAopABUkAbUgBWABpAG4oKQBvKCkAcCgpAHEoKQByKCkA
461=cygpAHQoKQB1KCkAdigpAHcoKQB4SAEnthdHAN2ZelQCyQF7KCkAfCgpAH0oKQB+KCkAfy
462=gpAIAoKQCBKCkAgigpAIMoKQCEKCkAhSgpAIZIAdWch0gBaCNNAIgoKQCJKCkAiigpAIso
463=KwADAEhEBokABCgpAAUoKQAGKCkABygpAAgoKQAJSAHVIwpIAckiCygpAAwoKQANKCkADi
464=gpAA8oKQAQKCkAESgpABIoKQATKCkAFEgB0R8VSAGMGCL4RidBAxdVAo+5AhhIAaYBABlI
465=ASeKF0gAJ4gXJykAHEAEJ4gXJzEBHlQCxQgfSQH4SFpZASBIAVgAaQAhKCkAIigpACNIAS
466=XxZiRIAWAFTQAlSAHNaCZIAUQCaQAnKCkAKEgByRcpSAF0A00AKigpACtIAdFsLMgBRRIt
467=yAFRbC5IAUgGaQAvKCkAMCgpADEoKQAyKCkAMygpADRIASX5JTVJAYVrCQAANigpADcoKQ
468=A4KCkAOUgBJZVVOkgBtgYAOygpADwoKQA9KCkAPkgBwRo/yAFBGkDIAUEaQUgB0QlCKCkA
469=QygpAEQoKQBFKCkARigpAEcoKQBIKCkASSgpAEooKQBLKCkATCgpAE0oKQBOKCkATygpAF
470=AoKQBRKCkAUigpAFMoKQBUKCkAVSgpAFYoKQBXKCkAWCgpAFkoKQBaKCkAWygpAFwoKQBd
471=KCkAXigpAF8oKQBgKCkAYSgpAGJIAcFcY0gB1S5kSQH9TDJZAWVIAdE1ZsgBQQNnyAFRNW
472=hIAVwEaQBpKCkAaigpAGsoKQBsKCkAbSgpAG4oKQBvKCkAcCgpAHEoKQByKCkAcygpAHQo
473=KQB1KCkAdigpAHcoKQB4SAHRmHlIAdGYeigpAHsoKQB8KCkAfSgpAH4oKQB/KCkAgCgpAI
474=EoKQCCKCkAgygpAIQoKQCFKCkAhkkBpVArSSmHSAFYAGkAiCgpAIkoKQCKKCsABABJfARt
475=AAUoKQAGKCkABygpAAgoKQAJSAHdIApIAd0gCygpAAwoKQANKCkADigpAA8oKQAQKCkAES
476=gpABIoKQATKCkAFEkBqbkcFUgBfBZNABZIAcmQF0gBJSEgGEgBUANpABlIASVlTxpIASVl
477=TxsoKQAcSAElZU8dSAFsBk0AHigpAB9IAcG0IEgBUANpACEoKQAiSAHNECNJAYt7AwAAJE
478=gBpgEAJUkB9qkXJkgBJeV1J0gBwQQoSQGMrQEpSAHECAkqAEkAAAAAAAAAACsRAACjDQAg
479=AwBJACYBAGEALMgBAQEAAC3IAQECAAAuSAF0A00ALygpADAoKQAxKCkAMigpADMoKQA0SQ
480=GQWAdJADVJAYhcAEkANigpADcoKQA4KCkAOUkBikAFSQA6SAFYAGkAOygpADwoKQA9KCkA
481=PkkBJkgYUQU/yAFVAUDIAUEaQUgBUANpAEIoKQBDKCkARCgpAEUoKQBGKCkARygpAEgoKQ
482=BJKCkASigpAEsoKQBMKCkATSgpAE4oKQBPKCkAUCgpAFEoKQBSKCkAUygpAFQoKQBVKCkA
483=VigpAFcoKQBYKCkAWSgpAFooKQBbKCkAXEkBjXskAABdSQGFqQFeSQGHqQFfSAGmAQBgKC
484=kAYSgpAGJJAfxUL1EEY0gBWABpAGQoKQBlSAHRNWbIAVkFZ8gBUTVoSAFsBk0AaSgpAGoo
485=KQBrKCkAbCgpAG0oKQBuKCkAbygpAHAoKQBxKCkAcigpAHMoKQB0KCkAdSgpAHYoKQB3KC
486=kAeEkBr0gYXRV5SQGnqQF6KCkAe0kBorUCfCgpAH0oKQB+KCkAfygpAIAoKQCBKCkAgigp
487=AIMoKQCEKCkAhSgpAIZJAamhD4dIAUAUaQCIKCkAiSgrAAUASnADbQAGKCkABygpAAgoKQ
488=AJSAHFHgpIAc0bCygpAAwoKQANKCkADigpAA8oKQAQKCkAESgpABIoKQATSAHVGBRIAWQU
489=TQAVSQGRXABJABZIAdWGF0gBRAJpABgoKQAZKCkAGigpABsoKQAcKCkAHSgpAB4oKQAfKC
490=kAICgpACEoKQAiSQGOew4AACNIAaYBACRJAY+tASVJAfqtMSZJAfSpASdIAd1tKEkBhq0F
491=KUgBpgEAKigpACtIAcFnLMgBUQgtyAFBZy5IAdkGLygpADAoKQAxKCkAMigpADMoKQA0KC
492=kANSgpADYoKQA3KCkAOCgpADkoKQA6KCkAOygpADwoKQA9KCkAPkgBwRo/yAFBGkDIAUEa
493=QUgBwRpCKCkAQygpAEQoKQBFKCkARigpAEcoKQBIKCkASSgpAEooKQBLKCkATCgpAE0oKQ
494=BOKCkATygpAFAoKQBRKCkAUigpAFMoKQBUKCkAVSgpAFYoKQBXKCkAWCgpAFkoKQBaSAHB
495=RltIAcG0XEkBg6UlXSgpAF5IAcVKX0gBvANYtiehD2EoVQBiKCkAY0kB+UAxXQVkSAFYAG
496=kAZUgB0TVmyAFNBGfIAVE1aEgBYAVNAGkoKQBqSQH3QAVVAmtJAe+pAWwoKQBtSQH1tQJu
497=SAFcBGkAbygpAHAoKQBxKCkAckkB+7kGc0kB86kBdEkB8akBdUgBZAlNAHYoKQB3KCkAeC
498=gpAHkoKQB6KCkAe0kBq7EJfEgB1Zx9KCkAfigpAH8oKQCAKCkAgSgpAIIoKQCDKCkAhCgp
499=AIVIAdWchkgBWBZpAIcoKQCIKCsABgBLcANtAAcoKQAIKCkACSgpAApJAa+1GAtIAdXTDE
500=gBwRoNKCkADigpAA8oKQAQKCkAESgpABJJAaW9ChNIAWwRTQAUKCkAFSgpABYoKQAXKCkA
501=GEkBk0wGSQAZSAFYAGkAGigpABsoKQAcKCkAHSgpAB4oKQAfKCkAICgpACFIAdHEIkgB0W
502=EjSAFoDU0AJEkBjFwASQAlSQGHXABJACZIAVgAaQAnSAElISsoSAHZzClIAXQDTQAqKCkA
503=K0gByWQsyAFBJC3IAUlkLkgBSAZpAC8oKQAwKCkAMSgpADIoKQAzKCkANCgpADUoKQA2KC
504=kANygpADgoKQA5KCkAOigpADsoKQA8KCkAPSgpAD5IAcEaP8gBQRpAyAFBGkFIAXQZTQBC
505=KCkAQygpAEQoKQBFKCkARigpAEcoKQBIKCkASSgpAEooKQBLKCkATCgpAE0oKQBOKCkATy
506=gpAFAoKQBRKCkAUigpAFMoKQBUKCkAVSgpAFYoKQBXKCkAWCgpAFkoKQBaSAHFSltIASXl
507=M1xIASeCFksAyQFeKFUAX0gB1U9gSAFAKmkAYSgpAGIoKQBjSQH6QDFFBGRIAdWnZUgB0T
508=VmyAFNBGfIAVE1aEgBSAZpAGkoKQBqSAHRCWtJAfJMBkUEbEkB8KkBbUgBRAJpAG5JAf21
509=Am9IAWgCTQBwKCkAcSgpAHIoKQBzKCkAdEgB1Q11SAHZwXZIAdUYd0gBTAppAHgoKQB5KC
510=kAeigpAHtIAcmbfEkBp6UTfUgByZt+KCkAfygpAIAoKQCBKCkAgigpAIMoKQCESAHVsoVI
511=AXgSTQCGKCkAhygrAAcATEwDiQAIKCkACSgpAAooKQALKCkADEgB2cwNSAHJFw4oKQAPKC
512=kAEEgB2RwRKCkAEkgB0RQTSAGHEAAAFCgpABUoKQAWSAHR+xdIAc0FGCgpABkoKQAaKCkA
513=GygpABwoKQAdKCkAHigpAB8oKQAgSAHV/yFIAc08IkgBzaojSQGJsRAkSAHdYiVIAc21Jk
514=gBvgMAJ0gByRcoSAHVAikoKQAqKCkAK0gB0WEsyAFVQy3IAVFhLkgBxQgvKCkAMCgpADEo
515=KQAyKCkAMygpADQoKQA1SAElUSY2SQGHoQs3SAGmAQA4KCkAOSgpADooKQA7KCkAPCgpAD
516=0oKQA+SAHBGj/IAUEaQMgBQRpBSAHVDUIoKQBDKCkARCgpAEUoKQBGKCkARygpAEgoKQBJ
517=KCkASigpAEtIAcWBTEgBwQ9NSQH7WBJZAU5IAdk9T0gBRAJpAFAoKQBRKCkAUigpAFMoKQ
518=BUKCkAVSgpAFYoKQBXKCkAWEgBwTBZSQGFbw0AAFpIAdlIW0gBsgIAXEgB1U9dSAHJTl4o
519=KQBfSAHZBmBIAdkGYSgpAGIoKQBjKCkAZCgpAGVIAdE1ZsgBVSJnyAFRNWhIAd0KaUgB1V
520=pqSAHVAmsoKQBsSQH8WAdFA21IAVgAaQBuKCkAb0gB1S5wSAEl/StxSAFgBU0AcigpAHMo
521=KQB0KCkAdUgByQx2SAFIBmkAd0gB3Qp4SAHdCnlIAXQDTQB6KCkAeygpAHwoKQB9SAHBtH
522=5JAae1GH8oKQCAKCkAgSgpAIIoKQCDSQGpuQaESAFQDmkAhSgpAIYoKwAIAE1wA20ACSgp
523=AAooKQALKCkADEgBxRMNSAHFEw4oKQAPSAHBDxBIAXAKTQARKCkAEigpABMoKQAUKCkAFS
524=gpABZJAfi1GBdIAUAJaQAYKCkAGSgpABooKQAbKCkAHCgpAB0oKQAeKCkAHygpACBIAdUN
525=IUgBaA1NACIoKQAjKCkAJEgB0WElSAEleSsmSAFIBmkAJ0gB0QkoSAFoAk0AKSgpACooKQ
526=ArSAHZXizIAVEeLcgBWV4uSAFUB2kALygpADAoKQAxSAElvS4ySQGJZwUAADNJAYepATRI
527=AaYBADVIASWhJTZIAcV2N0gBwQQ4KCkAOSgpADooKQA7KCkAPCgpAD0oKQA+SAHBGj/IAU
528=EaQMgBQRpBSAHVDUIoKQBDKCkARCgpAEUoKQBGKCkARygpAEgoKQBJKCkASigpAEsoKQBM
529=KCkATSgpAE4oKQBPKCkAUCgpAFFIAd2kUkgB0SpTSAHVGFQoKQBVKCkAVkgB2QZXSAHZq1
530=hIASV5K1lIAcGpWkgB2UhbSAHdClwoKQBdSAHJTl5IAcUIX0gB2QZgSAHZBmEoKQBiSAHF
531=zmNIAcEEZCgpAGVIAdE1ZsgBUTVnyAFRNWhIAdkGaUgBJRkqakgByZtrSAHBBGwoKQBtKC
532=kAbigpAG8oKQBwSAHRCXFIAdEJckgB0QlzKCkAdCgpAHUoKQB2SAHNwHdIAdkGeEgB1bJ5
533=SAHVAnooKQB7KCkAfCgpAH0oKQB+KCkAfygpAIAoKQCBKCkAgigpAIMoKQCEKCkAhSgrAA
534=kATtYRAAooKQALKCkADCgpAA0oKQAOKCkADygpABAoKQARKCkAEigpABMoKQAUKCkAFSgp
535=ABZIAcElF0gByRMYKCkAGSgpABooKQAbKCkAHCgpAB0oKQAeKCkAHygpACBIAdUNIUgB1Q
536=0iKCkAIygpACQoKQAlKCkAJigpACdIAc1HKEgBJcUkKUgB3QoqKCkAK0gBwVwsyAFBXC3I
537=AUFcLkgB2QYvKCkAMCgpADEoKQAyKCkAM0gBwXI0SAHRrjVIAcl6NkgBJ3gVJ+UHOFQC1Q
538=05KCkAOigpADsoKQA8KCkAPSgpAD5IAcEaP8gBQRpAyAFBGkFIAckMQigpAEMoKQBEKCkA
539=RSgpAEYoKQBHKCkASCgpAEkoKQBKKCkASygpAEwoKQBNKCkATigpAE8oKQBQKCkAUUgBxS
540=lSSAHdmVNIAdUYVCgpAFVIAcndVkgByS1XSAHZBlhIAdkGWUgBJXFhWkgB1QJbKCkAXCgp
541=AF0oKQBeKCkAXygpAGBIAdGNYUgB0QliKCkAY0gBJd0nZEgBzVJlSAHRNWbIAVE1Z8gBUT
542=VoSAHRCWkoKQBqSAEl/SBrSAHBBGwoKQBtKCkAbigpAG8oKQBwKCkAcUgB0QlySAHRCXMo
543=KQB0KCkAdSgpAHZIAdFsd0gBwRp4SAHFCHlIAd3bekgB2eJ7SAHBBHwoKQB9KCkAfigpAH
544=8oKQCAKCkAgSgpAIIoKQCDKCkAhCgrAAoAT9INAAsoKQAMKCkADUkBJUguVQQOKCkADygp
545=ABAoKQARKCkAEigoAAYTAE8AJQEAAAARAAAzDgAgBgAAFABPACUBAGAAAxUATwAlAWYBAB
546=YoKQAXKCkAGCgpABkoKQAaKCkAGygpABwoKQAdKCkAHigpAB8oKQAgKCkAISgpACIoKQAj
547=KCkAJCgpACUoKQAmKCkAJygpACgoKQApKCkAKigpACtJASulHizIAVUBLcgBAQIAAC5IAY
548=MiAAAvKCkAMEkB/UAFRQMxSAFYAGkAMigpADMoKQA0KCkANUkBkGcFAAA2SQGGqQE3SAGm
549=AQA4KCkAOSgpADooKQA7KCkAPCgpAD0oKQA+SQEmpRM/yAFVAUDIAUEaQUgB1Q1CKCkAQy
550=gpAEQoKQBFKCkARigpAEcoKQBIKCkASSgpAEooKQBLKCkATCgpAE1JAZGxEE5JAYupAU9I
551=AaYBAFAoKQBRKCkAUigpAFMoKQBUKCkAVSgpAFZJAZK1CVdIAaYBAFgoKQBZSAHBBFpIAd
552=U5W0gBzQVcKCkAXSgpAF4oKQBfKCkAYEkB+lwsSQdhSQHzqQFiSQHxqQFjSAFQA2kAZCgp
553=AGVIAdE1ZsgBWQVnyAFRNWhIAWwGTQBpKCkAakkB+EAFVQJrSAFYAGkAbCgpAG0oKQBuKC
554=kAbygpAHAoKQBxSAHJF3JJAfW9CnNIAXAKTQB0KCkAdSgpAHYoKQB3KCkAeEgBxSl5SAHN
555=XXpJAYNECUkAe0kBh1wASQB8SAFYAGkAfSgpAH5JAY1vAgAAf0kBhakBgEgB2QaBSAGyAg
556=CCKCkAgygpAAtUR8EEDCgpAA1IAWibWRsOKCkADygpABAoKQARKCkAEigpABMoKQAUKCkA
557=FSgpABYoKQAXKCkAGCgpABkoKQAaKCkAGygpABwoKQAdKCkAHigpAB8oKQAgKCkAISgpAC
558=IoKQAjKCkAJCgpACUoKQAmKCkAJygpACgoKQApKCkAKigpACtIAWimAQMAACzIAQEEAAAt
559=yQEFaaZQ3C9IpicpADBBBJO9AjFJAftAMVUBMkgByU4zSAFEAmkANEkBj2MBAAA1SAGkAU
560=umUACMrQE3VQKJqQE4SAHBiDlIAbICADooKQA7KCkAPCgpAD0oKQA+SAHVcD/IAVETQMgB
561=VXBBSAHdCkIoKQBDKCkARCgpAEUoKQBGKCkARygpAEgoKQBJKCkASigpAEsoKQBMSAHdIE
562=1IAc0QTigpAE9IAcEEUEgBwQRRKCkAUigpAFMoKQBUKCkAVSgpAFYoKQBXKCkAWEgByQxZ
563=SAHJDFooKQBbKCkAXCgpAF0oKQBeKCkAXygpAGAoKQBhKCkAYkgB1ZFjSAHVp2RIAcEPZU
564=gB0TVmyAFRNWfIAVE1aEgBzQVpKCkAakkB/EAFRQNrSAFYAGkAbCgpAG0oKQBuKCkAbygp
565=AHAoKQBxKCkAcigpAHNIAc2fdEgBfAtNAHUoKQB2KCkAdygpAHgoKQB5KCkAekgB1ad7SQ
566=GIRAlJAHxIAcWifSgpAH5IAdmrfygpAIBIASWBIYFIAVQHaQCCKCsADABRZAJtAA1JASVU
567=I1knDigpAA8oKQAQKCkAESgpABIoKQATKCkAFCgpABUoKQAWKCkAFygpABgoKQAZKCkAGi
568=gpABsoKQAcKCkAHSgpAB4oKQAfKCkAICgpACEoKQAiKCkAIygpACQoKQAlKCkAJigpACco
569=KQAoKCkAKSgpACooKQArSAFxowZyo1EAaQEHcKOpAQhwoyfVBS9MBcVrMEgBYDFNADFIAd
570=UCMkgBRAJpADNIAdFLNEgByUM1SAHZoDZJAYpnBQAAN0gBpgEAOCgpADkoKQA6KCkAOygp
571=ADwoKQA9KCkAPkkBJkhDQQo/yAFVAUDIAUFGQUgBUANpAEIoKQBDKCkARCgpAEUoKQBGKC
572=kARygpAEgoKQBJKCkASigpAEtIASV5IExIAdleTUgB3WJOKCkAT0gBwWdQSAHRxFFIAXAV
573=TQBSKCkAUygpAFQoKQBVKCkAVkgBwTBXSAEl9SpYSAHRbFlIAUwKaQBaKCkAWygpAFwoKQ
574=BdKCkAXigpAF8oKQBgKCkAYSgpAGIoKQBjSAHdmWRIAXQOTQBlSAHRNWbIAVE1Z8gBUTVo
575=SAFcBGkAaSgpAGooKQBrKCkAbCgpAG0oKQBuSQH5UApJCG9IAVgAaQBwKCkAcSgpAHIoKQ
576=BzKCkAdCgpAHUoKQB2KCkAdygpAHgoKQB5KCkAekgBzTF7SAFgEE0AfEgB3WJ9SAHFP34o
577=KQB/KCkAgEgB1WWBSAFUB2sADQBSeABtAA4oKQAPKCkAECgpABEoKQASKCkAEygpABQoKQ
578=AVKCkAFigpABcoKQAYKCkAGSgpABooKQAbKCkAHCgpAB0oKQAeKCkAHygpACBIASWhJSFI
579=AdXpIkgBbBxNACNIAcEEJEgBJd0yJUgBJVEmJkgBXARpACcoKQAoKCkAKSgpACooKQArSA
580=HBUSzIAU1GLcgBQVEuSAFwCk0AL0gBJSE2MEgBRAJpADFIAdU5MkgBJfEvM0gBdANNADRI
581=AcFRNUgBRAJpADYoKQA3KCkAOCgpADkoKQA6KCkAOygpADwoKQA9KCkAPkgBwRo/yAFBGk
582=DIAUEaQUgBYBBNAEIoKQBDKCkARCgpAEUoKQBGKCkARygpAEgoKQBJKCkASkgBzZ9LSAHB
583=XEwoKQBNSAHFok5IAcGTT0gBVBJpAFAoKQBRSAHRCVJIAdWnU0gBwcpUKCkAVSgpAFZIAc
584=GpV0gBcApNAFhIASVlLllIAdE1WkgB0UtbSAHRS1woKQBdSQHvWChFCF5IAdlTX0gBRAJp
585=AGAoKQBhKCkAYigpAGMoKQBkKCkAZUgB0TVmyAFVDGfIAVE1aEgBfAtNAGkoKQBqSAHZim
586=tIAVADaQBsKCkAbSgpAG5IASWdKm9IAckXcEgBbAZNAHEoKQByKCkAcygpAHQoKQB1KCkA
587=dkkB91AVRQh3SAHNJnhIAcEleUgB1Q16SAFcBGkAeygpAHwoKQB9KCkAfigpAH8oKQCAKC
588=sADgBTYAltAA8oKQAQKCkAESgpABIoKQATKCkAFCgpABUoKQAWKCkAF0gB3UEYSAHVGBlI
589=AXQOTQAaKCkAGygpABwoKQAdKCkAHigpAB8oKQAgKCkAIUgBJZFEIkgBWAtpACMoKQAkKC
590=kAJSgpACZIAd1iJ0gB3WIoSAHVWilIAWQJTQAqKCkAK0gByU4syAFVOC3IAUlOLkgBSAZp
591=AC8oKQAwSAEnUDwnAQYyVALZaTNIAcEPNEgByU41SAHdQTZIAcUpN0gBfAtNADgoKQA5KC
592=kAOigpADsoKQA8KCkAPSgpAD5IAcEaP8gBQRpAyAFBGkFIAUQNaQBCKCkAQygpAEQoKQBF
593=KCkARigpAEcoKQBIKCkASUgBJXUlSkgB0ZhLSAFoDU0ATCgpAE1IAcElTkgBzQVPSAFcBG
594=kAUEgB1TlRSAHRo1JIAc0FU0gBYAVNAFRIAdl/VUgBRAJpAFYoKQBXSAHFE1hIAdEJWUgB
595=JSkhWkgBbAZNAFsoKQBcKCkAXUgByTheSQHtRCpNBV9IAdU5YEgBzX5hSAHR8GJIAVwEaQ
596=BjKCkAZCgpAGVIAdE1ZsgBSQtnyAFRNWhIAclvaUgBwUZqSAFwCk0Aa0gBwQRsSAHBBG1I
597=AVADaQBuKCkAb0gB1RhwSAHdFXFIAdkGckgBbAZNAHMoKQB0KCkAdSgpAHZIASUhK3dIAU
598=gGaQB4SAHJDHlIAcElekgByQx7SAFgBU0AfCgpAH0oKQB+KCkAfygrAA8AVEQGiQAQKCkA
599=ESgpABIoKQATSAElgSEUSAHFPxVIAcFyFkgBiwkAABcoKQAYSAHdjhlIAcEEGigpABsoKQ
600=AcKCkAHUgByQweSAHN7B9IAcUIICgpACFIAckMIkgBwQQjKCkAJEgB2V4lSAHRmCZIAdFW
601=JygpAChIASUpISlIAcEPKkgB0WErSAHRSyzIAVFLLcgBUUsuSAHN1i9IAd1BMEgB3VcxSA
602=HNGzJIAdUNM0gB2RE0SAHBDzVJAfZcC1EaNkgBxT83SAHFPzhIAVADaQA5KCkAOigpADso
603=KQA8KCkAPSgpAD5IAcEaP8gBQQ5AyAFBGkFIAXwLTQBCKCkAQ0gByWRESAHZEUVIAVwEaQ
604=BGKCkARygpAEhIASU9P0lIAWAFTQBKSQGOXABJAEtIAVgAaQBMSAHdNk1IAcElTigpAE9I
605=ASV9JlBIAdknUSgpAFIoKQBTSAHFP1RIAdFWVUgBaA1NAFYoKQBXKCkAWEgBJTkuWUgBXA
606=RpAFooKQBbKCkAXCgpAF0oKQBeSAHRd19JAfRQK0kIYEgBWABpAGEoKQBiKCkAYygpAGQo
607=KQBlSQExpQhmyAFVAWfIAVE1aEgBcApNAGlIAd1iakgBRAJpAGsoKQBsSAHRjW1IAXQDTQ
608=BuKCkAbygpAHAoKQBxSAHZBnJIAUgGaQBzKCkAdCgpAHVIAdWGdkgBYAVNAHcoKQB4KCkA
609=eUgBwSV6SAHBJXtIAUgGaQB8KCkAfSgpAH4oKwAQAFV8BG0AESgpABIoKQATSAHJFxRIAW
610=AFTQAVSAElcTUWSAHVRBdIAdVEGEgB2QYZSAFIBmkAGigpABsoKQAcSAHdYh1IAc1+HkgB
611=bAZNAB9IASWRIyBIAUQCaQAhSAHRHyJIAdlpI0gByYUkSAHBXCUoKQAmKCkAJ0gBxe8oSA
612=FwCk0AKSgpACooKQArSAHNfizIAVlILcgBWUguSAHNRy9IAUAJaQAwKCkAMSgpADIoKQAz
613=SAHVZTRIAWwGTQA1SAHNGzZIAScSE1UAyQE4VALdpDlIAdEfOkgBVAdpADsoKQA8KCkAPS
614=gpAD5IAcEaP8gBQRpAyAFBGkFIAWQJTQBCKCkAQygoAANEAFUA/AERAACyDgAgBwAAAAAA
615=RQBVAI1cAEgAAkYAVQCJXABJAEdJAYVcAEkASEkBg1wASQBJSAHBBEpIAdUCS0gB1QJMSQ
616=GKQAVJAE1IAVgAaQBOKCkATygpAFBJAYx7AwAAUUgB0QlSKCkAUygpAFQoKQBVSAHFE1Yo
617=KQBXSQGHsQlYSAGmAQBZKCkAWkoBMgGdAlvIAVUBXMgBAQIAAF1JASVIAkkEXigpAF8oKQ
618=BgKCkAYSgpAGIoKQBjKCkAZCgpAGVJATFcCgEDAABmyAEBBAAAZ8gBAQUAAGhJAfdABEEP
619=aUkB9KkBakgBRAJpAGsoKQBsKCkAbSgpAG5JAfm5Bm9IAWwGTQBwKCkAcSgpAHJIAc0Fc0
620=gBXARpAHQoKQB1SQH4sQl2SAF0A00AdygpAHgoKQB5KCkAeigpAHsoKQB8KCkAfSgrABEA
621=VkgKiQASKCkAEygpABRIAdEUFUgBhwUAABZJAZCtARdIAcFGGEkBi7UCGUkB/akXGkgBsg
622=IAG0gB0QkcSAHNXR1IAcFGHkgBzQUfSAHNBSBJAY+5AiFIAaYBACJIAdUjI0gB1QIkSAHF
623=EyVJAYi5AiZIAdFhJ0gBsgIAKEkBk60BKUgBpgEAKigpACtJASa1GCzIAVUBLcgBRVUuSQ
624=H6SAJJBy9JAfGpATBIAUQCaQAxKCkAMigpADMoKQA0KCkANSgpADZIAd0KN0kB8L0KOEgB
625=cApNADlIAcEEOkkB86EEO0gBzRA8SAFcBGkAPSgpAD5IAcEaP8gBRQdAyAFBGkFIAWwGTQ
626=BCKCkAQygpAERIAd02RUgB0SpGSAFIBmkAR0gBzYlISQGGbwIAAElIAaYBAEpJAY6tAUtI
627=AaYBAEwoKQBNKCkATigpAE8oKQBQSAHJDFFIAc08UkgBwVFTKCkAVCgpAFUoKQBWKCkAV0
628=gB0RRYSAHZEVkoKQBaSAF4lVWGW8gBVYZcyAFVhl1JASVYKEkAXigpAF8oKQBgKCkAYSgp
629=AGIoKQBjKCkAZCgpAGVIAXmVBnqVVgBpAQd4lakBCHqVVgDFYGlMBckXakgBxTRrSAHFa2
630=xIAcEEbSgpAG5IAdlIb0kB9UgYUQRwSAFYAGkAcSgpAHJIAc0Fc0gByU50KCkAdUgByaZ2
631=SAHNEHdJAYVrCQAAeEgB2RF5SAGyAgB6KCkAeygpAHwoKwASAFfKBQATKCkAFEgB2REVSA
632=HZXhZIAdEFF0kBkq0BGEgBpgEAGSgpABooKQAbSAHFKRxIAdFLHUkBhr0GHkgBpgEAH0gB
633=zQUgSAHJDCFIAcEEIkgBxRMjSAHRKiRIAcEEJSgpACYoKQAnSAHVkShIAc0FKSgpACooKQ
634=ArSQEmsTUsyAFVAS3IAV14LkgBxQgvSQH8VANZATBIAVgAaQAxKCkAMigpADMoKQA0KCkA
635=NSgpADYoKQA3SAHdIDhIAXAKTQA5KCkAOigpADtIAc0QPEgBXARpAD0oKQA+SAHBGj/IAU
636=kWQMgBQRpBSAFsBk0AQigpAEMoKQBESAHNMUVIAVwEaQBGSAHBUUdJAYNvAgAASEgB1YZJ
637=SAHZU0pIAdk9S0gBqAVAkyf1CU0oVQBOKCkAT0gByQxQSAHFCFFIAcUIUkgBxUpTSAHNEF
638=QoKQBVSAHZEVYoKQBXSAHZq1hIAdEJWSgpAFpIAWCTAQYAAFvIAV2DXMgBXYNdSAFgk1kn
639=XigpAF8oKQBgKCkAYSgpAGIoKQBjKCkAZCgpAGVIAXWRCWGTV4GTCmCTqQELYpNXAMVgaU
640=wFxWBqSAHJ82tIAc0bbEgBzRttKCkAbkgB0SpvSAHVhnBIAc0FcSgpAHJIAc0Fc0gBzQV0
641=SAHNBXUoKQB2SAHNMXdIAc0xeEgB2RF5SAHZBnooKQB7KCsAEwBY3gMAFCgpABVIAcUeFk
642=gB0aMXSAHBkxhIAd0GGSgpABooKQAbSAHZaRxIAdEUHUgByUMeSAEldSUfSAHZaSBIAd0K
643=ISgpACIoKQAjKCkAJEkB+1hqXQUlSAHZMiZIAUQCaQAnSAHBBChIAcEEKUgBdANNACooKQ
644=ArSQEmsQksyAFVAS3IAUlOLkgBSAZpAC8oKQAwKCkAMUgB1Q0ySAHVDTNIAWwGTQA0KCkA
645=NSgpADYoKQA3SAHVLjhIAcUIOUgBVAdpADooKQA7KCkAPCgpAD0oKQA+SAHBGj/IAUEaQM
646=gBQRpBSAFwCk0AQigpAEMoKQBEKCkARUkBkUAFSQBGSAHJOEdIAd1MSEgBUANpAElIAd1i
647=SkgBwQRLSAF0A00ATCgpAE0oKQBOKCkAT0gBxQhQSAHVWlFIAcmbUkgB1QJTKCkAVEgB1Q
648=1VSAEltS1WSAFQDmkAVygpAFgoKQBZKCkAWkgBaJBFgVvIAUWBXMgBRYFdSAHNPF5IAdFh
649=X0gBfAtNAGAoKQBhKCkAYigpAGMoKQBkKCkAZUgB3QpmSAHFP2dIAUwKaQBoKCkAaSgpAG
650=pIAdkGa0gB2QZsSAFsBk0AbSgpAG5IAdEqb0gBwSVwSAFcBGkAcSgpAHJIAc0Fc0gByS10
651=SAHVkXVIAWwGTQB2SAHVe3dIAd0KeEgBUANpAHkoKQB6KCsAFABZcANtABUoKQAWKCkAF0
652=gB0YIYSAFgBU0AGSgpABooKQAbSAEnshFZACU5Lh1UAkgGaQAeSAHdQR9IASVdIiBIAXQD
653=TQAhKCkAIkgBcEBVAiPIAUFnJMgBQWclSAF80EEEJigpACcoKQAoKCkAKSgpACooKQArSQ
654=EsUApFCCzIAVUBLcgBSQwuSAHJDC8oKQAwKCkAMSgpADIoKQAzKCkANCgpADUoKQA2KCkA
655=NygpADgoKQA5KCkAOigpADsoKQA8KCkAPSgpAD5JAStIGEEaP8gBVQFAyAFBGkFIAVADaQ
656=BCKCkAQygpAEQoKQBFKCkARigpAEcoKQBIKCkASSgpAEooKQBLKCkATCgpAE0oKQBOKCkA
657=TygpAFBIAdleUUgB1ZxSKCkAU0gBwVxUSAF0GU0AVUgB2bZWSAHVcFdIAVADaQBYKCkAWS
658=gpAFpIAcG0W8gBTSZcyAFNJl1IAXgHTQBeSAHRYV9IAUQCaQBgKCkAYSgpAGIoKQBjKCkA
659=ZCgpAGUoKQBmKCkAZ0gBJYlDaEgBfAtNAGlIASUxImpIAdl/a0gBUANpAGxIAcEEbUgBwQ
660=RuSAF0A00AbygpAHBIAc0FcUgBzQVySAFcBGkAc0gBwTB0SAHdjnVIAcG/dkgBJUUqd0gB
661=bAZNAHgoKQB5KCsAFQBaTAOJABYoKQAXKCkAGCgpABkoKQAaKCkAG0gB1S4cSAElOS4dSA
662=HRrh5JAfJQNlEMH0gBxT8gSAEnfEcnDQIiVAJ4igEDAAAjyAEBBAAAJMgBAQUAACVJASVQ
663=CUkAJigpACcoKQAoKCkAKSgpACooKQArSAF4ikkMLMgBSQwtyAEBBQAALkkBJVwLSQAvKC
664=kAMCgpADEoKQAyKCkAMygpADQoKQA1KCkANigpADcoKQA4KCkAOSgpADooKQA7KCkAPCgp
665=AD0oKQA+SAF4ikEaP8gBQRpAyAEBBQAAQUgBUC9pAEIoKQBDKCkAREgBwb9FSAFgBU0ARi
666=gpAEcoKQBIKCkASSgpAEooKQBLKCkATCgpAE1IAd1BTkgBJa0sT0gB3UFQSAFQDmkAUSgp
667=AFIoKQBTKCkAVEgB3RVVSAFsBk0AVigpAFdIASVNV1hIAdUNWUgB1Q1aSAEnWhFaAGgBWT
668=1c1AKYiidNCl5UAlgLaQBfKCkAYEgBxYFhSAF0A00AYkgB0XdjSAHRd2RIAVADaQBlKCkA
669=ZigpAGcoKQBoKCkAaUgBJdEgakgByXprSAFkCU0AbEgBxYFtSAHRrm5IAVADaQBvKCkAcE
670=gBzQVxSAHNBXJIAWAFTQBzSAHRKnRIAc0FdUgBybx2SAHZBndIAUgGaQB4KCsAFgBbZAJt
671=ABcoKQAYKCkAGSgpABpIASWtLBtIAcElHEgBeAdNAB1IAcEEHkgByZsfKCkAIEgB2REhSA
672=FIBmkAIkgBYYgGYohbAGkBB2CIqQEIY4hbACVMPU08JkwFyQEnKCkAKCgpACkoKQAqKCkA
673=K0gBYIhJDCzIAUkMLcgBSQwuSAHdCi8oKQAwKCkAMSgpADIoKQAzKCkANCgpADUoKQA2KC
674=kANygpADgoKQA5KCkAOigpADsoKQA8KCkAPSgpAD5IAWCIQRo/yAFBGkDIAUEaQUgBcCtN
675=AEIoKQBDKCkAREgB0ftFSAHdbUYoKQBHKCkASEgB1XBJSAFMCmkASigpAEsoKQBMSAHRbE
676=1IAWAFTQBOKCkATygpAFAoKQBRKCkAUigpAFNIAcmQVEgBJdVSVUgBTAppAFYoKQBXSAHR
677=2lhIAXQDTQBZKCkAWkkBJlhIVQJbyAFVAVzIAVFLXUgBUANpAF4oKQBfKCkAYCgpAGFIAd
678=kcYkgByW9jSAHR+2RIAclkZUgBcApNAGYoKQBnKCkAaCgpAGlIAdEJakgBJwARJ5kObFQC
679=QAlpAG0oKQBuKCkAbygpAHBIAc2qcUgBJVU3ckgBeAdNAHNIAdFAdEgBzTx1SAFQA2kAdi
680=gpAHcoKwAXAFxwA20AGCgpABkoKQAaKCkAG0gBxaIcSAHJIh1IAXgHTQAeSAHBBB9IAcUe
681=IEgByZshSAFcBGkAIkgBfYMJaYVciYUKaIWpAQtohSdlAiZMBWwGTQAnKCkAKCgpACkoKQ
682=AqKCkAKygpACwoKQAtKCkALigpAC8oKQAwKCkAMSgpADIoKQAzSAHJWTRIAcktNUgBQBRp
683=ADYoKQA3KCkAOCgpADkoKQA6SAHRCTtIAdF3PEkB70haVQk9SAHJDD5IAdleP8gBTQRAyA
684=FZXkFIAclZQkgBVAdpAEMoKQBEKCkARSgpAEYoKQBHKCkASCgpAEkoKQBKKCkASygpAEwo
685=KQBNKCkATigpAE8oKQBQKCkAUSgpAFIoKQBTKCkAVCgpAFUoKQBWKCkAVygpAFhIAdEfWU
686=gBZB9NAFpIAcwmC1sAXAAmAQAAAQAAXABcEQAA5w0AIAoAJgEAAAIAAF0AXAD7SAEBAAAA
687=XkkB76kBX0kB9akBYEgBUANpAGEoKQBiKCkAY0kBjHsDAABkSQGGqQFlSAGmAQBmKCkAZ0
688=gB1Q1oSAHVDWlJAfG1DWpIAdEJa0kBh6kIbEkB96EEbUgBxRNuSAG+AwBvSAHdCnBJAfKt
689=BXFJAfSpAXJIAc0FcygpAHQoKQB1SQH9rQV2SAHNBRhcI8kBGSgpABooKQAbSQGQpQQcSQ
690=GIqQEdSQGFqQEeSAHVAh9IAdUjIEkB/LUNIUgBqgUAIkgBeDJZASPIAU0EJMgBAQIAACVI
691=AVADaQAmKCkAJygpACgoKQApKCkAKigpACsoKQAsKCkALSgpAC4oKQAvKCkAMCgpADEoKQ
692=AyKCkAMygpADQoKQA1SQGNdxUAADZJAYupATdIAaYBADgoKQA5KCkAOigpADsoKQA8SQH4
693=XCFJBz1IAVgAaQA+SQEttQI/yAFVAUDIAU0mQUkBJUgCUQVCKCkAQygpAEQoKQBFKCkARi
694=gpAEcoKQBIKCkASSgpAEooKQBLKCkATCgpAE0oKQBOKCkATygpAFAoKQBRKCkAUigpAFMo
695=KQBUKCkAVSgpAFYoKQBXKCkAWCgpAFkoKQBaSQErqSJbyAFVAVzIAU0mXUgBXCVpAF5IAc
696=VVX0gBaAJNAGAoKQBhKCkAYigpAGNIAd1iZEkBikwGSQBlSAFYAGkAZigpAGcoKQBoSQH2
697=TBFFBGlJAfCpAWpIAdEJa0gB0QlsSAHFE21IAUgGaQBuKCkAbygpAHAoKQBxKCkAcigpAH
698=MoKQB0KCkAdSgpABlYo3wLTQAaKCkAG0gB3Y4cSAHRmB1JAZJABUkAHkgBWABpAB9JAY5j
699=AQAAIEgBpgEAISgpACJIASf5D16AtF0fJNQCWTIlSAHZBiYoKQAnKCkAKCgpAClJAY+xBS
700=pIAaYBACsoKQAsKCkALUgB2XQuSAHFly9IAd2vMEgBxQgxSAHdpDJIAdkGM0gB2QY0KCkA
701=NUgBwZ42SAHFCDdIAcUIOEgB1QI5KCkAOigpADsoKQA8SQH6XCFdBT1IAcktPkgBeH8BAw
702=AAP8gBAQQAAEDIAQEFAABBSQElWAZJAEIoKQBDKCkARCgpAEUoKQBGKCkARygpAEgoKQBJ
703=KCkASigpAEsoKQBMKCkATSgpAE4oKQBPKCkAUCgpAFEoKQBSKCkAUygpAFQoKQBVKCkAVi
704=gpAFcoKQBYKCkAWSgpAFpIAXh/TSZbyAFNJlzKAQUAUV5eVCyJAF5UAoMBAABfSAHdNmBI
705=AdUCYSgpAGIoKQBjSQH5SC5RBGRIAVgAaQBlKCkAZigpAGcoKQBoSAHNPGlIAc33akgBeA
706=dNAGsoKQBsKCkAbSgpAG5IAcEPb0gBSAZpAHAoKQBxKCkAcigpAHMoKQB0KCkAGkweeAdN
707=ABsoKQAcSAHd0B1IAVADaQAeKCkAH0gB2X8gSAF0A00AISgpACJIASehD18ooA+oAYJ9Xw
708=DVGCZMBVQHaQAnKCkAKCgpAClIASXFJCpIAdVwKygpACwoKQAtSQGDawkAAC4oKQAvKCkA
709=MEgBzX4xSAGqBQAySAHdrzNIASU5IzQoKQA1SAHVsjZIAdkGNygpADhJAZG5AjlIAckMOk
710=gBsgIAOygpADwoKQA9SAHJvD5IAWF9BmJ9XwBpAQdgfakBCGN9XwAlSE5ZJ0JMBckBQygp
711=AEQoKQBFKCkARigpAEcoKQBIKCkASSgpAEooKQBLKCkATCgpAE0oKQBOKCkATygpAFAoKQ
712=BRKCkAUigpAFMoKQBUKCkAVSgpAFYoKQBXKCkAWCgpAFkoKQBaSAFgfU0mW8gBTSZcyAFN
713=Jl1IAcEwXkgByU5fSAHVAmBIAdUCYUgB1QJiSAElOS5jSAEltS1kSAHVsmVIAc0FZigpAG
714=coKQBoKCkAaSgpAGooKQBrKCkAbCgpAG0oKQBuSAHVcG9IAdUNcCgpAHEoKQByKCkAcygr
715=ABsAYNYGABxIAd2OHUkB81hISQMeKCkAH0gBJdUxIEgBUANpACEoKQAiSQEmuQYjyAFVAS
716=TIAU1SJUgB3RUmSAF4B00AJygpACgoKQApSAEnSg9gAMV2K1QCyQEsKCkALSgpAC4oKQAv
717=KCkAMCgpADFIASUNLjJIAVwPaQAzSAElDSM0SAHZHDVIAXQDTQA2SAHd/DdIAdF3OEgBUA
718=NpADlIAd2DOkgBwQQ7SAF0A00APCgpAD0oKQA+SAHNJj/IAU0mQMgBTSZBSAFUB2kAQigp
719=AEMoKQBEKCkARSgpAEYoKQBHKCkASCgpAEkoKQBKKCkASygpAEwoKQBNKCkATigpAE8oKQ
720=BQSAHZ4lFIAXAVTQBSKCkAUygpAFQoKQBVKCkAVigpAFcoKQBYKCkAWUgByQxaSAHNJlvI
721=AU0mXMgBTSZdSAFcD2kAXkgBJTEtX0gB1VpgSAHFdmFIAdUCYkgB2e1jSAF4B00AZEgB0V
722=ZlSAFEAmkAZigpAGcoKQBoKCkAaSgpAGooKQBrKCkAbCgpAG0oKQBuSAHVDW9IAWgNTQBw
723=KCkAcSgpAHIoKwAcAGFYBIkAHSgpAB4oKQAfKCkAICgpACEoKQAiSAHRKiPIAVEqJMgBUS
724=olSAHFEyZIAY8NAAAnKCkAKCgpAClIASfxDmEo8A4nKQAsQATdeC0oKQAuKCkALygpADBI
725=ASUFLTFIAdFAMkgBzRAzKCkANEgB2XQ1SQGJpQQ2SAHB9jdIAcEPOEgBxYE5SAGqBQA6SA
726=El4SI7SAHVAjwoKQA9KCkAPkgBzSY/yAFNJkDIAU0mQUgBxQhCKCkAQygpAEQoKQBFKCkA
727=RigpAEcoKQBIKCkASSgpAEooKQBLKCkATCgpAE0oKQBOKCkATygpAFAoKQBRKCkAUigpAF
728=MoKQBUKCkAVUgByS1WSAHBnldIAcUeWCgpAFkoKQBaSAHNJlvIAU0mXMgBTSZdSAHFCF5I
729=ASXpI19IAdUCYCgpAGEoKQBiKCkAYygpAGRIAcUIZUgBxQhmKCkAZygpAGgoKQBpKCkAai
730=gpAGsoKQBsKCkAbUgBycduSAHBiG9IAdUNcCgpAHEoKwAdAGLeAwAeKCkAHygpACAoKQAh
731=KCkAIkgB2ScjyAFZJyTIAVknJUgBJ5gOJ4kBJ1QC2Q0oKCkAKUgBJ5kOYiiYDicpACxABN
732=VlLSgpAC4oKQAvKCkAMCgpADFIAd1BMkgBwQ8zKCkANEgB0Ww1SAHBBDYoKQA3SAHBBDhI
733=AcEEOUkBk60BOkgBpgEAO0gB1QI8SAHVAj0oKQA+SAHNJj/IAU0mQMgBTSZBSAHZBkIoKQ
734=BDKCkARCgpAEUoKQBGKCkARygpAEgoKQBJKCkASigpAEsoKQBMKCkATSgpAE4oKQBPKCkA
735=UCgpAFFIAdmgUkgByRdTKCkAVCgpAFVIAc08VkgBwalXSAHZBlgoKQBZSAElpStaSAHNJl
736=vIAU0mXMgBTSZdSAHFCF4oKQBfSAHFE2BIAcEEYUgByYViSAHJQ2NIAc0FZEgBzQVlKCkA
737=ZkgBxWtnSAEloVxoKCkAaUgBJbUtakgBxQhrKCkAbEgBwRptSAHBBG4oKQBvKCkAcCgrAB
738=4AY8oFAB8oKQAgKCkAISgpACJIAcElI8gBQSUkyAFBJSVIAcmQJkgBwQsnKCkAKCgpAClI
739=AdE1KkgByW8rKCkALCgpAC0oKQAuKCkALygpADAoKQAxSAHFPzJIAc0QM0gBJXlMNEgB1Q
740=I1KCkANkgBwTA3SAHJLThIAc0FOSgpADpIAdVwO0gBwQQ8KCkAPSgpAD5IAc0mP8gBTSZA
741=yAFNJkFIAcUIQigpAEMoKQBEKCkARUgBzTxGSAHZBkcoKQBIKCkASSgpAEpIAc0bS0gBzR
742=tMSAHFVU1IASUhQU4oKQBPSAHdV1BIAdUNUSgpAFIoKQBTKCkAVEgBzV1VSAEloTBWSAEl
743=yUBXSAHRCVgoKQBZSAHNR1pIAc0mW8gBTSZcyAFNJl1IAcUIXigpAF8oKQBgSAHBJWFIAd
744=1MYkgB3UxjSAHFHmQoKQBlKCkAZkgB0R9nSAEltThoSAElMS1pKCkAakgB0SprSAHFE2xI
745=AcEabUgB1QJuKCkAbygrAB8AZN4DACAoKQAhKCkAIkgBySIjyAFJIiTIAUkiJUgByQgmKC
746=kAJygpACgoKQApSAHZMipIAckiKygpACwoKQAtKCkALigpAC8oKQAwKCkAMUgBJ+gNJ0ED
747=M1QCwTA0SAHRKjVIAd0VNigpADdIAcX6OEgBwQQ5SAHdbTpIAdUCOygpADwoKQA9KCkAPk
748=gBzSY/yAFNJkDIAU0mQUgB0QlCKCkAQygpAEQoKQBFSAHRQEZIASXVPEdIAcUISCgpAEko
749=KQBKKCkAS0gB3UFMSAHJIk1IAcEwTkgBJekuT0gB1QJQSAHNJlFIAcVrUkgBwQ9TKCkAVC
750=gpAFVIAc1+VkgB3RVXSAHZBlgoKQBZKCkAWkgBzSZbyAFNJlzIAU0mXUgBxQheKCkAXygp
751=AGBIAdkcYUgB3UxiSAHBGmMoKQBkSAHFHmUoKQBmSAHJhWdIAdUNaCgpAGkoKQBqSAHVDW
752=tIAc0FbCgpAG0oKQBuKCsAIABlygUAISgpACJIAdEfI8gBUR8kyAFRHyVIAd0GJigpACco
753=KQAoKCkAKSgpACpIAd0gK0gB3SAsKCkALSgpAC4oKQAvKCkAMCgpADFIASeQDScVAzNUAs
754=kMNEgBwAQINQBlAAAAAAAAAAARAAA7DgAgATYAZQDBADdKAfgBkQE4SAGDAQAAOSgpADoo
755=KQA7KCkAPCgpAD1JAfmlCD5JASapAT/IAVUBQMgBAQIAAEFIAckMQigpAEMoKQBEKCkARS
756=gpAEYoKQBHKCkASCgpAEkoKQBKKCkASygpAExJAZClD01JAYqpAU5IAckXT0gBwQRQSQGD
757=oQRRSQGHqQFSSAGmAQBTKCkAVCgpAFUoKQBWKCkAV0kB/VAgSQdYSAFYAGkAWSgpAFpIAc
758=0mW8gBWQVcyAFNJl1IAWwGTQBeKCkAXygpAGAoKQBhKCkAYkkBjEwGSQBjSQGGXABJAGRJ
759=AftcC0kBZUkB9akBZkgBRAJpAGcoKQBoKCkAaUgB1RhqSAFgBU0AaygpAGwoKQBtKCsAIQ
760=BmWASJACJIAdkcI8gBTQ8kyAFZHCVIAYcFAAAmKCkAJygpACgoKQApKCkAKigpACtIAck4
761=LEkBg7UJLSgpAC4oKQAvKCkAMCgpADFJAYa5BjJIAaYBADMoKQA0SAHJDDVJAYulBDZIAd
762=EqN0kB9EAbQQM4SAFYAGkAOSgpADooKQA7SAHZBjxJAe+5Bj1JAfCpAT5IAc0mP8gBQQNA
763=yAFNJkFIAXwLTQBCKCkAQygpAEQoKQBFSAHVDUZJAfNECVkGRygpAEhIAd1BSUgBUANpAE
764=ooKQBLKCkATCgpAE0oKQBOSQH6vQpPSQHxqQFQSQGQawkAAFFIAdkyUkkBhbUCUygpAFRJ
765=AYe1AlVIAaYBAFYoKQBXKCkAWEgBwRpZSAHVDVpIAc0mW8gBWRBcyAFNJl1IAdkGXkgBxR
766=5fSAHVDWAoKQBhKCkAYkgB1RhjSQGKsQVkSAGkAVBeJ60LZihVAGcoKQBoKCkAaSgpAGoo
767=KQBrKCkAbCgoAAEiAGcAwRojyAFBGiTIAUEaJUgBzRAmKCkAJygpACgoKQApKCkAKigpAC
768=soKQAsSAHZHC1JAYihCy4oKQAvKCkAMCgpADFIAcE7MkkBibkGM0gB1Tk0SAGyAgA1KCkA
769=NkkBjbkCN0gB3UE4SAHZBjlIAb4DADooKQA7KCkAPEgByU49SAEn4AwnzQQ/VAJ4J00mQM
770=gBTSZBSAHdCkIoKQBDKCkARCgpAEUoKQBGKCkARygpAEgoKQBJKCkASigpAEsoKQBMKCkA
771=TSgpAE4oKQBPSQH8UBVVE1BIAVgAaQBRSAHZMlJIAdkyUygpAFRIAc1SVUgB0dpWSAF4B0
772=0AVygpAFgoKQBZSAHVDVpIAWAlTQVbyAFZEFzIAU0mXUgBUANpAF4oKQBfSAHZaWBIAdmK
773=YUgBxWtiSAFsBk0AYygpAGQoKQBlKCkAZigpAGcoKQBoKCkAaSgpAGooKQBrKCsAIwBolG
774=VJFyTIAUkXJUgBXA9pACYoKQAnKCkAKCgpACkoKQAqKCkAKygpACwoKQAtKCkALigpAC8o
775=KQAwKCkAMUkBkmcQAAAySAGkAU7LaADBOzRUAsFnNSgpADZIAdk9NygpADhIAd1tOUgB2Q
776=Y6SAHJ0jtIAckMPCgpAD1IAdk9PkgB2T0/yAFNJkDIAU0mQUgBxQhCKCkAQygpAEQoKQBF
777=KCkARigpAEcoKQBISAHBfUlIAdV7SkgByQxLSAHRVkxIAdUCTSgpAE4oKQBPKCkAUCgpAF
778=EoKQBSKCkAUygpAFQoKQBVSQH2WB1ZDFZIAcVVV0gBRAJpAFgoKQBZKCkAWkkBLbkGW8gB
779=VQFcyAFNJl1JASVIAkkIXigpAF8oKQBgKCkAYSgpAGIoKQBjKCkAZCgpAGUoKQBmKCkAZy
780=gpAGgoKQBpKCkAakgBSBFrACQAaXgAbQAlKCkAJigpACdIASWFJyhIAWAFTQApKCkAKigp
781=ACsoKQAsKCkALUkBj0wGSQAuSAFYAGkALygpADBIAcEEMUgBdANNADIoKQAzKCkANCgpAD
782=UoKQA2KCkANygpADhJAY5ECUkAOUgBWABpADooKQA7SAHBDzxIAXQDTQA9KCkAPkgBJzEM
783=aeGIQNQCQTtBSAHZU0JIAVQHaQBDKCkARCgpAEUoKQBGKCkARygpAEhIAc1+SUgB2bZKSA
784=FwCk0AS0gB2VNMSAHNqk1IAcVVTkgBXARpAE8oKQBQKCkAUSgpAFIoKQBTKCkAVCgpAFVI
785=ASUFOFZIAXAKTQBXSAHFHlhIAUQCaQBZKCkAWkgBcGEBAwAAW8gBAQQAAFzIAQEFAABdSQ
786=ElUGFJAF4oKQBfKCkAYCgpAGEoKQBiKCkAYygpAGQoKQBlKCkAZigpAGcoKQBoKCkAaSgr
787=ACUAamQYbQAmKCkAJygpACgoKQApKCkAKigpACsoKQAsKCkALUgB1TkuSAHJsS8oKQAwSA
788=HNPDFIAWAQTQAyKCkAMygpADRJAfdAJkEENUgB2T02SAFEAmkANygpADhIAcHKOUgBdANN
789=ADooKQA7SAHBBDxIAVADaQA9KCkAPkgBJ9kLaijYC6gBml5qAMlDQkwFeAdNAEMoKQBEKC
790=kARSgpAEZIAdW9R0gB1b1ISAFUB2kASSgpAEooKQBLSAHVDUxIAWAFTQBNKCkATkgBJa0h
791=T0gBJcUvUEgBXARpAFFIAdFWUkgBaAJNAFMoKQBUKCkAVUgBzeFWSAFcBGkAV0gBJT0pWE
792=gByQxZSAF0A00AWkgBeV4Gel5qAGkBB3heqQEIel5qAHheWSdeTAXJAV8oKQBgKCkAYSgp
793=AGIoKQBjKCkAZCgpAGUoKQBmKCkAZygpAGgoKwAmAGtIFYkAJygpACgoKQApSAHdTCpIAS
794=XpOStIAdGNLEgB1U8tSAGLCQAALigpAC8oKQAwKCkAMSgpADIoKQAzSAHVDTRIASWRLjVI
795=Ad0KNkgBwTs3SAHNEDhIAcEwOUgBzQU6SQGTrQE7SAGmAQA8KCkAPSgpAD5JASa5aT/IAV
796=UBQMgBRTRBSAHJTkJIAdEJQygpAERIAclZRUgBJYUyRkgBJfklR0gBJclASEgBxQhJKCkA
797=SigpAEtIAdFLTEgBzRtNSAHZBk4oKQBPSAHNBVBIAckiUUgB2SdSSAHZBlMoKQBUKCkAVS
798=gpAFZIAdH7V0gB2QZYSAHFYFlIAdUCWkgBzSZbyAFNJlzIAU0mXUgBzQVeKCkAXygpAGBI
799=AdVwYUgBzQViKCkAYygpAGQoKQBlKCkAZigpAGcoKwAnAGzOCQAoKCkAKUgBwSUqSAHVIy
800=tIAdEFLCgpAC0oKQAuKCkALygpADBIAcFRMUgB1S4yKCkAM0kB8lwhTQs0SAHVDTVIAUQC
801=aQA2KCkANygpADhIAdEUOUgBxWs6SAFsBk0AOygpADwoKQA9KCkAPkgB2TI/yAFZEEDIAV
802=kyQUgB1TlCSAFMCmkAQygpAERIAcHVRUgB3VdGKCkAR0gBJygLJ6kFSVQCZAlNAEooKQBL
803=KCkATEgBzWhNSAHVZU5IAcG/T0gBVAdpAFAoKQBRSAHdFVJIAXQDTQBTKCkAVCgpAFUoKQ
804=BWKCkAVygpAFgoKQBZSAHNXVpIAc0mW8gBTSZcyAFNJl1IAVAOaQBeKCkAX0gB0UBgSAEl
805=OU9hSAFgBU0AYigpAGMoKQBkKCkAZSgpAGYoKwAoAG1QB4kAKSgpACpIAclDK0gByU4sSA
806=Hdgy1IAZAGfK8nBQEvKFUAMEgB1S4xSAElBTgySAHZBjMoKQA0SAHRNTVIAcEENigpADco
807=KQA4KCkAOUgByQw6SAHJDDtIAcUIPCgpAD0oKQA+SAHBMD/IAUEwQMgBQTBBSAHFCEIoKQ
808=BDKCkARCgpAEVJAYyxBUZIAd1XR0gBJXUlSEgBvgMASSgpAEooKQBLKCkATEgB1U9NSAHd
809=Yk5IAdEJT0gB0QlQKCkAUSgpAFJIAdWcU0gBzQVUKCkAVSgpAFYoKQBXSAHFKVhIAclkWU
810=gBxQhaSAHNJlvIAU0mXMgBTSZdSAHNBV4oKQBfSAHdCmBIAcHVYSgpAGIoKQBjKCkAZCgp
811=AGVIAdsRKQBuxgwAKigpACsoKQAsSAHRVi1IAcVVLkgB3QYvSQGRrQEwSAHZijFIAbICAD
812=JIASVNNjNIAdUCNEgB3Qo1SAHdCjZIAcEENygpADhIAcUeOUgByQw6SAHNBTsoKQA8KCkA
813=PSgpAD5IAcktP8gBSS1AyAFJLUFIAdEJQigpAEMoKQBEKCkARUgB2UhGSAHZSEdIAcUISC
814=gpAEkoKQBKKCkASygpAEwoKQBNKCkATigpAE8oKQBQKCkAUSgpAFJIAcUpU0gBxc5USAHZ
815=EVVIAd1XVkgB1QJXSAHRbFhIAdEqWUgBwQRaSAHNJlvIAU0mXMgBTSZdSAHNBV4oKQBfSA
816=HdCmBIASVFS2EoKQBiKCkAYygpAGQoKwAqAG/aCgArKCkALCgpAC1IAcl6LkgB0QUvKCkA
817=MEgBzRAxSAHJZDJIAc2JM0gBxWA0SAHFCDVIAcUpNkgBzVI3SAHBBDhIAcU/OUgBzSY6SA
818=HBBDsoKQA8KCkAPSgpAD5IAdEqP8gBUSpAyAFRKkFIAdEJQigpAEMoKQBEKCkARSgpAEYo
819=KQBHSQHYUApVCEhJAdCpAUkoKQBKSQHStQJLSAFcBGkATCgpAE0oKQBOKCkAT0gB2UhQSA
820=FsBk0AUSgpAFIoKQBTKCkAVEgBJUkwVUgBzexWSAFUB2kAV0gB0SpYSAHZaVlIAXQDTQBa
821=SAHNJlvIAVUXXMgBTSZdSAFcBGkAXkgByYVfSAHFNGBIAXQDTQBhKCkAYigpAGMoKwArAH
822=BYBIkALCgpAC0oKQAuSAEl0SAvSAHVRDBIAdUYMUgB2V4yKCkAM0gBzRs0SAGDDAAANSgp
823=ADZIAcH2N0gBwQQ4KCkAOUgByQw6SAHdVztIAc0FPCgoAAU9AHAAAAAAABEAAMsNACAGAA
824=AAPgBwACYBQAEEAAA/AHAAJkgBSQBAyAEBAgAAQUgBmwMAAEIoKQBDKCkARCgpAEUoKQBG
825=KCkAR0kB11AKVQhISQEWUApJAUkoKQBKSQHRoQRLSAFQA2kATCgpAE0oKQBOKCkAT0kB+L
826=kGUEgBbAZNAFEoKQBSKCkAU0kB960FVEkB9KkBVUgBSAZpAFYoKQBXKCkAWEgB2QZZSQH1
827=uQZaSAFgJV0GW8gBQQNcyAFZG11IAVADaQBeSQGQYwEAAF9JAYqpAWBIAaYBAGEoKQBiKC
828=sALABx3gMALSgpAC4oKQAvSQH6VA5VBDBJAfGpATFIAUQCaQAyKCkAMygpADRJAfutBTVJ
829=AfOpATZIAckiN0gBeAdNADgoKQA5KCkAOkkBklQDSQA7SAFYAGkAPEgB3Qo9SAHZET5IAc
830=ElP8gBQQ5AyAFBJUFIAXgHTQBCKCkAQygpAEQoKQBFKCkARigpAEdIASdyCXEAJ3AJJykA
831=SkAEJ3AJJ1EFTFQCUA5pAE0oKQBOKCkAT0kB/FAVRQRQSAFYAGkAUSgpAFIoKQBTSAHBUV
832=RIAWAFTQBVKCkAVigpAFcoKQBYSAHJDFlIAUgGaQBaSAHNJlvIAVkQXMgBTSZdSAFgBU0A
833=XigpAF8oKQBgKCkAYSgrAC0AckQGiQAuKCkALygpADBJAfZIDUkEMUgByTgySAFEAmkAMy
834=gpADQoKQA1KCkANigpADdJAZFzBgAAOEkBhakBOUkBi6kBOkgBpgEAOygpADwoKQA9SAHR
835=Kj5IAckiP8gBXRRAyAFJIkFIAdEJQigpAEMoKQBESQGNpQRFSQGHqQFGSAGmAQBHSQHbUA
836=pZAUhJAdOpAUkoKQBKSQHVtQJLSAFcBGkATCgpAE0oKQBOKCkATygpAFAoKQBRKCkAUigp
837=AFNIAcUeVEgBfAtNAFUoKQBWKCkAVygpAFgoKQBZKCkAWkgBzSZbyAFVF1zIAU0mXUgBWA
838=tpAF4oKQBfKCkAYCgrAC4Ac3wEbQAvKCkAMEgByZAxSQHyXAtFBDJIAc1HM0gBRAJpADQo
839=KQA1KCkANigpADcoKQA4SAHFjDlIAXgHTQA6SQGPXABJADtIAdGNPEkB76EPPUkB8KkBPk
840=gB0R8/yAFBA0DIAVEfQUgBxQhCSAHdFUNIAVgLaQBESAHZtkVIAdm2RkgBdANNAEcoKQBI
841=KCkASSgpAEooKQBLKCkATCgpAE0oKQBOKCkATygpAFAoKQBRKCkAUigpAFNIAcGIVEgBVB
842=JpAFUoKQBWKCkAVygpAFgoKQBZKCkAWkgBzSZbyAFNJlzIAU0mXUgBfAtNAF4oKQBfKCsA
843=LwB0TAOJADAoKQAxKCkAMkgB3RUzSAGHBQAANCgpADUoKQA2KCkANygpADgoKQA5KCkAOk
844=gB0TU7SAHFjDxIAdlTPUgB3ds+SAHZHD/IAVkcQMgBWRxBSAHFE0JIAcUIQ0gB1URESAHB
845=BEUoKQBGKCkARygpAEgoKQBJKCkASigpAEsoKQBMKCkATSgpAE4oKQBPKCkAUCgpAFFJAf
846=lIGEkSUkgBWABpAFMoKQBUKCkAVSgpAFYoKQBXKCkAWCgpAFkoKQBaSAHNJlvIAUEOXMgB
847=TSZdSAF0Dk0AXigrADAAdUACiQAxKCkAMigpADNIAckXNEgBhwUAADUoKQA2KCkANygpAD
848=goKQA5KCkAOigpADsoKQA8KCkAPSgpAD5IAcEaP8gBQRpAyAFBGkFIAdkRQigpAENIAcG0
849=REgBwQRFKCkARigpAEcoKQBIKCkASSgpAEooKQBLKCkATCgpAE0oKQBOKCkATygpAFAoKQ
850=BRSAHFa1JIAcUTUygpAFQoKQBVKCkAVigpAFcoKQBYKCkAWSgpAFpIAc0mW8gBTSZcyAFN
851=Jl1IAcMPMQB2xgEAMigpADNIAdlpNEgBJTEtNUgB0QU2KCkANygpADhIASUNLjlIAdVwOk
852=gB2QY7KCkAPCgpAD0oKQA+SAHJFz/IAUkXQMgBSRdBSAHRCUIoKQBDSAHdFURIAcEPRUgB
853=zQVGKCkARygpAEgoKQBJKCkASigpAEsoKQBMKCkATSgpAE4oKQBPKCkAUCgpAFEoKQBSKC
854=kAU0kB+UAbVRNUSAFYAGkAVSgpAFYoKQBXKCkAWCgpAFkoKQBaSAHNJlvIAUkLXMgBTyYy
855=AHd4C20AMygpADQoKQA1KCkANigpADdJAfdECV0GOEkB8qkBOSgpADpJAfW1AjtIAVwEaQ
856=A8KCkAPSgpAD5IAdEUP8gBRQdAyAFRFEFIAXgHTQBCKCkAQygpAERJAfxMBkEERUgBWABp
857=AEYoKQBHKCkASCgpAEkoKQBKKCkASygpAEwoKQBNKCkATigpAE8oKQBQKCkAUSgpAFJIAc
858=ElU0kB9LEUVEgBZBRNAFUoKQBWKCkAVygpAFgoKQBZKCkAWkgBzSZbyAFLCzMAeEgKiQA0
859=KCkANSgpADYoKQA3SQH4TAZVBThIAVgAaQA5KCkAOigpADsoKQA8KCkAPSgpAD5IAdkRP8
860=gBSQtAyAGIOCdlAkJUAmgNTQBDKCkARCgpAEUoKQBGKCkAR0kBrFAKWQZISQGkqQFJKCkA
861=SkkBprUCS0gBXARpAEwoKQBNKCkATigpAE8oKQBQKCkAUSgpAFJIAdFLU0gBcApNAFQoKQ
862=BVKCkAVigpAFcoKQBYKCkAWSgpAFooKwA0AHlICokANSgpADYoKQA3SQH6rRs4SQHxqQE5
863=SAGTBgAAOigpADsoKQA8KCkAPSgpAD5IASeyBnkAaAFdCUDUApA1JzkCQlQCyQxDSAHBME
864=RIAcEwRSgpAEYoKQBHSQGiUApJB0goKQBJKCkASigpAEtIAdEJTEgByThNSAFUB2kATigp
865=AE8oKQBQKCkAUSgpAFIoKQBTKCkAVCgpAFUoKQBWKCkAVygpAFgoKQBZKCsANQB6aBFtAD
866=YoKQA3KCkAOEgB1UQ5SAFgBU0AOigpADsoKQA8KCkAPSgpAD5IAWwxWQY/yAFFKEDIAZgy
867=Jw0CQlQCXARpAENJAatABU0BREgB1S5FKCkARigpAEcoKQBIKCkASSgpAEooKQBLKCkATC
868=gpAE1IAcU0TkgBUA5pAE8oKQBQKCkAUSgpAFIoKQBTKCkAVCgpAFUoKQBWKCkAVygpAFgo
869=KwA2AHtwDm0ANygpADgoKQA5KCkAOigpADsoKQA8KCkAPSgpAD5IAScBBnsoXAyoAYAwJ+
870=EBQkwF0WFDSAHVLkQoKQBFKCkARigpAEcoKQBIKCkASSgpAEooKQBLKCkATCgpAE0oKQBO
871=SAHNMU9IAXwhTQBQKCkAUSgpAFIoKQBTKCkAVCgpAFUoKQBWKCkAVygrADcAfFQLiQA4KC
872=kAOSgpADooKQA7SQH7rVI8SAElISA9SAGcByK9WnycK1kBP1QCdC5ZBUDIAYgtJ7UBQlQC
873=wVxDSAEnqgV8AMkBRShVAEYoKQBHKCkASCgpAEkoKQBKKCkASygpAEwoKQBNKCkATigpAE
874=9IAdUuUEgBRBhpAFEoKQBSKCkAUygpAFQoKQBVKCkAVigrADgAfWAJbQA5KCkAOigpADso
875=KQA8KCkAPUgBJbkoPkgBZClJCD/IAZEqfYgtkip9ANFWQkAE2SdDKCkARCgpAEUoKQBGKC
876=kARygpAEgoKQBJKCkASigpAEsoKQBMKCkATSgpAE4oKQBPSQGlUBVJF1BIAVgAaQBRKCkA
877=UigpAFMoKQBUKCkAVSgrADkAfnQHbQA6KCkAOygpADwoKQA9SAElFSQ+SAEn+QR+jCZFEk
878=DUAponfgDBUUJUAif5BH7hUUQoVQBFKCkARigpAEcoKQBIKCkASSgpAEooKQBLKCkATCgp
879=AE0oKQBOKCkATygpAFBIAdlTUUgBcCBNAFIoKQBTKCkAVCgrADoAf1gEiQA7KCkAPCgpAD
880=1IAd3bPkgBJ6EEfyigBKgBgSV/KKEEf/UjQ1gGzSZEKCkARSgpAEYoKQBHKCkASCgpAEko
881=KQBKKCkASygpAEwoKQBNKCkATigpAE8oKQBQSAHJTlFIAYsfAABSKCkAUygrADsAgN4DAD
882=woKQA9KCkAPkgBJ0kEgChIBKgBiyKAAK9YSVkIQkwF3SBDKCkARCgpAEUoKQBGKCkARygp
883=AEgoKQBJKCkASigpAEsoKQBMKCkATSgpAE4oKQBPKCkAUEkBqbEUUUgBTBVpAFIoKwA8AI
884=FkAm0APSgpAD5IASfxA4Eo8AOoAZAfJ9kAQkwFJ/EDgelDRChVAEUoKQBGKCkARygpAEgo
885=KQBJKCkASigpAEsoKQBMKCkATSgpAE4oKQBPSAHFHlBIAWAbTQBRKCsAPQCCQAKJAD5IAS
886=eZA4IomAOoAZgcJ60AQkwFkwYAAENIAcU/REkBor0rRSgpAEYoKQBHKCkASCgpAEkoKQBK
887=KCkASygpAEwoKQBNKCkATkgBzRtPSAHZEVAoKwA+AIP1GD/IAVUYQCgpAEFIAdkGQigpAE
888=MoKQBESAHNG0VIAc0bRigpAEcoKQBIKCkASSgpAEooKQBLKCkATCgpAE1IAdUYTkgByd1P
889=SAHHEz8AhMYBAEAoKQBBKCkAQigpAEMoKQBEKCkARUgBJ+sChACnpTRHKFUASCgpAEkoKQ
890=BKKCkASygpAExIAd0VTUgBJe0/TkkB8L8KQACF/RVBKCkAQigpAEMoKQBEKCkARSgpAEYo
891=KAACRwCFAKsRAAD5ABYCCAEAAAAAAEgAhQCiqgFJACcpAEooKQBLSQGpoQRMSQHtqQFNSQ
892=HyqAEBQQCGAMEAQigpAEMoKQBEKCkARSgpAEYoKQBHSQGvsQlISQGnqQFJKCkASkgBzRBL
893=SQH3oQRMSQHwqwFCAIfKEABDKCkARCgpAEUoKQBGKCkARygpAEgoKQBJSQH7vQpKSQHzqQ
894=FLSQH0qwFDAIj1DUQoKQBFKCkARigpAEcoKQBIKCkASSgpAEooKwBEAIn9CkUoKQBGKCkA
895=RygpAEgoKQBJKCgAAUUAigDJF0ZIAckXRygpAEhJAfW3GEYAi/QNCEcAiwAAAAAAAAAAEQ
896=AA

[Lighting]
Red=1.000000
Blue=1.000000
Green=1.000000
Level=0.032000
Ground=0.000000
IonRed=1.000000
Ambient=1.000000
IonBlue=1.000000
IonGreen=1.000000
IonLevel=0.032000
IonGround=0.000000
IonAmbient=1.000000
DominatorRed=0.850000
DominatorBlue=0.300000
DominatorGreen=0.200000
DominatorLevel=0.000000
DominatorGround=0.000000
DominatorAmbient=1.500000
DominatorAmbientChangeRate=0.009000

[Map]
Size=0,0,70,70
Theater=NEWURBAN
LocalSize=2,4,66,64

[Neutral]
IQ=0
Edge=North
Color=Grey
Allies=Neutral
Country=Neutral
Credits=0
NodeCount=0
TechLevel=1
PercentBuilt=0
PlayerControl=no

[Nod]
IQ=0
Edge=North
Color=Gold
Allies=Nod
Country=Nod
Credits=0
NodeCount=0
TechLevel=1
PercentBuilt=0
PlayerControl=no

[OverlayDataPack]
1=XwAAIP5HEACEBgcHBP/7AU0OhQgKCwsI/vkBAIEHAf6ECwsKCP/2AUoQgQQT/f4FAAv/9g
2=FKEoEH/gkAC4IKBv/+AU4WggsH//UBURAV//4DAAr/+AFKGin/ggoA/7cBSRyATQAAIP5E
3=AACDCAsL/gMACv4DAAuBB/72AQCBB/4IAAv//wFNAIIKBv72AQCCBAgV/YILCv/3AU0C/g
4=MAAIEGEgKBCP78AQCEBgcHBP60FQCAUgAAIP5iEgCEBgcHBv/8AWcQhgoLCwoIBP75AQCB
5=CP4FAAuBCP/8AWkS/gMAC//5AWUUgQcR/YIKCv/5AWUWIgCBABgE//YBZRIp/xQAggsH/p
6=UBAIAvAAAg/mEAAIMGCAr+BgALgQf++AEAgQj+BQALggoG/vgBAIEE/gUAB//5AWoC/p4Z
7=AIASAQAg/g0AAIQEBwcE/mwAAIEG/28ADgD+IAEAhAgLCwj/awAUAIIICv9sAA4C/iABAI
8=EEIZCCCgj/ZwCAAIEGAG3+AwALgwoIBv+KAYYA/gUAC/9nAIACgQf+CAAL/4YBgASBBBP9
9=QZD/ZQASBFJvEHKBB/6CAQBjj/4DAAv/ZACFCDX//gMACiAH/4IBhAYiAEGP/2QAFAoycI
10=IKADR2/4IBhQgjkEGP/2sAFAwycf+DAYUMJ5D/cQANDP9sAAwK/ykB6Qj/ZQCFCj5u/2wA
11=DBL/JAHpDP9tAIAIbAL/hAGECAIBQ5H/aQCAAl5z/4YBhBQzkYIKCP9sAH8AwH0A/gMAB/
12=+IAYIEwQwA/4kBgxj+aAQAgBsAACD+LBwAhAYHBwb++QEAhwQHCAoLCwr/0AEvHIBcAAAg
13=/ikAAIEH/gYAC4EH/vgBAIIHC/4DAAqDCwsI//sBMQCBAAIAggoG//4BMgD/+QEvAEgA//
14=kBMAaCBAgT/v/6AS8EBAISAf/5ATAC/gMAAIEG/gMAB4EE/s8RAIBjAAAg/kcQAIQGBwcG
15=/vgBAIkEBwcICgsLCgj/9wFKEIEI/ggAC4IKB//1AVMOA/z//AFFFGP/EgH/8gFMEjP//g
16=MACv4FAAuBCP7xAQCBBzP5gQAyAP/yAU4YQgBEAIEL/7ABThaAUQAAIP5BAACCBgr+DAAL
17=ggoG/vEBAIEHyEIAggoH/vMBAHIB//UBTgJyAf/3AU0ECASBCBIC//kBTAb+AwAAgQj//g
18=FJCIQABAcH//IBUAD+xBEAgAUAACD+ACAAgAUAACD+ACAAgAUAACD+ACAAgAUAACD+ACAA
19=gAUAACD+ACAAgAUAACD+ACAAgAUAACD+ACAAgAUAACD+ACAAgAUAACD+ACAAgAUAACD+AC
20=AAgAUAACD+ACAAgAUAACD+ACAAgAUAACD+ACAAgAUAACD+ACAAgAUAACD+ACAAgAUAACD+
21=ACAAgAUAACD+ACAAgAUAACD+ACAAgAUAACD+ACAAgAUAACD+ACAAgAUAACD+ACAAgAUAAC
22=D+ACAAgAUAACD+ACAAgA==

[OverlayPack]
1=MwAAIP5HEP/+BABw//4BTQ7/+wFJEP4JAHD//gFPEv8CAksU//UBTBb/AARCGDIBQAb+sQ
2=H/gCEAACD+RAD//goAcP72Af//CQREAP75Af///wFHBkIC/rQV/4AtAAAg/mIS//4EAB7/
3=/wFnEP/8AWMS//8BYRT+CgAe//sDahZABv/+AWwY/5YBahyAFgAAIP5hAP/+CgAe/vgB//
4=8HAmMA/pYb/4CHAAAg/g0A//4EAHD+bAD//3AADQD+IAH//20AfQD+BwBw/40BhAD/awB8
5=Av4KAHD/AAKDAv+FAYEE/g0AcP/VAKQH/44B6gb+DwBw//gBhwj/iQF5Asp5DP/zARUK/3
6=AAeAb/nAN4Dv/ZAKIT/4wB7QT/mgF3BP9EAMkX/7UBVAL/kAF9AP5kBP+AEwAAIP4sHP/+
7=BAAe//0BMxr/0wEsHIAtAAAg/ikA//4IAB7++AH//wMCKQAyBP//ATIA//gFMQRSAv77Af
8=//AAIsDP7UD/+APwAAIP5HEP/+BABw//wBTw7+BgBw/wACTRD/9QFMEv4NAHD/AAJPFP/y
9=AU4W/g8AcP/4AVAYYgj//wFRGP+wAVAcgC8AACD+QQD//hAAcP7xAf///wFDAMtAAv71Af
10=///wFFBHIB/voB////AUgIIgD+tRP/gAUAACD+ACD/gAUAACD+ACD/gAUAACD+ACD/gAUA
11=ACD+ACD/gAUAACD+ACD/gAUAACD+ACD/gAUAACD+ACD/gAUAACD+ACD/gAUAACD+ACD/gA
12=UAACD+ACD/gAUAACD+ACD/gAUAACD+ACD/gAUAACD+ACD/gAUAACD+ACD/gAUAACD+ACD/
13=gAUAACD+ACD/gAUAACD+ACD/gAUAACD+ACD/gAUAACD+ACD/gAUAACD+ACD/gAUAACD+AC
14=D/gAUAACD+ACD/gAUAACD+ACD/gA==

[Russians]
IQ=0
Edge=North
Color=DarkRed
Allies=Russians
Country=Russians
Credits=0
NodeCount=0
TechLevel=1
PercentBuilt=0
PlayerControl=no

[Special]
IQ=0
Edge=North
Color=Grey
Allies=Special
Country=Special
Credits=0
NodeCount=0
TechLevel=1
PercentBuilt=0
PlayerControl=no

[SpecialFlags]
Inert=no
FogOfWar=no
IonStorms=no
MCVDeploy=no
Meteorites=no
Visceroids=yes
FixedAlliance=no
TiberiumGrows=yes
InitialVeteran=no
HarvesterImmune=no
TiberiumSpreads=yes
TiberiumExplosive=no
DestroyableBridges=yes

[TeamTypes]

[Waypoints]
0=70070
1=71070
2=72070
3=73070
4=70071
5=71071
6=72071
7=73071

[YuriCountry]
IQ=0
Edge=North
Color=DarkRed
Allies=YuriCountry
Country=YuriCountry
Credits=0
NodeCount=0
TechLevel=1
PercentBuilt=0
PlayerControl=no



[Digest]
1=OjZVku3xUaT4EmfJUGPlkJP9LaE=

